layer at (0,0) size 800x600
  RenderView at (0,0) size 800x600
layer at (0,0) size 800x144
  RenderBlock {HTML} at (0,0) size 800x144
    RenderBody {BODY} at (8,8) size 784x128
      RenderBlock {DIV} at (0,0) size 784x128
        RenderBlock {ADDRESS} at (16,0) size 768x20
          RenderText {#text} at (0,0) size 252x20
            text run at (0,0) width 252: "A first address with normal background"
        RenderBlock {ADDRESS} at (16,36) size 768x20
          RenderText {#text} at (0,0) size 272x20
            text run at (0,0) width 272: "A second address with normal background"
        RenderBlock {ADDRESS} at (16,72) size 768x20 [bgcolor=#00FF00]
          RenderText {#text} at (0,0) size 337x20
            text run at (0,0) width 337: "A third address that should have a green background"
        RenderBlock (anonymous) at (0,108) size 784x20
          RenderText {#text} at (0,0) size 314x20
            text run at (0,0) width 314: "This div contains 3 addresses above this sentence."
