layer at (0,0) size 785x1268
  RenderView at (0,0) size 785x600
layer at (0,0) size 785x1268
  RenderBlock {HTML} at (0,0) size 785x1268
    RenderBody {BODY} at (0,0) size 785x1268
      RenderPartObject {IFRAME} at (0,0) size 785x646
        layer at (0,0) size 785x646
          RenderView at (0,0) size 785x646
        layer at (0,0) size 785x646
          RenderBlock {HTML} at (0,0) size 785x646
            RenderBody {BODY} at (0,5) size 785x641
              RenderBlock {DIV} at (0,0) size 785x18
                RenderText {#text} at (0,0) size 196x18
                  text run at (0,0) width 196: "CompatMode: CSS1Compat"
              RenderBlock (anonymous) at (0,23) size 785x618
                RenderBlock {DIV} at (0,30) size 135x55 [border: (1px solid #0000FF)]
                  RenderBlock {SPAN} at (1,12) size 80x0
                  RenderBR {BR} at (81,1) size 0x14
                RenderBlock {DIV} at (135,30) size 135x55 [border: (1px solid #0000FF)]
                  RenderBlock {SPAN} at (1,1) size 80x14
                    RenderText {#text} at (0,0) size 76x14
                      text run at (0,0) width 76: "disabled: \"true\","
                  RenderBR {BR} at (81,1) size 0x14
                RenderBlock {DIV} at (270,0) size 151x85 [border: (1px solid #0000FF)]
                  RenderBlock {SPAN} at (1,1) size 80x28
                    RenderText {#text} at (0,0) size 78x28
                      text run at (0,0) width 25: "style:"
                      text run at (0,14) width 78: "\"padding:10px\","
                  RenderBR {BR} at (81,15) size 0x14
                RenderBlock {DIV} at (421,20) size 131x65 [border: (1px solid #0000FF)]
                  RenderBlock {SPAN} at (1,1) size 80x28
                    RenderText {#text} at (0,0) size 72x28
                      text run at (0,0) width 25: "style:"
                      text run at (0,14) width 72: "\"padding:0px\","
                  RenderBR {BR} at (81,15) size 0x14
                RenderBlock {DIV} at (552,0) size 151x85 [border: (1px solid #0000FF)]
                  RenderBlock {SPAN} at (1,1) size 80x28
                    RenderText {#text} at (0,0) size 73x28
                      text run at (0,0) width 25: "style:"
                      text run at (0,14) width 73: "\"margin:10px\","
                  RenderBR {BR} at (81,15) size 0x14
                RenderBlock {DIV} at (0,139) size 131x65 [border: (1px solid #0000FF)]
                  RenderBlock {SPAN} at (1,1) size 80x28
                    RenderText {#text} at (0,0) size 67x28
                      text run at (0,0) width 25: "style:"
                      text run at (0,14) width 67: "\"margin:0px\","
                  RenderBR {BR} at (81,15) size 0x14
                RenderBlock {DIV} at (131,135) size 82x69 [border: (1px solid #0000FF)]
                  RenderBlock {SPAN} at (1,1) size 80x28
                    RenderText {#text} at (0,0) size 67x28
                      text run at (0,0) width 25: "style:"
                      text run at (0,14) width 67: "\"width:60px\","
                  RenderBR {BR} at (81,15) size 0x14
                RenderBlock {DIV} at (213,85) size 104x119 [border: (1px solid #0000FF)]
                  RenderBlock {SPAN} at (1,1) size 80x42
                    RenderText {#text} at (0,0) size 73x42
                      text run at (0,0) width 25: "style:"
                      text run at (0,14) width 62: "\"width:60px;"
                      text run at (0,28) width 73: "padding:20px\","
                  RenderBR {BR} at (81,29) size 0x14
                RenderBlock {DIV} at (317,125) size 82x79 [border: (1px solid #0000FF)]
                  RenderBlock {SPAN} at (1,1) size 80x42
                    RenderText {#text} at (0,0) size 62x42
                      text run at (0,0) width 25: "style:"
                      text run at (0,14) width 62: "\"width:60px;"
                      text run at (0,28) width 55: "padding:0\","
                  RenderBR {BR} at (81,29) size 0x14
                RenderBlock {DIV} at (399,105) size 135x99 [border: (1px solid #0000FF)]
                  RenderBlock {SPAN} at (1,1) size 80x28
                    RenderText {#text} at (0,0) size 69x28
                      text run at (0,0) width 25: "style:"
                      text run at (0,14) width 69: "\"height:60px\","
                  RenderBR {BR} at (81,15) size 0x14
                RenderBlock {DIV} at (534,91) size 82x113 [border: (1px solid #0000FF)]
                  RenderBlock {SPAN} at (1,1) size 80x42
                    RenderText {#text} at (0,0) size 64x42
                      text run at (0,0) width 25: "style:"
                      text run at (0,14) width 62: "\"width:60px;"
                      text run at (0,28) width 64: "height:60px\","
                  RenderBR {BR} at (81,29) size 0x14
                RenderBlock {DIV} at (616,135) size 135x69 [border: (1px solid #0000FF)]
                  RenderBlock {SPAN} at (1,1) size 80x28
                    RenderText {#text} at (0,0) size 91x28
                      text run at (0,0) width 25: "style:"
                      text run at (0,14) width 91: "\"overflow:hidden\","
                  RenderBR {BR} at (81,15) size 0x14
                RenderBlock {DIV} at (0,247) size 135x84 [border: (1px solid #0000FF)]
                  RenderBlock {SPAN} at (1,1) size 80x28
                    RenderText {#text} at (0,0) size 85x28
                      text run at (0,0) width 25: "style:"
                      text run at (0,14) width 85: "\"overflow:scroll\","
                  RenderBR {BR} at (81,15) size 0x14
                RenderBlock {DIV} at (135,204) size 82x127 [border: (1px solid #0000FF)]
                  RenderBlock {SPAN} at (1,1) size 80x56
                    RenderText {#text} at (0,0) size 86x56
                      text run at (0,0) width 25: "style:"
                      text run at (0,14) width 86: "\"overflow:hidden;"
                      text run at (0,28) width 57: "width:60px;"
                      text run at (0,42) width 64: "height:60px\","
                  RenderBR {BR} at (81,43) size 0x14
                RenderBlock {DIV} at (217,204) size 82x127 [border: (1px solid #0000FF)]
                  RenderBlock {SPAN} at (1,1) size 80x56
                    RenderText {#text} at (0,0) size 80x56
                      text run at (0,0) width 25: "style:"
                      text run at (0,14) width 80: "\"overflow:scroll;"
                      text run at (0,28) width 57: "width:60px;"
                      text run at (0,42) width 64: "height:60px\","
                  RenderBR {BR} at (81,43) size 0x14
                RenderBlock {DIV} at (299,218) size 82x113 [border: (1px solid #0000FF)]
                  RenderBlock {SPAN} at (1,1) size 80x42
                    RenderText {#text} at (0,0) size 72x42
                      text run at (0,0) width 72: "cols: \"5\", style:"
                      text run at (0,14) width 62: "\"width:60px;"
                      text run at (0,28) width 64: "height:60px\","
                  RenderBR {BR} at (81,29) size 0x14
                RenderBlock {DIV} at (381,218) size 82x113 [border: (1px solid #0000FF)]
                  RenderBlock {SPAN} at (1,1) size 80x42
                    RenderText {#text} at (0,0) size 77x42
                      text run at (0,0) width 77: "rows: \"4\", style:"
                      text run at (0,14) width 62: "\"width:60px;"
                      text run at (0,28) width 64: "height:60px\","
                  RenderBR {BR} at (81,29) size 0x14
                RenderBlock {DIV} at (463,204) size 82x127 [border: (1px solid #0000FF)]
                  RenderBlock {SPAN} at (1,1) size 80x56
                    RenderText {#text} at (0,0) size 74x56
                      text run at (0,0) width 74: "cols: \"5\", rows:"
                      text run at (0,14) width 47: "\"4\", style:"
                      text run at (0,28) width 62: "\"width:60px;"
                      text run at (0,42) width 64: "height:60px\","
                  RenderBR {BR} at (81,43) size 0x14
                RenderBlock {DIV} at (545,276) size 82x55 [border: (1px solid #0000FF)]
                  RenderBlock {SPAN} at (1,1) size 80x14
                    RenderText {#text} at (0,0) size 44x14
                      text run at (0,0) width 44: "cols: \"3\","
                  RenderBR {BR} at (81,1) size 0x14
                RenderBlock {DIV} at (627,263) size 135x68 [border: (1px solid #0000FF)]
                  RenderBlock {SPAN} at (1,1) size 80x14
                    RenderText {#text} at (0,0) size 49x14
                      text run at (0,0) width 49: "rows: \"3\","
                  RenderBR {BR} at (81,1) size 0x14
                RenderBlock {DIV} at (0,396) size 82x55 [border: (1px solid #0000FF)]
                  RenderBlock {SPAN} at (1,1) size 80x14
                    RenderText {#text} at (0,0) size 44x14
                      text run at (0,0) width 44: "cols: \"7\","
                  RenderBR {BR} at (81,1) size 0x14
                RenderBlock {DIV} at (82,331) size 135x120 [border: (1px solid #0000FF)]
                  RenderBlock {SPAN} at (1,1) size 80x14
                    RenderText {#text} at (0,0) size 49x14
                      text run at (0,0) width 49: "rows: \"7\","
                  RenderBR {BR} at (81,1) size 0x14
                RenderBlock {DIV} at (217,356) size 82x95 [border: (1px solid #0000FF)]
                  RenderBlock {SPAN} at (1,1) size 80x28
                    RenderText {#text} at (0,0) size 74x28
                      text run at (0,0) width 74: "cols: \"5\", rows:"
                      text run at (0,14) width 19: "\"4\","
                  RenderBR {BR} at (81,15) size 0x14
                RenderBlock {DIV} at (299,381) size 135x70 [border: (1px solid #0000FF)]
                  RenderBlock {SPAN} at (1,1) size 80x14
                    RenderText {#text} at (0,0) size 57x14
                      text run at (0,0) width 57: "wrap: \"off\","
                  RenderBR {BR} at (81,1) size 0x14
                RenderBlock {DIV} at (434,396) size 135x55 [border: (1px solid #0000FF)]
                  RenderBlock {SPAN} at (1,1) size 80x14
                    RenderText {#text} at (0,0) size 64x14
                      text run at (0,0) width 64: "wrap: \"hard\","
                  RenderBR {BR} at (81,1) size 0x14
                RenderBlock {DIV} at (569,396) size 135x55 [border: (1px solid #0000FF)]
                  RenderBlock {SPAN} at (1,1) size 80x14
                    RenderText {#text} at (0,0) size 61x14
                      text run at (0,0) width 61: "wrap: \"soft\","
                  RenderBR {BR} at (81,1) size 0x14
                RenderBlock {DIV} at (0,451) size 135x69 [border: (1px solid #0000FF)]
                  RenderBlock {SPAN} at (1,1) size 80x28
                    RenderText {#text} at (0,0) size 70x28
                      text run at (0,0) width 63: "style: \"white-"
                      text run at (0,14) width 70: "space:normal\","
                  RenderBR {BR} at (81,15) size 0x14
                RenderBlock {DIV} at (135,451) size 135x69 [border: (1px solid #0000FF)]
                  RenderBlock {SPAN} at (1,1) size 80x28
                    RenderText {#text} at (0,0) size 63x28
                      text run at (0,0) width 63: "style: \"white-"
                      text run at (0,14) width 52: "space:pre\","
                  RenderBR {BR} at (81,15) size 0x14
                RenderBlock {DIV} at (270,451) size 135x69 [border: (1px solid #0000FF)]
                  RenderBlock {SPAN} at (1,1) size 80x28
                    RenderText {#text} at (0,0) size 76x28
                      text run at (0,0) width 63: "style: \"white-"
                      text run at (0,14) width 76: "space:prewrap\","
                  RenderBR {BR} at (81,15) size 0x14
                RenderBlock {DIV} at (405,451) size 135x69 [border: (1px solid #0000FF)]
                  RenderBlock {SPAN} at (1,1) size 80x28
                    RenderText {#text} at (0,0) size 73x28
                      text run at (0,0) width 63: "style: \"white-"
                      text run at (0,14) width 73: "space:nowrap\","
                  RenderBR {BR} at (81,15) size 0x14
                RenderBlock {DIV} at (540,451) size 135x69 [border: (1px solid #0000FF)]
                  RenderBlock {SPAN} at (1,1) size 80x28
                    RenderText {#text} at (0,0) size 73x28
                      text run at (0,0) width 63: "style: \"white-"
                      text run at (0,14) width 73: "space:pre-line\","
                  RenderBR {BR} at (81,15) size 0x14
                RenderBlock {DIV} at (0,534) size 135x84 [border: (1px solid #0000FF)]
                  RenderBlock {SPAN} at (1,1) size 80x28
                    RenderText {#text} at (0,0) size 68x28
                      text run at (0,0) width 62: "style: \"word-"
                      text run at (0,14) width 68: "wrap:normal\","
                  RenderBR {BR} at (81,15) size 0x14
                RenderBlock {DIV} at (135,520) size 135x98 [border: (1px solid #0000FF)]
                  RenderBlock {SPAN} at (1,1) size 80x42
                    RenderText {#text} at (0,0) size 80x42
                      text run at (0,0) width 57: "wrap: \"off\","
                      text run at (0,14) width 63: "style: \"white-"
                      text run at (0,28) width 80: "space:pre-wrap\","
                  RenderBR {BR} at (81,29) size 0x14
        layer at (3,75) size 129x32 clip at (4,76) size 127x30
          RenderTextControl {TEXTAREA} at (3,17) size 129x32 [bgcolor=#FFFFFF] [border: (1px solid #000000)]
            RenderBlock {DIV} at (3,3) size 123x13
              RenderText {#text} at (0,0) size 102x13
                text run at (0,0) width 102: "Lorem ipsum dolor"
        layer at (138,75) size 129x32 clip at (139,76) size 112x30 scrollHeight 69
          RenderTextControl {TEXTAREA} at (3,17) size 129x32 [bgcolor=#FFFFFF] [border: (1px solid #000000)]
            RenderBlock {DIV} at (3,3) size 108x65 [color=#545454]
              RenderText {#text} at (0,0) size 108x65
                text run at (0,0) width 105: "Lorem ipsum  dolor"
                text run at (105,0) width 3: " "
                text run at (0,13) width 104: "ABCDEFGHIJKLMNO"
                text run at (0,26) width 80: "PQRSTUVWXYZ"
                text run at (80,26) width 3: " "
                text run at (0,39) width 108: "abcdefghijklmnopqr"
                text run at (0,52) width 23: "stuv"
        layer at (273,59) size 145x48 clip at (274,60) size 128x46 scrollHeight 85
          RenderTextControl {TEXTAREA} at (3,31) size 145x48 [bgcolor=#FFFFFF] [border: (1px solid #000000)]
            RenderBlock {DIV} at (11,11) size 108x65
              RenderText {#text} at (0,0) size 108x65
                text run at (0,0) width 105: "Lorem ipsum  dolor"
                text run at (105,0) width 3: " "
                text run at (0,13) width 104: "ABCDEFGHIJKLMNO"
                text run at (0,26) width 80: "PQRSTUVWXYZ"
                text run at (80,26) width 3: " "
                text run at (0,39) width 108: "abcdefghijklmnopqr"
                text run at (0,52) width 23: "stuv"
        layer at (424,79) size 125x28 clip at (425,80) size 108x26 scrollHeight 65
          RenderTextControl {TEXTAREA} at (3,31) size 125x28 [bgcolor=#FFFFFF] [border: (1px solid #000000)]
            RenderBlock {DIV} at (1,1) size 108x65
              RenderText {#text} at (0,0) size 108x65
                text run at (0,0) width 105: "Lorem ipsum  dolor"
                text run at (105,0) width 3: " "
                text run at (0,13) width 104: "ABCDEFGHIJKLMNO"
                text run at (0,26) width 80: "PQRSTUVWXYZ"
                text run at (80,26) width 3: " "
                text run at (0,39) width 108: "abcdefghijklmnopqr"
                text run at (0,52) width 23: "stuv"
        layer at (563,67) size 129x32 clip at (564,68) size 112x30 scrollHeight 69
          RenderTextControl {TEXTAREA} at (11,39) size 129x32 [bgcolor=#FFFFFF] [border: (1px solid #000000)]
            RenderBlock {DIV} at (3,3) size 108x65
              RenderText {#text} at (0,0) size 108x65
                text run at (0,0) width 105: "Lorem ipsum  dolor"
                text run at (105,0) width 3: " "
                text run at (0,13) width 104: "ABCDEFGHIJKLMNO"
                text run at (0,26) width 80: "PQRSTUVWXYZ"
                text run at (80,26) width 3: " "
                text run at (0,39) width 108: "abcdefghijklmnopqr"
                text run at (0,52) width 23: "stuv"
        layer at (1,196) size 129x32 clip at (2,197) size 112x30 scrollHeight 69
          RenderTextControl {TEXTAREA} at (1,29) size 129x32 [bgcolor=#FFFFFF] [border: (1px solid #000000)]
            RenderBlock {DIV} at (3,3) size 108x65
              RenderText {#text} at (0,0) size 108x65
                text run at (0,0) width 105: "Lorem ipsum  dolor"
                text run at (105,0) width 3: " "
                text run at (0,13) width 104: "ABCDEFGHIJKLMNO"
                text run at (0,26) width 80: "PQRSTUVWXYZ"
                text run at (80,26) width 3: " "
                text run at (0,39) width 108: "abcdefghijklmnopqr"
                text run at (0,52) width 23: "stuv"
        layer at (132,194) size 66x32 clip at (133,195) size 49x30 scrollHeight 160
          RenderTextControl {TEXTAREA} at (1,31) size 66x32 [bgcolor=#FFFFFF] [border: (1px solid #000000)]
            RenderBlock {DIV} at (3,3) size 45x156
              RenderText {#text} at (0,0) size 45x156
                text run at (0,0) width 34: "Lorem"
                text run at (34,0) width 3: " "
                text run at (0,13) width 33: "ipsum"
                text run at (33,13) width 6: "  "
                text run at (0,26) width 29: "dolor"
                text run at (29,26) width 3: " "
                text run at (0,39) width 42: "ABCDEF"
                text run at (0,52) width 36: "GHIJKL"
                text run at (0,65) width 41: "MNOPQ"
                text run at (0,78) width 45: "RSTUVW"
                text run at (0,91) width 21: "XYZ"
                text run at (21,91) width 3: " "
                text run at (0,104) width 43: "abcdefg"
                text run at (0,117) width 41: "hijklmn"
                text run at (0,130) width 42: "opqrstu"
                text run at (0,143) width 6: "v"
        layer at (214,158) size 102x68 clip at (215,159) size 85x66 scrollHeight 196
          RenderTextControl {TEXTAREA} at (1,45) size 102x68 [bgcolor=#FFFFFF] [border: (1px solid #000000)]
            RenderBlock {DIV} at (21,21) size 45x156
              RenderText {#text} at (0,0) size 45x156
                text run at (0,0) width 34: "Lorem"
                text run at (34,0) width 3: " "
                text run at (0,13) width 33: "ipsum"
                text run at (33,13) width 6: "  "
                text run at (0,26) width 29: "dolor"
                text run at (29,26) width 3: " "
                text run at (0,39) width 42: "ABCDEF"
                text run at (0,52) width 36: "GHIJKL"
                text run at (0,65) width 41: "MNOPQ"
                text run at (0,78) width 45: "RSTUVW"
                text run at (0,91) width 21: "XYZ"
                text run at (21,91) width 3: " "
                text run at (0,104) width 43: "abcdefg"
                text run at (0,117) width 41: "hijklmn"
                text run at (0,130) width 42: "opqrstu"
                text run at (0,143) width 6: "v"
        layer at (318,198) size 62x28 clip at (319,199) size 45x26 scrollHeight 156
          RenderTextControl {TEXTAREA} at (1,45) size 62x28 [bgcolor=#FFFFFF] [border: (1px solid #000000)]
            RenderBlock {DIV} at (1,1) size 45x156
              RenderText {#text} at (0,0) size 45x156
                text run at (0,0) width 34: "Lorem"
                text run at (34,0) width 3: " "
                text run at (0,13) width 33: "ipsum"
                text run at (33,13) width 6: "  "
                text run at (0,26) width 29: "dolor"
                text run at (29,26) width 3: " "
                text run at (0,39) width 42: "ABCDEF"
                text run at (0,52) width 36: "GHIJKL"
                text run at (0,65) width 41: "MNOPQ"
                text run at (0,78) width 45: "RSTUVW"
                text run at (0,91) width 21: "XYZ"
                text run at (21,91) width 3: " "
                text run at (0,104) width 43: "abcdefg"
                text run at (0,117) width 41: "hijklmn"
                text run at (0,130) width 42: "opqrstu"
                text run at (0,143) width 6: "v"
        layer at (402,162) size 129x66 clip at (403,163) size 112x64 scrollHeight 69
          RenderTextControl {TEXTAREA} at (3,29) size 129x66 [bgcolor=#FFFFFF] [border: (1px solid #000000)]
            RenderBlock {DIV} at (3,3) size 108x65
              RenderText {#text} at (0,0) size 108x65
                text run at (0,0) width 105: "Lorem ipsum  dolor"
                text run at (105,0) width 3: " "
                text run at (0,13) width 104: "ABCDEFGHIJKLMNO"
                text run at (0,26) width 80: "PQRSTUVWXYZ"
                text run at (80,26) width 3: " "
                text run at (0,39) width 108: "abcdefghijklmnopqr"
                text run at (0,52) width 23: "stuv"
        layer at (535,162) size 66x66 clip at (536,163) size 49x64 scrollHeight 160
          RenderTextControl {TEXTAREA} at (1,43) size 66x66 [bgcolor=#FFFFFF] [border: (1px solid #000000)]
            RenderBlock {DIV} at (3,3) size 45x156
              RenderText {#text} at (0,0) size 45x156
                text run at (0,0) width 34: "Lorem"
                text run at (34,0) width 3: " "
                text run at (0,13) width 33: "ipsum"
                text run at (33,13) width 6: "  "
                text run at (0,26) width 29: "dolor"
                text run at (29,26) width 3: " "
                text run at (0,39) width 42: "ABCDEF"
                text run at (0,52) width 36: "GHIJKL"
                text run at (0,65) width 41: "MNOPQ"
                text run at (0,78) width 45: "RSTUVW"
                text run at (0,91) width 21: "XYZ"
                text run at (21,91) width 3: " "
                text run at (0,104) width 43: "abcdefg"
                text run at (0,117) width 41: "hijklmn"
                text run at (0,130) width 42: "opqrstu"
                text run at (0,143) width 6: "v"
        layer at (619,194) size 129x32 clip at (620,195) size 127x30 scrollHeight 69
          RenderTextControl {TEXTAREA} at (3,31) size 129x32 [bgcolor=#FFFFFF] [border: (1px solid #000000)]
            RenderBlock {DIV} at (3,3) size 123x65
              RenderText {#text} at (0,0) size 119x65
                text run at (0,0) width 105: "Lorem ipsum  dolor"
                text run at (105,0) width 3: " "
                text run at (0,13) width 119: "ABCDEFGHIJKLMNOPQ"
                text run at (0,26) width 65: "RSTUVWXYZ"
                text run at (65,26) width 3: " "
                text run at (0,39) width 118: "abcdefghijklmnopqrst"
                text run at (0,52) width 13: "uv"
        layer at (3,306) size 129x47 clip at (4,307) size 112x30 scrollHeight 69
          RenderTextControl {TEXTAREA} at (3,31) size 129x47 [bgcolor=#FFFFFF] [border: (1px solid #000000)]
            RenderBlock {DIV} at (3,3) size 108x65
              RenderText {#text} at (0,0) size 108x65
                text run at (0,0) width 105: "Lorem ipsum  dolor"
                text run at (105,0) width 3: " "
                text run at (0,13) width 104: "ABCDEFGHIJKLMNO"
                text run at (0,26) width 80: "PQRSTUVWXYZ"
                text run at (80,26) width 3: " "
                text run at (0,39) width 108: "abcdefghijklmnopqr"
                text run at (0,52) width 23: "stuv"
        layer at (136,289) size 66x66 clip at (137,290) size 64x64 scrollHeight 134
          RenderTextControl {TEXTAREA} at (1,57) size 66x66 [bgcolor=#FFFFFF] [border: (1px solid #000000)]
            RenderBlock {DIV} at (3,3) size 60x130
              RenderText {#text} at (0,0) size 60x130
                text run at (0,0) width 34: "Lorem"
                text run at (34,0) width 3: " "
                text run at (0,13) width 33: "ipsum"
                text run at (33,13) width 6: "  "
                text run at (0,26) width 29: "dolor"
                text run at (29,26) width 3: " "
                text run at (0,39) width 58: "ABCDEFGH"
                text run at (0,52) width 52: "IJKLMNOP"
                text run at (0,65) width 60: "QRSTUVWX"
                text run at (0,78) width 14: "YZ"
                text run at (14,78) width 3: " "
                text run at (0,91) width 56: "abcdefghij"
                text run at (0,104) width 58: "klmnopqrs"
                text run at (0,117) width 17: "tuv"
        layer at (218,289) size 66x66 clip at (219,290) size 49x49 scrollHeight 160
          RenderTextControl {TEXTAREA} at (1,57) size 66x66 [bgcolor=#FFFFFF] [border: (1px solid #000000)]
            RenderBlock {DIV} at (3,3) size 45x156
              RenderText {#text} at (0,0) size 45x156
                text run at (0,0) width 34: "Lorem"
                text run at (34,0) width 3: " "
                text run at (0,13) width 33: "ipsum"
                text run at (33,13) width 6: "  "
                text run at (0,26) width 29: "dolor"
                text run at (29,26) width 3: " "
                text run at (0,39) width 42: "ABCDEF"
                text run at (0,52) width 36: "GHIJKL"
                text run at (0,65) width 41: "MNOPQ"
                text run at (0,78) width 45: "RSTUVW"
                text run at (0,91) width 21: "XYZ"
                text run at (21,91) width 3: " "
                text run at (0,104) width 43: "abcdefg"
                text run at (0,117) width 41: "hijklmn"
                text run at (0,130) width 42: "opqrstu"
                text run at (0,143) width 6: "v"
        layer at (300,289) size 66x66 clip at (301,290) size 49x64 scrollHeight 160
          RenderTextControl {TEXTAREA} at (1,43) size 66x66 [bgcolor=#FFFFFF] [border: (1px solid #000000)]
            RenderBlock {DIV} at (3,3) size 45x156
              RenderText {#text} at (0,0) size 45x156
                text run at (0,0) width 34: "Lorem"
                text run at (34,0) width 3: " "
                text run at (0,13) width 33: "ipsum"
                text run at (33,13) width 6: "  "
                text run at (0,26) width 29: "dolor"
                text run at (29,26) width 3: " "
                text run at (0,39) width 42: "ABCDEF"
                text run at (0,52) width 36: "GHIJKL"
                text run at (0,65) width 41: "MNOPQ"
                text run at (0,78) width 45: "RSTUVW"
                text run at (0,91) width 21: "XYZ"
                text run at (21,91) width 3: " "
                text run at (0,104) width 43: "abcdefg"
                text run at (0,117) width 41: "hijklmn"
                text run at (0,130) width 42: "opqrstu"
                text run at (0,143) width 6: "v"
        layer at (382,289) size 66x66 clip at (383,290) size 49x64 scrollHeight 160
          RenderTextControl {TEXTAREA} at (1,43) size 66x66 [bgcolor=#FFFFFF] [border: (1px solid #000000)]
            RenderBlock {DIV} at (3,3) size 45x156
              RenderText {#text} at (0,0) size 45x156
                text run at (0,0) width 34: "Lorem"
                text run at (34,0) width 3: " "
                text run at (0,13) width 33: "ipsum"
                text run at (33,13) width 6: "  "
                text run at (0,26) width 29: "dolor"
                text run at (29,26) width 3: " "
                text run at (0,39) width 42: "ABCDEF"
                text run at (0,52) width 36: "GHIJKL"
                text run at (0,65) width 41: "MNOPQ"
                text run at (0,78) width 45: "RSTUVW"
                text run at (0,91) width 21: "XYZ"
                text run at (21,91) width 3: " "
                text run at (0,104) width 43: "abcdefg"
                text run at (0,117) width 41: "hijklmn"
                text run at (0,130) width 42: "opqrstu"
                text run at (0,143) width 6: "v"
        layer at (464,289) size 66x66 clip at (465,290) size 49x64 scrollHeight 160
          RenderTextControl {TEXTAREA} at (1,57) size 66x66 [bgcolor=#FFFFFF] [border: (1px solid #000000)]
            RenderBlock {DIV} at (3,3) size 45x156
              RenderText {#text} at (0,0) size 45x156
                text run at (0,0) width 34: "Lorem"
                text run at (34,0) width 3: " "
                text run at (0,13) width 33: "ipsum"
                text run at (33,13) width 6: "  "
                text run at (0,26) width 29: "dolor"
                text run at (29,26) width 3: " "
                text run at (0,39) width 42: "ABCDEF"
                text run at (0,52) width 36: "GHIJKL"
                text run at (0,65) width 41: "MNOPQ"
                text run at (0,78) width 45: "RSTUVW"
                text run at (0,91) width 21: "XYZ"
                text run at (21,91) width 3: " "
                text run at (0,104) width 43: "abcdefg"
                text run at (0,117) width 41: "hijklmn"
                text run at (0,130) width 42: "opqrstu"
                text run at (0,143) width 6: "v"
        layer at (548,321) size 38x32 clip at (549,322) size 21x30 scrollHeight 407
          RenderTextControl {TEXTAREA} at (3,17) size 38x32 [bgcolor=#FFFFFF] [border: (1px solid #000000)]
            RenderBlock {DIV} at (3,3) size 17x403
              RenderText {#text} at (0,0) size 17x403
                text run at (0,0) width 13: "Lo"
                text run at (0,13) width 11: "re"
                text run at (0,26) width 11: "m"
                text run at (11,26) width 3: " "
                text run at (0,39) width 16: "ips"
                text run at (0,52) width 7: "u"
                text run at (0,65) width 11: "m"
                text run at (11,65) width 6: "  "
                text run at (0,78) width 17: "dol"
                text run at (0,91) width 12: "or"
                text run at (12,91) width 3: " "
                text run at (0,104) width 14: "AB"
                text run at (0,117) width 16: "CD"
                text run at (0,130) width 12: "EF"
                text run at (0,143) width 17: "GH"
                text run at (0,156) width 14: "IJK"
                text run at (0,169) width 16: "LM"
                text run at (0,182) width 17: "NO"
                text run at (0,195) width 15: "PQ"
                text run at (0,208) width 13: "RS"
                text run at (0,221) width 15: "TU"
                text run at (0,234) width 17: "VW"
                text run at (0,247) width 14: "XY"
                text run at (0,260) width 7: "Z"
                text run at (7,260) width 3: " "
                text run at (0,273) width 13: "ab"
                text run at (0,286) width 13: "cd"
                text run at (0,299) width 11: "ef"
                text run at (0,312) width 17: "ghi"
                text run at (0,325) width 13: "jkl"
                text run at (0,338) width 11: "m"
                text run at (0,351) width 14: "no"
                text run at (0,364) width 14: "pq"
                text run at (0,377) width 15: "rst"
                text run at (0,390) width 13: "uv"
        layer at (630,308) size 129x45 clip at (631,309) size 112x43 scrollHeight 69
          RenderTextControl {TEXTAREA} at (3,17) size 129x45 [bgcolor=#FFFFFF] [border: (1px solid #000000)]
            RenderBlock {DIV} at (3,3) size 108x65
              RenderText {#text} at (0,0) size 108x65
                text run at (0,0) width 105: "Lorem ipsum  dolor"
                text run at (105,0) width 3: " "
                text run at (0,13) width 104: "ABCDEFGHIJKLMNO"
                text run at (0,26) width 80: "PQRSTUVWXYZ"
                text run at (80,26) width 3: " "
                text run at (0,39) width 108: "abcdefghijklmnopqr"
                text run at (0,52) width 23: "stuv"
        layer at (3,441) size 59x32 clip at (4,442) size 42x30 scrollHeight 173
          RenderTextControl {TEXTAREA} at (3,17) size 59x32 [bgcolor=#FFFFFF] [border: (1px solid #000000)]
            RenderBlock {DIV} at (3,3) size 38x169
              RenderText {#text} at (0,0) size 38x169
                text run at (0,0) width 34: "Lorem"
                text run at (34,0) width 3: " "
                text run at (0,13) width 33: "ipsum"
                text run at (33,13) width 5: "  "
                text run at (0,26) width 29: "dolor"
                text run at (29,26) width 3: " "
                text run at (0,39) width 36: "ABCDE"
                text run at (0,52) width 36: "FGHIJK"
                text run at (0,65) width 33: "LMNO"
                text run at (0,78) width 35: "PQRST"
                text run at (0,91) width 38: "UVWXY"
                text run at (0,104) width 7: "Z"
                text run at (7,104) width 3: " "
                text run at (0,117) width 36: "abcdef"
                text run at (0,130) width 30: "ghijkl"
                text run at (0,143) width 38: "mnopq"
                text run at (0,156) width 27: "rstuv"
        layer at (85,376) size 129x97 clip at (86,377) size 127x95
          RenderTextControl {TEXTAREA} at (3,17) size 129x97 [bgcolor=#FFFFFF] [border: (1px solid #000000)]
            RenderBlock {DIV} at (3,3) size 123x65
              RenderText {#text} at (0,0) size 119x65
                text run at (0,0) width 105: "Lorem ipsum  dolor"
                text run at (105,0) width 3: " "
                text run at (0,13) width 119: "ABCDEFGHIJKLMNOPQ"
                text run at (0,26) width 65: "RSTUVWXYZ"
                text run at (65,26) width 3: " "
                text run at (0,39) width 118: "abcdefghijklmnopqrst"
                text run at (0,52) width 13: "uv"
        layer at (220,415) size 48x58 clip at (221,416) size 31x56 scrollHeight 277
          RenderTextControl {TEXTAREA} at (3,31) size 48x58 [bgcolor=#FFFFFF] [border: (1px solid #000000)]
            RenderBlock {DIV} at (3,3) size 27x273
              RenderText {#text} at (0,0) size 27x273
                text run at (0,0) width 24: "Lore"
                text run at (0,13) width 11: "m"
                text run at (11,13) width 3: " "
                text run at (0,26) width 23: "ipsu"
                text run at (0,39) width 11: "m"
                text run at (11,39) width 6: "  "
                text run at (0,52) width 24: "dolo"
                text run at (0,65) width 5: "r"
                text run at (5,65) width 3: " "
                text run at (0,78) width 22: "ABC"
                text run at (0,91) width 21: "DEF"
                text run at (0,104) width 23: "GHIJ"
                text run at (0,117) width 23: "KLM"
                text run at (0,130) width 23: "NOP"
                text run at (0,143) width 22: "QRS"
                text run at (0,156) width 22: "TUV"
                text run at (0,169) width 24: "WXY"
                text run at (0,182) width 7: "Z"
                text run at (7,182) width 3: " "
                text run at (0,195) width 26: "abcd"
                text run at (0,208) width 24: "efgh"
                text run at (0,221) width 27: "ijklm"
                text run at (0,234) width 21: "nop"
                text run at (0,247) width 22: "qrst"
                text run at (0,260) width 13: "uv"
        layer at (302,426) size 129x47 clip at (303,427) size 127x30 scrollWidth 426
          RenderTextControl {TEXTAREA} at (3,17) size 129x47 [bgcolor=#FFFFFF] [border: (1px solid #000000)]
            RenderBlock {DIV} at (3,3) size 123x13
              RenderText {#text} at (0,0) size 424x13
                text run at (0,0) width 424: "Lorem ipsum  dolor ABCDEFGHIJKLMNOPQRSTUVWXYZ abcdefghijklmnopqrstuv"
        layer at (437,441) size 129x32 clip at (438,442) size 112x30 scrollHeight 69
          RenderTextControl {TEXTAREA} at (3,17) size 129x32 [bgcolor=#FFFFFF] [border: (1px solid #000000)]
            RenderBlock {DIV} at (3,3) size 108x65
              RenderText {#text} at (0,0) size 108x65
                text run at (0,0) width 105: "Lorem ipsum  dolor"
                text run at (105,0) width 3: " "
                text run at (0,13) width 104: "ABCDEFGHIJKLMNO"
                text run at (0,26) width 80: "PQRSTUVWXYZ"
                text run at (80,26) width 3: " "
                text run at (0,39) width 108: "abcdefghijklmnopqr"
                text run at (0,52) width 23: "stuv"
        layer at (572,441) size 129x32 clip at (573,442) size 112x30 scrollHeight 69
          RenderTextControl {TEXTAREA} at (3,17) size 129x32 [bgcolor=#FFFFFF] [border: (1px solid #000000)]
            RenderBlock {DIV} at (3,3) size 108x65
              RenderText {#text} at (0,0) size 108x65
                text run at (0,0) width 105: "Lorem ipsum  dolor"
                text run at (105,0) width 3: " "
                text run at (0,13) width 104: "ABCDEFGHIJKLMNO"
                text run at (0,26) width 80: "PQRSTUVWXYZ"
                text run at (80,26) width 3: " "
                text run at (0,39) width 108: "abcdefghijklmnopqr"
                text run at (0,52) width 23: "stuv"
        layer at (3,510) size 129x32 clip at (4,511) size 112x30 scrollHeight 69
          RenderTextControl {TEXTAREA} at (3,31) size 129x32 [bgcolor=#FFFFFF] [border: (1px solid #000000)]
            RenderBlock {DIV} at (3,3) size 108x65
              RenderText {#text} at (0,0) size 108x65
                text run at (0,0) width 73: "Lorem ipsum "
                text run at (73,0) width 29: "dolor"
                text run at (0,13) width 104: "ABCDEFGHIJKLMNO"
                text run at (0,26) width 80: "PQRSTUVWXYZ"
                text run at (0,39) width 108: "abcdefghijklmnopqr"
                text run at (0,52) width 23: "stuv"
        layer at (138,510) size 129x32 clip at (139,511) size 112x30 scrollHeight 69
          RenderTextControl {TEXTAREA} at (3,31) size 129x32 [bgcolor=#FFFFFF] [border: (1px solid #000000)]
            RenderBlock {DIV} at (3,3) size 108x65
              RenderText {#text} at (0,0) size 108x65
                text run at (0,0) width 108: "Lorem ipsum  dolor "
                text run at (0,13) width 104: "ABCDEFGHIJKLMNO"
                text run at (0,26) width 102: "PQRSTUVWXYZ abc"
                text run at (0,39) width 106: "defghijklmnopqrstu"
                text run at (0,52) width 6: "v"
        layer at (273,510) size 129x32 clip at (274,511) size 112x30 scrollHeight 69
          RenderTextControl {TEXTAREA} at (3,31) size 129x32 [bgcolor=#FFFFFF] [border: (1px solid #000000)]
            RenderBlock {DIV} at (3,3) size 108x65
              RenderText {#text} at (0,0) size 108x65
                text run at (0,0) width 105: "Lorem ipsum  dolor"
                text run at (105,0) width 3: " "
                text run at (0,13) width 104: "ABCDEFGHIJKLMNO"
                text run at (0,26) width 80: "PQRSTUVWXYZ"
                text run at (80,26) width 3: " "
                text run at (0,39) width 108: "abcdefghijklmnopqr"
                text run at (0,52) width 23: "stuv"
        layer at (408,510) size 129x32 clip at (409,511) size 112x15 scrollWidth 423 scrollHeight 17
          RenderTextControl {TEXTAREA} at (3,31) size 129x32 [bgcolor=#FFFFFF] [border: (1px solid #000000)]
            RenderBlock {DIV} at (3,3) size 123x13
              RenderText {#text} at (0,0) size 421x13
                text run at (0,0) width 73: "Lorem ipsum "
                text run at (73,0) width 348: "dolor ABCDEFGHIJKLMNOPQRSTUVWXYZ abcdefghijklmnopqrstuv"
        layer at (543,510) size 129x32 clip at (544,511) size 112x30 scrollHeight 69
          RenderTextControl {TEXTAREA} at (3,31) size 129x32 [bgcolor=#FFFFFF] [border: (1px solid #000000)]
            RenderBlock {DIV} at (3,3) size 108x65
              RenderText {#text} at (0,0) size 108x65
                text run at (0,0) width 73: "Lorem ipsum "
                text run at (73,0) width 29: "dolor"
                text run at (0,13) width 104: "ABCDEFGHIJKLMNO"
                text run at (0,26) width 80: "PQRSTUVWXYZ"
                text run at (0,39) width 108: "abcdefghijklmnopqr"
                text run at (0,52) width 23: "stuv"
        layer at (3,593) size 129x47 clip at (4,594) size 112x30 scrollWidth 185 scrollHeight 43
          RenderTextControl {TEXTAREA} at (3,31) size 129x47 [bgcolor=#FFFFFF] [border: (1px solid #000000)]
            RenderBlock {DIV} at (3,3) size 123x39
              RenderText {#text} at (0,0) size 183x39
                text run at (0,0) width 105: "Lorem ipsum  dolor"
                text run at (105,0) width 3: " "
                text run at (0,13) width 183: "ABCDEFGHIJKLMNOPQRSTUVWXYZ"
                text run at (0,26) width 130: "abcdefghijklmnopqrstuv"
        layer at (138,593) size 129x47 clip at (139,594) size 112x30 scrollWidth 185 scrollHeight 43
          RenderTextControl {TEXTAREA} at (3,45) size 129x47 [bgcolor=#FFFFFF] [border: (1px solid #000000)]
            RenderBlock {DIV} at (3,3) size 123x39
              RenderText {#text} at (0,0) size 183x39
                text run at (0,0) width 105: "Lorem ipsum  dolor"
                text run at (105,0) width 3: " "
                text run at (0,13) width 183: "ABCDEFGHIJKLMNOPQRSTUVWXYZ"
                text run at (0,26) width 130: "abcdefghijklmnopqrstuv"
      RenderPartObject {IFRAME} at (0,646) size 785x622
        layer at (0,0) size 785x622
          RenderView at (0,0) size 785x622
        layer at (0,0) size 785x622
          RenderBlock {HTML} at (0,0) size 785x622
            RenderBody {BODY} at (0,5) size 785x617
              RenderBlock {DIV} at (0,0) size 785x18
                RenderText {#text} at (0,0) size 193x18
                  text run at (0,0) width 193: "CompatMode: BackCompat"
              RenderBlock (anonymous) at (0,23) size 785x594
                RenderBlock {DIV} at (0,44) size 135x38 [border: (1px solid #0000FF)]
                  RenderBlock {SPAN} at (1,1) size 80x0
                  RenderBR {BR} at (81,1) size 0x0
                RenderBlock {DIV} at (135,30) size 135x52 [border: (1px solid #0000FF)]
                  RenderBlock {SPAN} at (1,1) size 80x14
                    RenderText {#text} at (0,0) size 76x14
                      text run at (0,0) width 76: "disabled: \"true\","
                  RenderBR {BR} at (81,12) size 0x0
                RenderBlock {DIV} at (270,0) size 151x82 [border: (1px solid #0000FF)]
                  RenderBlock {SPAN} at (1,1) size 80x28
                    RenderText {#text} at (0,0) size 78x28
                      text run at (0,0) width 25: "style:"
                      text run at (0,14) width 78: "\"padding:10px\","
                  RenderBR {BR} at (81,26) size 0x0
                RenderBlock {DIV} at (421,20) size 131x62 [border: (1px solid #0000FF)]
                  RenderBlock {SPAN} at (1,1) size 80x28
                    RenderText {#text} at (0,0) size 72x28
                      text run at (0,0) width 25: "style:"
                      text run at (0,14) width 72: "\"padding:0px\","
                  RenderBR {BR} at (81,26) size 0x0
                RenderBlock {DIV} at (552,0) size 151x82 [border: (1px solid #0000FF)]
                  RenderBlock {SPAN} at (1,1) size 80x28
                    RenderText {#text} at (0,0) size 73x28
                      text run at (0,0) width 25: "style:"
                      text run at (0,14) width 73: "\"margin:10px\","
                  RenderBR {BR} at (81,26) size 0x0
                RenderBlock {DIV} at (0,136) size 131x62 [border: (1px solid #0000FF)]
                  RenderBlock {SPAN} at (1,1) size 80x28
                    RenderText {#text} at (0,0) size 67x28
                      text run at (0,0) width 25: "style:"
                      text run at (0,14) width 67: "\"margin:0px\","
                  RenderBR {BR} at (81,26) size 0x0
                RenderBlock {DIV} at (131,132) size 82x66 [border: (1px solid #0000FF)]
                  RenderBlock {SPAN} at (1,1) size 80x28
                    RenderText {#text} at (0,0) size 67x28
                      text run at (0,0) width 25: "style:"
                      text run at (0,14) width 67: "\"width:60px\","
                  RenderBR {BR} at (81,26) size 0x0
                RenderBlock {DIV} at (213,82) size 82x116 [border: (1px solid #0000FF)]
                  RenderBlock {SPAN} at (1,1) size 80x42
                    RenderText {#text} at (0,0) size 73x42
                      text run at (0,0) width 25: "style:"
                      text run at (0,14) width 62: "\"width:60px;"
                      text run at (0,28) width 73: "padding:20px\","
                  RenderBR {BR} at (81,40) size 0x0
                RenderBlock {DIV} at (295,122) size 82x76 [border: (1px solid #0000FF)]
                  RenderBlock {SPAN} at (1,1) size 80x42
                    RenderText {#text} at (0,0) size 62x42
                      text run at (0,0) width 25: "style:"
                      text run at (0,14) width 62: "\"width:60px;"
                      text run at (0,28) width 55: "padding:0\","
                  RenderBR {BR} at (81,40) size 0x0
                RenderBlock {DIV} at (377,108) size 135x90 [border: (1px solid #0000FF)]
                  RenderBlock {SPAN} at (1,1) size 80x28
                    RenderText {#text} at (0,0) size 69x28
                      text run at (0,0) width 25: "style:"
                      text run at (0,14) width 69: "\"height:60px\","
                  RenderBR {BR} at (81,26) size 0x0
                RenderBlock {DIV} at (512,94) size 82x104 [border: (1px solid #0000FF)]
                  RenderBlock {SPAN} at (1,1) size 80x42
                    RenderText {#text} at (0,0) size 64x42
                      text run at (0,0) width 25: "style:"
                      text run at (0,14) width 62: "\"width:60px;"
                      text run at (0,28) width 64: "height:60px\","
                  RenderBR {BR} at (81,40) size 0x0
                RenderBlock {DIV} at (594,132) size 135x66 [border: (1px solid #0000FF)]
                  RenderBlock {SPAN} at (1,1) size 80x28
                    RenderText {#text} at (0,0) size 91x28
                      text run at (0,0) width 25: "style:"
                      text run at (0,14) width 91: "\"overflow:hidden\","
                  RenderBR {BR} at (81,26) size 0x0
                RenderBlock {DIV} at (0,235) size 135x81 [border: (1px solid #0000FF)]
                  RenderBlock {SPAN} at (1,1) size 80x28
                    RenderText {#text} at (0,0) size 85x28
                      text run at (0,0) width 25: "style:"
                      text run at (0,14) width 85: "\"overflow:scroll\","
                  RenderBR {BR} at (81,26) size 0x0
                RenderBlock {DIV} at (135,198) size 82x118 [border: (1px solid #0000FF)]
                  RenderBlock {SPAN} at (1,1) size 80x56
                    RenderText {#text} at (0,0) size 86x56
                      text run at (0,0) width 25: "style:"
                      text run at (0,14) width 86: "\"overflow:hidden;"
                      text run at (0,28) width 57: "width:60px;"
                      text run at (0,42) width 64: "height:60px\","
                  RenderBR {BR} at (81,54) size 0x0
                RenderBlock {DIV} at (217,198) size 82x118 [border: (1px solid #0000FF)]
                  RenderBlock {SPAN} at (1,1) size 80x56
                    RenderText {#text} at (0,0) size 80x56
                      text run at (0,0) width 25: "style:"
                      text run at (0,14) width 80: "\"overflow:scroll;"
                      text run at (0,28) width 57: "width:60px;"
                      text run at (0,42) width 64: "height:60px\","
                  RenderBR {BR} at (81,54) size 0x0
                RenderBlock {DIV} at (299,212) size 82x104 [border: (1px solid #0000FF)]
                  RenderBlock {SPAN} at (1,1) size 80x42
                    RenderText {#text} at (0,0) size 72x42
                      text run at (0,0) width 72: "cols: \"5\", style:"
                      text run at (0,14) width 62: "\"width:60px;"
                      text run at (0,28) width 64: "height:60px\","
                  RenderBR {BR} at (81,40) size 0x0
                RenderBlock {DIV} at (381,212) size 82x104 [border: (1px solid #0000FF)]
                  RenderBlock {SPAN} at (1,1) size 80x42
                    RenderText {#text} at (0,0) size 77x42
                      text run at (0,0) width 77: "rows: \"4\", style:"
                      text run at (0,14) width 62: "\"width:60px;"
                      text run at (0,28) width 64: "height:60px\","
                  RenderBR {BR} at (81,40) size 0x0
                RenderBlock {DIV} at (463,198) size 82x118 [border: (1px solid #0000FF)]
                  RenderBlock {SPAN} at (1,1) size 80x56
                    RenderText {#text} at (0,0) size 74x56
                      text run at (0,0) width 74: "cols: \"5\", rows:"
                      text run at (0,14) width 47: "\"4\", style:"
                      text run at (0,28) width 62: "\"width:60px;"
                      text run at (0,42) width 64: "height:60px\","
                  RenderBR {BR} at (81,54) size 0x0
                RenderBlock {DIV} at (545,264) size 82x52 [border: (1px solid #0000FF)]
                  RenderBlock {SPAN} at (1,1) size 80x14
                    RenderText {#text} at (0,0) size 44x14
                      text run at (0,0) width 44: "cols: \"3\","
                  RenderBR {BR} at (81,12) size 0x0
                RenderBlock {DIV} at (627,251) size 135x65 [border: (1px solid #0000FF)]
                  RenderBlock {SPAN} at (1,1) size 80x14
                    RenderText {#text} at (0,0) size 49x14
                      text run at (0,0) width 49: "rows: \"3\","
                  RenderBR {BR} at (81,12) size 0x0
                RenderBlock {DIV} at (0,381) size 82x52 [border: (1px solid #0000FF)]
                  RenderBlock {SPAN} at (1,1) size 80x14
                    RenderText {#text} at (0,0) size 44x14
                      text run at (0,0) width 44: "cols: \"7\","
                  RenderBR {BR} at (81,12) size 0x0
                RenderBlock {DIV} at (82,316) size 135x117 [border: (1px solid #0000FF)]
                  RenderBlock {SPAN} at (1,1) size 80x14
                    RenderText {#text} at (0,0) size 49x14
                      text run at (0,0) width 49: "rows: \"7\","
                  RenderBR {BR} at (81,12) size 0x0
                RenderBlock {DIV} at (217,341) size 82x92 [border: (1px solid #0000FF)]
                  RenderBlock {SPAN} at (1,1) size 80x28
                    RenderText {#text} at (0,0) size 74x28
                      text run at (0,0) width 74: "cols: \"5\", rows:"
                      text run at (0,14) width 19: "\"4\","
                  RenderBR {BR} at (81,26) size 0x0
                RenderBlock {DIV} at (299,366) size 135x67 [border: (1px solid #0000FF)]
                  RenderBlock {SPAN} at (1,1) size 80x14
                    RenderText {#text} at (0,0) size 57x14
                      text run at (0,0) width 57: "wrap: \"off\","
                  RenderBR {BR} at (81,12) size 0x0
                RenderBlock {DIV} at (434,381) size 135x52 [border: (1px solid #0000FF)]
                  RenderBlock {SPAN} at (1,1) size 80x14
                    RenderText {#text} at (0,0) size 64x14
                      text run at (0,0) width 64: "wrap: \"hard\","
                  RenderBR {BR} at (81,12) size 0x0
                RenderBlock {DIV} at (569,381) size 135x52 [border: (1px solid #0000FF)]
                  RenderBlock {SPAN} at (1,1) size 80x14
                    RenderText {#text} at (0,0) size 61x14
                      text run at (0,0) width 61: "wrap: \"soft\","
                  RenderBR {BR} at (81,12) size 0x0
                RenderBlock {DIV} at (0,433) size 135x66 [border: (1px solid #0000FF)]
                  RenderBlock {SPAN} at (1,1) size 80x28
                    RenderText {#text} at (0,0) size 70x28
                      text run at (0,0) width 63: "style: \"white-"
                      text run at (0,14) width 70: "space:normal\","
                  RenderBR {BR} at (81,26) size 0x0
                RenderBlock {DIV} at (135,433) size 135x66 [border: (1px solid #0000FF)]
                  RenderBlock {SPAN} at (1,1) size 80x28
                    RenderText {#text} at (0,0) size 63x28
                      text run at (0,0) width 63: "style: \"white-"
                      text run at (0,14) width 52: "space:pre\","
                  RenderBR {BR} at (81,26) size 0x0
                RenderBlock {DIV} at (270,433) size 135x66 [border: (1px solid #0000FF)]
                  RenderBlock {SPAN} at (1,1) size 80x28
                    RenderText {#text} at (0,0) size 76x28
                      text run at (0,0) width 63: "style: \"white-"
                      text run at (0,14) width 76: "space:prewrap\","
                  RenderBR {BR} at (81,26) size 0x0
                RenderBlock {DIV} at (405,433) size 135x66 [border: (1px solid #0000FF)]
                  RenderBlock {SPAN} at (1,1) size 80x28
                    RenderText {#text} at (0,0) size 73x28
                      text run at (0,0) width 63: "style: \"white-"
                      text run at (0,14) width 73: "space:nowrap\","
                  RenderBR {BR} at (81,26) size 0x0
                RenderBlock {DIV} at (540,433) size 135x66 [border: (1px solid #0000FF)]
                  RenderBlock {SPAN} at (1,1) size 80x28
                    RenderText {#text} at (0,0) size 73x28
                      text run at (0,0) width 63: "style: \"white-"
                      text run at (0,14) width 73: "space:pre-line\","
                  RenderBR {BR} at (81,26) size 0x0
                RenderBlock {DIV} at (0,513) size 135x81 [border: (1px solid #0000FF)]
                  RenderBlock {SPAN} at (1,1) size 80x28
                    RenderText {#text} at (0,0) size 68x28
                      text run at (0,0) width 62: "style: \"word-"
                      text run at (0,14) width 68: "wrap:normal\","
                  RenderBR {BR} at (81,26) size 0x0
                RenderBlock {DIV} at (135,499) size 135x95 [border: (1px solid #0000FF)]
                  RenderBlock {SPAN} at (1,1) size 80x42
                    RenderText {#text} at (0,0) size 80x42
                      text run at (0,0) width 57: "wrap: \"off\","
                      text run at (0,14) width 63: "style: \"white-"
                      text run at (0,28) width 80: "space:pre-wrap\","
                  RenderBR {BR} at (81,40) size 0x0
        layer at (3,75) size 129x32 clip at (4,76) size 127x30
          RenderTextControl {TEXTAREA} at (3,3) size 129x32 [bgcolor=#FFFFFF] [border: (1px solid #000000)]
            RenderBlock {DIV} at (3,3) size 123x13
              RenderText {#text} at (0,0) size 102x13
                text run at (0,0) width 102: "Lorem ipsum dolor"
        layer at (138,75) size 129x32 clip at (139,76) size 112x30 scrollHeight 69
          RenderTextControl {TEXTAREA} at (3,17) size 129x32 [bgcolor=#FFFFFF] [border: (1px solid #000000)]
            RenderBlock {DIV} at (3,3) size 108x65 [color=#545454]
              RenderText {#text} at (0,0) size 108x65
                text run at (0,0) width 105: "Lorem ipsum  dolor"
                text run at (105,0) width 3: " "
                text run at (0,13) width 104: "ABCDEFGHIJKLMNO"
                text run at (0,26) width 80: "PQRSTUVWXYZ"
                text run at (80,26) width 3: " "
                text run at (0,39) width 108: "abcdefghijklmnopqr"
                text run at (0,52) width 23: "stuv"
        layer at (273,59) size 145x48 clip at (274,60) size 128x46 scrollHeight 85
          RenderTextControl {TEXTAREA} at (3,31) size 145x48 [bgcolor=#FFFFFF] [border: (1px solid #000000)]
            RenderBlock {DIV} at (11,11) size 108x65
              RenderText {#text} at (0,0) size 108x65
                text run at (0,0) width 105: "Lorem ipsum  dolor"
                text run at (105,0) width 3: " "
                text run at (0,13) width 104: "ABCDEFGHIJKLMNO"
                text run at (0,26) width 80: "PQRSTUVWXYZ"
                text run at (80,26) width 3: " "
                text run at (0,39) width 108: "abcdefghijklmnopqr"
                text run at (0,52) width 23: "stuv"
        layer at (424,79) size 125x28 clip at (425,80) size 108x26 scrollHeight 65
          RenderTextControl {TEXTAREA} at (3,31) size 125x28 [bgcolor=#FFFFFF] [border: (1px solid #000000)]
            RenderBlock {DIV} at (1,1) size 108x65
              RenderText {#text} at (0,0) size 108x65
                text run at (0,0) width 105: "Lorem ipsum  dolor"
                text run at (105,0) width 3: " "
                text run at (0,13) width 104: "ABCDEFGHIJKLMNO"
                text run at (0,26) width 80: "PQRSTUVWXYZ"
                text run at (80,26) width 3: " "
                text run at (0,39) width 108: "abcdefghijklmnopqr"
                text run at (0,52) width 23: "stuv"
        layer at (563,67) size 129x32 clip at (564,68) size 112x30 scrollHeight 69
          RenderTextControl {TEXTAREA} at (11,39) size 129x32 [bgcolor=#FFFFFF] [border: (1px solid #000000)]
            RenderBlock {DIV} at (3,3) size 108x65
              RenderText {#text} at (0,0) size 108x65
                text run at (0,0) width 105: "Lorem ipsum  dolor"
                text run at (105,0) width 3: " "
                text run at (0,13) width 104: "ABCDEFGHIJKLMNO"
                text run at (0,26) width 80: "PQRSTUVWXYZ"
                text run at (80,26) width 3: " "
                text run at (0,39) width 108: "abcdefghijklmnopqr"
                text run at (0,52) width 23: "stuv"
        layer at (1,193) size 129x32 clip at (2,194) size 112x30 scrollHeight 69
          RenderTextControl {TEXTAREA} at (1,29) size 129x32 [bgcolor=#FFFFFF] [border: (1px solid #000000)]
            RenderBlock {DIV} at (3,3) size 108x65
              RenderText {#text} at (0,0) size 108x65
                text run at (0,0) width 105: "Lorem ipsum  dolor"
                text run at (105,0) width 3: " "
                text run at (0,13) width 104: "ABCDEFGHIJKLMNO"
                text run at (0,26) width 80: "PQRSTUVWXYZ"
                text run at (80,26) width 3: " "
                text run at (0,39) width 108: "abcdefghijklmnopqr"
                text run at (0,52) width 23: "stuv"
        layer at (132,191) size 60x32 clip at (133,192) size 43x30 scrollHeight 160
          RenderTextControl {TEXTAREA} at (1,31) size 60x32 [bgcolor=#FFFFFF] [border: (1px solid #000000)]
            RenderBlock {DIV} at (3,3) size 39x156
              RenderText {#text} at (0,0) size 39x156
                text run at (0,0) width 34: "Lorem"
                text run at (34,0) width 3: " "
                text run at (0,13) width 33: "ipsum"
                text run at (33,13) width 6: "  "
                text run at (0,26) width 29: "dolor"
                text run at (29,26) width 3: " "
                text run at (0,39) width 36: "ABCDE"
                text run at (0,52) width 36: "FGHIJK"
                text run at (0,65) width 39: "LMNOP"
                text run at (0,78) width 37: "QRSTU"
                text run at (0,91) width 37: "VWXYZ"
                text run at (37,91) width 2: " "
                text run at (0,104) width 36: "abcdef"
                text run at (0,117) width 30: "ghijkl"
                text run at (0,130) width 38: "mnopq"
                text run at (0,143) width 27: "rstuv"
        layer at (214,155) size 60x68 clip at (215,156) size 43x66 scrollHeight 859
          RenderTextControl {TEXTAREA} at (1,45) size 60x68 [bgcolor=#FFFFFF] [border: (1px solid #000000)]
            RenderBlock {DIV} at (21,21) size 3x819
              RenderText {#text} at (0,0) size 11x819
                text run at (0,0) width 6: "L"
                text run at (0,13) width 7: "o"
                text run at (0,26) width 5: "r"
                text run at (0,39) width 7: "e"
                text run at (0,52) width 11: "m"
                text run at (0,65) width 4: "i"
                text run at (0,78) width 7: "p"
                text run at (0,91) width 6: "s"
                text run at (0,104) width 7: "u"
                text run at (0,117) width 11: "m"
                text run at (0,130) width 7: "d"
                text run at (0,143) width 7: "o"
                text run at (0,156) width 4: "l"
                text run at (0,169) width 7: "o"
                text run at (0,182) width 5: "r"
                text run at (0,195) width 8: "A"
                text run at (0,208) width 7: "B"
                text run at (0,221) width 8: "C"
                text run at (0,234) width 9: "D"
                text run at (0,247) width 6: "E"
                text run at (0,260) width 6: "F"
                text run at (0,273) width 8: "G"
                text run at (0,286) width 9: "H"
                text run at (0,299) width 4: "I"
                text run at (0,312) width 4: "J"
                text run at (0,325) width 8: "K"
                text run at (0,338) width 6: "L"
                text run at (0,351) width 10: "M"
                text run at (0,364) width 9: "N"
                text run at (0,377) width 9: "O"
                text run at (0,390) width 7: "P"
                text run at (0,403) width 9: "Q"
                text run at (0,416) width 7: "R"
                text run at (0,429) width 6: "S"
                text run at (0,442) width 7: "T"
                text run at (0,455) width 8: "U"
                text run at (0,468) width 8: "V"
                text run at (0,481) width 10: "W"
                text run at (0,494) width 7: "X"
                text run at (0,507) width 7: "Y"
                text run at (0,520) width 7: "Z"
                text run at (0,533) width 7: "a"
                text run at (0,546) width 7: "b"
                text run at (0,559) width 6: "c"
                text run at (0,572) width 7: "d"
                text run at (0,585) width 7: "e"
                text run at (0,598) width 5: "f"
                text run at (0,611) width 7: "g"
                text run at (0,624) width 7: "h"
                text run at (0,637) width 4: "i"
                text run at (0,650) width 4: "j"
                text run at (0,663) width 7: "k"
                text run at (0,676) width 4: "l"
                text run at (0,689) width 11: "m"
                text run at (0,702) width 7: "n"
                text run at (0,715) width 7: "o"
                text run at (0,728) width 7: "p"
                text run at (0,741) width 7: "q"
                text run at (0,754) width 5: "r"
                text run at (0,767) width 6: "s"
                text run at (0,780) width 5: "t"
                text run at (0,793) width 7: "u"
                text run at (0,806) width 6: "v"
        layer at (296,195) size 60x28 clip at (297,196) size 43x26 scrollHeight 156
          RenderTextControl {TEXTAREA} at (1,45) size 60x28 [bgcolor=#FFFFFF] [border: (1px solid #000000)]
            RenderBlock {DIV} at (1,1) size 43x156
              RenderText {#text} at (0,0) size 43x156
                text run at (0,0) width 34: "Lorem"
                text run at (34,0) width 3: " "
                text run at (0,13) width 33: "ipsum"
                text run at (33,13) width 6: "  "
                text run at (0,26) width 29: "dolor"
                text run at (29,26) width 3: " "
                text run at (0,39) width 42: "ABCDEF"
                text run at (0,52) width 36: "GHIJKL"
                text run at (0,65) width 41: "MNOPQ"
                text run at (0,78) width 35: "RSTUV"
                text run at (0,91) width 30: "WXYZ"
                text run at (30,91) width 3: " "
                text run at (0,104) width 43: "abcdefg"
                text run at (0,117) width 41: "hijklmn"
                text run at (0,130) width 42: "opqrstu"
                text run at (0,143) width 6: "v"
        layer at (380,165) size 129x60 clip at (381,166) size 112x58 scrollHeight 69
          RenderTextControl {TEXTAREA} at (3,29) size 129x60 [bgcolor=#FFFFFF] [border: (1px solid #000000)]
            RenderBlock {DIV} at (3,3) size 108x65
              RenderText {#text} at (0,0) size 108x65
                text run at (0,0) width 105: "Lorem ipsum  dolor"
                text run at (105,0) width 3: " "
                text run at (0,13) width 104: "ABCDEFGHIJKLMNO"
                text run at (0,26) width 80: "PQRSTUVWXYZ"
                text run at (80,26) width 3: " "
                text run at (0,39) width 108: "abcdefghijklmnopqr"
                text run at (0,52) width 23: "stuv"
        layer at (513,165) size 60x60 clip at (514,166) size 43x58 scrollHeight 160
          RenderTextControl {TEXTAREA} at (1,43) size 60x60 [bgcolor=#FFFFFF] [border: (1px solid #000000)]
            RenderBlock {DIV} at (3,3) size 39x156
              RenderText {#text} at (0,0) size 39x156
                text run at (0,0) width 34: "Lorem"
                text run at (34,0) width 3: " "
                text run at (0,13) width 33: "ipsum"
                text run at (33,13) width 6: "  "
                text run at (0,26) width 29: "dolor"
                text run at (29,26) width 3: " "
                text run at (0,39) width 36: "ABCDE"
                text run at (0,52) width 36: "FGHIJK"
                text run at (0,65) width 39: "LMNOP"
                text run at (0,78) width 37: "QRSTU"
                text run at (0,91) width 37: "VWXYZ"
                text run at (37,91) width 2: " "
                text run at (0,104) width 36: "abcdef"
                text run at (0,117) width 30: "ghijkl"
                text run at (0,130) width 38: "mnopq"
                text run at (0,143) width 27: "rstuv"
        layer at (597,191) size 129x32 clip at (598,192) size 127x30 scrollHeight 69
          RenderTextControl {TEXTAREA} at (3,31) size 129x32 [bgcolor=#FFFFFF] [border: (1px solid #000000)]
            RenderBlock {DIV} at (3,3) size 123x65
              RenderText {#text} at (0,0) size 119x65
                text run at (0,0) width 105: "Lorem ipsum  dolor"
                text run at (105,0) width 3: " "
                text run at (0,13) width 119: "ABCDEFGHIJKLMNOPQ"
                text run at (0,26) width 65: "RSTUVWXYZ"
                text run at (65,26) width 3: " "
                text run at (0,39) width 118: "abcdefghijklmnopqrst"
                text run at (0,52) width 13: "uv"
        layer at (3,294) size 129x47 clip at (4,295) size 112x30 scrollHeight 69
          RenderTextControl {TEXTAREA} at (3,31) size 129x47 [bgcolor=#FFFFFF] [border: (1px solid #000000)]
            RenderBlock {DIV} at (3,3) size 108x65
              RenderText {#text} at (0,0) size 108x65
                text run at (0,0) width 105: "Lorem ipsum  dolor"
                text run at (105,0) width 3: " "
                text run at (0,13) width 104: "ABCDEFGHIJKLMNO"
                text run at (0,26) width 80: "PQRSTUVWXYZ"
                text run at (80,26) width 3: " "
                text run at (0,39) width 108: "abcdefghijklmnopqr"
                text run at (0,52) width 23: "stuv"
        layer at (136,283) size 60x60 clip at (137,284) size 58x58 scrollHeight 134
          RenderTextControl {TEXTAREA} at (1,57) size 60x60 [bgcolor=#FFFFFF] [border: (1px solid #000000)]
            RenderBlock {DIV} at (3,3) size 54x130
              RenderText {#text} at (0,0) size 54x130
                text run at (0,0) width 34: "Lorem"
                text run at (34,0) width 3: " "
                text run at (0,13) width 33: "ipsum"
                text run at (33,13) width 6: "  "
                text run at (0,26) width 29: "dolor"
                text run at (29,26) width 3: " "
                text run at (0,39) width 50: "ABCDEFG"
                text run at (0,52) width 54: "HIJKLMNO"
                text run at (0,65) width 50: "PQRSTUV"
                text run at (0,78) width 30: "WXYZ"
                text run at (30,78) width 3: " "
                text run at (0,91) width 53: "abcdefghi"
                text run at (0,104) width 51: "jklmnopq"
                text run at (0,117) width 27: "rstuv"
        layer at (218,283) size 60x60 clip at (219,284) size 43x43 scrollHeight 160
          RenderTextControl {TEXTAREA} at (1,57) size 60x60 [bgcolor=#FFFFFF] [border: (1px solid #000000)]
            RenderBlock {DIV} at (3,3) size 39x156
              RenderText {#text} at (0,0) size 39x156
                text run at (0,0) width 34: "Lorem"
                text run at (34,0) width 3: " "
                text run at (0,13) width 33: "ipsum"
                text run at (33,13) width 6: "  "
                text run at (0,26) width 29: "dolor"
                text run at (29,26) width 3: " "
                text run at (0,39) width 36: "ABCDE"
                text run at (0,52) width 36: "FGHIJK"
                text run at (0,65) width 39: "LMNOP"
                text run at (0,78) width 37: "QRSTU"
                text run at (0,91) width 37: "VWXYZ"
                text run at (37,91) width 2: " "
                text run at (0,104) width 36: "abcdef"
                text run at (0,117) width 30: "ghijkl"
                text run at (0,130) width 38: "mnopq"
                text run at (0,143) width 27: "rstuv"
        layer at (300,283) size 60x60 clip at (301,284) size 43x58 scrollHeight 160
          RenderTextControl {TEXTAREA} at (1,43) size 60x60 [bgcolor=#FFFFFF] [border: (1px solid #000000)]
            RenderBlock {DIV} at (3,3) size 39x156
              RenderText {#text} at (0,0) size 39x156
                text run at (0,0) width 34: "Lorem"
                text run at (34,0) width 3: " "
                text run at (0,13) width 33: "ipsum"
                text run at (33,13) width 6: "  "
                text run at (0,26) width 29: "dolor"
                text run at (29,26) width 3: " "
                text run at (0,39) width 36: "ABCDE"
                text run at (0,52) width 36: "FGHIJK"
                text run at (0,65) width 39: "LMNOP"
                text run at (0,78) width 37: "QRSTU"
                text run at (0,91) width 37: "VWXYZ"
                text run at (37,91) width 2: " "
                text run at (0,104) width 36: "abcdef"
                text run at (0,117) width 30: "ghijkl"
                text run at (0,130) width 38: "mnopq"
                text run at (0,143) width 27: "rstuv"
        layer at (382,283) size 60x60 clip at (383,284) size 43x58 scrollHeight 160
          RenderTextControl {TEXTAREA} at (1,43) size 60x60 [bgcolor=#FFFFFF] [border: (1px solid #000000)]
            RenderBlock {DIV} at (3,3) size 39x156
              RenderText {#text} at (0,0) size 39x156
                text run at (0,0) width 34: "Lorem"
                text run at (34,0) width 3: " "
                text run at (0,13) width 33: "ipsum"
                text run at (33,13) width 6: "  "
                text run at (0,26) width 29: "dolor"
                text run at (29,26) width 3: " "
                text run at (0,39) width 36: "ABCDE"
                text run at (0,52) width 36: "FGHIJK"
                text run at (0,65) width 39: "LMNOP"
                text run at (0,78) width 37: "QRSTU"
                text run at (0,91) width 37: "VWXYZ"
                text run at (37,91) width 2: " "
                text run at (0,104) width 36: "abcdef"
                text run at (0,117) width 30: "ghijkl"
                text run at (0,130) width 38: "mnopq"
                text run at (0,143) width 27: "rstuv"
        layer at (464,283) size 60x60 clip at (465,284) size 43x58 scrollHeight 160
          RenderTextControl {TEXTAREA} at (1,57) size 60x60 [bgcolor=#FFFFFF] [border: (1px solid #000000)]
            RenderBlock {DIV} at (3,3) size 39x156
              RenderText {#text} at (0,0) size 39x156
                text run at (0,0) width 34: "Lorem"
                text run at (34,0) width 3: " "
                text run at (0,13) width 33: "ipsum"
                text run at (33,13) width 6: "  "
                text run at (0,26) width 29: "dolor"
                text run at (29,26) width 3: " "
                text run at (0,39) width 36: "ABCDE"
                text run at (0,52) width 36: "FGHIJK"
                text run at (0,65) width 39: "LMNOP"
                text run at (0,78) width 37: "QRSTU"
                text run at (0,91) width 37: "VWXYZ"
                text run at (37,91) width 2: " "
                text run at (0,104) width 36: "abcdef"
                text run at (0,117) width 30: "ghijkl"
                text run at (0,130) width 38: "mnopq"
                text run at (0,143) width 27: "rstuv"
        layer at (548,309) size 38x32 clip at (549,310) size 21x30 scrollHeight 407
          RenderTextControl {TEXTAREA} at (3,17) size 38x32 [bgcolor=#FFFFFF] [border: (1px solid #000000)]
            RenderBlock {DIV} at (3,3) size 17x403
              RenderText {#text} at (0,0) size 17x403
                text run at (0,0) width 13: "Lo"
                text run at (0,13) width 11: "re"
                text run at (0,26) width 11: "m"
                text run at (11,26) width 3: " "
                text run at (0,39) width 16: "ips"
                text run at (0,52) width 7: "u"
                text run at (0,65) width 11: "m"
                text run at (11,65) width 6: "  "
                text run at (0,78) width 17: "dol"
                text run at (0,91) width 12: "or"
                text run at (12,91) width 3: " "
                text run at (0,104) width 14: "AB"
                text run at (0,117) width 16: "CD"
                text run at (0,130) width 12: "EF"
                text run at (0,143) width 17: "GH"
                text run at (0,156) width 14: "IJK"
                text run at (0,169) width 16: "LM"
                text run at (0,182) width 17: "NO"
                text run at (0,195) width 15: "PQ"
                text run at (0,208) width 13: "RS"
                text run at (0,221) width 15: "TU"
                text run at (0,234) width 17: "VW"
                text run at (0,247) width 14: "XY"
                text run at (0,260) width 7: "Z"
                text run at (7,260) width 3: " "
                text run at (0,273) width 13: "ab"
                text run at (0,286) width 13: "cd"
                text run at (0,299) width 11: "ef"
                text run at (0,312) width 17: "ghi"
                text run at (0,325) width 13: "jkl"
                text run at (0,338) width 11: "m"
                text run at (0,351) width 14: "no"
                text run at (0,364) width 14: "pq"
                text run at (0,377) width 15: "rst"
                text run at (0,390) width 13: "uv"
        layer at (630,296) size 129x45 clip at (631,297) size 112x43 scrollHeight 69
          RenderTextControl {TEXTAREA} at (3,17) size 129x45 [bgcolor=#FFFFFF] [border: (1px solid #000000)]
            RenderBlock {DIV} at (3,3) size 108x65
              RenderText {#text} at (0,0) size 108x65
                text run at (0,0) width 105: "Lorem ipsum  dolor"
                text run at (105,0) width 3: " "
                text run at (0,13) width 104: "ABCDEFGHIJKLMNO"
                text run at (0,26) width 80: "PQRSTUVWXYZ"
                text run at (80,26) width 3: " "
                text run at (0,39) width 108: "abcdefghijklmnopqr"
                text run at (0,52) width 23: "stuv"
        layer at (3,426) size 59x32 clip at (4,427) size 42x30 scrollHeight 173
          RenderTextControl {TEXTAREA} at (3,17) size 59x32 [bgcolor=#FFFFFF] [border: (1px solid #000000)]
            RenderBlock {DIV} at (3,3) size 38x169
              RenderText {#text} at (0,0) size 38x169
                text run at (0,0) width 34: "Lorem"
                text run at (34,0) width 3: " "
                text run at (0,13) width 33: "ipsum"
                text run at (33,13) width 5: "  "
                text run at (0,26) width 29: "dolor"
                text run at (29,26) width 3: " "
                text run at (0,39) width 36: "ABCDE"
                text run at (0,52) width 36: "FGHIJK"
                text run at (0,65) width 33: "LMNO"
                text run at (0,78) width 35: "PQRST"
                text run at (0,91) width 38: "UVWXY"
                text run at (0,104) width 7: "Z"
                text run at (7,104) width 3: " "
                text run at (0,117) width 36: "abcdef"
                text run at (0,130) width 30: "ghijkl"
                text run at (0,143) width 38: "mnopq"
                text run at (0,156) width 27: "rstuv"
        layer at (85,361) size 129x97 clip at (86,362) size 127x95
          RenderTextControl {TEXTAREA} at (3,17) size 129x97 [bgcolor=#FFFFFF] [border: (1px solid #000000)]
            RenderBlock {DIV} at (3,3) size 123x65
              RenderText {#text} at (0,0) size 119x65
                text run at (0,0) width 105: "Lorem ipsum  dolor"
                text run at (105,0) width 3: " "
                text run at (0,13) width 119: "ABCDEFGHIJKLMNOPQ"
                text run at (0,26) width 65: "RSTUVWXYZ"
                text run at (65,26) width 3: " "
                text run at (0,39) width 118: "abcdefghijklmnopqrst"
                text run at (0,52) width 13: "uv"
        layer at (220,400) size 48x58 clip at (221,401) size 31x56 scrollHeight 277
          RenderTextControl {TEXTAREA} at (3,31) size 48x58 [bgcolor=#FFFFFF] [border: (1px solid #000000)]
            RenderBlock {DIV} at (3,3) size 27x273
              RenderText {#text} at (0,0) size 27x273
                text run at (0,0) width 24: "Lore"
                text run at (0,13) width 11: "m"
                text run at (11,13) width 3: " "
                text run at (0,26) width 23: "ipsu"
                text run at (0,39) width 11: "m"
                text run at (11,39) width 6: "  "
                text run at (0,52) width 24: "dolo"
                text run at (0,65) width 5: "r"
                text run at (5,65) width 3: " "
                text run at (0,78) width 22: "ABC"
                text run at (0,91) width 21: "DEF"
                text run at (0,104) width 23: "GHIJ"
                text run at (0,117) width 23: "KLM"
                text run at (0,130) width 23: "NOP"
                text run at (0,143) width 22: "QRS"
                text run at (0,156) width 22: "TUV"
                text run at (0,169) width 24: "WXY"
                text run at (0,182) width 7: "Z"
                text run at (7,182) width 3: " "
                text run at (0,195) width 26: "abcd"
                text run at (0,208) width 24: "efgh"
                text run at (0,221) width 27: "ijklm"
                text run at (0,234) width 21: "nop"
                text run at (0,247) width 22: "qrst"
                text run at (0,260) width 13: "uv"
        layer at (302,411) size 129x47 clip at (303,412) size 127x30 scrollWidth 426
          RenderTextControl {TEXTAREA} at (3,17) size 129x47 [bgcolor=#FFFFFF] [border: (1px solid #000000)]
            RenderBlock {DIV} at (3,3) size 123x13
              RenderText {#text} at (0,0) size 424x13
                text run at (0,0) width 424: "Lorem ipsum  dolor ABCDEFGHIJKLMNOPQRSTUVWXYZ abcdefghijklmnopqrstuv"
        layer at (437,426) size 129x32 clip at (438,427) size 112x30 scrollHeight 69
          RenderTextControl {TEXTAREA} at (3,17) size 129x32 [bgcolor=#FFFFFF] [border: (1px solid #000000)]
            RenderBlock {DIV} at (3,3) size 108x65
              RenderText {#text} at (0,0) size 108x65
                text run at (0,0) width 105: "Lorem ipsum  dolor"
                text run at (105,0) width 3: " "
                text run at (0,13) width 104: "ABCDEFGHIJKLMNO"
                text run at (0,26) width 80: "PQRSTUVWXYZ"
                text run at (80,26) width 3: " "
                text run at (0,39) width 108: "abcdefghijklmnopqr"
                text run at (0,52) width 23: "stuv"
        layer at (572,426) size 129x32 clip at (573,427) size 112x30 scrollHeight 69
          RenderTextControl {TEXTAREA} at (3,17) size 129x32 [bgcolor=#FFFFFF] [border: (1px solid #000000)]
            RenderBlock {DIV} at (3,3) size 108x65
              RenderText {#text} at (0,0) size 108x65
                text run at (0,0) width 105: "Lorem ipsum  dolor"
                text run at (105,0) width 3: " "
                text run at (0,13) width 104: "ABCDEFGHIJKLMNO"
                text run at (0,26) width 80: "PQRSTUVWXYZ"
                text run at (80,26) width 3: " "
                text run at (0,39) width 108: "abcdefghijklmnopqr"
                text run at (0,52) width 23: "stuv"
        layer at (3,492) size 129x32 clip at (4,493) size 112x30 scrollHeight 69
          RenderTextControl {TEXTAREA} at (3,31) size 129x32 [bgcolor=#FFFFFF] [border: (1px solid #000000)]
            RenderBlock {DIV} at (3,3) size 108x65
              RenderText {#text} at (0,0) size 108x65
                text run at (0,0) width 73: "Lorem ipsum "
                text run at (73,0) width 29: "dolor"
                text run at (0,13) width 104: "ABCDEFGHIJKLMNO"
                text run at (0,26) width 80: "PQRSTUVWXYZ"
                text run at (0,39) width 108: "abcdefghijklmnopqr"
                text run at (0,52) width 23: "stuv"
        layer at (138,492) size 129x32 clip at (139,493) size 112x30 scrollHeight 69
          RenderTextControl {TEXTAREA} at (3,31) size 129x32 [bgcolor=#FFFFFF] [border: (1px solid #000000)]
            RenderBlock {DIV} at (3,3) size 108x65
              RenderText {#text} at (0,0) size 108x65
                text run at (0,0) width 108: "Lorem ipsum  dolor "
                text run at (0,13) width 104: "ABCDEFGHIJKLMNO"
                text run at (0,26) width 102: "PQRSTUVWXYZ abc"
                text run at (0,39) width 106: "defghijklmnopqrstu"
                text run at (0,52) width 6: "v"
        layer at (273,492) size 129x32 clip at (274,493) size 112x30 scrollHeight 69
          RenderTextControl {TEXTAREA} at (3,31) size 129x32 [bgcolor=#FFFFFF] [border: (1px solid #000000)]
            RenderBlock {DIV} at (3,3) size 108x65
              RenderText {#text} at (0,0) size 108x65
                text run at (0,0) width 105: "Lorem ipsum  dolor"
                text run at (105,0) width 3: " "
                text run at (0,13) width 104: "ABCDEFGHIJKLMNO"
                text run at (0,26) width 80: "PQRSTUVWXYZ"
                text run at (80,26) width 3: " "
                text run at (0,39) width 108: "abcdefghijklmnopqr"
                text run at (0,52) width 23: "stuv"
        layer at (408,492) size 129x32 clip at (409,493) size 112x15 scrollWidth 423 scrollHeight 17
          RenderTextControl {TEXTAREA} at (3,31) size 129x32 [bgcolor=#FFFFFF] [border: (1px solid #000000)]
            RenderBlock {DIV} at (3,3) size 123x13
              RenderText {#text} at (0,0) size 421x13
                text run at (0,0) width 73: "Lorem ipsum "
                text run at (73,0) width 348: "dolor ABCDEFGHIJKLMNOPQRSTUVWXYZ abcdefghijklmnopqrstuv"
        layer at (543,492) size 129x32 clip at (544,493) size 112x30 scrollHeight 69
          RenderTextControl {TEXTAREA} at (3,31) size 129x32 [bgcolor=#FFFFFF] [border: (1px solid #000000)]
            RenderBlock {DIV} at (3,3) size 108x65
              RenderText {#text} at (0,0) size 108x65
                text run at (0,0) width 73: "Lorem ipsum "
                text run at (73,0) width 29: "dolor"
                text run at (0,13) width 104: "ABCDEFGHIJKLMNO"
                text run at (0,26) width 80: "PQRSTUVWXYZ"
                text run at (0,39) width 108: "abcdefghijklmnopqr"
                text run at (0,52) width 23: "stuv"
        layer at (3,572) size 129x47 clip at (4,573) size 112x30 scrollWidth 185 scrollHeight 43
          RenderTextControl {TEXTAREA} at (3,31) size 129x47 [bgcolor=#FFFFFF] [border: (1px solid #000000)]
            RenderBlock {DIV} at (3,3) size 123x39
              RenderText {#text} at (0,0) size 183x39
                text run at (0,0) width 105: "Lorem ipsum  dolor"
                text run at (105,0) width 3: " "
                text run at (0,13) width 183: "ABCDEFGHIJKLMNOPQRSTUVWXYZ"
                text run at (0,26) width 130: "abcdefghijklmnopqrstuv"
        layer at (138,572) size 129x47 clip at (139,573) size 112x30 scrollWidth 185 scrollHeight 43
          RenderTextControl {TEXTAREA} at (3,45) size 129x47 [bgcolor=#FFFFFF] [border: (1px solid #000000)]
            RenderBlock {DIV} at (3,3) size 123x39
              RenderText {#text} at (0,0) size 183x39
                text run at (0,0) width 105: "Lorem ipsum  dolor"
                text run at (105,0) width 3: " "
                text run at (0,13) width 183: "ABCDEFGHIJKLMNOPQRSTUVWXYZ"
                text run at (0,26) width 130: "abcdefghijklmnopqrstuv"
      RenderText {#text} at (0,0) size 0x0
      RenderText {#text} at (0,0) size 0x0
      RenderText {#text} at (0,0) size 0x0
