layer at (0,0) size 800x600
  RenderView at (0,0) size 800x600
layer at (0,0) size 800x600
  RenderBlock {HTML} at (0,0) size 800x600
    RenderBody {BODY} at (8,8) size 784x584
      RenderTable {TABLE} at (0,0) size 489x245
        RenderTableSection {TBODY} at (0,0) size 489x245
          RenderTableRow {TR} at (0,2) size 489x25
            RenderTableCell {TD} at (2,2) size 53x25 [r=0 c=0 rs=1 cs=1]
              RenderTextControl {INPUT} at (3,3) size 47x19 [bgcolor=#FFFFFF] [border: (2px inset #000000)]
            RenderTableCell {TD} at (57,7) size 96x15 [color=#7F7F7F] [r=0 c=1 rs=1 cs=1]
              RenderInline (generated) at (0,0) size 56x13
                RenderText at (4,1) size 56x13
                  text run at (4,1) width 56: "expected: "
              RenderText {#text} at (60,1) size 21x13
                text run at (60,1) width 21: "123"
            RenderTableCell {TD} at (155,7) size 332x15 [r=0 c=2 rs=1 cs=1]
              RenderText {#text} at (1,1) size 330x13
                text run at (1,1) width 330: "set value attribute that violates maxlength (with pasted value)"
          RenderTableRow {TR} at (0,29) size 489x25
            RenderTableCell {TD} at (2,29) size 53x25 [r=1 c=0 rs=1 cs=1]
              RenderTextControl {INPUT} at (3,3) size 47x19 [bgcolor=#FFFFFF] [border: (2px inset #000000)]
            RenderTableCell {TD} at (57,34) size 96x15 [color=#7F7F7F] [r=1 c=1 rs=1 cs=1]
              RenderInline (generated) at (0,0) size 56x13
                RenderText at (4,1) size 56x13
                  text run at (4,1) width 56: "expected: "
              RenderText {#text} at (60,1) size 28x13
                text run at (60,1) width 28: "1234"
            RenderTableCell {TD} at (155,34) size 332x15 [r=1 c=2 rs=1 cs=1]
              RenderText {#text} at (1,1) size 330x13
                text run at (1,1) width 330: "set value property that violates maxlength (with pasted value)"
          RenderTableRow {TR} at (0,56) size 489x25
            RenderTableCell {TD} at (2,56) size 53x25 [r=2 c=0 rs=1 cs=1]
              RenderTextControl {INPUT} at (3,3) size 47x19 [bgcolor=#FFFFFF] [border: (2px inset #000000)]
            RenderTableCell {TD} at (57,61) size 96x15 [color=#7F7F7F] [r=2 c=1 rs=1 cs=1]
              RenderInline (generated) at (0,0) size 56x13
                RenderText at (4,1) size 56x13
                  text run at (4,1) width 56: "expected: "
              RenderText {#text} at (60,1) size 28x13
                text run at (60,1) width 28: "1234"
            RenderTableCell {TD} at (155,61) size 332x15 [r=2 c=2 rs=1 cs=1]
              RenderText {#text} at (1,1) size 302x13
                text run at (1,1) width 302: "set maxlength attribute that is smaller than pasted value"
          RenderTableRow {TR} at (0,83) size 489x25
            RenderTableCell {TD} at (2,83) size 53x25 [r=3 c=0 rs=1 cs=1]
              RenderTextControl {INPUT} at (3,3) size 47x19 [bgcolor=#FFFFFF] [border: (2px inset #000000)]
            RenderTableCell {TD} at (57,88) size 96x15 [color=#7F7F7F] [r=3 c=1 rs=1 cs=1]
              RenderInline (generated) at (0,0) size 56x13
                RenderText at (4,1) size 56x13
                  text run at (4,1) width 56: "expected: "
              RenderText {#text} at (60,1) size 28x13
                text run at (60,1) width 28: "1234"
            RenderTableCell {TD} at (155,88) size 332x15 [r=3 c=2 rs=1 cs=1]
              RenderText {#text} at (1,1) size 304x13
                text run at (1,1) width 304: "set maxLength property that is smaller than pasted value"
          RenderTableRow {TR} at (0,110) size 489x25
            RenderTableCell {TD} at (2,110) size 53x25 [r=4 c=0 rs=1 cs=1]
              RenderTextControl {INPUT} at (3,3) size 47x19 [bgcolor=#FFFFFF] [border: (2px inset #000000)]
            RenderTableCell {TD} at (57,115) size 96x15 [color=#7F7F7F] [r=4 c=1 rs=1 cs=1]
              RenderInline (generated) at (0,0) size 56x13
                RenderText at (4,1) size 56x13
                  text run at (4,1) width 56: "expected: "
              RenderText {#text} at (60,1) size 21x13
                text run at (60,1) width 21: "123"
            RenderTableCell {TD} at (155,115) size 332x15 [r=4 c=2 rs=1 cs=1]
              RenderText {#text} at (1,1) size 330x13
                text run at (1,1) width 330: "set value attribute that violates maxlength (with pasted value)"
          RenderTableRow {TR} at (0,137) size 489x25
            RenderTableCell {TD} at (2,137) size 53x25 [r=5 c=0 rs=1 cs=1]
              RenderTextControl {INPUT} at (3,3) size 47x19 [bgcolor=#FFFFFF] [border: (2px inset #000000)]
            RenderTableCell {TD} at (57,142) size 96x15 [color=#7F7F7F] [r=5 c=1 rs=1 cs=1]
              RenderInline (generated) at (0,0) size 56x13
                RenderText at (4,1) size 56x13
                  text run at (4,1) width 56: "expected: "
              RenderText {#text} at (60,1) size 28x13
                text run at (60,1) width 28: "12x\x{305}\x{332}4"
            RenderTableCell {TD} at (155,142) size 332x15 [r=5 c=2 rs=1 cs=1]
              RenderText {#text} at (1,1) size 330x13
                text run at (1,1) width 330: "set value property that violates maxlength (with pasted value)"
          RenderTableRow {TR} at (0,164) size 489x25
            RenderTableCell {TD} at (2,164) size 53x25 [r=6 c=0 rs=1 cs=1]
              RenderTextControl {INPUT} at (3,3) size 47x19 [bgcolor=#FFFFFF] [border: (2px inset #000000)]
            RenderTableCell {TD} at (57,169) size 96x15 [color=#7F7F7F] [r=6 c=1 rs=1 cs=1]
              RenderInline (generated) at (0,0) size 56x13
                RenderText at (4,1) size 56x13
                  text run at (4,1) width 56: "expected: "
              RenderText {#text} at (60,1) size 28x13
                text run at (60,1) width 28: "12x\x{305}\x{332}4"
            RenderTableCell {TD} at (155,169) size 332x15 [r=6 c=2 rs=1 cs=1]
              RenderText {#text} at (1,1) size 302x13
                text run at (1,1) width 302: "set maxlength attribute that is smaller than pasted value"
          RenderTableRow {TR} at (0,191) size 489x25
            RenderTableCell {TD} at (2,191) size 53x25 [r=7 c=0 rs=1 cs=1]
              RenderTextControl {INPUT} at (3,3) size 47x19 [bgcolor=#FFFFFF] [border: (2px inset #000000)]
            RenderTableCell {TD} at (57,196) size 96x15 [color=#7F7F7F] [r=7 c=1 rs=1 cs=1]
              RenderInline (generated) at (0,0) size 56x13
                RenderText at (4,1) size 56x13
                  text run at (4,1) width 56: "expected: "
              RenderText {#text} at (60,1) size 28x13
                text run at (60,1) width 28: "12x\x{305}\x{332}4"
            RenderTableCell {TD} at (155,196) size 332x15 [r=7 c=2 rs=1 cs=1]
              RenderText {#text} at (1,1) size 304x13
                text run at (1,1) width 304: "set maxLength property that is smaller than pasted value"
          RenderTableRow {TR} at (0,218) size 489x25
            RenderTableCell {TD} at (2,218) size 53x25 [r=8 c=0 rs=1 cs=1]
              RenderTextControl {INPUT} at (3,3) size 47x19 [bgcolor=#FFFFFF] [border: (2px inset #000000)]
            RenderTableCell {TD} at (57,223) size 96x15 [color=#7F7F7F] [r=8 c=1 rs=1 cs=1]
              RenderInline (generated) at (0,0) size 56x13
                RenderText at (4,1) size 56x13
                  text run at (4,1) width 56: "expected: "
              RenderText {#text} at (60,1) size 28x13
                text run at (60,1) width 28: "12x\x{305}\x{332}4"
            RenderTableCell {TD} at (155,223) size 332x15 [r=8 c=2 rs=1 cs=1]
              RenderText {#text} at (1,1) size 119x13
                text run at (1,1) width 119: "pasting too much text"
layer at (16,16) size 41x13
  RenderBlock {DIV} at (3,3) size 41x13
    RenderText {#text} at (1,0) size 21x13
      text run at (1,0) width 21: "123"
layer at (16,43) size 41x13
  RenderBlock {DIV} at (3,3) size 41x13
    RenderText {#text} at (1,0) size 28x13
      text run at (1,0) width 28: "1234"
layer at (16,70) size 41x13
  RenderBlock {DIV} at (3,3) size 41x13
    RenderText {#text} at (1,0) size 28x13
      text run at (1,0) width 28: "1234"
layer at (16,97) size 41x13
  RenderBlock {DIV} at (3,3) size 41x13
    RenderText {#text} at (1,0) size 28x13
      text run at (1,0) width 28: "1234"
layer at (16,124) size 41x13
  RenderBlock {DIV} at (3,3) size 41x13
    RenderText {#text} at (1,0) size 21x13
      text run at (1,0) width 21: "123"
layer at (16,151) size 41x13
  RenderBlock {DIV} at (3,3) size 41x13
    RenderText {#text} at (1,0) size 28x13
      text run at (1,0) width 28: "12x\x{305}\x{332}4"
layer at (16,178) size 41x13
  RenderBlock {DIV} at (3,3) size 41x13
    RenderText {#text} at (1,0) size 28x13
      text run at (1,0) width 28: "12x\x{305}\x{332}4"
layer at (16,205) size 41x13
  RenderBlock {DIV} at (3,3) size 41x13
    RenderText {#text} at (1,0) size 28x13
      text run at (1,0) width 28: "12x\x{305}\x{332}4"
layer at (16,232) size 41x13
  RenderBlock {DIV} at (3,3) size 41x13
    RenderText {#text} at (1,0) size 28x13
      text run at (1,0) width 28: "12x\x{305}\x{332}4"
