layer at (0,0) size 800x600
  RenderView at (0,0) size 800x600
layer at (0,0) size 800x600
  RenderBlock {HTML} at (0,0) size 800x600
    RenderBody {BODY} at (8,8) size 784x584
      RenderBlock {P} at (0,0) size 784x18
        RenderText {#text} at (0,0) size 53x18
          text run at (0,0) width 53: "Test for "
        RenderInline {A} at (0,0) size 305x18 [color=#0000EE]
          RenderText {#text} at (53,0) size 305x18
            text run at (53,0) width 305: "https://bugs.webkit.org/show_bug.cgi?id=21248"
        RenderText {#text} at (358,0) size 4x18
          text run at (358,0) width 4: "."
      RenderBlock (anonymous) at (0,34) size 784x36
        RenderText {#text} at (0,0) size 0x0
        RenderText {#text} at (0,0) size 0x0
        RenderText {#text} at (0,0) size 0x0
layer at (10,44) size 161x32 clip at (11,45) size 159x30
  RenderTextControl {TEXTAREA} at (2,2) size 161x32 [bgcolor=#FFFFFF] [border: (1px solid #000000)]
    RenderBlock {DIV} at (3,3) size 155x13
      RenderText {#text} at (0,0) size 48x13
        text run at (0,0) width 48: "New text"
