layer at (0,0) size 800x600
  RenderView at (0,0) size 800x600
layer at (0,0) size 800x600
  RenderBlock {HTML} at (0,0) size 800x600
    RenderBody {BODY} at (8,8) size 784x584
      RenderText {#text} at (0,0) size 328x18
        text run at (0,0) width 328: "This tests that you can set the placeholder text color."
      RenderBR {BR} at (328,14) size 0x0
      RenderText {#text} at (133,40) size 4x18
        text run at (133,40) width 4: " "
      RenderText {#text} at (270,40) size 4x18
        text run at (270,40) width 4: " "
      RenderText {#text} at (407,40) size 4x18
        text run at (407,40) width 4: " "
      RenderText {#text} at (0,0) size 0x0
layer at (10,28) size 129x32 clip at (11,29) size 127x30
  RenderTextControl {TEXTAREA} at (2,20) size 129x32 [bgcolor=#FFFFFF] [border: (1px solid #000000)]
    RenderBlock {DIV} at (3,3) size 123x13 [color=#640000]
      RenderText {#text} at (0,0) size 22x13
        text run at (0,0) width 22: "text"
layer at (147,28) size 129x32 clip at (148,29) size 127x30
  RenderTextControl {TEXTAREA} at (139,20) size 129x32 [bgcolor=#FFFFFF] [border: (1px solid #000000)]
    RenderBlock {DIV} at (3,3) size 123x13 [color=#B80000]
      RenderText {#text} at (0,0) size 70x13
        text run at (0,0) width 70: "disabled text"
layer at (284,28) size 129x32 clip at (285,29) size 127x30
  RenderTextControl {TEXTAREA} at (276,20) size 129x32 [bgcolor=#FFFFFF] [border: (1px solid #000000)]
    RenderBlock {DIV} at (3,3) size 123x13 [color=#A9A9A9]
      RenderText {#text} at (0,0) size 38x13
        text run at (0,0) width 38: "default"
layer at (421,28) size 129x32 clip at (422,29) size 127x30
  RenderTextControl {TEXTAREA} at (413,20) size 129x32 [bgcolor=#FFFFFF] [border: (1px solid #000000)]
    RenderBlock {DIV} at (3,3) size 123x13 [color=#A9A9A9]
      RenderText {#text} at (0,0) size 86x13
        text run at (0,0) width 86: "default disabled"
