layer at (0,0) size 800x600
  RenderView at (0,0) size 800x600
layer at (0,0) size 800x600
  RenderBlock {HTML} at (0,0) size 800x600
    RenderBody {BODY} at (8,8) size 784x576
      RenderBlock {P} at (0,0) size 784x42
        RenderText {#text} at (0,0) size 737x41
          text run at (0,0) width 289: "This test for a bug in Insert{Un}OrderedList. "
          text run at (289,0) width 448: "Inside an empty editable region, a new paragraph is added, then a list is"
          text run at (0,21) width 53: "created. "
          text run at (53,21) width 128: "The caret should be "
        RenderInline {B} at (0,0) size 39x22
          RenderText {#text} at (181,20) size 39x22
            text run at (181,20) width 39: "inside"
        RenderText {#text} at (220,21) size 123x20
          text run at (220,21) width 123: " the empty list item."
      RenderBlock {DIV} at (0,58) size 784x56
        RenderBlock {DIV} at (0,0) size 784x20
          RenderBR {BR} at (0,0) size 0x20
        RenderBlock {DIV} at (0,36) size 784x20
          RenderBlock {UL} at (0,0) size 784x20
            RenderListItem {LI} at (40,0) size 744x20
              RenderListMarker at (-18,0) size 7x20: bullet
              RenderBR {BR} at (0,0) size 0x20
          RenderBlock (anonymous) at (0,36) size 784x0
caret: position 0 of child 0 {BR} of child 0 {LI} of child 0 {UL} of child 1 {DIV} of child 2 {DIV} of child 1 {BODY} of child 0 {HTML} of document
