layer at (0,0) size 800x600
  RenderView at (0,0) size 800x600
layer at (0,0) size 800x600
  RenderBlock {HTML} at (0,0) size 800x600
    RenderBody {BODY} at (8,8) size 784x584
      RenderBlock {P} at (0,0) size 784x40
        RenderText {#text} at (0,0) size 772x40
          text run at (0,0) width 772: "This tests for a bug where performing the Remove Format operation on a selection that started in underlined content would"
          text run at (0,20) width 212: "underline everything operated on."
      RenderBlock {DIV} at (0,56) size 784x20
        RenderText {#text} at (0,0) size 71x20
          text run at (0,0) width 71: "foo bar baz"
selection start: position 0 of child 0 {#text} of child 3 {DIV} of child 1 {BODY} of child 0 {HTML} of document
selection end:   position 11 of child 0 {#text} of child 3 {DIV} of child 1 {BODY} of child 0 {HTML} of document
