layer at (0,0) size 800x600
  RenderView at (0,0) size 800x600
layer at (0,0) size 800x600
  RenderBlock {HTML} at (0,0) size 800x600
    RenderBody {BODY} at (8,8) size 784x576
      RenderBlock {P} at (0,0) size 784x40
        RenderText {#text} at (0,0) size 751x40
          text run at (0,0) width 751: "This tests to see that creating an ordered list item from the last list item in an unordered list creates a new list that is not a"
          text run at (0,20) width 163: "sublist of the original one."
      RenderBlock {DIV} at (0,56) size 784x56
        RenderBlock {UL} at (0,0) size 784x20
          RenderListItem {LI} at (40,0) size 744x20
            RenderListMarker at (-18,0) size 7x20: bullet
            RenderText {#text} at (0,0) size 21x20
              text run at (0,0) width 21: "foo"
        RenderBlock {OL} at (0,36) size 784x20
          RenderListItem {LI} at (40,0) size 744x20
            RenderListMarker at (-21,0) size 16x20: "1"
            RenderText {#text} at (0,0) size 20x20
              text run at (0,0) width 20: "bar"
        RenderBlock (anonymous) at (0,72) size 784x0
caret: position 0 of child 0 {#text} of child 0 {LI} of child 1 {OL} of child 2 {DIV} of child 1 {BODY} of child 0 {HTML} of document
