layer at (0,0) size 800x600
  RenderView at (0,0) size 800x600
layer at (0,0) size 800x600
  RenderBlock {HTML} at (0,0) size 800x600
    RenderBody {BODY} at (8,8) size 784x576
      RenderBlock {P} at (0,0) size 784x20
        RenderText {#text} at (0,0) size 375x20
          text run at (0,0) width 375: "This tests for a hang when performing InsertUnorderedList."
      RenderBlock {DIV} at (0,36) size 784x96
        RenderBlock {DIV} at (0,0) size 784x20
          RenderText {#text} at (0,0) size 347x20
            text run at (0,0) width 347: "There should be two empty unordered list items below."
        RenderBlock {DIV} at (0,36) size 784x60
          RenderBlock {UL} at (0,0) size 784x60
            RenderListItem {LI} at (40,0) size 744x20
              RenderListMarker at (-18,0) size 7x20: bullet
              RenderBR {BR} at (0,0) size 0x20
            RenderListItem {LI} at (40,20) size 744x20
              RenderListMarker at (-18,0) size 7x20: bullet
              RenderBR {BR} at (0,0) size 0x20
            RenderListItem {LI} at (40,40) size 744x20
              RenderListMarker at (-18,0) size 7x20: bullet
              RenderText {#text} at (0,0) size 237x20
                text run at (0,0) width 237: "This should be an unordered list item."
          RenderBlock (anonymous) at (0,76) size 784x0
selection start: position 0 of child 0 {BR} of child 0 {LI} of child 0 {UL} of child 3 {DIV} of child 2 {DIV} of child 1 {BODY} of child 0 {HTML} of document
selection end:   position 38 of child 0 {#text} of child 2 {LI} of child 0 {UL} of child 3 {DIV} of child 2 {DIV} of child 1 {BODY} of child 0 {HTML} of document
