layer at (0,0) size 800x600
  RenderView at (0,0) size 800x600
layer at (0,0) size 800x600
  RenderBlock {HTML} at (0,0) size 800x600
    RenderBody {BODY} at (8,8) size 784x584
      RenderBlock {P} at (0,0) size 784x54
        RenderText {#text} at (0,0) size 772x36
          text run at (0,0) width 591: "This tests for a bug where expansion for smart delete would not consider editable boundaries. "
          text run at (591,0) width 181: "Only 'foo' should be deleted."
          text run at (0,18) width 140: "You should see ' bar'. "
        RenderInline {B} at (0,0) size 778x36
          RenderText {#text} at (140,18) size 778x36
            text run at (140,18) width 638: "There is a bug: while the non-editable space isn't deleted, deletion inserts a placeholder when it"
            text run at (0,36) width 67: "shouldn't."
      RenderBlock {DIV} at (0,70) size 784x18
        RenderInline {SPAN} at (0,0) size 20x18
          RenderText {#text} at (0,0) size 20x18
            text run at (0,0) width 20: "bar"
caret: position 0 of child 2 {DIV} of child 1 {BODY} of child 0 {HTML} of document
