EDITING DELEGATE: shouldBeginEditingInDOMRange:range from 0 of BODY > HTML > #document to 3 of BODY > HTML > #document
EDITING DELEGATE: webViewDidBeginEditing:WebViewDidBeginEditingNotification
EDITING DELEGATE: webViewDidChangeSelection:WebViewDidChangeSelectionNotification
EDITING DELEGATE: webViewDidChangeSelection:WebViewDidChangeSelectionNotification
EDITING DELEGATE: shouldDeleteDOMRange:range from 0 of DIV > BODY > HTML > #document to 2 of BODY > HTML > #document
EDITING DELEGATE: webViewDidChangeSelection:WebViewDidChangeSelectionNotification
EDITING DELEGATE: shouldChangeSelectedDOMRange:(null) toDOMRange:range from 0 of DIV > BODY > HTML > #document to 0 of DIV > BODY > HTML > #document affinity:NSSelectionAffinityDownstream stillSelecting:FALSE
EDITING DELEGATE: webViewDidChangeSelection:WebViewDidChangeSelectionNotification
EDITING DELEGATE: webViewDidChange:WebViewDidChangeNotification
layer at (0,0) size 800x600
  RenderView at (0,0) size 800x600
layer at (0,0) size 800x600
  RenderBlock {HTML} at (0,0) size 800x600
    RenderBody {BODY} at (8,8) size 784x584
      RenderBlock (anonymous) at (0,0) size 784x18
        RenderText {#text} at (0,0) size 31x18
          text run at (0,0) width 31: "hello"
      RenderBlock {DIV} at (0,18) size 784x56 [border: (2px solid #FF0000)]
        RenderInline {SPAN} at (0,0) size 0x18
          RenderInline {FONT} at (0,0) size 0x37
            RenderInline {SPAN} at (0,0) size 0x28
              RenderBR {BR} at (14,14) size 0x28
      RenderBlock (anonymous) at (0,74) size 784x0
caret: position 0 of child 0 {BR} of child 0 {SPAN} of child 0 {FONT} of child 0 {SPAN} of child 1 {DIV} of child 1 {BODY} of child 0 {HTML} of document
