layer at (0,0) size 800x600
  RenderView at (0,0) size 800x600
layer at (0,0) size 800x600
  RenderBlock {HTML} at (0,0) size 800x600
    RenderBody {BODY} at (8,8) size 470x582
      RenderBlock (anonymous) at (0,0) size 470x340
        RenderText {#text} at (0,0) size 369x20
          text run at (0,0) width 369: "This tests basic inputs. Here's what you should see: "
        RenderBR {BR} at (369,16) size 0x0
        RenderBR {BR} at (0,20) size 0x20
        RenderText {#text} at (0,40) size 462x60
          text run at (0,40) width 401: "first line: the letter \"a\" and then a text input field filled with"
          text run at (0,60) width 162: "repeating \"foobarbaz\", "
          text run at (162,60) width 300: "then the word \"text\" followed by a disabled"
          text run at (0,80) width 458: "text input field filled with \"foo\" and then the letter \"b\" and then \"a\" "
        RenderBR {BR} at (458,96) size 0x0
        RenderBR {BR} at (0,100) size 0x20
        RenderText {#text} at (0,120) size 456x60
          text run at (0,120) width 456: "second line: and then a password input field that's filled and then"
          text run at (0,140) width 438: "the word \"password\" and then a disabled password field that's"
          text run at (0,160) width 194: "filled and then the letter \"b\" "
        RenderBR {BR} at (194,176) size 0x0
        RenderBR {BR} at (0,180) size 0x20
        RenderText {#text} at (0,200) size 457x40
          text run at (0,200) width 457: "third line: the letter \"a\" and then a checkbox (unchecked) with the"
          text run at (0,220) width 434: "word \"checkbox\" and then a disabled checkbox and letter \"b\" "
        RenderBR {BR} at (434,236) size 0x0
        RenderBR {BR} at (0,240) size 0x20
        RenderText {#text} at (0,260) size 455x60
          text run at (0,260) width 446: "fourth line: the last line has the letter \"a\" and then a redio button"
          text run at (0,280) width 455: "(unselected) and then the word \"radio\" and then a disabled radio"
          text run at (0,300) width 169: "button and the letter \"b\" "
        RenderBR {BR} at (169,316) size 0x0
        RenderBR {BR} at (0,320) size 0x20
      RenderBlock {DIV} at (10,350) size 450x62 [border: (1px solid #FF0000)]
        RenderText {#text} at (1,6) size 9x20
          text run at (1,6) width 9: "a"
        RenderTextControl {INPUT} at (12,3) size 175x26
        RenderText {#text} at (189,6) size 29x20
          text run at (189,6) width 29: "text "
        RenderTextControl {INPUT} at (220,3) size 175x26
        RenderText {#text} at (397,6) size 22x20
          text run at (397,6) width 13: "b "
          text run at (410,6) width 9: "a"
        RenderTextControl {INPUT} at (3,33) size 175x26
        RenderText {#text} at (180,36) size 73x20
          text run at (180,36) width 73: "password "
        RenderTextControl {INPUT} at (255,33) size 175x26
        RenderText {#text} at (432,36) size 9x20
          text run at (432,36) width 9: "b"
      RenderBlock {DIV} at (10,422) size 450x23 [border: (1px solid #FF0000)]
        RenderText {#text} at (1,1) size 9x20
          text run at (1,1) width 9: "a"
        RenderBlock {INPUT} at (14,6) size 13x13
        RenderText {#text} at (31,1) size 72x20
          text run at (31,1) width 72: "checkbox "
        RenderBlock {INPUT} at (107,6) size 13x13
        RenderText {#text} at (124,1) size 9x20
          text run at (124,1) width 9: "b"
      RenderBlock {DIV} at (10,455) size 450x23 [border: (1px solid #FF0000)]
        RenderText {#text} at (1,1) size 9x20
          text run at (1,1) width 9: "a"
        RenderBlock {INPUT} at (14,7) size 12x12
        RenderText {#text} at (30,1) size 40x20
          text run at (30,1) width 40: "radio "
        RenderBlock {INPUT} at (74,7) size 12x12
        RenderText {#text} at (90,1) size 9x20
          text run at (90,1) width 9: "b"
layer at (32,364) size 171x20 scrollWidth 215
  RenderBlock {DIV} at (2,3) size 171x20
    RenderText {#text} at (1,0) size 213x20
      text run at (1,0) width 213: "foobarbazfoobarbazfoobarbaz"
layer at (240,364) size 171x20
  RenderBlock {DIV} at (2,3) size 171x20 [color=#545454]
    RenderText {#text} at (1,0) size 22x20
      text run at (1,0) width 22: "foo"
layer at (23,394) size 171x20
  RenderBlock {DIV} at (2,3) size 171x20
    RenderText {#text} at (1,0) size 18x20
      text run at (1,0) width 18: "\x{2022}\x{2022}\x{2022}"
layer at (275,394) size 171x20
  RenderBlock {DIV} at (2,3) size 171x20 [color=#545454]
    RenderText {#text} at (1,0) size 18x20
      text run at (1,0) width 18: "\x{2022}\x{2022}\x{2022}"
