layer at (0,0) size 800x600
  RenderView at (0,0) size 800x600
layer at (0,0) size 800x600
  RenderBlock {HTML} at (0,0) size 800x600
    RenderBody {BODY} at (8,8) size 784x584
      RenderTable {TABLE} at (0,0) size 406x362
        RenderTableSection {TBODY} at (0,0) size 406x362
          RenderTableRow {TR} at (0,2) size 406x28
            RenderTableCell {TD} at (2,2) size 44x28 [r=0 c=0 rs=1 cs=1]
              RenderTextControl {INPUT} at (3,3) size 38x22 [border: (2px inset #000000)]
            RenderTableCell {TD} at (48,7) size 87x18 [color=#808080] [r=0 c=1 rs=1 cs=1]
              RenderInline (generated) at (0,0) size 51x16
                RenderText at (4,1) size 51x16
                  text run at (4,1) width 51: "expected: "
              RenderText {#text} at (55,1) size 24x16
                text run at (55,1) width 24: "1234"
            RenderTableCell {TD} at (137,7) size 267x18 [r=0 c=2 rs=1 cs=1]
              RenderText {#text} at (1,1) size 246x16
                text run at (1,1) width 246: "maxlength and value that violates it, maxlength first"
          RenderTableRow {TR} at (0,32) size 406x28
            RenderTableCell {TD} at (2,32) size 44x28 [r=1 c=0 rs=1 cs=1]
              RenderTextControl {INPUT} at (3,3) size 38x22 [border: (2px inset #000000)]
            RenderTableCell {TD} at (48,37) size 87x18 [color=#808080] [r=1 c=1 rs=1 cs=1]
              RenderInline (generated) at (0,0) size 51x16
                RenderText at (4,1) size 51x16
                  text run at (4,1) width 51: "expected: "
              RenderText {#text} at (55,1) size 24x16
                text run at (55,1) width 24: "1234"
            RenderTableCell {TD} at (137,37) size 267x18 [r=1 c=2 rs=1 cs=1]
              RenderText {#text} at (1,1) size 222x16
                text run at (1,1) width 222: "maxlength and value that violates it, value first"
          RenderTableRow {TR} at (0,62) size 406x28
            RenderTableCell {TD} at (2,62) size 44x28 [r=2 c=0 rs=1 cs=1]
              RenderTextControl {INPUT} at (3,3) size 38x22 [border: (2px inset #000000)]
            RenderTableCell {TD} at (48,67) size 87x18 [color=#808080] [r=2 c=1 rs=1 cs=1]
              RenderInline (generated) at (0,0) size 51x16
                RenderText at (4,1) size 51x16
                  text run at (4,1) width 51: "expected: "
              RenderText {#text} at (55,1) size 24x16
                text run at (55,1) width 24: "1234"
            RenderTableCell {TD} at (137,67) size 267x18 [r=2 c=2 rs=1 cs=1]
              RenderText {#text} at (1,1) size 200x16
                text run at (1,1) width 200: "set value attribute that violates maxlength"
          RenderTableRow {TR} at (0,92) size 406x28
            RenderTableCell {TD} at (2,92) size 44x28 [r=3 c=0 rs=1 cs=1]
              RenderTextControl {INPUT} at (3,3) size 38x22 [border: (2px inset #000000)]
            RenderTableCell {TD} at (48,97) size 87x18 [color=#808080] [r=3 c=1 rs=1 cs=1]
              RenderInline (generated) at (0,0) size 51x16
                RenderText at (4,1) size 51x16
                  text run at (4,1) width 51: "expected: "
              RenderText {#text} at (55,1) size 24x16
                text run at (55,1) width 24: "1234"
            RenderTableCell {TD} at (137,97) size 267x18 [r=3 c=2 rs=1 cs=1]
              RenderText {#text} at (1,1) size 202x16
                text run at (1,1) width 202: "set value property that violates maxlength"
          RenderTableRow {TR} at (0,122) size 406x28
            RenderTableCell {TD} at (2,122) size 44x28 [r=4 c=0 rs=1 cs=1]
              RenderTextControl {INPUT} at (3,3) size 38x22 [border: (2px inset #000000)]
            RenderTableCell {TD} at (48,127) size 87x18 [color=#808080] [r=4 c=1 rs=1 cs=1]
              RenderInline (generated) at (0,0) size 51x16
                RenderText at (4,1) size 51x16
                  text run at (4,1) width 51: "expected: "
              RenderText {#text} at (55,1) size 24x16
                text run at (55,1) width 24: "1234"
            RenderTableCell {TD} at (137,127) size 267x18 [r=4 c=2 rs=1 cs=1]
              RenderText {#text} at (1,1) size 259x16
                text run at (1,1) width 259: "set maxlength attribute that is smaller than initial value"
          RenderTableRow {TR} at (0,152) size 406x28
            RenderTableCell {TD} at (2,152) size 44x28 [r=5 c=0 rs=1 cs=1]
              RenderTextControl {INPUT} at (3,3) size 38x22 [border: (2px inset #000000)]
            RenderTableCell {TD} at (48,157) size 87x18 [color=#808080] [r=5 c=1 rs=1 cs=1]
              RenderInline (generated) at (0,0) size 51x16
                RenderText at (4,1) size 51x16
                  text run at (4,1) width 51: "expected: "
              RenderText {#text} at (55,1) size 24x16
                text run at (55,1) width 24: "1234"
            RenderTableCell {TD} at (137,157) size 267x18 [r=5 c=2 rs=1 cs=1]
              RenderText {#text} at (1,1) size 265x16
                text run at (1,1) width 265: "set maxLength property that is smaller than initial value"
          RenderTableRow {TR} at (0,182) size 406x28
            RenderTableCell {TD} at (2,182) size 44x28 [r=6 c=0 rs=1 cs=1]
              RenderTextControl {INPUT} at (3,3) size 38x22 [border: (2px inset #000000)]
            RenderTableCell {TD} at (48,187) size 87x18 [color=#808080] [r=6 c=1 rs=1 cs=1]
              RenderInline (generated) at (0,0) size 51x16
                RenderText at (4,1) size 51x16
                  text run at (4,1) width 51: "expected: "
              RenderText {#text} at (55,1) size 24x16
                text run at (55,1) width 24: "12x\x{305}\x{332}4"
            RenderTableCell {TD} at (137,187) size 267x18 [r=6 c=2 rs=1 cs=1]
              RenderText {#text} at (1,1) size 246x16
                text run at (1,1) width 246: "maxlength and value that violates it, maxlength first"
          RenderTableRow {TR} at (0,212) size 406x28
            RenderTableCell {TD} at (2,212) size 44x28 [r=7 c=0 rs=1 cs=1]
              RenderTextControl {INPUT} at (3,3) size 38x22 [border: (2px inset #000000)]
            RenderTableCell {TD} at (48,217) size 87x18 [color=#808080] [r=7 c=1 rs=1 cs=1]
              RenderInline (generated) at (0,0) size 51x16
                RenderText at (4,1) size 51x16
                  text run at (4,1) width 51: "expected: "
              RenderText {#text} at (55,1) size 24x16
                text run at (55,1) width 24: "12x\x{305}\x{332}4"
            RenderTableCell {TD} at (137,217) size 267x18 [r=7 c=2 rs=1 cs=1]
              RenderText {#text} at (1,1) size 222x16
                text run at (1,1) width 222: "maxlength and value that violates it, value first"
          RenderTableRow {TR} at (0,242) size 406x28
            RenderTableCell {TD} at (2,242) size 44x28 [r=8 c=0 rs=1 cs=1]
              RenderTextControl {INPUT} at (3,3) size 38x22 [border: (2px inset #000000)]
            RenderTableCell {TD} at (48,247) size 87x18 [color=#808080] [r=8 c=1 rs=1 cs=1]
              RenderInline (generated) at (0,0) size 51x16
                RenderText at (4,1) size 51x16
                  text run at (4,1) width 51: "expected: "
              RenderText {#text} at (55,1) size 24x16
                text run at (55,1) width 24: "12x\x{305}\x{332}4"
            RenderTableCell {TD} at (137,247) size 267x18 [r=8 c=2 rs=1 cs=1]
              RenderText {#text} at (1,1) size 200x16
                text run at (1,1) width 200: "set value attribute that violates maxlength"
          RenderTableRow {TR} at (0,272) size 406x28
            RenderTableCell {TD} at (2,272) size 44x28 [r=9 c=0 rs=1 cs=1]
              RenderTextControl {INPUT} at (3,3) size 38x22 [border: (2px inset #000000)]
            RenderTableCell {TD} at (48,277) size 87x18 [color=#808080] [r=9 c=1 rs=1 cs=1]
              RenderInline (generated) at (0,0) size 51x16
                RenderText at (4,1) size 51x16
                  text run at (4,1) width 51: "expected: "
              RenderText {#text} at (55,1) size 24x16
                text run at (55,1) width 24: "12x\x{305}\x{332}4"
            RenderTableCell {TD} at (137,277) size 267x18 [r=9 c=2 rs=1 cs=1]
              RenderText {#text} at (1,1) size 202x16
                text run at (1,1) width 202: "set value property that violates maxlength"
          RenderTableRow {TR} at (0,302) size 406x28
            RenderTableCell {TD} at (2,302) size 44x28 [r=10 c=0 rs=1 cs=1]
              RenderTextControl {INPUT} at (3,3) size 38x22 [border: (2px inset #000000)]
            RenderTableCell {TD} at (48,307) size 87x18 [color=#808080] [r=10 c=1 rs=1 cs=1]
              RenderInline (generated) at (0,0) size 51x16
                RenderText at (4,1) size 51x16
                  text run at (4,1) width 51: "expected: "
              RenderText {#text} at (55,1) size 24x16
                text run at (55,1) width 24: "12x\x{305}\x{332}4"
            RenderTableCell {TD} at (137,307) size 267x18 [r=10 c=2 rs=1 cs=1]
              RenderText {#text} at (1,1) size 259x16
                text run at (1,1) width 259: "set maxlength attribute that is smaller than initial value"
          RenderTableRow {TR} at (0,332) size 406x28
            RenderTableCell {TD} at (2,332) size 44x28 [r=11 c=0 rs=1 cs=1]
              RenderTextControl {INPUT} at (3,3) size 38x22 [border: (2px inset #000000)]
            RenderTableCell {TD} at (48,337) size 87x18 [color=#808080] [r=11 c=1 rs=1 cs=1]
              RenderInline (generated) at (0,0) size 51x16
                RenderText at (4,1) size 51x16
                  text run at (4,1) width 51: "expected: "
              RenderText {#text} at (55,1) size 24x16
                text run at (55,1) width 24: "12x\x{305}\x{332}4"
            RenderTableCell {TD} at (137,337) size 267x18 [r=11 c=2 rs=1 cs=1]
              RenderText {#text} at (1,1) size 265x16
                text run at (1,1) width 265: "set maxLength property that is smaller than initial value"
layer at (16,16) size 32x16
  RenderBlock {DIV} at (3,3) size 32x16
    RenderText {#text} at (1,0) size 24x16
      text run at (1,0) width 24: "1234"
layer at (16,46) size 32x16
  RenderBlock {DIV} at (3,3) size 32x16
    RenderText {#text} at (1,0) size 24x16
      text run at (1,0) width 24: "1234"
layer at (16,76) size 32x16
  RenderBlock {DIV} at (3,3) size 32x16
    RenderText {#text} at (1,0) size 24x16
      text run at (1,0) width 24: "1234"
layer at (16,106) size 32x16
  RenderBlock {DIV} at (3,3) size 32x16
    RenderText {#text} at (1,0) size 24x16
      text run at (1,0) width 24: "1234"
layer at (16,136) size 32x16
  RenderBlock {DIV} at (3,3) size 32x16
    RenderText {#text} at (1,0) size 24x16
      text run at (1,0) width 24: "1234"
layer at (16,166) size 32x16
  RenderBlock {DIV} at (3,3) size 32x16
    RenderText {#text} at (1,0) size 24x16
      text run at (1,0) width 24: "1234"
layer at (16,196) size 32x16
  RenderBlock {DIV} at (3,3) size 32x16
    RenderText {#text} at (1,0) size 24x16
      text run at (1,0) width 24: "12x\x{305}\x{332}4"
layer at (16,226) size 32x16
  RenderBlock {DIV} at (3,3) size 32x16
    RenderText {#text} at (1,0) size 24x16
      text run at (1,0) width 24: "12x\x{305}\x{332}4"
layer at (16,256) size 32x16
  RenderBlock {DIV} at (3,3) size 32x16
    RenderText {#text} at (1,0) size 24x16
      text run at (1,0) width 24: "12x\x{305}\x{332}4"
layer at (16,286) size 32x16
  RenderBlock {DIV} at (3,3) size 32x16
    RenderText {#text} at (1,0) size 24x16
      text run at (1,0) width 24: "12x\x{305}\x{332}4"
layer at (16,316) size 32x16
  RenderBlock {DIV} at (3,3) size 32x16
    RenderText {#text} at (1,0) size 24x16
      text run at (1,0) width 24: "12x\x{305}\x{332}4"
layer at (16,346) size 32x16
  RenderBlock {DIV} at (3,3) size 32x16
    RenderText {#text} at (1,0) size 24x16
      text run at (1,0) width 24: "12x\x{305}\x{332}4"
