layer at (0,0) size 800x600
  RenderView at (0,0) size 800x600
layer at (0,0) size 800x600
  RenderBlock {HTML} at (0,0) size 800x600
    RenderBody {BODY} at (8,8) size 784x584
      RenderBlock (anonymous) at (0,0) size 784x20
        RenderText {#text} at (0,0) size 187x20
          text run at (0,0) width 187: "The text should be default:"
      RenderBlock {DIV} at (0,28) size 784x50
        RenderBlock {HR} at (0,0) size 784x2 [border: (1px inset #000000)]
        RenderBlock (anonymous) at (0,10) size 784x30
          RenderText {#text} at (0,5) size 364x20
            text run at (0,5) width 364: "This is a searchable index. Enter search keywords: "
          RenderTextControl {ISINDEX} at (366,2) size 175x26
        RenderBlock {HR} at (0,48) size 784x2 [border: (1px inset #000000)]
      RenderBlock (anonymous) at (0,86) size 784x20
        RenderText {#text} at (0,0) size 162x20
          text run at (0,0) width 162: "The text should be red:"
      RenderBlock {DIV} at (0,114) size 784x50
        RenderBlock {HR} at (0,0) size 784x2 [border: (1px inset #000000)]
        RenderBlock (anonymous) at (0,10) size 784x30
          RenderText {#text} at (0,5) size 364x20
            text run at (0,5) width 364: "This is a searchable index. Enter search keywords: "
          RenderTextControl {ISINDEX} at (366,2) size 175x26 [color=#FF0000]
        RenderBlock {HR} at (0,48) size 784x2 [border: (1px inset #000000)]
      RenderBlock (anonymous) at (0,172) size 784x20
        RenderText {#text} at (0,0) size 237x20
          text run at (0,0) width 237: "The text should be gray on green:"
      RenderBlock {DIV} at (0,200) size 784x50
        RenderBlock {HR} at (0,0) size 784x2 [border: (1px inset #000000)]
        RenderBlock (anonymous) at (0,10) size 784x30
          RenderText {#text} at (0,5) size 364x20
            text run at (0,5) width 364: "This is a searchable index. Enter search keywords: "
          RenderTextControl {ISINDEX} at (366,2) size 177x26 [bgcolor=#008000] [border: (2px inset #000000)]
        RenderBlock {HR} at (0,48) size 784x2 [border: (1px inset #000000)]
      RenderBlock (anonymous) at (0,258) size 784x20
        RenderText {#text} at (0,0) size 232x20
          text run at (0,0) width 232: "The text should be red on Green:"
      RenderBlock {DIV} at (0,286) size 784x50
        RenderBlock {HR} at (0,0) size 784x2 [border: (1px inset #000000)]
        RenderBlock (anonymous) at (0,10) size 784x30
          RenderText {#text} at (0,5) size 364x20
            text run at (0,5) width 364: "This is a searchable index. Enter search keywords: "
          RenderTextControl {ISINDEX} at (366,2) size 177x26 [color=#FF0000] [bgcolor=#008000] [border: (2px inset #FF0000)]
        RenderBlock {HR} at (0,48) size 784x2 [border: (1px inset #000000)]
      RenderBlock (anonymous) at (0,344) size 784x30
        RenderTextControl {INPUT} at (2,2) size 175x26
        RenderText {#text} at (179,5) size 4x20
          text run at (179,5) width 4: " "
        RenderTextControl {INPUT} at (185,2) size 175x26 [color=#FF0000]
        RenderText {#text} at (362,5) size 4x20
          text run at (362,5) width 4: " "
        RenderTextControl {INPUT} at (368,2) size 177x26 [bgcolor=#008000] [border: (2px inset #000000)]
        RenderText {#text} at (547,5) size 4x20
          text run at (547,5) width 4: " "
        RenderTextControl {INPUT} at (553,2) size 177x26 [color=#FF0000] [bgcolor=#008000] [border: (2px inset #FF0000)]
        RenderText {#text} at (0,0) size 0x0
layer at (376,51) size 171x20
  RenderBlock {DIV} at (2,3) size 171x20
    RenderText {#text} at (1,0) size 48x20
      text run at (1,0) width 48: "default"
layer at (376,137) size 171x20
  RenderBlock {DIV} at (2,3) size 171x20
    RenderText {#text} at (1,0) size 23x20
      text run at (1,0) width 23: "red"
layer at (377,223) size 171x20
  RenderBlock {DIV} at (3,3) size 171x20
    RenderText {#text} at (1,0) size 115x20
      text run at (1,0) width 115: "default on green"
layer at (377,309) size 171x20
  RenderBlock {DIV} at (3,3) size 171x20
    RenderText {#text} at (1,0) size 90x20
      text run at (1,0) width 90: "red on green"
layer at (12,357) size 171x20
  RenderBlock {DIV} at (2,3) size 171x20
    RenderText {#text} at (1,0) size 48x20
      text run at (1,0) width 48: "default"
layer at (195,357) size 171x20
  RenderBlock {DIV} at (2,3) size 171x20
    RenderText {#text} at (1,0) size 23x20
      text run at (1,0) width 23: "red"
layer at (379,357) size 171x20
  RenderBlock {DIV} at (3,3) size 171x20
    RenderText {#text} at (1,0) size 115x20
      text run at (1,0) width 115: "default on green"
layer at (564,357) size 171x20
  RenderBlock {DIV} at (3,3) size 171x20
    RenderText {#text} at (1,0) size 90x20
      text run at (1,0) width 90: "red on green"
