layer at (0,0) size 800x600
  RenderView at (0,0) size 800x600
layer at (0,0) size 800x600
  RenderBlock {HTML} at (0,0) size 800x600
    RenderBody {BODY} at (8,8) size 784x576
      RenderBlock {P} at (0,0) size 784x20
        RenderText {#text} at (0,0) size 486x20
          text run at (0,0) width 486: "If you can see the word \"Placeholder\" in the text area, then all is well."
      RenderBlock {P} at (0,36) size 784x44
layer at (10,46) size 176x40
  RenderTextControl {TEXTAREA} at (2,2) size 176x40
    RenderBlock {DIV} at (0,0) size 176x20 [color=#A9A9A9]
      RenderText {#text} at (0,0) size 86x20
        text run at (0,0) width 86: "Placeholder"
