layer at (0,0) size 800x600
  RenderView at (0,0) size 800x600
layer at (0,0) size 800x600
  RenderBlock {HTML} at (0,0) size 800x600
    RenderBody {BODY} at (8,8) size 784x584
      RenderBlock {P} at (0,0) size 784x20
        RenderText {#text} at (0,0) size 333x20
          text run at (0,0) width 333: "This tests to see if spaces are lost during a copy/paste"
      RenderBlock {HR} at (0,36) size 784x2 [border: (1px inset #000000)]
      RenderBlock {DIV} at (0,46) size 784x220
        RenderBlock (anonymous) at (0,0) size 784x20
          RenderBR {BR} at (0,0) size 0x20
        RenderBlock {DIV} at (0,20) size 784x20
          RenderBR {BR} at (0,0) size 0x20
        RenderBlock {DIV} at (0,40) size 784x20
          RenderBR {BR} at (0,0) size 0x20
        RenderBlock {DIV} at (0,60) size 784x20
          RenderBR {BR} at (0,0) size 0x20
        RenderBlock {DIV} at (0,80) size 784x20
          RenderBR {BR} at (0,0) size 0x20
        RenderBlock {DIV} at (0,100) size 784x20
          RenderBR {BR} at (0,0) size 0x20
        RenderBlock {DIV} at (0,120) size 784x20
          RenderBR {BR} at (0,0) size 0x20
        RenderBlock {DIV} at (0,140) size 784x20
          RenderBR {BR} at (0,0) size 0x20
        RenderBlock {DIV} at (0,160) size 784x20
          RenderBR {BR} at (0,0) size 0x20
        RenderBlock {DIV} at (0,180) size 784x20
          RenderBR {BR} at (0,0) size 0x20
        RenderBlock {DIV} at (0,200) size 784x20
          RenderBR {BR} at (0,0) size 0x20
caret: position 0 of child 0 {BR} of child 10 {DIV} of child 5 {DIV} of child 1 {BODY} of child 0 {HTML} of document
