layer at (0,0) size 800x600
  RenderView at (0,0) size 800x600
layer at (0,0) size 800x600
  RenderBlock {HTML} at (0,0) size 800x600
    RenderBody {BODY} at (8,8) size 784x576
      RenderBlock {DIV} at (0,0) size 784x40
        RenderText {#text} at (0,0) size 762x40
          text run at (0,0) width 762: "This tests to make sure that content that has the document default color is pasted as blue (or whatever the color for quoted"
          text run at (0,20) width 352: "content is) when pasted in the middle of quoted content."
      RenderBlock {DIV} at (0,56) size 784x20
        RenderBlock {BLOCKQUOTE} at (0,0) size 744x20 [color=#0000FF] [border: (2px solid #0000FF)]
          RenderBlock {DIV} at (12,0) size 732x20
            RenderText {#text} at (0,0) size 5x20
              text run at (0,0) width 5: "("
            RenderText {#text} at (5,0) size 155x20
              text run at (5,0) width 155: "This text should be blue."
            RenderText {#text} at (160,0) size 5x20
              text run at (160,0) width 5: ")"
        RenderBlock (anonymous) at (0,36) size 784x0
caret: position 25 of child 1 {#text} of child 0 {DIV} of child 0 {BLOCKQUOTE} of child 3 {DIV} of child 1 {BODY} of child 0 {HTML} of document
