layer at (0,0) size 800x600
  RenderView at (0,0) size 800x600
layer at (0,0) size 800x600
  RenderBlock {HTML} at (0,0) size 800x600
    RenderBody {BODY} at (8,8) size 784x584
      RenderBlock {DIV} at (0,0) size 784x58 [border: (2px solid #FF0000)]
        RenderInline {SPAN} at (0,0) size 140x30
          RenderText {#text} at (14,14) size 69x30
            text run at (14,14) width 69: "foo bar"
          RenderText {#text} at (83,14) size 31x30
            text run at (83,14) width 31: "bar"
          RenderText {#text} at (114,14) size 40x30
            text run at (114,14) width 40: " baz"
        RenderText {#text} at (0,0) size 0x0
caret: position 3 of child 1 {#text} of child 1 {SPAN} of child 1 {DIV} of child 1 {BODY} of child 0 {HTML} of document
