layer at (0,0) size 800x600
  RenderView at (0,0) size 800x600
layer at (0,0) size 800x600
  RenderBlock {HTML} at (0,0) size 800x600
    RenderBody {BODY} at (8,8) size 784x584
      RenderBlock {DIV} at (0,0) size 784x148
        RenderBlock {DIV} at (0,0) size 784x148 [border: (2px solid #FF0000)]
          RenderBlock {P} at (14,14) size 756x120
            RenderBlock {P} at (0,0) size 756x30
              RenderText {#text} at (0,0) size 32x30
                text run at (0,0) width 32: "foo"
            RenderBlock {P} at (0,30) size 756x30
              RenderText {#text} at (0,0) size 31x30
                text run at (0,0) width 31: "bar"
            RenderBlock (anonymous) at (0,60) size 756x0
            RenderBlock {P} at (0,60) size 756x60
              RenderBlock {P} at (0,0) size 756x30
                RenderText {#text} at (0,0) size 32x30
                  text run at (0,0) width 32: "foo"
              RenderBlock {P} at (0,30) size 756x30
                RenderText {#text} at (0,0) size 31x30
                  text run at (0,0) width 31: "bar"
              RenderBlock (anonymous) at (0,60) size 756x0
caret: position 3 of child 0 {#text} of child 1 {P} of child 2 {P} of child 0 {P} of child 1 {DIV} of child 1 {DIV} of child 1 {BODY} of child 0 {HTML} of document
