layer at (0,0) size 800x600
  RenderView at (0,0) size 800x600
layer at (0,0) size 800x74
  RenderBlock {html} at (0,0) size 800x74
    RenderBody {body} at (8,8) size 784x58
      RenderBlock {div} at (0,0) size 784x58 [border: (2px solid #FF0000)]
        RenderInline {span} at (0,0) size 109x30
          RenderText {#text} at (14,14) size 109x30
            text run at (14,14) width 109: "foo bar baz"
        RenderText {#text} at (0,0) size 0x0
caret: position 7 of child 0 {#text} of child 1 {span} of child 1 {div} of child 3 {body} of child 1 {html} of document
