CONSOLE MESSAGE: line 43: TypeError: Result of expression 'select' [null] is not an object.
layer at (0,0) size 800x600
  RenderView at (0,0) size 800x600
layer at (0,0) size 800x600
  RenderBlock {HTML} at (0,0) size 800x600
    RenderBody {BODY} at (8,8) size 784x576
      RenderBlock {P} at (0,0) size 784x20
        RenderText {#text} at (0,0) size 473x20
          text run at (0,0) width 253: "This tests copy/paste of select elements. "
          text run at (253,0) width 220: "All the options should be included."
      RenderBlock {DIV} at (0,36) size 784x20
        RenderInline {SPAN} at (0,0) size 0x20 [bgcolor=#FFFFFF]
          RenderBR {BR} at (0,0) size 0x20
      RenderBlock {DIV} at (0,56) size 784x20
      RenderBlock {UL} at (0,92) size 784x20
        RenderListItem {LI} at (40,0) size 744x20
          RenderListMarker at (-18,0) size 7x20: bullet
          RenderText {#text} at (0,0) size 43x20
            text run at (0,0) width 43: "Passed"
caret: position 0 of child 4 {DIV} of child 1 {BODY} of child 0 {HTML} of document
