layer at (0,0) size 800x600
  RenderView at (0,0) size 800x600
layer at (0,0) size 800x192
  RenderBlock {HTML} at (0,0) size 800x192
    RenderBody {BODY} at (8,16) size 784x168
      RenderBlock {P} at (0,0) size 784x42
        RenderText {#text} at (0,0) size 57x21
          text run at (0,0) width 57: "Test for "
        RenderInline {I} at (0,0) size 771x42
          RenderInline {A} at (0,0) size 337x21 [color=#0000EE]
            RenderText {#text} at (57,0) size 337x21
              text run at (57,0) width 337: "https://bugs.webkit.org/show_bug.cgi?id=24971"
          RenderText {#text} at (394,0) size 771x42
            text run at (394,0) width 4: " "
            text run at (398,0) width 373: "Setting style.height = value in javascript doesn't work"
            text run at (0,21) width 123: "in tablerows(<tr>)"
        RenderText {#text} at (123,21) size 505x21
          text run at (123,21) width 262: ". This test PASSED if and only if you "
          text run at (385,21) width 243: "see a solid green rectangle below."
      RenderBlock {HR} at (0,58) size 784x2 [border: (1px inset #000000)]
      RenderTable {TABLE} at (0,68) size 50x100
        RenderTableSection {TBODY} at (0,0) size 50x100
          RenderTableRow {TR} at (0,0) size 50x100 [bgcolor=#008000]
            RenderTableCell {TD} at (0,50) size 50x0 [r=0 c=0 rs=1 cs=1]
          RenderTableRow {TR} at (0,100) size 50x0 [bgcolor=#FF0000]
            RenderTableCell {TD} at (0,100) size 50x0 [r=1 c=0 rs=1 cs=1]
