layer at (0,0) size 800x600
  RenderView at (0,0) size 800x600
layer at (0,0) size 800x600
  RenderBlock {HTML} at (0,0) size 800x600
    RenderBody {BODY} at (8,8) size 784x584
      RenderBlock {DIV} at (0,0) size 784x91 [border: (2px solid #FF0000)]
        RenderInline {SPAN} at (0,0) size 731x62
          RenderText {#text} at (14,15) size 78x30
            text run at (14,15) width 78: "This wo"
          RenderInline {B} at (0,0) size 30x33
            RenderText {#text} at (92,14) size 30x33
              text run at (92,14) width 30: "rd "
          RenderText {#text} at (122,15) size 731x62
            text run at (122,15) width 617: "should be selected, since the test deleted it a character at a time"
            text run at (739,15) width 6: " "
            text run at (14,47) width 209: "and then did an undo."
        RenderText {#text} at (0,0) size 0x0
selection start: position 5 of child 0 {#text} of child 1 {SPAN} of child 1 {DIV} of child 1 {BODY} of child 0 {HTML} of document
selection end:   position 2 of child 0 {#text} of child 1 {B} of child 1 {SPAN} of child 1 {DIV} of child 1 {BODY} of child 0 {HTML} of document
