layer at (0,0) size 1130x842
  RenderView at (0,0) size 785x585
layer at (0,0) size 1130x842
  RenderSVGRoot {svg} at (0,0) size 1130x842
    RenderForeignObject {foreignObject} at (10,10) size 580x380
      RenderBlock {xhtml:div} at (0,0) size 580x18
        RenderText {#text} at (0,0) size 78x18
          text run at (0,0) width 78: "This is a test"
      RenderBlock (anonymous) at (0,18) size 580x18
        RenderInline {xhtml:a} at (0,0) size 66x18 [color=#0000EE]
          RenderText {#text} at (0,0) size 66x18
            text run at (0,0) width 66: "and a link."
        RenderBR {xhtml:br} at (66,0) size 0x18
    RenderPath {rect} at (12,12) size 840x552 [stroke={[type=SOLID] [color=#008000]}] [data="M10.00,10.00 L590.00,10.00 L590.00,390.00 L10.00,390.00 Z"]
    RenderSVGHiddenContainer {defs} at (0,0) size 0x0
