layer at (0,0) size 800x1022
  RenderView at (0,0) size 800x600
layer at (0,0) size 800x1022
  RenderBlock {HTML} at (0,0) size 800x1022
    RenderBody {BODY} at (8,8) size 784x1006
      RenderBlock (anonymous) at (0,0) size 784x17
        RenderText {#text} at (0,0) size 101x17
          text run at (0,0) width 101: "No start attribute."
      RenderBlock {OL} at (0,30) size 784x34
        RenderListItem {LI} at (40,0) size 744x17
          RenderListMarker at (-19,0) size 15x17: "1"
          RenderText {#text} at (0,0) size 69x17
            text run at (0,0) width 69: "Should be 1"
        RenderListItem {LI} at (40,17) size 744x17
          RenderListMarker at (-19,0) size 15x17: "2"
          RenderText {#text} at (0,0) size 69x17
            text run at (0,0) width 69: "Should be 2"
      RenderBlock {HR} at (0,77) size 784x2 [border: (1px inset #000000)]
      RenderBlock (anonymous) at (0,85) size 784x17
        RenderText {#text} at (0,0) size 26x17
          text run at (0,0) width 26: "start"
      RenderBlock {OL} at (0,115) size 784x34
        RenderListItem {LI} at (40,0) size 744x17
          RenderListMarker at (-19,0) size 15x17: "1"
          RenderText {#text} at (0,0) size 69x17
            text run at (0,0) width 69: "Should be 1"
        RenderListItem {LI} at (40,17) size 744x17
          RenderListMarker at (-19,0) size 15x17: "2"
          RenderText {#text} at (0,0) size 69x17
            text run at (0,0) width 69: "Should be 2"
      RenderBlock {HR} at (0,162) size 784x2 [border: (1px inset #000000)]
      RenderBlock (anonymous) at (0,170) size 784x17
        RenderText {#text} at (0,0) size 44x17
          text run at (0,0) width 44: "start=\"\""
      RenderBlock {OL} at (0,200) size 784x34
        RenderListItem {LI} at (40,0) size 744x17
          RenderListMarker at (-19,0) size 15x17: "1"
          RenderText {#text} at (0,0) size 69x17
            text run at (0,0) width 69: "Should be 1"
        RenderListItem {LI} at (40,17) size 744x17
          RenderListMarker at (-19,0) size 15x17: "2"
          RenderText {#text} at (0,0) size 69x17
            text run at (0,0) width 69: "Should be 2"
      RenderBlock {HR} at (0,247) size 784x2 [border: (1px inset #000000)]
      RenderBlock (anonymous) at (0,255) size 784x17
        RenderText {#text} at (0,0) size 59x17
          text run at (0,0) width 59: "start=\" 2 \""
      RenderBlock {OL} at (0,285) size 784x34
        RenderListItem {LI} at (40,0) size 744x17
          RenderListMarker at (-19,0) size 15x17: "2"
          RenderText {#text} at (0,0) size 69x17
            text run at (0,0) width 69: "Should be 2"
        RenderListItem {LI} at (40,17) size 744x17
          RenderListMarker at (-19,0) size 15x17: "3"
          RenderText {#text} at (0,0) size 69x17
            text run at (0,0) width 69: "Should be 3"
      RenderBlock {HR} at (0,332) size 784x2 [border: (1px inset #000000)]
      RenderBlock (anonymous) at (0,340) size 784x17
        RenderText {#text} at (0,0) size 59x17
          text run at (0,0) width 59: "start=\"+2\""
      RenderBlock {OL} at (0,370) size 784x34
        RenderListItem {LI} at (40,0) size 744x17
          RenderListMarker at (-19,0) size 15x17: "2"
          RenderText {#text} at (0,0) size 69x17
            text run at (0,0) width 69: "Should be 2"
        RenderListItem {LI} at (40,17) size 744x17
          RenderListMarker at (-19,0) size 15x17: "3"
          RenderText {#text} at (0,0) size 69x17
            text run at (0,0) width 69: "Should be 3"
      RenderBlock {HR} at (0,417) size 784x2 [border: (1px inset #000000)]
      RenderBlock (anonymous) at (0,425) size 784x17
        RenderText {#text} at (0,0) size 60x17
          text run at (0,0) width 60: "start=\"A2\""
      RenderBlock {OL} at (0,455) size 784x34
        RenderListItem {LI} at (40,0) size 744x17
          RenderListMarker at (-19,0) size 15x17: "1"
          RenderText {#text} at (0,0) size 69x17
            text run at (0,0) width 69: "Should be 1"
        RenderListItem {LI} at (40,17) size 744x17
          RenderListMarker at (-19,0) size 15x17: "2"
          RenderText {#text} at (0,0) size 69x17
            text run at (0,0) width 69: "Should be 2"
      RenderBlock {HR} at (0,502) size 784x2 [border: (1px inset #000000)]
      RenderBlock (anonymous) at (0,510) size 784x17
        RenderText {#text} at (0,0) size 55x17
          text run at (0,0) width 55: "start=\".2\""
      RenderBlock {OL} at (0,540) size 784x34
        RenderListItem {LI} at (40,0) size 744x17
          RenderListMarker at (-19,0) size 15x17: "1"
          RenderText {#text} at (0,0) size 69x17
            text run at (0,0) width 69: "Should be 1"
        RenderListItem {LI} at (40,17) size 744x17
          RenderListMarker at (-19,0) size 15x17: "2"
          RenderText {#text} at (0,0) size 69x17
            text run at (0,0) width 69: "Should be 2"
      RenderBlock {HR} at (0,587) size 784x2 [border: (1px inset #000000)]
      RenderBlock (anonymous) at (0,595) size 784x17
        RenderText {#text} at (0,0) size 58x17
          text run at (0,0) width 58: "start=\"#2\""
      RenderBlock {OL} at (0,625) size 784x34
        RenderListItem {LI} at (40,0) size 744x17
          RenderListMarker at (-19,0) size 15x17: "1"
          RenderText {#text} at (0,0) size 69x17
            text run at (0,0) width 69: "Should be 1"
        RenderListItem {LI} at (40,17) size 744x17
          RenderListMarker at (-19,0) size 15x17: "2"
          RenderText {#text} at (0,0) size 69x17
            text run at (0,0) width 69: "Should be 2"
      RenderBlock (anonymous) at (0,672) size 784x17
        RenderText {#text} at (0,0) size 51x17
          text run at (0,0) width 51: "start=\"0\""
      RenderBlock {OL} at (0,702) size 784x34
        RenderListItem {LI} at (40,0) size 744x17
          RenderListMarker at (-19,0) size 15x17: "0"
          RenderText {#text} at (0,0) size 69x17
            text run at (0,0) width 69: "Should be 0"
        RenderListItem {LI} at (40,17) size 744x17
          RenderListMarker at (-19,0) size 15x17: "1"
          RenderText {#text} at (0,0) size 69x17
            text run at (0,0) width 69: "Should be 1"
      RenderBlock {HR} at (0,749) size 784x2 [border: (1px inset #000000)]
      RenderBlock (anonymous) at (0,757) size 784x17
        RenderText {#text} at (0,0) size 59x17
          text run at (0,0) width 59: "start=\" 0 \""
      RenderBlock {OL} at (0,787) size 784x34
        RenderListItem {LI} at (40,0) size 744x17
          RenderListMarker at (-19,0) size 15x17: "0"
          RenderText {#text} at (0,0) size 69x17
            text run at (0,0) width 69: "Should be 0"
        RenderListItem {LI} at (40,17) size 744x17
          RenderListMarker at (-19,0) size 15x17: "1"
          RenderText {#text} at (0,0) size 69x17
            text run at (0,0) width 69: "Should be 1"
      RenderBlock {HR} at (0,834) size 784x2 [border: (1px inset #000000)]
      RenderBlock (anonymous) at (0,842) size 784x17
        RenderText {#text} at (0,0) size 51x17
          text run at (0,0) width 51: "start=\"2\""
      RenderBlock {OL} at (0,872) size 784x34
        RenderListItem {LI} at (40,0) size 744x17
          RenderListMarker at (-19,0) size 15x17: "2"
          RenderText {#text} at (0,0) size 69x17
            text run at (0,0) width 69: "Should be 2"
        RenderListItem {LI} at (40,17) size 744x17
          RenderListMarker at (-19,0) size 15x17: "3"
          RenderText {#text} at (0,0) size 69x17
            text run at (0,0) width 69: "Should be 3"
      RenderBlock {HR} at (0,919) size 784x2 [border: (1px inset #000000)]
      RenderBlock (anonymous) at (0,927) size 784x17
        RenderText {#text} at (0,0) size 55x17
          text run at (0,0) width 55: "start=\"-2\""
      RenderBlock {OL} at (0,957) size 784x34
        RenderListItem {LI} at (40,0) size 744x17
          RenderListMarker at (-23,0) size 19x17: "-2"
          RenderText {#text} at (0,0) size 73x17
            text run at (0,0) width 73: "Should be -2"
        RenderListItem {LI} at (40,17) size 744x17
          RenderListMarker at (-23,0) size 19x17: "-1"
          RenderText {#text} at (0,0) size 73x17
            text run at (0,0) width 73: "Should be -1"
      RenderBlock {HR} at (0,1004) size 784x2 [border: (1px inset #000000)]
