layer at (0,0) size 784x6961
  RenderView at (0,0) size 784x600
layer at (0,0) size 784x6961
  RenderBlock {HTML} at (0,0) size 784x6625
    RenderBody {BODY} at (8,8) size 768x6598
      RenderBlock {H1} at (0,0) size 768x41
        RenderText {#text} at (0,0) size 439x41
          text run at (0,0) width 439: "CSS3 Numeric list-style-type"
      RenderBlock {P} at (0,62) size 768x80
        RenderText {#text} at (0,0) size 529x20
          text run at (0,0) width 529: "This tests that all of the numeric CSS3 list-style-types are supported as per "
        RenderInline {A} at (0,0) size 738x40 [color=#0000EE]
          RenderText {#text} at (529,0) size 738x40
            text run at (529,0) width 209: "section 4.3 of the spec. CSS3"
            text run at (0,20) width 90: "Lists module"
        RenderText {#text} at (90,20) size 754x60
          text run at (90,20) width 664: " (Draft 7 November 2002). This test PASSED if the list item matches its bullet for every list item"
          text run at (0,40) width 705: "(below). For example, for the decimal numeric system the second <li> (which corresponds to 2 in the"
          text run at (0,60) width 490: "standard ordering of the positive integers) should be rendered as: 2. 2"
      RenderBlock {DIV} at (0,161) size 768x31
        RenderBlock {H2} at (0,0) size 768x31
          RenderText {#text} at (0,0) size 135x31
            text run at (0,0) width 135: "arabic-indic"
        RenderBlock (floating) {OL} at (0,66) size 68x200
          RenderListItem {LI} at (40,0) size 8x20
            RenderListMarker at (-17,0) size 12x20: "\x{661}"
            RenderText {#text} at (0,0) size 4x20
              text run at (0,0) width 4: "\x{661}"
          RenderListItem {LI} at (40,20) size 8x20
            RenderListMarker at (-17,0) size 12x20: "\x{662}"
            RenderText {#text} at (0,0) size 4x20
              text run at (0,0) width 4: "\x{662}"
          RenderListItem {LI} at (40,40) size 8x20
            RenderListMarker at (-17,0) size 12x20: "\x{663}"
            RenderText {#text} at (0,0) size 4x20
              text run at (0,0) width 4: "\x{663}"
          RenderListItem {LI} at (40,60) size 8x20
            RenderListMarker at (-17,0) size 12x20: "\x{664}"
            RenderText {#text} at (0,0) size 4x20
              text run at (0,0) width 4: "\x{664}"
          RenderListItem {LI} at (40,80) size 8x20
            RenderListMarker at (-17,0) size 12x20: "\x{665}"
            RenderText {#text} at (0,0) size 4x20
              text run at (0,0) width 4: "\x{665}"
          RenderListItem {LI} at (40,100) size 8x20
            RenderListMarker at (-17,0) size 12x20: "\x{666}"
            RenderText {#text} at (0,0) size 4x20
              text run at (0,0) width 4: "\x{666}"
          RenderListItem {LI} at (40,120) size 8x20
            RenderListMarker at (-17,0) size 12x20: "\x{667}"
            RenderText {#text} at (0,0) size 4x20
              text run at (0,0) width 4: "\x{667}"
          RenderListItem {LI} at (40,140) size 8x20
            RenderListMarker at (-17,0) size 12x20: "\x{668}"
            RenderText {#text} at (0,0) size 4x20
              text run at (0,0) width 4: "\x{668}"
          RenderListItem {LI} at (40,160) size 8x20
            RenderListMarker at (-17,0) size 12x20: "\x{669}"
            RenderText {#text} at (0,0) size 4x20
              text run at (0,0) width 4: "\x{669}"
          RenderListItem {LI} at (40,180) size 8x20
            RenderListMarker at (-21,0) size 16x20: "\x{661}\x{660}"
            RenderText {#text} at (0,0) size 8x20
              text run at (0,0) width 8: "\x{661}\x{660}"
        RenderBlock (floating) {OL} at (68,66) size 64x20
          RenderListItem {LI} at (40,0) size 4x20
            RenderListMarker at (-17,0) size 12x20: "\x{661}"
            RenderText {#text} at (0,0) size 4x20
              text run at (0,0) width 4: "\x{661}"
        RenderBlock (floating) {OL} at (132,66) size 365x40
          RenderListItem {LI} at (300,0) size 45x20
            RenderListMarker at (-58,0) size 53x20: "-\x{662}\x{661}\x{664}\x{667}\x{664}\x{668}\x{663}\x{666}\x{664}\x{668}"
            RenderInline (generated) at (0,0) size 5x20
              RenderText at (0,0) size 5x20
                text run at (0,0) width 5: "-"
            RenderText {#text} at (5,0) size 40x20
              text run at (5,0) width 40: "\x{662}\x{661}\x{664}\x{667}\x{664}\x{668}\x{663}\x{666}\x{664}\x{668}"
          RenderListItem {LI} at (300,20) size 45x20
            RenderListMarker at (-58,0) size 53x20: "-\x{662}\x{661}\x{664}\x{667}\x{664}\x{668}\x{663}\x{666}\x{664}\x{667}"
            RenderInline (generated) at (0,0) size 5x20
              RenderText at (0,0) size 5x20
                text run at (0,0) width 5: "-"
            RenderText {#text} at (5,0) size 40x20
              text run at (5,0) width 40: "\x{662}\x{661}\x{664}\x{667}\x{664}\x{668}\x{663}\x{666}\x{664}\x{667}"
      RenderBlock {DIV} at (0,211) size 768x263
        RenderBlock {H2} at (0,232) size 768x31
          RenderText {#text} at (0,0) size 72x31
            text run at (0,0) width 72: "binary"
        RenderBlock (floating) {OL} at (0,298) size 78x40
          RenderListItem {LI} at (40,0) size 18x20
            RenderListMarker at (-22,0) size 17x20: "1"
            RenderText {#text} at (0,0) size 9x20
              text run at (0,0) width 9: "1"
          RenderListItem {LI} at (40,20) size 18x20
            RenderListMarker at (-31,0) size 26x20: "10"
            RenderText {#text} at (0,0) size 18x20
              text run at (0,0) width 18: "10"
        RenderBlock (floating) {OL} at (78,298) size 69x20
          RenderListItem {LI} at (40,0) size 9x20
            RenderListMarker at (-22,0) size 17x20: "1"
            RenderText {#text} at (0,0) size 9x20
              text run at (0,0) width 9: "1"
        RenderBlock (floating) {OL} at (147,298) size 604x40
          RenderListItem {LI} at (300,0) size 284x20
            RenderListMarker at (-306,0) size 301x20: "-10000000000000000000000000000000"
            RenderInline (generated) at (0,0) size 5x20
              RenderText at (0,0) size 5x20
                text run at (0,0) width 5: "-"
            RenderText {#text} at (5,0) size 279x20
              text run at (5,0) width 279: "1000000000000000000000000000000"
          RenderListItem {LI} at (300,20) size 284x20
            RenderListMarker at (-297,0) size 292x20: "-1111111111111111111111111111111"
            RenderInline (generated) at (0,0) size 5x20
              RenderText at (0,0) size 5x20
                text run at (0,0) width 5: "-"
            RenderText {#text} at (5,0) size 270x20
              text run at (5,0) width 270: "111111111111111111111111111111"
      RenderBlock {DIV} at (0,493) size 768x103
        RenderBlock {H2} at (0,72) size 768x31
          RenderText {#text} at (0,0) size 85x31
            text run at (0,0) width 85: "bengali"
        RenderBlock (floating) {OL} at (0,138) size 92x200
          RenderListItem {LI} at (40,0) size 32x20
            RenderListMarker at (-29,0) size 24x20: "\x{9E7}"
            RenderText {#text} at (0,0) size 16x20
              text run at (0,0) width 16: "\x{9E7}"
          RenderListItem {LI} at (40,20) size 32x20
            RenderListMarker at (-29,0) size 24x20: "\x{9E8}"
            RenderText {#text} at (0,0) size 16x20
              text run at (0,0) width 16: "\x{9E8}"
          RenderListItem {LI} at (40,40) size 32x20
            RenderListMarker at (-29,0) size 24x20: "\x{9E9}"
            RenderText {#text} at (0,0) size 16x20
              text run at (0,0) width 16: "\x{9E9}"
          RenderListItem {LI} at (40,60) size 32x20
            RenderListMarker at (-29,0) size 24x20: "\x{9EA}"
            RenderText {#text} at (0,0) size 16x20
              text run at (0,0) width 16: "\x{9EA}"
          RenderListItem {LI} at (40,80) size 32x20
            RenderListMarker at (-29,0) size 24x20: "\x{9EB}"
            RenderText {#text} at (0,0) size 16x20
              text run at (0,0) width 16: "\x{9EB}"
          RenderListItem {LI} at (40,100) size 32x20
            RenderListMarker at (-29,0) size 24x20: "\x{9EC}"
            RenderText {#text} at (0,0) size 16x20
              text run at (0,0) width 16: "\x{9EC}"
          RenderListItem {LI} at (40,120) size 32x20
            RenderListMarker at (-29,0) size 24x20: "\x{9ED}"
            RenderText {#text} at (0,0) size 16x20
              text run at (0,0) width 16: "\x{9ED}"
          RenderListItem {LI} at (40,140) size 32x20
            RenderListMarker at (-29,0) size 24x20: "\x{9EE}"
            RenderText {#text} at (0,0) size 16x20
              text run at (0,0) width 16: "\x{9EE}"
          RenderListItem {LI} at (40,160) size 32x20
            RenderListMarker at (-29,0) size 24x20: "\x{9EF}"
            RenderText {#text} at (0,0) size 16x20
              text run at (0,0) width 16: "\x{9EF}"
          RenderListItem {LI} at (40,180) size 32x20
            RenderListMarker at (-45,0) size 40x20: "\x{9E7}\x{9E6}"
            RenderText {#text} at (0,0) size 32x20
              text run at (0,0) width 32: "\x{9E7}\x{9E6}"
        RenderBlock (floating) {OL} at (92,138) size 76x20
          RenderListItem {LI} at (40,0) size 16x20
            RenderListMarker at (-29,0) size 24x20: "\x{9E7}"
            RenderText {#text} at (0,0) size 16x20
              text run at (0,0) width 16: "\x{9E7}"
        RenderBlock (floating) {OL} at (168,138) size 485x40
          RenderListItem {LI} at (300,0) size 165x20
            RenderListMarker at (-178,0) size 173x20: "-\x{9E8}\x{9E7}\x{9EA}\x{9ED}\x{9EA}\x{9EE}\x{9E9}\x{9EC}\x{9EA}\x{9EE}"
            RenderInline (generated) at (0,0) size 5x20
              RenderText at (0,0) size 5x20
                text run at (0,0) width 5: "-"
            RenderText {#text} at (5,0) size 160x20
              text run at (5,0) width 160: "\x{9E8}\x{9E7}\x{9EA}\x{9ED}\x{9EA}\x{9EE}\x{9E9}\x{9EC}\x{9EA}\x{9EE}"
          RenderListItem {LI} at (300,20) size 165x20
            RenderListMarker at (-178,0) size 173x20: "-\x{9E8}\x{9E7}\x{9EA}\x{9ED}\x{9EA}\x{9EE}\x{9E9}\x{9EC}\x{9EA}\x{9ED}"
            RenderInline (generated) at (0,0) size 5x20
              RenderText at (0,0) size 5x20
                text run at (0,0) width 5: "-"
            RenderText {#text} at (5,0) size 160x20
              text run at (5,0) width 160: "\x{9E8}\x{9E7}\x{9EA}\x{9ED}\x{9EA}\x{9EE}\x{9E9}\x{9EC}\x{9EA}\x{9ED}"
      RenderBlock {DIV} at (0,615) size 768x263
        RenderBlock {H2} at (0,232) size 768x31
          RenderText {#text} at (0,0) size 127x31
            text run at (0,0) width 127: "cambodian"
        RenderBlock (floating) {OL} at (0,298) size 92x200
          RenderListItem {LI} at (40,0) size 32x20
            RenderListMarker at (-29,0) size 24x20: "\x{17E1}"
            RenderText {#text} at (0,0) size 16x20
              text run at (0,0) width 16: "\x{17E1}"
          RenderListItem {LI} at (40,20) size 32x20
            RenderListMarker at (-29,0) size 24x20: "\x{17E2}"
            RenderText {#text} at (0,0) size 16x20
              text run at (0,0) width 16: "\x{17E2}"
          RenderListItem {LI} at (40,40) size 32x20
            RenderListMarker at (-29,0) size 24x20: "\x{17E3}"
            RenderText {#text} at (0,0) size 16x20
              text run at (0,0) width 16: "\x{17E3}"
          RenderListItem {LI} at (40,60) size 32x20
            RenderListMarker at (-29,0) size 24x20: "\x{17E4}"
            RenderText {#text} at (0,0) size 16x20
              text run at (0,0) width 16: "\x{17E4}"
          RenderListItem {LI} at (40,80) size 32x20
            RenderListMarker at (-29,0) size 24x20: "\x{17E5}"
            RenderText {#text} at (0,0) size 16x20
              text run at (0,0) width 16: "\x{17E5}"
          RenderListItem {LI} at (40,100) size 32x20
            RenderListMarker at (-29,0) size 24x20: "\x{17E6}"
            RenderText {#text} at (0,0) size 16x20
              text run at (0,0) width 16: "\x{17E6}"
          RenderListItem {LI} at (40,120) size 32x20
            RenderListMarker at (-29,0) size 24x20: "\x{17E7}"
            RenderText {#text} at (0,0) size 16x20
              text run at (0,0) width 16: "\x{17E7}"
          RenderListItem {LI} at (40,140) size 32x20
            RenderListMarker at (-29,0) size 24x20: "\x{17E8}"
            RenderText {#text} at (0,0) size 16x20
              text run at (0,0) width 16: "\x{17E8}"
          RenderListItem {LI} at (40,160) size 32x20
            RenderListMarker at (-29,0) size 24x20: "\x{17E9}"
            RenderText {#text} at (0,0) size 16x20
              text run at (0,0) width 16: "\x{17E9}"
          RenderListItem {LI} at (40,180) size 32x20
            RenderListMarker at (-45,0) size 40x20: "\x{17E1}\x{17E0}"
            RenderText {#text} at (0,0) size 32x20
              text run at (0,0) width 32: "\x{17E1}\x{17E0}"
        RenderBlock (floating) {OL} at (92,298) size 76x20
          RenderListItem {LI} at (40,0) size 16x20
            RenderListMarker at (-29,0) size 24x20: "\x{17E1}"
            RenderText {#text} at (0,0) size 16x20
              text run at (0,0) width 16: "\x{17E1}"
        RenderBlock (floating) {OL} at (168,298) size 485x40
          RenderListItem {LI} at (300,0) size 165x20
            RenderListMarker at (-178,0) size 173x20: "-\x{17E2}\x{17E1}\x{17E4}\x{17E7}\x{17E4}\x{17E8}\x{17E3}\x{17E6}\x{17E4}\x{17E8}"
            RenderInline (generated) at (0,0) size 5x20
              RenderText at (0,0) size 5x20
                text run at (0,0) width 5: "-"
            RenderText {#text} at (5,0) size 160x20
              text run at (5,0) width 160: "\x{17E2}\x{17E1}\x{17E4}\x{17E7}\x{17E4}\x{17E8}\x{17E3}\x{17E6}\x{17E4}\x{17E8}"
          RenderListItem {LI} at (300,20) size 165x20
            RenderListMarker at (-178,0) size 173x20: "-\x{17E2}\x{17E1}\x{17E4}\x{17E7}\x{17E4}\x{17E8}\x{17E3}\x{17E6}\x{17E4}\x{17E7}"
            RenderInline (generated) at (0,0) size 5x20
              RenderText at (0,0) size 5x20
                text run at (0,0) width 5: "-"
            RenderText {#text} at (5,0) size 160x20
              text run at (5,0) width 160: "\x{17E2}\x{17E1}\x{17E4}\x{17E7}\x{17E4}\x{17E8}\x{17E3}\x{17E6}\x{17E4}\x{17E7}"
      RenderBlock {DIV} at (0,897) size 768x263
        RenderBlock {H2} at (0,232) size 768x31
          RenderText {#text} at (0,0) size 72x31
            text run at (0,0) width 72: "khmer"
        RenderBlock (floating) {OL} at (0,298) size 92x200
          RenderListItem {LI} at (40,0) size 32x20
            RenderListMarker at (-29,0) size 24x20: "\x{17E1}"
            RenderText {#text} at (0,0) size 16x20
              text run at (0,0) width 16: "\x{17E1}"
          RenderListItem {LI} at (40,20) size 32x20
            RenderListMarker at (-29,0) size 24x20: "\x{17E2}"
            RenderText {#text} at (0,0) size 16x20
              text run at (0,0) width 16: "\x{17E2}"
          RenderListItem {LI} at (40,40) size 32x20
            RenderListMarker at (-29,0) size 24x20: "\x{17E3}"
            RenderText {#text} at (0,0) size 16x20
              text run at (0,0) width 16: "\x{17E3}"
          RenderListItem {LI} at (40,60) size 32x20
            RenderListMarker at (-29,0) size 24x20: "\x{17E4}"
            RenderText {#text} at (0,0) size 16x20
              text run at (0,0) width 16: "\x{17E4}"
          RenderListItem {LI} at (40,80) size 32x20
            RenderListMarker at (-29,0) size 24x20: "\x{17E5}"
            RenderText {#text} at (0,0) size 16x20
              text run at (0,0) width 16: "\x{17E5}"
          RenderListItem {LI} at (40,100) size 32x20
            RenderListMarker at (-29,0) size 24x20: "\x{17E6}"
            RenderText {#text} at (0,0) size 16x20
              text run at (0,0) width 16: "\x{17E6}"
          RenderListItem {LI} at (40,120) size 32x20
            RenderListMarker at (-29,0) size 24x20: "\x{17E7}"
            RenderText {#text} at (0,0) size 16x20
              text run at (0,0) width 16: "\x{17E7}"
          RenderListItem {LI} at (40,140) size 32x20
            RenderListMarker at (-29,0) size 24x20: "\x{17E8}"
            RenderText {#text} at (0,0) size 16x20
              text run at (0,0) width 16: "\x{17E8}"
          RenderListItem {LI} at (40,160) size 32x20
            RenderListMarker at (-29,0) size 24x20: "\x{17E9}"
            RenderText {#text} at (0,0) size 16x20
              text run at (0,0) width 16: "\x{17E9}"
          RenderListItem {LI} at (40,180) size 32x20
            RenderListMarker at (-45,0) size 40x20: "\x{17E1}\x{17E0}"
            RenderText {#text} at (0,0) size 32x20
              text run at (0,0) width 32: "\x{17E1}\x{17E0}"
        RenderBlock (floating) {OL} at (92,298) size 76x20
          RenderListItem {LI} at (40,0) size 16x20
            RenderListMarker at (-29,0) size 24x20: "\x{17E1}"
            RenderText {#text} at (0,0) size 16x20
              text run at (0,0) width 16: "\x{17E1}"
        RenderBlock (floating) {OL} at (168,298) size 485x40
          RenderListItem {LI} at (300,0) size 165x20
            RenderListMarker at (-178,0) size 173x20: "-\x{17E2}\x{17E1}\x{17E4}\x{17E7}\x{17E4}\x{17E8}\x{17E3}\x{17E6}\x{17E4}\x{17E8}"
            RenderInline (generated) at (0,0) size 5x20
              RenderText at (0,0) size 5x20
                text run at (0,0) width 5: "-"
            RenderText {#text} at (5,0) size 160x20
              text run at (5,0) width 160: "\x{17E2}\x{17E1}\x{17E4}\x{17E7}\x{17E4}\x{17E8}\x{17E3}\x{17E6}\x{17E4}\x{17E8}"
          RenderListItem {LI} at (300,20) size 165x20
            RenderListMarker at (-178,0) size 173x20: "-\x{17E2}\x{17E1}\x{17E4}\x{17E7}\x{17E4}\x{17E8}\x{17E3}\x{17E6}\x{17E4}\x{17E7}"
            RenderInline (generated) at (0,0) size 5x20
              RenderText at (0,0) size 5x20
                text run at (0,0) width 5: "-"
            RenderText {#text} at (5,0) size 160x20
              text run at (5,0) width 160: "\x{17E2}\x{17E1}\x{17E4}\x{17E7}\x{17E4}\x{17E8}\x{17E3}\x{17E6}\x{17E4}\x{17E7}"
      RenderBlock {DIV} at (0,1179) size 768x263
        RenderBlock {H2} at (0,232) size 768x31
          RenderText {#text} at (0,0) size 89x31
            text run at (0,0) width 89: "decimal"
        RenderBlock (floating) {OL} at (0,298) size 78x200
          RenderListItem {LI} at (40,0) size 18x20
            RenderListMarker at (-22,0) size 17x20: "1"
            RenderText {#text} at (0,0) size 9x20
              text run at (0,0) width 9: "1"
          RenderListItem {LI} at (40,20) size 18x20
            RenderListMarker at (-22,0) size 17x20: "2"
            RenderText {#text} at (0,0) size 9x20
              text run at (0,0) width 9: "2"
          RenderListItem {LI} at (40,40) size 18x20
            RenderListMarker at (-22,0) size 17x20: "3"
            RenderText {#text} at (0,0) size 9x20
              text run at (0,0) width 9: "3"
          RenderListItem {LI} at (40,60) size 18x20
            RenderListMarker at (-22,0) size 17x20: "4"
            RenderText {#text} at (0,0) size 9x20
              text run at (0,0) width 9: "4"
          RenderListItem {LI} at (40,80) size 18x20
            RenderListMarker at (-22,0) size 17x20: "5"
            RenderText {#text} at (0,0) size 9x20
              text run at (0,0) width 9: "5"
          RenderListItem {LI} at (40,100) size 18x20
            RenderListMarker at (-22,0) size 17x20: "6"
            RenderText {#text} at (0,0) size 9x20
              text run at (0,0) width 9: "6"
          RenderListItem {LI} at (40,120) size 18x20
            RenderListMarker at (-22,0) size 17x20: "7"
            RenderText {#text} at (0,0) size 9x20
              text run at (0,0) width 9: "7"
          RenderListItem {LI} at (40,140) size 18x20
            RenderListMarker at (-22,0) size 17x20: "8"
            RenderText {#text} at (0,0) size 9x20
              text run at (0,0) width 9: "8"
          RenderListItem {LI} at (40,160) size 18x20
            RenderListMarker at (-22,0) size 17x20: "9"
            RenderText {#text} at (0,0) size 9x20
              text run at (0,0) width 9: "9"
          RenderListItem {LI} at (40,180) size 18x20
            RenderListMarker at (-31,0) size 26x20: "10"
            RenderText {#text} at (0,0) size 18x20
              text run at (0,0) width 18: "10"
        RenderBlock (floating) {OL} at (78,298) size 69x20
          RenderListItem {LI} at (40,0) size 9x20
            RenderListMarker at (-22,0) size 17x20: "1"
            RenderText {#text} at (0,0) size 9x20
              text run at (0,0) width 9: "1"
        RenderBlock (floating) {OL} at (147,298) size 415x40
          RenderListItem {LI} at (300,0) size 95x20
            RenderListMarker at (-108,0) size 103x20: "-2147483648"
            RenderInline (generated) at (0,0) size 5x20
              RenderText at (0,0) size 5x20
                text run at (0,0) width 5: "-"
            RenderText {#text} at (5,0) size 90x20
              text run at (5,0) width 90: "2147483648"
          RenderListItem {LI} at (300,20) size 95x20
            RenderListMarker at (-108,0) size 103x20: "-2147483647"
            RenderInline (generated) at (0,0) size 5x20
              RenderText at (0,0) size 5x20
                text run at (0,0) width 5: "-"
            RenderText {#text} at (5,0) size 90x20
              text run at (5,0) width 90: "2147483647"
      RenderBlock {DIV} at (0,1461) size 768x263
        RenderBlock {H2} at (0,232) size 768x31
          RenderText {#text} at (0,0) size 239x31
            text run at (0,0) width 239: "decimal-leading-zero"
        RenderBlock (floating) {OL} at (0,298) size 78x200
          RenderListItem {LI} at (40,0) size 18x20
            RenderListMarker at (-31,0) size 26x20: "01"
            RenderText {#text} at (0,0) size 18x20
              text run at (0,0) width 18: "01"
          RenderListItem {LI} at (40,20) size 18x20
            RenderListMarker at (-31,0) size 26x20: "02"
            RenderText {#text} at (0,0) size 18x20
              text run at (0,0) width 18: "02"
          RenderListItem {LI} at (40,40) size 18x20
            RenderListMarker at (-31,0) size 26x20: "03"
            RenderText {#text} at (0,0) size 18x20
              text run at (0,0) width 18: "03"
          RenderListItem {LI} at (40,60) size 18x20
            RenderListMarker at (-31,0) size 26x20: "04"
            RenderText {#text} at (0,0) size 18x20
              text run at (0,0) width 18: "04"
          RenderListItem {LI} at (40,80) size 18x20
            RenderListMarker at (-31,0) size 26x20: "05"
            RenderText {#text} at (0,0) size 18x20
              text run at (0,0) width 18: "05"
          RenderListItem {LI} at (40,100) size 18x20
            RenderListMarker at (-31,0) size 26x20: "06"
            RenderText {#text} at (0,0) size 18x20
              text run at (0,0) width 18: "06"
          RenderListItem {LI} at (40,120) size 18x20
            RenderListMarker at (-31,0) size 26x20: "07"
            RenderText {#text} at (0,0) size 18x20
              text run at (0,0) width 18: "07"
          RenderListItem {LI} at (40,140) size 18x20
            RenderListMarker at (-31,0) size 26x20: "08"
            RenderText {#text} at (0,0) size 18x20
              text run at (0,0) width 18: "08"
          RenderListItem {LI} at (40,160) size 18x20
            RenderListMarker at (-31,0) size 26x20: "09"
            RenderText {#text} at (0,0) size 18x20
              text run at (0,0) width 18: "09"
          RenderListItem {LI} at (40,180) size 18x20
            RenderListMarker at (-31,0) size 26x20: "10"
            RenderText {#text} at (0,0) size 18x20
              text run at (0,0) width 18: "10"
        RenderBlock (floating) {OL} at (78,298) size 78x20
          RenderListItem {LI} at (40,0) size 18x20
            RenderListMarker at (-31,0) size 26x20: "01"
            RenderText {#text} at (0,0) size 18x20
              text run at (0,0) width 18: "01"
        RenderBlock (floating) {OL} at (156,298) size 415x40
          RenderListItem {LI} at (300,0) size 95x20
            RenderListMarker at (-108,0) size 103x20: "-2147483648"
            RenderInline (generated) at (0,0) size 5x20
              RenderText at (0,0) size 5x20
                text run at (0,0) width 5: "-"
            RenderText {#text} at (5,0) size 90x20
              text run at (5,0) width 90: "2147483648"
          RenderListItem {LI} at (300,20) size 95x20
            RenderListMarker at (-108,0) size 103x20: "-2147483647"
            RenderInline (generated) at (0,0) size 5x20
              RenderText at (0,0) size 5x20
                text run at (0,0) width 5: "-"
            RenderText {#text} at (5,0) size 90x20
              text run at (5,0) width 90: "2147483647"
      RenderBlock {DIV} at (0,1743) size 768x263
        RenderBlock {H2} at (0,232) size 768x31
          RenderText {#text} at (0,0) size 126x31
            text run at (0,0) width 126: "devanagari"
        RenderBlock (floating) {OL} at (0,298) size 92x200
          RenderListItem {LI} at (40,0) size 32x20
            RenderListMarker at (-29,0) size 24x20: "\x{967}"
            RenderText {#text} at (0,0) size 16x20
              text run at (0,0) width 16: "\x{967}"
          RenderListItem {LI} at (40,20) size 32x20
            RenderListMarker at (-29,0) size 24x20: "\x{968}"
            RenderText {#text} at (0,0) size 16x20
              text run at (0,0) width 16: "\x{968}"
          RenderListItem {LI} at (40,40) size 32x20
            RenderListMarker at (-29,0) size 24x20: "\x{969}"
            RenderText {#text} at (0,0) size 16x20
              text run at (0,0) width 16: "\x{969}"
          RenderListItem {LI} at (40,60) size 32x20
            RenderListMarker at (-29,0) size 24x20: "\x{96A}"
            RenderText {#text} at (0,0) size 16x20
              text run at (0,0) width 16: "\x{96A}"
          RenderListItem {LI} at (40,80) size 32x20
            RenderListMarker at (-29,0) size 24x20: "\x{96B}"
            RenderText {#text} at (0,0) size 16x20
              text run at (0,0) width 16: "\x{96B}"
          RenderListItem {LI} at (40,100) size 32x20
            RenderListMarker at (-29,0) size 24x20: "\x{96C}"
            RenderText {#text} at (0,0) size 16x20
              text run at (0,0) width 16: "\x{96C}"
          RenderListItem {LI} at (40,120) size 32x20
            RenderListMarker at (-29,0) size 24x20: "\x{96D}"
            RenderText {#text} at (0,0) size 16x20
              text run at (0,0) width 16: "\x{96D}"
          RenderListItem {LI} at (40,140) size 32x20
            RenderListMarker at (-29,0) size 24x20: "\x{96E}"
            RenderText {#text} at (0,0) size 16x20
              text run at (0,0) width 16: "\x{96E}"
          RenderListItem {LI} at (40,160) size 32x20
            RenderListMarker at (-29,0) size 24x20: "\x{96F}"
            RenderText {#text} at (0,0) size 16x20
              text run at (0,0) width 16: "\x{96F}"
          RenderListItem {LI} at (40,180) size 32x20
            RenderListMarker at (-45,0) size 40x20: "\x{967}\x{966}"
            RenderText {#text} at (0,0) size 32x20
              text run at (0,0) width 32: "\x{967}\x{966}"
        RenderBlock (floating) {OL} at (92,298) size 76x20
          RenderListItem {LI} at (40,0) size 16x20
            RenderListMarker at (-29,0) size 24x20: "\x{967}"
            RenderText {#text} at (0,0) size 16x20
              text run at (0,0) width 16: "\x{967}"
        RenderBlock (floating) {OL} at (168,298) size 485x40
          RenderListItem {LI} at (300,0) size 165x20
            RenderListMarker at (-178,0) size 173x20: "-\x{968}\x{967}\x{96A}\x{96D}\x{96A}\x{96E}\x{969}\x{96C}\x{96A}\x{96E}"
            RenderInline (generated) at (0,0) size 5x20
              RenderText at (0,0) size 5x20
                text run at (0,0) width 5: "-"
            RenderText {#text} at (5,0) size 160x20
              text run at (5,0) width 160: "\x{968}\x{967}\x{96A}\x{96D}\x{96A}\x{96E}\x{969}\x{96C}\x{96A}\x{96E}"
          RenderListItem {LI} at (300,20) size 165x20
            RenderListMarker at (-178,0) size 173x20: "-\x{968}\x{967}\x{96A}\x{96D}\x{96A}\x{96E}\x{969}\x{96C}\x{96A}\x{96D}"
            RenderInline (generated) at (0,0) size 5x20
              RenderText at (0,0) size 5x20
                text run at (0,0) width 5: "-"
            RenderText {#text} at (5,0) size 160x20
              text run at (5,0) width 160: "\x{968}\x{967}\x{96A}\x{96D}\x{96A}\x{96E}\x{969}\x{96C}\x{96A}\x{96D}"
      RenderBlock {DIV} at (0,2025) size 768x263
        RenderBlock {H2} at (0,232) size 768x31
          RenderText {#text} at (0,0) size 87x31
            text run at (0,0) width 87: "gujarati"
        RenderBlock (floating) {OL} at (0,298) size 92x200
          RenderListItem {LI} at (40,0) size 32x20
            RenderListMarker at (-29,0) size 24x20: "\x{AE7}"
            RenderText {#text} at (0,0) size 16x20
              text run at (0,0) width 16: "\x{AE7}"
          RenderListItem {LI} at (40,20) size 32x20
            RenderListMarker at (-29,0) size 24x20: "\x{AE8}"
            RenderText {#text} at (0,0) size 16x20
              text run at (0,0) width 16: "\x{AE8}"
          RenderListItem {LI} at (40,40) size 32x20
            RenderListMarker at (-29,0) size 24x20: "\x{AE9}"
            RenderText {#text} at (0,0) size 16x20
              text run at (0,0) width 16: "\x{AE9}"
          RenderListItem {LI} at (40,60) size 32x20
            RenderListMarker at (-29,0) size 24x20: "\x{AEA}"
            RenderText {#text} at (0,0) size 16x20
              text run at (0,0) width 16: "\x{AEA}"
          RenderListItem {LI} at (40,80) size 32x20
            RenderListMarker at (-29,0) size 24x20: "\x{AEB}"
            RenderText {#text} at (0,0) size 16x20
              text run at (0,0) width 16: "\x{AEB}"
          RenderListItem {LI} at (40,100) size 32x20
            RenderListMarker at (-29,0) size 24x20: "\x{AEC}"
            RenderText {#text} at (0,0) size 16x20
              text run at (0,0) width 16: "\x{AEC}"
          RenderListItem {LI} at (40,120) size 32x20
            RenderListMarker at (-29,0) size 24x20: "\x{AED}"
            RenderText {#text} at (0,0) size 16x20
              text run at (0,0) width 16: "\x{AED}"
          RenderListItem {LI} at (40,140) size 32x20
            RenderListMarker at (-29,0) size 24x20: "\x{AEE}"
            RenderText {#text} at (0,0) size 16x20
              text run at (0,0) width 16: "\x{AEE}"
          RenderListItem {LI} at (40,160) size 32x20
            RenderListMarker at (-29,0) size 24x20: "\x{AEF}"
            RenderText {#text} at (0,0) size 16x20
              text run at (0,0) width 16: "\x{AEF}"
          RenderListItem {LI} at (40,180) size 32x20
            RenderListMarker at (-45,0) size 40x20: "\x{AE7}\x{AE6}"
            RenderText {#text} at (0,0) size 32x20
              text run at (0,0) width 32: "\x{AE7}\x{AE6}"
        RenderBlock (floating) {OL} at (92,298) size 76x20
          RenderListItem {LI} at (40,0) size 16x20
            RenderListMarker at (-29,0) size 24x20: "\x{AE7}"
            RenderText {#text} at (0,0) size 16x20
              text run at (0,0) width 16: "\x{AE7}"
        RenderBlock (floating) {OL} at (168,298) size 485x40
          RenderListItem {LI} at (300,0) size 165x20
            RenderListMarker at (-178,0) size 173x20: "-\x{AE8}\x{AE7}\x{AEA}\x{AED}\x{AEA}\x{AEE}\x{AE9}\x{AEC}\x{AEA}\x{AEE}"
            RenderInline (generated) at (0,0) size 5x20
              RenderText at (0,0) size 5x20
                text run at (0,0) width 5: "-"
            RenderText {#text} at (5,0) size 160x20
              text run at (5,0) width 160: "\x{AE8}\x{AE7}\x{AEA}\x{AED}\x{AEA}\x{AEE}\x{AE9}\x{AEC}\x{AEA}\x{AEE}"
          RenderListItem {LI} at (300,20) size 165x20
            RenderListMarker at (-178,0) size 173x20: "-\x{AE8}\x{AE7}\x{AEA}\x{AED}\x{AEA}\x{AEE}\x{AE9}\x{AEC}\x{AEA}\x{AED}"
            RenderInline (generated) at (0,0) size 5x20
              RenderText at (0,0) size 5x20
                text run at (0,0) width 5: "-"
            RenderText {#text} at (5,0) size 160x20
              text run at (5,0) width 160: "\x{AE8}\x{AE7}\x{AEA}\x{AED}\x{AEA}\x{AEE}\x{AE9}\x{AEC}\x{AEA}\x{AED}"
      RenderBlock {DIV} at (0,2307) size 768x263
        RenderBlock {H2} at (0,232) size 768x31
          RenderText {#text} at (0,0) size 110x31
            text run at (0,0) width 110: "gurmukhi"
        RenderBlock (floating) {OL} at (0,298) size 92x200
          RenderListItem {LI} at (40,0) size 32x20
            RenderListMarker at (-29,0) size 24x20: "\x{A67}"
            RenderText {#text} at (0,0) size 16x20
              text run at (0,0) width 16: "\x{A67}"
          RenderListItem {LI} at (40,20) size 32x20
            RenderListMarker at (-29,0) size 24x20: "\x{A68}"
            RenderText {#text} at (0,0) size 16x20
              text run at (0,0) width 16: "\x{A68}"
          RenderListItem {LI} at (40,40) size 32x20
            RenderListMarker at (-29,0) size 24x20: "\x{A69}"
            RenderText {#text} at (0,0) size 16x20
              text run at (0,0) width 16: "\x{A69}"
          RenderListItem {LI} at (40,60) size 32x20
            RenderListMarker at (-29,0) size 24x20: "\x{A6A}"
            RenderText {#text} at (0,0) size 16x20
              text run at (0,0) width 16: "\x{A6A}"
          RenderListItem {LI} at (40,80) size 32x20
            RenderListMarker at (-29,0) size 24x20: "\x{A6B}"
            RenderText {#text} at (0,0) size 16x20
              text run at (0,0) width 16: "\x{A6B}"
          RenderListItem {LI} at (40,100) size 32x20
            RenderListMarker at (-29,0) size 24x20: "\x{A6C}"
            RenderText {#text} at (0,0) size 16x20
              text run at (0,0) width 16: "\x{A6C}"
          RenderListItem {LI} at (40,120) size 32x20
            RenderListMarker at (-29,0) size 24x20: "\x{A6D}"
            RenderText {#text} at (0,0) size 16x20
              text run at (0,0) width 16: "\x{A6D}"
          RenderListItem {LI} at (40,140) size 32x20
            RenderListMarker at (-29,0) size 24x20: "\x{A6E}"
            RenderText {#text} at (0,0) size 16x20
              text run at (0,0) width 16: "\x{A6E}"
          RenderListItem {LI} at (40,160) size 32x20
            RenderListMarker at (-29,0) size 24x20: "\x{A6F}"
            RenderText {#text} at (0,0) size 16x20
              text run at (0,0) width 16: "\x{A6F}"
          RenderListItem {LI} at (40,180) size 32x20
            RenderListMarker at (-45,0) size 40x20: "\x{A67}\x{A66}"
            RenderText {#text} at (0,0) size 32x20
              text run at (0,0) width 32: "\x{A67}\x{A66}"
        RenderBlock (floating) {OL} at (92,298) size 76x20
          RenderListItem {LI} at (40,0) size 16x20
            RenderListMarker at (-29,0) size 24x20: "\x{A67}"
            RenderText {#text} at (0,0) size 16x20
              text run at (0,0) width 16: "\x{A67}"
        RenderBlock (floating) {OL} at (168,298) size 485x40
          RenderListItem {LI} at (300,0) size 165x20
            RenderListMarker at (-178,0) size 173x20: "-\x{A68}\x{A67}\x{A6A}\x{A6D}\x{A6A}\x{A6E}\x{A69}\x{A6C}\x{A6A}\x{A6E}"
            RenderInline (generated) at (0,0) size 5x20
              RenderText at (0,0) size 5x20
                text run at (0,0) width 5: "-"
            RenderText {#text} at (5,0) size 160x20
              text run at (5,0) width 160: "\x{A68}\x{A67}\x{A6A}\x{A6D}\x{A6A}\x{A6E}\x{A69}\x{A6C}\x{A6A}\x{A6E}"
          RenderListItem {LI} at (300,20) size 165x20
            RenderListMarker at (-178,0) size 173x20: "-\x{A68}\x{A67}\x{A6A}\x{A6D}\x{A6A}\x{A6E}\x{A69}\x{A6C}\x{A6A}\x{A6D}"
            RenderInline (generated) at (0,0) size 5x20
              RenderText at (0,0) size 5x20
                text run at (0,0) width 5: "-"
            RenderText {#text} at (5,0) size 160x20
              text run at (5,0) width 160: "\x{A68}\x{A67}\x{A6A}\x{A6D}\x{A6A}\x{A6E}\x{A69}\x{A6C}\x{A6A}\x{A6D}"
      RenderBlock {DIV} at (0,2589) size 768x263
        RenderBlock {H2} at (0,232) size 768x31
          RenderText {#text} at (0,0) size 97x31
            text run at (0,0) width 97: "kannada"
        RenderBlock (floating) {OL} at (0,298) size 92x200
          RenderListItem {LI} at (40,0) size 32x20
            RenderListMarker at (-29,0) size 24x20: "\x{CE7}"
            RenderText {#text} at (0,0) size 16x20
              text run at (0,0) width 16: "\x{CE7}"
          RenderListItem {LI} at (40,20) size 32x20
            RenderListMarker at (-29,0) size 24x20: "\x{CE8}"
            RenderText {#text} at (0,0) size 16x20
              text run at (0,0) width 16: "\x{CE8}"
          RenderListItem {LI} at (40,40) size 32x20
            RenderListMarker at (-29,0) size 24x20: "\x{CE9}"
            RenderText {#text} at (0,0) size 16x20
              text run at (0,0) width 16: "\x{CE9}"
          RenderListItem {LI} at (40,60) size 32x20
            RenderListMarker at (-29,0) size 24x20: "\x{CEA}"
            RenderText {#text} at (0,0) size 16x20
              text run at (0,0) width 16: "\x{CEA}"
          RenderListItem {LI} at (40,80) size 32x20
            RenderListMarker at (-29,0) size 24x20: "\x{CEB}"
            RenderText {#text} at (0,0) size 16x20
              text run at (0,0) width 16: "\x{CEB}"
          RenderListItem {LI} at (40,100) size 32x20
            RenderListMarker at (-29,0) size 24x20: "\x{CEC}"
            RenderText {#text} at (0,0) size 16x20
              text run at (0,0) width 16: "\x{CEC}"
          RenderListItem {LI} at (40,120) size 32x20
            RenderListMarker at (-29,0) size 24x20: "\x{CED}"
            RenderText {#text} at (0,0) size 16x20
              text run at (0,0) width 16: "\x{CED}"
          RenderListItem {LI} at (40,140) size 32x20
            RenderListMarker at (-29,0) size 24x20: "\x{CEE}"
            RenderText {#text} at (0,0) size 16x20
              text run at (0,0) width 16: "\x{CEE}"
          RenderListItem {LI} at (40,160) size 32x20
            RenderListMarker at (-29,0) size 24x20: "\x{CEF}"
            RenderText {#text} at (0,0) size 16x20
              text run at (0,0) width 16: "\x{CEF}"
          RenderListItem {LI} at (40,180) size 32x20
            RenderListMarker at (-45,0) size 40x20: "\x{CE7}\x{CE6}"
            RenderText {#text} at (0,0) size 32x20
              text run at (0,0) width 32: "\x{CE7}\x{CE6}"
        RenderBlock (floating) {OL} at (92,298) size 76x20
          RenderListItem {LI} at (40,0) size 16x20
            RenderListMarker at (-29,0) size 24x20: "\x{CE7}"
            RenderText {#text} at (0,0) size 16x20
              text run at (0,0) width 16: "\x{CE7}"
        RenderBlock (floating) {OL} at (168,298) size 485x40
          RenderListItem {LI} at (300,0) size 165x20
            RenderListMarker at (-178,0) size 173x20: "-\x{CE8}\x{CE7}\x{CEA}\x{CED}\x{CEA}\x{CEE}\x{CE9}\x{CEC}\x{CEA}\x{CEE}"
            RenderInline (generated) at (0,0) size 5x20
              RenderText at (0,0) size 5x20
                text run at (0,0) width 5: "-"
            RenderText {#text} at (5,0) size 160x20
              text run at (5,0) width 160: "\x{CE8}\x{CE7}\x{CEA}\x{CED}\x{CEA}\x{CEE}\x{CE9}\x{CEC}\x{CEA}\x{CEE}"
          RenderListItem {LI} at (300,20) size 165x20
            RenderListMarker at (-178,0) size 173x20: "-\x{CE8}\x{CE7}\x{CEA}\x{CED}\x{CEA}\x{CEE}\x{CE9}\x{CEC}\x{CEA}\x{CED}"
            RenderInline (generated) at (0,0) size 5x20
              RenderText at (0,0) size 5x20
                text run at (0,0) width 5: "-"
            RenderText {#text} at (5,0) size 160x20
              text run at (5,0) width 160: "\x{CE8}\x{CE7}\x{CEA}\x{CED}\x{CEA}\x{CEE}\x{CE9}\x{CEC}\x{CEA}\x{CED}"
      RenderBlock {DIV} at (0,2871) size 768x263
        RenderBlock {H2} at (0,232) size 768x31
          RenderText {#text} at (0,0) size 214x31
            text run at (0,0) width 214: "lower-hexadecimal"
        RenderBlock (floating) {OL} at (0,298) size 78x320
          RenderListItem {LI} at (40,0) size 18x20
            RenderListMarker at (-22,0) size 17x20: "1"
            RenderText {#text} at (0,0) size 9x20
              text run at (0,0) width 9: "1"
          RenderListItem {LI} at (40,20) size 18x20
            RenderListMarker at (-22,0) size 17x20: "2"
            RenderText {#text} at (0,0) size 9x20
              text run at (0,0) width 9: "2"
          RenderListItem {LI} at (40,40) size 18x20
            RenderListMarker at (-22,0) size 17x20: "3"
            RenderText {#text} at (0,0) size 9x20
              text run at (0,0) width 9: "3"
          RenderListItem {LI} at (40,60) size 18x20
            RenderListMarker at (-22,0) size 17x20: "4"
            RenderText {#text} at (0,0) size 9x20
              text run at (0,0) width 9: "4"
          RenderListItem {LI} at (40,80) size 18x20
            RenderListMarker at (-22,0) size 17x20: "5"
            RenderText {#text} at (0,0) size 9x20
              text run at (0,0) width 9: "5"
          RenderListItem {LI} at (40,100) size 18x20
            RenderListMarker at (-22,0) size 17x20: "6"
            RenderText {#text} at (0,0) size 9x20
              text run at (0,0) width 9: "6"
          RenderListItem {LI} at (40,120) size 18x20
            RenderListMarker at (-22,0) size 17x20: "7"
            RenderText {#text} at (0,0) size 9x20
              text run at (0,0) width 9: "7"
          RenderListItem {LI} at (40,140) size 18x20
            RenderListMarker at (-22,0) size 17x20: "8"
            RenderText {#text} at (0,0) size 9x20
              text run at (0,0) width 9: "8"
          RenderListItem {LI} at (40,160) size 18x20
            RenderListMarker at (-22,0) size 17x20: "9"
            RenderText {#text} at (0,0) size 9x20
              text run at (0,0) width 9: "9"
          RenderListItem {LI} at (40,180) size 18x20
            RenderListMarker at (-22,0) size 17x20: "a"
            RenderText {#text} at (0,0) size 9x20
              text run at (0,0) width 9: "a"
          RenderListItem {LI} at (40,200) size 18x20
            RenderListMarker at (-22,0) size 17x20: "b"
            RenderText {#text} at (0,0) size 9x20
              text run at (0,0) width 9: "b"
          RenderListItem {LI} at (40,220) size 18x20
            RenderListMarker at (-21,0) size 16x20: "c"
            RenderText {#text} at (0,0) size 8x20
              text run at (0,0) width 8: "c"
          RenderListItem {LI} at (40,240) size 18x20
            RenderListMarker at (-22,0) size 17x20: "d"
            RenderText {#text} at (0,0) size 9x20
              text run at (0,0) width 9: "d"
          RenderListItem {LI} at (40,260) size 18x20
            RenderListMarker at (-22,0) size 17x20: "e"
            RenderText {#text} at (0,0) size 9x20
              text run at (0,0) width 9: "e"
          RenderListItem {LI} at (40,280) size 18x20
            RenderListMarker at (-17,0) size 12x20: "f"
            RenderText {#text} at (0,0) size 4x20
              text run at (0,0) width 4: "f"
          RenderListItem {LI} at (40,300) size 18x20
            RenderListMarker at (-31,0) size 26x20: "10"
            RenderText {#text} at (0,0) size 18x20
              text run at (0,0) width 18: "10"
        RenderBlock (floating) {OL} at (78,298) size 69x20
          RenderListItem {LI} at (40,0) size 9x20
            RenderListMarker at (-22,0) size 17x20: "1"
            RenderText {#text} at (0,0) size 9x20
              text run at (0,0) width 9: "1"
        RenderBlock (floating) {OL} at (147,298) size 397x40
          RenderListItem {LI} at (300,0) size 77x20
            RenderListMarker at (-90,0) size 85x20: "-80000000"
            RenderInline (generated) at (0,0) size 5x20
              RenderText at (0,0) size 5x20
                text run at (0,0) width 5: "-"
            RenderText {#text} at (5,0) size 72x20
              text run at (5,0) width 72: "80000000"
          RenderListItem {LI} at (300,20) size 77x20
            RenderListMarker at (-55,0) size 50x20: "-7fffffff"
            RenderInline (generated) at (0,0) size 5x20
              RenderText at (0,0) size 5x20
                text run at (0,0) width 5: "-"
            RenderText {#text} at (5,0) size 37x20
              text run at (5,0) width 37: "7fffffff"
      RenderBlock {DIV} at (0,3153) size 768x383
        RenderBlock {H2} at (0,352) size 768x31
          RenderText {#text} at (0,0) size 35x31
            text run at (0,0) width 35: "lao"
        RenderBlock (floating) {OL} at (0,418) size 92x200
          RenderListItem {LI} at (40,0) size 32x20
            RenderListMarker at (-29,0) size 24x20: "\x{ED1}"
            RenderText {#text} at (0,0) size 16x20
              text run at (0,0) width 16: "\x{ED1}"
          RenderListItem {LI} at (40,20) size 32x20
            RenderListMarker at (-29,0) size 24x20: "\x{ED2}"
            RenderText {#text} at (0,0) size 16x20
              text run at (0,0) width 16: "\x{ED2}"
          RenderListItem {LI} at (40,40) size 32x20
            RenderListMarker at (-29,0) size 24x20: "\x{ED3}"
            RenderText {#text} at (0,0) size 16x20
              text run at (0,0) width 16: "\x{ED3}"
          RenderListItem {LI} at (40,60) size 32x20
            RenderListMarker at (-29,0) size 24x20: "\x{ED4}"
            RenderText {#text} at (0,0) size 16x20
              text run at (0,0) width 16: "\x{ED4}"
          RenderListItem {LI} at (40,80) size 32x20
            RenderListMarker at (-29,0) size 24x20: "\x{ED5}"
            RenderText {#text} at (0,0) size 16x20
              text run at (0,0) width 16: "\x{ED5}"
          RenderListItem {LI} at (40,100) size 32x20
            RenderListMarker at (-29,0) size 24x20: "\x{ED6}"
            RenderText {#text} at (0,0) size 16x20
              text run at (0,0) width 16: "\x{ED6}"
          RenderListItem {LI} at (40,120) size 32x20
            RenderListMarker at (-29,0) size 24x20: "\x{ED7}"
            RenderText {#text} at (0,0) size 16x20
              text run at (0,0) width 16: "\x{ED7}"
          RenderListItem {LI} at (40,140) size 32x20
            RenderListMarker at (-29,0) size 24x20: "\x{ED8}"
            RenderText {#text} at (0,0) size 16x20
              text run at (0,0) width 16: "\x{ED8}"
          RenderListItem {LI} at (40,160) size 32x20
            RenderListMarker at (-29,0) size 24x20: "\x{ED9}"
            RenderText {#text} at (0,0) size 16x20
              text run at (0,0) width 16: "\x{ED9}"
          RenderListItem {LI} at (40,180) size 32x20
            RenderListMarker at (-45,0) size 40x20: "\x{ED1}\x{ED0}"
            RenderText {#text} at (0,0) size 32x20
              text run at (0,0) width 32: "\x{ED1}\x{ED0}"
        RenderBlock (floating) {OL} at (92,418) size 76x20
          RenderListItem {LI} at (40,0) size 16x20
            RenderListMarker at (-29,0) size 24x20: "\x{ED1}"
            RenderText {#text} at (0,0) size 16x20
              text run at (0,0) width 16: "\x{ED1}"
        RenderBlock (floating) {OL} at (168,418) size 485x40
          RenderListItem {LI} at (300,0) size 165x20
            RenderListMarker at (-178,0) size 173x20: "-\x{ED2}\x{ED1}\x{ED4}\x{ED7}\x{ED4}\x{ED8}\x{ED3}\x{ED6}\x{ED4}\x{ED8}"
            RenderInline (generated) at (0,0) size 5x20
              RenderText at (0,0) size 5x20
                text run at (0,0) width 5: "-"
            RenderText {#text} at (5,0) size 160x20
              text run at (5,0) width 160: "\x{ED2}\x{ED1}\x{ED4}\x{ED7}\x{ED4}\x{ED8}\x{ED3}\x{ED6}\x{ED4}\x{ED8}"
          RenderListItem {LI} at (300,20) size 165x20
            RenderListMarker at (-178,0) size 173x20: "-\x{ED2}\x{ED1}\x{ED4}\x{ED7}\x{ED4}\x{ED8}\x{ED3}\x{ED6}\x{ED4}\x{ED7}"
            RenderInline (generated) at (0,0) size 5x20
              RenderText at (0,0) size 5x20
                text run at (0,0) width 5: "-"
            RenderText {#text} at (5,0) size 160x20
              text run at (5,0) width 160: "\x{ED2}\x{ED1}\x{ED4}\x{ED7}\x{ED4}\x{ED8}\x{ED3}\x{ED6}\x{ED4}\x{ED7}"
      RenderBlock {DIV} at (0,3555) size 768x263
        RenderBlock {H2} at (0,232) size 768x31
          RenderText {#text} at (0,0) size 121x31
            text run at (0,0) width 121: "malayalam"
        RenderBlock (floating) {OL} at (0,298) size 92x200
          RenderListItem {LI} at (40,0) size 32x20
            RenderListMarker at (-29,0) size 24x20: "\x{D67}"
            RenderText {#text} at (0,0) size 16x20
              text run at (0,0) width 16: "\x{D67}"
          RenderListItem {LI} at (40,20) size 32x20
            RenderListMarker at (-29,0) size 24x20: "\x{D68}"
            RenderText {#text} at (0,0) size 16x20
              text run at (0,0) width 16: "\x{D68}"
          RenderListItem {LI} at (40,40) size 32x20
            RenderListMarker at (-29,0) size 24x20: "\x{D69}"
            RenderText {#text} at (0,0) size 16x20
              text run at (0,0) width 16: "\x{D69}"
          RenderListItem {LI} at (40,60) size 32x20
            RenderListMarker at (-29,0) size 24x20: "\x{D6A}"
            RenderText {#text} at (0,0) size 16x20
              text run at (0,0) width 16: "\x{D6A}"
          RenderListItem {LI} at (40,80) size 32x20
            RenderListMarker at (-29,0) size 24x20: "\x{D6B}"
            RenderText {#text} at (0,0) size 16x20
              text run at (0,0) width 16: "\x{D6B}"
          RenderListItem {LI} at (40,100) size 32x20
            RenderListMarker at (-29,0) size 24x20: "\x{D6C}"
            RenderText {#text} at (0,0) size 16x20
              text run at (0,0) width 16: "\x{D6C}"
          RenderListItem {LI} at (40,120) size 32x20
            RenderListMarker at (-29,0) size 24x20: "\x{D6D}"
            RenderText {#text} at (0,0) size 16x20
              text run at (0,0) width 16: "\x{D6D}"
          RenderListItem {LI} at (40,140) size 32x20
            RenderListMarker at (-29,0) size 24x20: "\x{D6E}"
            RenderText {#text} at (0,0) size 16x20
              text run at (0,0) width 16: "\x{D6E}"
          RenderListItem {LI} at (40,160) size 32x20
            RenderListMarker at (-29,0) size 24x20: "\x{D6F}"
            RenderText {#text} at (0,0) size 16x20
              text run at (0,0) width 16: "\x{D6F}"
          RenderListItem {LI} at (40,180) size 32x20
            RenderListMarker at (-45,0) size 40x20: "\x{D67}\x{D66}"
            RenderText {#text} at (0,0) size 32x20
              text run at (0,0) width 32: "\x{D67}\x{D66}"
        RenderBlock (floating) {OL} at (92,298) size 76x20
          RenderListItem {LI} at (40,0) size 16x20
            RenderListMarker at (-29,0) size 24x20: "\x{D67}"
            RenderText {#text} at (0,0) size 16x20
              text run at (0,0) width 16: "\x{D67}"
        RenderBlock (floating) {OL} at (168,298) size 485x40
          RenderListItem {LI} at (300,0) size 165x20
            RenderListMarker at (-178,0) size 173x20: "-\x{D68}\x{D67}\x{D6A}\x{D6D}\x{D6A}\x{D6E}\x{D69}\x{D6C}\x{D6A}\x{D6E}"
            RenderInline (generated) at (0,0) size 5x20
              RenderText at (0,0) size 5x20
                text run at (0,0) width 5: "-"
            RenderText {#text} at (5,0) size 160x20
              text run at (5,0) width 160: "\x{D68}\x{D67}\x{D6A}\x{D6D}\x{D6A}\x{D6E}\x{D69}\x{D6C}\x{D6A}\x{D6E}"
          RenderListItem {LI} at (300,20) size 165x20
            RenderListMarker at (-178,0) size 173x20: "-\x{D68}\x{D67}\x{D6A}\x{D6D}\x{D6A}\x{D6E}\x{D69}\x{D6C}\x{D6A}\x{D6D}"
            RenderInline (generated) at (0,0) size 5x20
              RenderText at (0,0) size 5x20
                text run at (0,0) width 5: "-"
            RenderText {#text} at (5,0) size 160x20
              text run at (5,0) width 160: "\x{D68}\x{D67}\x{D6A}\x{D6D}\x{D6A}\x{D6E}\x{D69}\x{D6C}\x{D6A}\x{D6D}"
      RenderBlock {DIV} at (0,3837) size 768x263
        RenderBlock {H2} at (0,232) size 768x31
          RenderText {#text} at (0,0) size 123x31
            text run at (0,0) width 123: "mongolian"
        RenderBlock (floating) {OL} at (0,298) size 68x200
          RenderListItem {LI} at (40,0) size 8x20
            RenderListMarker at (-17,0) size 12x20: "\x{1811}"
            RenderText {#text} at (0,0) size 4x20
              text run at (0,0) width 4: "\x{1811}"
          RenderListItem {LI} at (40,20) size 8x20
            RenderListMarker at (-17,0) size 12x20: "\x{1812}"
            RenderText {#text} at (0,0) size 4x20
              text run at (0,0) width 4: "\x{1812}"
          RenderListItem {LI} at (40,40) size 8x20
            RenderListMarker at (-17,0) size 12x20: "\x{1813}"
            RenderText {#text} at (0,0) size 4x20
              text run at (0,0) width 4: "\x{1813}"
          RenderListItem {LI} at (40,60) size 8x20
            RenderListMarker at (-17,0) size 12x20: "\x{1814}"
            RenderText {#text} at (0,0) size 4x20
              text run at (0,0) width 4: "\x{1814}"
          RenderListItem {LI} at (40,80) size 8x20
            RenderListMarker at (-17,0) size 12x20: "\x{1815}"
            RenderText {#text} at (0,0) size 4x20
              text run at (0,0) width 4: "\x{1815}"
          RenderListItem {LI} at (40,100) size 8x20
            RenderListMarker at (-17,0) size 12x20: "\x{1816}"
            RenderText {#text} at (0,0) size 4x20
              text run at (0,0) width 4: "\x{1816}"
          RenderListItem {LI} at (40,120) size 8x20
            RenderListMarker at (-17,0) size 12x20: "\x{1817}"
            RenderText {#text} at (0,0) size 4x20
              text run at (0,0) width 4: "\x{1817}"
          RenderListItem {LI} at (40,140) size 8x20
            RenderListMarker at (-17,0) size 12x20: "\x{1818}"
            RenderText {#text} at (0,0) size 4x20
              text run at (0,0) width 4: "\x{1818}"
          RenderListItem {LI} at (40,160) size 8x20
            RenderListMarker at (-17,0) size 12x20: "\x{1819}"
            RenderText {#text} at (0,0) size 4x20
              text run at (0,0) width 4: "\x{1819}"
          RenderListItem {LI} at (40,180) size 8x20
            RenderListMarker at (-21,0) size 16x20: "\x{1811}\x{1810}"
            RenderText {#text} at (0,0) size 8x20
              text run at (0,0) width 8: "\x{1811}\x{1810}"
        RenderBlock (floating) {OL} at (68,298) size 64x20
          RenderListItem {LI} at (40,0) size 4x20
            RenderListMarker at (-17,0) size 12x20: "\x{1811}"
            RenderText {#text} at (0,0) size 4x20
              text run at (0,0) width 4: "\x{1811}"
        RenderBlock (floating) {OL} at (132,298) size 365x40
          RenderListItem {LI} at (300,0) size 45x20
            RenderListMarker at (-58,0) size 53x20: "-\x{1812}\x{1811}\x{1814}\x{1817}\x{1814}\x{1818}\x{1813}\x{1816}\x{1814}\x{1818}"
            RenderInline (generated) at (0,0) size 5x20
              RenderText at (0,0) size 5x20
                text run at (0,0) width 5: "-"
            RenderText {#text} at (5,0) size 40x20
              text run at (5,0) width 40: "\x{1812}\x{1811}\x{1814}\x{1817}\x{1814}\x{1818}\x{1813}\x{1816}\x{1814}\x{1818}"
          RenderListItem {LI} at (300,20) size 45x20
            RenderListMarker at (-58,0) size 53x20: "-\x{1812}\x{1811}\x{1814}\x{1817}\x{1814}\x{1818}\x{1813}\x{1816}\x{1814}\x{1817}"
            RenderInline (generated) at (0,0) size 5x20
              RenderText at (0,0) size 5x20
                text run at (0,0) width 5: "-"
            RenderText {#text} at (5,0) size 40x20
              text run at (5,0) width 40: "\x{1812}\x{1811}\x{1814}\x{1817}\x{1814}\x{1818}\x{1813}\x{1816}\x{1814}\x{1817}"
      RenderBlock {DIV} at (0,4119) size 768x263
        RenderBlock {H2} at (0,232) size 768x31
          RenderText {#text} at (0,0) size 106x31
            text run at (0,0) width 106: "myanmar"
        RenderBlock (floating) {OL} at (0,298) size 92x200
          RenderListItem {LI} at (40,0) size 32x20
            RenderListMarker at (-29,0) size 24x20: "\x{1041}"
            RenderText {#text} at (0,0) size 16x20
              text run at (0,0) width 16: "\x{1041}"
          RenderListItem {LI} at (40,20) size 32x20
            RenderListMarker at (-29,0) size 24x20: "\x{1042}"
            RenderText {#text} at (0,0) size 16x20
              text run at (0,0) width 16: "\x{1042}"
          RenderListItem {LI} at (40,40) size 32x20
            RenderListMarker at (-29,0) size 24x20: "\x{1043}"
            RenderText {#text} at (0,0) size 16x20
              text run at (0,0) width 16: "\x{1043}"
          RenderListItem {LI} at (40,60) size 32x20
            RenderListMarker at (-29,0) size 24x20: "\x{1044}"
            RenderText {#text} at (0,0) size 16x20
              text run at (0,0) width 16: "\x{1044}"
          RenderListItem {LI} at (40,80) size 32x20
            RenderListMarker at (-29,0) size 24x20: "\x{1045}"
            RenderText {#text} at (0,0) size 16x20
              text run at (0,0) width 16: "\x{1045}"
          RenderListItem {LI} at (40,100) size 32x20
            RenderListMarker at (-29,0) size 24x20: "\x{1046}"
            RenderText {#text} at (0,0) size 16x20
              text run at (0,0) width 16: "\x{1046}"
          RenderListItem {LI} at (40,120) size 32x20
            RenderListMarker at (-29,0) size 24x20: "\x{1047}"
            RenderText {#text} at (0,0) size 16x20
              text run at (0,0) width 16: "\x{1047}"
          RenderListItem {LI} at (40,140) size 32x20
            RenderListMarker at (-29,0) size 24x20: "\x{1048}"
            RenderText {#text} at (0,0) size 16x20
              text run at (0,0) width 16: "\x{1048}"
          RenderListItem {LI} at (40,160) size 32x20
            RenderListMarker at (-29,0) size 24x20: "\x{1049}"
            RenderText {#text} at (0,0) size 16x20
              text run at (0,0) width 16: "\x{1049}"
          RenderListItem {LI} at (40,180) size 32x20
            RenderListMarker at (-45,0) size 40x20: "\x{1041}\x{1040}"
            RenderText {#text} at (0,0) size 32x20
              text run at (0,0) width 32: "\x{1041}\x{1040}"
        RenderBlock (floating) {OL} at (92,298) size 76x20
          RenderListItem {LI} at (40,0) size 16x20
            RenderListMarker at (-29,0) size 24x20: "\x{1041}"
            RenderText {#text} at (0,0) size 16x20
              text run at (0,0) width 16: "\x{1041}"
        RenderBlock (floating) {OL} at (168,298) size 485x40
          RenderListItem {LI} at (300,0) size 165x20
            RenderListMarker at (-178,0) size 173x20: "-\x{1042}\x{1041}\x{1044}\x{1047}\x{1044}\x{1048}\x{1043}\x{1046}\x{1044}\x{1048}"
            RenderInline (generated) at (0,0) size 5x20
              RenderText at (0,0) size 5x20
                text run at (0,0) width 5: "-"
            RenderText {#text} at (5,0) size 160x20
              text run at (5,0) width 160: "\x{1042}\x{1041}\x{1044}\x{1047}\x{1044}\x{1048}\x{1043}\x{1046}\x{1044}\x{1048}"
          RenderListItem {LI} at (300,20) size 165x20
            RenderListMarker at (-178,0) size 173x20: "-\x{1042}\x{1041}\x{1044}\x{1047}\x{1044}\x{1048}\x{1043}\x{1046}\x{1044}\x{1047}"
            RenderInline (generated) at (0,0) size 5x20
              RenderText at (0,0) size 5x20
                text run at (0,0) width 5: "-"
            RenderText {#text} at (5,0) size 160x20
              text run at (5,0) width 160: "\x{1042}\x{1041}\x{1044}\x{1047}\x{1044}\x{1048}\x{1043}\x{1046}\x{1044}\x{1047}"
      RenderBlock {DIV} at (0,4401) size 768x263
        RenderBlock {H2} at (0,232) size 768x31
          RenderText {#text} at (0,0) size 56x31
            text run at (0,0) width 56: "octal"
        RenderBlock (floating) {OL} at (0,298) size 78x160
          RenderListItem {LI} at (40,0) size 18x20
            RenderListMarker at (-22,0) size 17x20: "1"
            RenderText {#text} at (0,0) size 9x20
              text run at (0,0) width 9: "1"
          RenderListItem {LI} at (40,20) size 18x20
            RenderListMarker at (-22,0) size 17x20: "2"
            RenderText {#text} at (0,0) size 9x20
              text run at (0,0) width 9: "2"
          RenderListItem {LI} at (40,40) size 18x20
            RenderListMarker at (-22,0) size 17x20: "3"
            RenderText {#text} at (0,0) size 9x20
              text run at (0,0) width 9: "3"
          RenderListItem {LI} at (40,60) size 18x20
            RenderListMarker at (-22,0) size 17x20: "4"
            RenderText {#text} at (0,0) size 9x20
              text run at (0,0) width 9: "4"
          RenderListItem {LI} at (40,80) size 18x20
            RenderListMarker at (-22,0) size 17x20: "5"
            RenderText {#text} at (0,0) size 9x20
              text run at (0,0) width 9: "5"
          RenderListItem {LI} at (40,100) size 18x20
            RenderListMarker at (-22,0) size 17x20: "6"
            RenderText {#text} at (0,0) size 9x20
              text run at (0,0) width 9: "6"
          RenderListItem {LI} at (40,120) size 18x20
            RenderListMarker at (-22,0) size 17x20: "7"
            RenderText {#text} at (0,0) size 9x20
              text run at (0,0) width 9: "7"
          RenderListItem {LI} at (40,140) size 18x20
            RenderListMarker at (-31,0) size 26x20: "10"
            RenderText {#text} at (0,0) size 18x20
              text run at (0,0) width 18: "10"
        RenderBlock (floating) {OL} at (78,298) size 69x20
          RenderListItem {LI} at (40,0) size 9x20
            RenderListMarker at (-22,0) size 17x20: "1"
            RenderText {#text} at (0,0) size 9x20
              text run at (0,0) width 9: "1"
        RenderBlock (floating) {OL} at (147,298) size 424x40
          RenderListItem {LI} at (300,0) size 104x20
            RenderListMarker at (-117,0) size 112x20: "-20000000000"
            RenderInline (generated) at (0,0) size 5x20
              RenderText at (0,0) size 5x20
                text run at (0,0) width 5: "-"
            RenderText {#text} at (5,0) size 99x20
              text run at (5,0) width 99: "20000000000"
          RenderListItem {LI} at (300,20) size 104x20
            RenderListMarker at (-117,0) size 112x20: "-17777777777"
            RenderInline (generated) at (0,0) size 5x20
              RenderText at (0,0) size 5x20
                text run at (0,0) width 5: "-"
            RenderText {#text} at (5,0) size 99x20
              text run at (5,0) width 99: "17777777777"
      RenderBlock {DIV} at (0,4683) size 768x223
        RenderBlock {H2} at (0,192) size 768x31
          RenderText {#text} at (0,0) size 57x31
            text run at (0,0) width 57: "oriya"
        RenderBlock (floating) {OL} at (0,258) size 92x200
          RenderListItem {LI} at (40,0) size 32x20
            RenderListMarker at (-29,0) size 24x20: "\x{B67}"
            RenderText {#text} at (0,0) size 16x20
              text run at (0,0) width 16: "\x{B67}"
          RenderListItem {LI} at (40,20) size 32x20
            RenderListMarker at (-29,0) size 24x20: "\x{B68}"
            RenderText {#text} at (0,0) size 16x20
              text run at (0,0) width 16: "\x{B68}"
          RenderListItem {LI} at (40,40) size 32x20
            RenderListMarker at (-29,0) size 24x20: "\x{B69}"
            RenderText {#text} at (0,0) size 16x20
              text run at (0,0) width 16: "\x{B69}"
          RenderListItem {LI} at (40,60) size 32x20
            RenderListMarker at (-29,0) size 24x20: "\x{B6A}"
            RenderText {#text} at (0,0) size 16x20
              text run at (0,0) width 16: "\x{B6A}"
          RenderListItem {LI} at (40,80) size 32x20
            RenderListMarker at (-29,0) size 24x20: "\x{B6B}"
            RenderText {#text} at (0,0) size 16x20
              text run at (0,0) width 16: "\x{B6B}"
          RenderListItem {LI} at (40,100) size 32x20
            RenderListMarker at (-29,0) size 24x20: "\x{B6C}"
            RenderText {#text} at (0,0) size 16x20
              text run at (0,0) width 16: "\x{B6C}"
          RenderListItem {LI} at (40,120) size 32x20
            RenderListMarker at (-29,0) size 24x20: "\x{B6D}"
            RenderText {#text} at (0,0) size 16x20
              text run at (0,0) width 16: "\x{B6D}"
          RenderListItem {LI} at (40,140) size 32x20
            RenderListMarker at (-29,0) size 24x20: "\x{B6E}"
            RenderText {#text} at (0,0) size 16x20
              text run at (0,0) width 16: "\x{B6E}"
          RenderListItem {LI} at (40,160) size 32x20
            RenderListMarker at (-29,0) size 24x20: "\x{B6F}"
            RenderText {#text} at (0,0) size 16x20
              text run at (0,0) width 16: "\x{B6F}"
          RenderListItem {LI} at (40,180) size 32x20
            RenderListMarker at (-45,0) size 40x20: "\x{B67}\x{B66}"
            RenderText {#text} at (0,0) size 32x20
              text run at (0,0) width 32: "\x{B67}\x{B66}"
        RenderBlock (floating) {OL} at (92,258) size 76x20
          RenderListItem {LI} at (40,0) size 16x20
            RenderListMarker at (-29,0) size 24x20: "\x{B67}"
            RenderText {#text} at (0,0) size 16x20
              text run at (0,0) width 16: "\x{B67}"
        RenderBlock (floating) {OL} at (168,258) size 485x40
          RenderListItem {LI} at (300,0) size 165x20
            RenderListMarker at (-178,0) size 173x20: "-\x{B68}\x{B67}\x{B6A}\x{B6D}\x{B6A}\x{B6E}\x{B69}\x{B6C}\x{B6A}\x{B6E}"
            RenderInline (generated) at (0,0) size 5x20
              RenderText at (0,0) size 5x20
                text run at (0,0) width 5: "-"
            RenderText {#text} at (5,0) size 160x20
              text run at (5,0) width 160: "\x{B68}\x{B67}\x{B6A}\x{B6D}\x{B6A}\x{B6E}\x{B69}\x{B6C}\x{B6A}\x{B6E}"
          RenderListItem {LI} at (300,20) size 165x20
            RenderListMarker at (-178,0) size 173x20: "-\x{B68}\x{B67}\x{B6A}\x{B6D}\x{B6A}\x{B6E}\x{B69}\x{B6C}\x{B6A}\x{B6D}"
            RenderInline (generated) at (0,0) size 5x20
              RenderText at (0,0) size 5x20
                text run at (0,0) width 5: "-"
            RenderText {#text} at (5,0) size 160x20
              text run at (5,0) width 160: "\x{B68}\x{B67}\x{B6A}\x{B6D}\x{B6A}\x{B6E}\x{B69}\x{B6C}\x{B6A}\x{B6D}"
      RenderBlock {DIV} at (0,4925) size 768x263
        RenderBlock {H2} at (0,232) size 768x31
          RenderText {#text} at (0,0) size 85x31
            text run at (0,0) width 85: "persian"
        RenderBlock (floating) {OL} at (0,298) size 92x200
          RenderListItem {LI} at (40,0) size 32x20
            RenderListMarker at (-29,0) size 24x20: "\x{6F1}"
            RenderText {#text} at (0,0) size 16x20
              text run at (0,0) width 16: "\x{6F1}"
          RenderListItem {LI} at (40,20) size 32x20
            RenderListMarker at (-29,0) size 24x20: "\x{6F2}"
            RenderText {#text} at (0,0) size 16x20
              text run at (0,0) width 16: "\x{6F2}"
          RenderListItem {LI} at (40,40) size 32x20
            RenderListMarker at (-29,0) size 24x20: "\x{6F3}"
            RenderText {#text} at (0,0) size 16x20
              text run at (0,0) width 16: "\x{6F3}"
          RenderListItem {LI} at (40,60) size 32x20
            RenderListMarker at (-29,0) size 24x20: "\x{6F4}"
            RenderText {#text} at (0,0) size 16x20
              text run at (0,0) width 16: "\x{6F4}"
          RenderListItem {LI} at (40,80) size 32x20
            RenderListMarker at (-29,0) size 24x20: "\x{6F5}"
            RenderText {#text} at (0,0) size 16x20
              text run at (0,0) width 16: "\x{6F5}"
          RenderListItem {LI} at (40,100) size 32x20
            RenderListMarker at (-29,0) size 24x20: "\x{6F6}"
            RenderText {#text} at (0,0) size 16x20
              text run at (0,0) width 16: "\x{6F6}"
          RenderListItem {LI} at (40,120) size 32x20
            RenderListMarker at (-29,0) size 24x20: "\x{6F7}"
            RenderText {#text} at (0,0) size 16x20
              text run at (0,0) width 16: "\x{6F7}"
          RenderListItem {LI} at (40,140) size 32x20
            RenderListMarker at (-29,0) size 24x20: "\x{6F8}"
            RenderText {#text} at (0,0) size 16x20
              text run at (0,0) width 16: "\x{6F8}"
          RenderListItem {LI} at (40,160) size 32x20
            RenderListMarker at (-29,0) size 24x20: "\x{6F9}"
            RenderText {#text} at (0,0) size 16x20
              text run at (0,0) width 16: "\x{6F9}"
          RenderListItem {LI} at (40,180) size 32x20
            RenderListMarker at (-45,0) size 40x20: "\x{6F1}\x{6F0}"
            RenderText {#text} at (0,0) size 32x20
              text run at (0,0) width 32: "\x{6F1}\x{6F0}"
        RenderBlock (floating) {OL} at (92,298) size 76x20
          RenderListItem {LI} at (40,0) size 16x20
            RenderListMarker at (-29,0) size 24x20: "\x{6F1}"
            RenderText {#text} at (0,0) size 16x20
              text run at (0,0) width 16: "\x{6F1}"
        RenderBlock (floating) {OL} at (168,298) size 485x40
          RenderListItem {LI} at (300,0) size 165x20
            RenderListMarker at (-178,0) size 173x20: "-\x{6F2}\x{6F1}\x{6F4}\x{6F7}\x{6F4}\x{6F8}\x{6F3}\x{6F6}\x{6F4}\x{6F8}"
            RenderInline (generated) at (0,0) size 5x20
              RenderText at (0,0) size 5x20
                text run at (0,0) width 5: "-"
            RenderText {#text} at (5,0) size 160x20
              text run at (5,0) width 160: "\x{6F2}\x{6F1}\x{6F4}\x{6F7}\x{6F4}\x{6F8}\x{6F3}\x{6F6}\x{6F4}\x{6F8}"
          RenderListItem {LI} at (300,20) size 165x20
            RenderListMarker at (-178,0) size 173x20: "-\x{6F2}\x{6F1}\x{6F4}\x{6F7}\x{6F4}\x{6F8}\x{6F3}\x{6F6}\x{6F4}\x{6F7}"
            RenderInline (generated) at (0,0) size 5x20
              RenderText at (0,0) size 5x20
                text run at (0,0) width 5: "-"
            RenderText {#text} at (5,0) size 160x20
              text run at (5,0) width 160: "\x{6F2}\x{6F1}\x{6F4}\x{6F7}\x{6F4}\x{6F8}\x{6F3}\x{6F6}\x{6F4}\x{6F7}"
      RenderBlock {DIV} at (0,5207) size 768x263
        RenderBlock {H2} at (0,232) size 768x31
          RenderText {#text} at (0,0) size 54x31
            text run at (0,0) width 54: "urdu"
        RenderBlock (floating) {OL} at (0,298) size 92x200
          RenderListItem {LI} at (40,0) size 32x20
            RenderListMarker at (-29,0) size 24x20: "\x{6F1}"
            RenderText {#text} at (0,0) size 16x20
              text run at (0,0) width 16: "\x{6F1}"
          RenderListItem {LI} at (40,20) size 32x20
            RenderListMarker at (-29,0) size 24x20: "\x{6F2}"
            RenderText {#text} at (0,0) size 16x20
              text run at (0,0) width 16: "\x{6F2}"
          RenderListItem {LI} at (40,40) size 32x20
            RenderListMarker at (-29,0) size 24x20: "\x{6F3}"
            RenderText {#text} at (0,0) size 16x20
              text run at (0,0) width 16: "\x{6F3}"
          RenderListItem {LI} at (40,60) size 32x20
            RenderListMarker at (-29,0) size 24x20: "\x{6F4}"
            RenderText {#text} at (0,0) size 16x20
              text run at (0,0) width 16: "\x{6F4}"
          RenderListItem {LI} at (40,80) size 32x20
            RenderListMarker at (-29,0) size 24x20: "\x{6F5}"
            RenderText {#text} at (0,0) size 16x20
              text run at (0,0) width 16: "\x{6F5}"
          RenderListItem {LI} at (40,100) size 32x20
            RenderListMarker at (-29,0) size 24x20: "\x{6F6}"
            RenderText {#text} at (0,0) size 16x20
              text run at (0,0) width 16: "\x{6F6}"
          RenderListItem {LI} at (40,120) size 32x20
            RenderListMarker at (-29,0) size 24x20: "\x{6F7}"
            RenderText {#text} at (0,0) size 16x20
              text run at (0,0) width 16: "\x{6F7}"
          RenderListItem {LI} at (40,140) size 32x20
            RenderListMarker at (-29,0) size 24x20: "\x{6F8}"
            RenderText {#text} at (0,0) size 16x20
              text run at (0,0) width 16: "\x{6F8}"
          RenderListItem {LI} at (40,160) size 32x20
            RenderListMarker at (-29,0) size 24x20: "\x{6F9}"
            RenderText {#text} at (0,0) size 16x20
              text run at (0,0) width 16: "\x{6F9}"
          RenderListItem {LI} at (40,180) size 32x20
            RenderListMarker at (-45,0) size 40x20: "\x{6F1}\x{6F0}"
            RenderText {#text} at (0,0) size 32x20
              text run at (0,0) width 32: "\x{6F1}\x{6F0}"
        RenderBlock (floating) {OL} at (92,298) size 76x20
          RenderListItem {LI} at (40,0) size 16x20
            RenderListMarker at (-29,0) size 24x20: "\x{6F1}"
            RenderText {#text} at (0,0) size 16x20
              text run at (0,0) width 16: "\x{6F1}"
        RenderBlock (floating) {OL} at (168,298) size 485x40
          RenderListItem {LI} at (300,0) size 165x20
            RenderListMarker at (-178,0) size 173x20: "-\x{6F2}\x{6F1}\x{6F4}\x{6F7}\x{6F4}\x{6F8}\x{6F3}\x{6F6}\x{6F4}\x{6F8}"
            RenderInline (generated) at (0,0) size 5x20
              RenderText at (0,0) size 5x20
                text run at (0,0) width 5: "-"
            RenderText {#text} at (5,0) size 160x20
              text run at (5,0) width 160: "\x{6F2}\x{6F1}\x{6F4}\x{6F7}\x{6F4}\x{6F8}\x{6F3}\x{6F6}\x{6F4}\x{6F8}"
          RenderListItem {LI} at (300,20) size 165x20
            RenderListMarker at (-178,0) size 173x20: "-\x{6F2}\x{6F1}\x{6F4}\x{6F7}\x{6F4}\x{6F8}\x{6F3}\x{6F6}\x{6F4}\x{6F7}"
            RenderInline (generated) at (0,0) size 5x20
              RenderText at (0,0) size 5x20
                text run at (0,0) width 5: "-"
            RenderText {#text} at (5,0) size 160x20
              text run at (5,0) width 160: "\x{6F2}\x{6F1}\x{6F4}\x{6F7}\x{6F4}\x{6F8}\x{6F3}\x{6F6}\x{6F4}\x{6F7}"
      RenderBlock {DIV} at (0,5489) size 768x263
        RenderBlock {H2} at (0,232) size 768x31
          RenderText {#text} at (0,0) size 73x31
            text run at (0,0) width 73: "telugu"
        RenderBlock (floating) {OL} at (0,298) size 92x200
          RenderListItem {LI} at (40,0) size 32x20
            RenderListMarker at (-29,0) size 24x20: "\x{C67}"
            RenderText {#text} at (0,0) size 16x20
              text run at (0,0) width 16: "\x{C67}"
          RenderListItem {LI} at (40,20) size 32x20
            RenderListMarker at (-29,0) size 24x20: "\x{C68}"
            RenderText {#text} at (0,0) size 16x20
              text run at (0,0) width 16: "\x{C68}"
          RenderListItem {LI} at (40,40) size 32x20
            RenderListMarker at (-29,0) size 24x20: "\x{C69}"
            RenderText {#text} at (0,0) size 16x20
              text run at (0,0) width 16: "\x{C69}"
          RenderListItem {LI} at (40,60) size 32x20
            RenderListMarker at (-29,0) size 24x20: "\x{C6A}"
            RenderText {#text} at (0,0) size 16x20
              text run at (0,0) width 16: "\x{C6A}"
          RenderListItem {LI} at (40,80) size 32x20
            RenderListMarker at (-29,0) size 24x20: "\x{C6B}"
            RenderText {#text} at (0,0) size 16x20
              text run at (0,0) width 16: "\x{C6B}"
          RenderListItem {LI} at (40,100) size 32x20
            RenderListMarker at (-29,0) size 24x20: "\x{C6C}"
            RenderText {#text} at (0,0) size 16x20
              text run at (0,0) width 16: "\x{C6C}"
          RenderListItem {LI} at (40,120) size 32x20
            RenderListMarker at (-29,0) size 24x20: "\x{C6D}"
            RenderText {#text} at (0,0) size 16x20
              text run at (0,0) width 16: "\x{C6D}"
          RenderListItem {LI} at (40,140) size 32x20
            RenderListMarker at (-29,0) size 24x20: "\x{C6E}"
            RenderText {#text} at (0,0) size 16x20
              text run at (0,0) width 16: "\x{C6E}"
          RenderListItem {LI} at (40,160) size 32x20
            RenderListMarker at (-29,0) size 24x20: "\x{C6F}"
            RenderText {#text} at (0,0) size 16x20
              text run at (0,0) width 16: "\x{C6F}"
          RenderListItem {LI} at (40,180) size 32x20
            RenderListMarker at (-45,0) size 40x20: "\x{C67}\x{C66}"
            RenderText {#text} at (0,0) size 32x20
              text run at (0,0) width 32: "\x{C67}\x{C66}"
        RenderBlock (floating) {OL} at (92,298) size 76x20
          RenderListItem {LI} at (40,0) size 16x20
            RenderListMarker at (-29,0) size 24x20: "\x{C67}"
            RenderText {#text} at (0,0) size 16x20
              text run at (0,0) width 16: "\x{C67}"
        RenderBlock (floating) {OL} at (168,298) size 485x40
          RenderListItem {LI} at (300,0) size 165x20
            RenderListMarker at (-178,0) size 173x20: "-\x{C68}\x{C67}\x{C6A}\x{C6D}\x{C6A}\x{C6E}\x{C69}\x{C6C}\x{C6A}\x{C6E}"
            RenderInline (generated) at (0,0) size 5x20
              RenderText at (0,0) size 5x20
                text run at (0,0) width 5: "-"
            RenderText {#text} at (5,0) size 160x20
              text run at (5,0) width 160: "\x{C68}\x{C67}\x{C6A}\x{C6D}\x{C6A}\x{C6E}\x{C69}\x{C6C}\x{C6A}\x{C6E}"
          RenderListItem {LI} at (300,20) size 165x20
            RenderListMarker at (-178,0) size 173x20: "-\x{C68}\x{C67}\x{C6A}\x{C6D}\x{C6A}\x{C6E}\x{C69}\x{C6C}\x{C6A}\x{C6D}"
            RenderInline (generated) at (0,0) size 5x20
              RenderText at (0,0) size 5x20
                text run at (0,0) width 5: "-"
            RenderText {#text} at (5,0) size 160x20
              text run at (5,0) width 160: "\x{C68}\x{C67}\x{C6A}\x{C6D}\x{C6A}\x{C6E}\x{C69}\x{C6C}\x{C6A}\x{C6D}"
      RenderBlock {DIV} at (0,5771) size 768x263
        RenderBlock {H2} at (0,232) size 768x31
          RenderText {#text} at (0,0) size 79x31
            text run at (0,0) width 79: "tibetan"
        RenderBlock (floating) {OL} at (0,298) size 92x200
          RenderListItem {LI} at (40,0) size 32x20
            RenderListMarker at (-29,0) size 24x20: "\x{F21}"
            RenderText {#text} at (0,0) size 16x20
              text run at (0,0) width 16: "\x{F21}"
          RenderListItem {LI} at (40,20) size 32x20
            RenderListMarker at (-29,0) size 24x20: "\x{F22}"
            RenderText {#text} at (0,0) size 16x20
              text run at (0,0) width 16: "\x{F22}"
          RenderListItem {LI} at (40,40) size 32x20
            RenderListMarker at (-29,0) size 24x20: "\x{F23}"
            RenderText {#text} at (0,0) size 16x20
              text run at (0,0) width 16: "\x{F23}"
          RenderListItem {LI} at (40,60) size 32x20
            RenderListMarker at (-29,0) size 24x20: "\x{F24}"
            RenderText {#text} at (0,0) size 16x20
              text run at (0,0) width 16: "\x{F24}"
          RenderListItem {LI} at (40,80) size 32x20
            RenderListMarker at (-29,0) size 24x20: "\x{F25}"
            RenderText {#text} at (0,0) size 16x20
              text run at (0,0) width 16: "\x{F25}"
          RenderListItem {LI} at (40,100) size 32x20
            RenderListMarker at (-29,0) size 24x20: "\x{F26}"
            RenderText {#text} at (0,0) size 16x20
              text run at (0,0) width 16: "\x{F26}"
          RenderListItem {LI} at (40,120) size 32x20
            RenderListMarker at (-29,0) size 24x20: "\x{F27}"
            RenderText {#text} at (0,0) size 16x20
              text run at (0,0) width 16: "\x{F27}"
          RenderListItem {LI} at (40,140) size 32x20
            RenderListMarker at (-29,0) size 24x20: "\x{F28}"
            RenderText {#text} at (0,0) size 16x20
              text run at (0,0) width 16: "\x{F28}"
          RenderListItem {LI} at (40,160) size 32x20
            RenderListMarker at (-29,0) size 24x20: "\x{F29}"
            RenderText {#text} at (0,0) size 16x20
              text run at (0,0) width 16: "\x{F29}"
          RenderListItem {LI} at (40,180) size 32x20
            RenderListMarker at (-45,0) size 40x20: "\x{F21}\x{F20}"
            RenderText {#text} at (0,0) size 32x20
              text run at (0,0) width 32: "\x{F21}\x{F20}"
        RenderBlock (floating) {OL} at (92,298) size 76x20
          RenderListItem {LI} at (40,0) size 16x20
            RenderListMarker at (-29,0) size 24x20: "\x{F21}"
            RenderText {#text} at (0,0) size 16x20
              text run at (0,0) width 16: "\x{F21}"
        RenderBlock (floating) {OL} at (168,298) size 485x40
          RenderListItem {LI} at (300,0) size 165x20
            RenderListMarker at (-178,0) size 173x20: "-\x{F22}\x{F21}\x{F24}\x{F27}\x{F24}\x{F28}\x{F23}\x{F26}\x{F24}\x{F28}"
            RenderInline (generated) at (0,0) size 5x20
              RenderText at (0,0) size 5x20
                text run at (0,0) width 5: "-"
            RenderText {#text} at (5,0) size 160x20
              text run at (5,0) width 160: "\x{F22}\x{F21}\x{F24}\x{F27}\x{F24}\x{F28}\x{F23}\x{F26}\x{F24}\x{F28}"
          RenderListItem {LI} at (300,20) size 165x20
            RenderListMarker at (-178,0) size 173x20: "-\x{F22}\x{F21}\x{F24}\x{F27}\x{F24}\x{F28}\x{F23}\x{F26}\x{F24}\x{F27}"
            RenderInline (generated) at (0,0) size 5x20
              RenderText at (0,0) size 5x20
                text run at (0,0) width 5: "-"
            RenderText {#text} at (5,0) size 160x20
              text run at (5,0) width 160: "\x{F22}\x{F21}\x{F24}\x{F27}\x{F24}\x{F28}\x{F23}\x{F26}\x{F24}\x{F27}"
      RenderBlock {DIV} at (0,6053) size 768x263
        RenderBlock {H2} at (0,232) size 768x31
          RenderText {#text} at (0,0) size 43x31
            text run at (0,0) width 43: "thai"
        RenderBlock (floating) {OL} at (0,298) size 92x200
          RenderListItem {LI} at (40,0) size 32x20
            RenderListMarker at (-29,0) size 24x20: "\x{E51}"
            RenderText {#text} at (0,0) size 16x20
              text run at (0,0) width 16: "\x{E51}"
          RenderListItem {LI} at (40,20) size 32x20
            RenderListMarker at (-29,0) size 24x20: "\x{E52}"
            RenderText {#text} at (0,0) size 16x20
              text run at (0,0) width 16: "\x{E52}"
          RenderListItem {LI} at (40,40) size 32x20
            RenderListMarker at (-29,0) size 24x20: "\x{E53}"
            RenderText {#text} at (0,0) size 16x20
              text run at (0,0) width 16: "\x{E53}"
          RenderListItem {LI} at (40,60) size 32x20
            RenderListMarker at (-29,0) size 24x20: "\x{E54}"
            RenderText {#text} at (0,0) size 16x20
              text run at (0,0) width 16: "\x{E54}"
          RenderListItem {LI} at (40,80) size 32x20
            RenderListMarker at (-29,0) size 24x20: "\x{E55}"
            RenderText {#text} at (0,0) size 16x20
              text run at (0,0) width 16: "\x{E55}"
          RenderListItem {LI} at (40,100) size 32x20
            RenderListMarker at (-29,0) size 24x20: "\x{E56}"
            RenderText {#text} at (0,0) size 16x20
              text run at (0,0) width 16: "\x{E56}"
          RenderListItem {LI} at (40,120) size 32x20
            RenderListMarker at (-29,0) size 24x20: "\x{E57}"
            RenderText {#text} at (0,0) size 16x20
              text run at (0,0) width 16: "\x{E57}"
          RenderListItem {LI} at (40,140) size 32x20
            RenderListMarker at (-29,0) size 24x20: "\x{E58}"
            RenderText {#text} at (0,0) size 16x20
              text run at (0,0) width 16: "\x{E58}"
          RenderListItem {LI} at (40,160) size 32x20
            RenderListMarker at (-29,0) size 24x20: "\x{E59}"
            RenderText {#text} at (0,0) size 16x20
              text run at (0,0) width 16: "\x{E59}"
          RenderListItem {LI} at (40,180) size 32x20
            RenderListMarker at (-45,0) size 40x20: "\x{E51}\x{E50}"
            RenderText {#text} at (0,0) size 32x20
              text run at (0,0) width 32: "\x{E51}\x{E50}"
        RenderBlock (floating) {OL} at (92,298) size 76x20
          RenderListItem {LI} at (40,0) size 16x20
            RenderListMarker at (-29,0) size 24x20: "\x{E51}"
            RenderText {#text} at (0,0) size 16x20
              text run at (0,0) width 16: "\x{E51}"
        RenderBlock (floating) {OL} at (168,298) size 485x40
          RenderListItem {LI} at (300,0) size 165x20
            RenderListMarker at (-178,0) size 173x20: "-\x{E52}\x{E51}\x{E54}\x{E57}\x{E54}\x{E58}\x{E53}\x{E56}\x{E54}\x{E58}"
            RenderInline (generated) at (0,0) size 5x20
              RenderText at (0,0) size 5x20
                text run at (0,0) width 5: "-"
            RenderText {#text} at (5,0) size 160x20
              text run at (5,0) width 160: "\x{E52}\x{E51}\x{E54}\x{E57}\x{E54}\x{E58}\x{E53}\x{E56}\x{E54}\x{E58}"
          RenderListItem {LI} at (300,20) size 165x20
            RenderListMarker at (-178,0) size 173x20: "-\x{E52}\x{E51}\x{E54}\x{E57}\x{E54}\x{E58}\x{E53}\x{E56}\x{E54}\x{E57}"
            RenderInline (generated) at (0,0) size 5x20
              RenderText at (0,0) size 5x20
                text run at (0,0) width 5: "-"
            RenderText {#text} at (5,0) size 160x20
              text run at (5,0) width 160: "\x{E52}\x{E51}\x{E54}\x{E57}\x{E54}\x{E58}\x{E53}\x{E56}\x{E54}\x{E57}"
      RenderBlock {DIV} at (0,6335) size 768x263
        RenderBlock {H2} at (0,232) size 768x31
          RenderText {#text} at (0,0) size 218x31
            text run at (0,0) width 218: "upper-hexadecimal"
        RenderBlock (floating) {OL} at (0,298) size 78x320
          RenderListItem {LI} at (40,0) size 18x20
            RenderListMarker at (-22,0) size 17x20: "1"
            RenderText {#text} at (0,0) size 9x20
              text run at (0,0) width 9: "1"
          RenderListItem {LI} at (40,20) size 18x20
            RenderListMarker at (-22,0) size 17x20: "2"
            RenderText {#text} at (0,0) size 9x20
              text run at (0,0) width 9: "2"
          RenderListItem {LI} at (40,40) size 18x20
            RenderListMarker at (-22,0) size 17x20: "3"
            RenderText {#text} at (0,0) size 9x20
              text run at (0,0) width 9: "3"
          RenderListItem {LI} at (40,60) size 18x20
            RenderListMarker at (-22,0) size 17x20: "4"
            RenderText {#text} at (0,0) size 9x20
              text run at (0,0) width 9: "4"
          RenderListItem {LI} at (40,80) size 18x20
            RenderListMarker at (-22,0) size 17x20: "5"
            RenderText {#text} at (0,0) size 9x20
              text run at (0,0) width 9: "5"
          RenderListItem {LI} at (40,100) size 18x20
            RenderListMarker at (-22,0) size 17x20: "6"
            RenderText {#text} at (0,0) size 9x20
              text run at (0,0) width 9: "6"
          RenderListItem {LI} at (40,120) size 18x20
            RenderListMarker at (-22,0) size 17x20: "7"
            RenderText {#text} at (0,0) size 9x20
              text run at (0,0) width 9: "7"
          RenderListItem {LI} at (40,140) size 18x20
            RenderListMarker at (-22,0) size 17x20: "8"
            RenderText {#text} at (0,0) size 9x20
              text run at (0,0) width 9: "8"
          RenderListItem {LI} at (40,160) size 18x20
            RenderListMarker at (-22,0) size 17x20: "9"
            RenderText {#text} at (0,0) size 9x20
              text run at (0,0) width 9: "9"
          RenderListItem {LI} at (40,180) size 18x20
            RenderListMarker at (-24,0) size 19x20: "A"
            RenderText {#text} at (0,0) size 11x20
              text run at (0,0) width 11: "A"
          RenderListItem {LI} at (40,200) size 18x20
            RenderListMarker at (-24,0) size 19x20: "B"
            RenderText {#text} at (0,0) size 11x20
              text run at (0,0) width 11: "B"
          RenderListItem {LI} at (40,220) size 18x20
            RenderListMarker at (-25,0) size 20x20: "C"
            RenderText {#text} at (0,0) size 12x20
              text run at (0,0) width 12: "C"
          RenderListItem {LI} at (40,240) size 18x20
            RenderListMarker at (-25,0) size 20x20: "D"
            RenderText {#text} at (0,0) size 12x20
              text run at (0,0) width 12: "D"
          RenderListItem {LI} at (40,260) size 18x20
            RenderListMarker at (-24,0) size 19x20: "E"
            RenderText {#text} at (0,0) size 11x20
              text run at (0,0) width 11: "E"
          RenderListItem {LI} at (40,280) size 18x20
            RenderListMarker at (-23,0) size 18x20: "F"
            RenderText {#text} at (0,0) size 10x20
              text run at (0,0) width 10: "F"
          RenderListItem {LI} at (40,300) size 18x20
            RenderListMarker at (-31,0) size 26x20: "10"
            RenderText {#text} at (0,0) size 18x20
              text run at (0,0) width 18: "10"
        RenderBlock (floating) {OL} at (78,298) size 69x20
          RenderListItem {LI} at (40,0) size 9x20
            RenderListMarker at (-22,0) size 17x20: "1"
            RenderText {#text} at (0,0) size 9x20
              text run at (0,0) width 9: "1"
        RenderBlock (floating) {OL} at (147,298) size 404x40
          RenderListItem {LI} at (300,0) size 84x20
            RenderListMarker at (-90,0) size 85x20: "-80000000"
            RenderInline (generated) at (0,0) size 5x20
              RenderText at (0,0) size 5x20
                text run at (0,0) width 5: "-"
            RenderText {#text} at (5,0) size 72x20
              text run at (5,0) width 72: "80000000"
          RenderListItem {LI} at (300,20) size 84x20
            RenderListMarker at (-97,0) size 92x20: "-7FFFFFFF"
            RenderInline (generated) at (0,0) size 5x20
              RenderText at (0,0) size 5x20
                text run at (0,0) width 5: "-"
            RenderText {#text} at (5,0) size 79x20
              text run at (5,0) width 79: "7FFFFFFF"
