layer at (0,0) size 800x600
  RenderView at (0,0) size 800x600
layer at (0,0) size 800x600
  RenderBlock {HTML} at (0,0) size 800x600
    RenderBody {BODY} at (8,8) size 784x584
      RenderTable {TABLE} at (0,0) size 457x326
        RenderTableSection {TBODY} at (0,0) size 457x326
          RenderTableRow {TR} at (0,2) size 457x25
            RenderTableCell {TD} at (2,2) size 53x25 [r=0 c=0 rs=1 cs=1]
              RenderTextControl {INPUT} at (3,3) size 47x19 [bgcolor=#FFFFFF] [border: (2px inset #000000)]
            RenderTableCell {TD} at (57,7) size 96x15 [color=#808080] [r=0 c=1 rs=1 cs=1]
              RenderInline (generated) at (0,0) size 56x13
                RenderText at (4,1) size 56x13
                  text run at (4,1) width 56: "expected: "
              RenderText {#text} at (60,1) size 28x13
                text run at (60,1) width 28: "1234"
            RenderTableCell {TD} at (155,7) size 300x15 [r=0 c=2 rs=1 cs=1]
              RenderText {#text} at (1,1) size 281x13
                text run at (1,1) width 281: "maxlength and value that violates it, maxlength first"
          RenderTableRow {TR} at (0,29) size 457x25
            RenderTableCell {TD} at (2,29) size 53x25 [r=1 c=0 rs=1 cs=1]
              RenderTextControl {INPUT} at (3,3) size 47x19 [bgcolor=#FFFFFF] [border: (2px inset #000000)]
            RenderTableCell {TD} at (57,34) size 96x15 [color=#808080] [r=1 c=1 rs=1 cs=1]
              RenderInline (generated) at (0,0) size 56x13
                RenderText at (4,1) size 56x13
                  text run at (4,1) width 56: "expected: "
              RenderText {#text} at (60,1) size 28x13
                text run at (60,1) width 28: "1234"
            RenderTableCell {TD} at (155,34) size 300x15 [r=1 c=2 rs=1 cs=1]
              RenderText {#text} at (1,1) size 251x13
                text run at (1,1) width 251: "maxlength and value that violates it, value first"
          RenderTableRow {TR} at (0,56) size 457x25
            RenderTableCell {TD} at (2,56) size 53x25 [r=2 c=0 rs=1 cs=1]
              RenderTextControl {INPUT} at (3,3) size 47x19 [bgcolor=#FFFFFF] [border: (2px inset #000000)]
            RenderTableCell {TD} at (57,61) size 96x15 [color=#808080] [r=2 c=1 rs=1 cs=1]
              RenderInline (generated) at (0,0) size 56x13
                RenderText at (4,1) size 56x13
                  text run at (4,1) width 56: "expected: "
              RenderText {#text} at (60,1) size 28x13
                text run at (60,1) width 28: "1234"
            RenderTableCell {TD} at (155,61) size 300x15 [r=2 c=2 rs=1 cs=1]
              RenderText {#text} at (1,1) size 226x13
                text run at (1,1) width 226: "set value attribute that violates maxlength"
          RenderTableRow {TR} at (0,83) size 457x25
            RenderTableCell {TD} at (2,83) size 53x25 [r=3 c=0 rs=1 cs=1]
              RenderTextControl {INPUT} at (3,3) size 47x19 [bgcolor=#FFFFFF] [border: (2px inset #000000)]
            RenderTableCell {TD} at (57,88) size 96x15 [color=#808080] [r=3 c=1 rs=1 cs=1]
              RenderInline (generated) at (0,0) size 56x13
                RenderText at (4,1) size 56x13
                  text run at (4,1) width 56: "expected: "
              RenderText {#text} at (60,1) size 28x13
                text run at (60,1) width 28: "1234"
            RenderTableCell {TD} at (155,88) size 300x15 [r=3 c=2 rs=1 cs=1]
              RenderText {#text} at (1,1) size 226x13
                text run at (1,1) width 226: "set value property that violates maxlength"
          RenderTableRow {TR} at (0,110) size 457x25
            RenderTableCell {TD} at (2,110) size 53x25 [r=4 c=0 rs=1 cs=1]
              RenderTextControl {INPUT} at (3,3) size 47x19 [bgcolor=#FFFFFF] [border: (2px inset #000000)]
            RenderTableCell {TD} at (57,115) size 96x15 [color=#808080] [r=4 c=1 rs=1 cs=1]
              RenderInline (generated) at (0,0) size 56x13
                RenderText at (4,1) size 56x13
                  text run at (4,1) width 56: "expected: "
              RenderText {#text} at (60,1) size 28x13
                text run at (60,1) width 28: "1234"
            RenderTableCell {TD} at (155,115) size 300x15 [r=4 c=2 rs=1 cs=1]
              RenderText {#text} at (1,1) size 296x13
                text run at (1,1) width 296: "set maxlength attribute that is smaller than initial value"
          RenderTableRow {TR} at (0,137) size 457x25
            RenderTableCell {TD} at (2,137) size 53x25 [r=5 c=0 rs=1 cs=1]
              RenderTextControl {INPUT} at (3,3) size 47x19 [bgcolor=#FFFFFF] [border: (2px inset #000000)]
            RenderTableCell {TD} at (57,142) size 96x15 [color=#808080] [r=5 c=1 rs=1 cs=1]
              RenderInline (generated) at (0,0) size 56x13
                RenderText at (4,1) size 56x13
                  text run at (4,1) width 56: "expected: "
              RenderText {#text} at (60,1) size 28x13
                text run at (60,1) width 28: "1234"
            RenderTableCell {TD} at (155,142) size 300x15 [r=5 c=2 rs=1 cs=1]
              RenderText {#text} at (1,1) size 298x13
                text run at (1,1) width 298: "set maxLength property that is smaller than initial value"
          RenderTableRow {TR} at (0,164) size 457x25
            RenderTableCell {TD} at (2,164) size 53x25 [r=6 c=0 rs=1 cs=1]
              RenderTextControl {INPUT} at (3,3) size 47x19 [bgcolor=#FFFFFF] [border: (2px inset #000000)]
            RenderTableCell {TD} at (57,169) size 96x15 [color=#808080] [r=6 c=1 rs=1 cs=1]
              RenderInline (generated) at (0,0) size 56x13
                RenderText at (4,1) size 56x13
                  text run at (4,1) width 56: "expected: "
              RenderText {#text} at (60,1) size 28x13
                text run at (60,1) width 28: "12x\x{305}\x{332}4"
            RenderTableCell {TD} at (155,169) size 300x15 [r=6 c=2 rs=1 cs=1]
              RenderText {#text} at (1,1) size 281x13
                text run at (1,1) width 281: "maxlength and value that violates it, maxlength first"
          RenderTableRow {TR} at (0,191) size 457x25
            RenderTableCell {TD} at (2,191) size 53x25 [r=7 c=0 rs=1 cs=1]
              RenderTextControl {INPUT} at (3,3) size 47x19 [bgcolor=#FFFFFF] [border: (2px inset #000000)]
            RenderTableCell {TD} at (57,196) size 96x15 [color=#808080] [r=7 c=1 rs=1 cs=1]
              RenderInline (generated) at (0,0) size 56x13
                RenderText at (4,1) size 56x13
                  text run at (4,1) width 56: "expected: "
              RenderText {#text} at (60,1) size 28x13
                text run at (60,1) width 28: "12x\x{305}\x{332}4"
            RenderTableCell {TD} at (155,196) size 300x15 [r=7 c=2 rs=1 cs=1]
              RenderText {#text} at (1,1) size 251x13
                text run at (1,1) width 251: "maxlength and value that violates it, value first"
          RenderTableRow {TR} at (0,218) size 457x25
            RenderTableCell {TD} at (2,218) size 53x25 [r=8 c=0 rs=1 cs=1]
              RenderTextControl {INPUT} at (3,3) size 47x19 [bgcolor=#FFFFFF] [border: (2px inset #000000)]
            RenderTableCell {TD} at (57,223) size 96x15 [color=#808080] [r=8 c=1 rs=1 cs=1]
              RenderInline (generated) at (0,0) size 56x13
                RenderText at (4,1) size 56x13
                  text run at (4,1) width 56: "expected: "
              RenderText {#text} at (60,1) size 28x13
                text run at (60,1) width 28: "12x\x{305}\x{332}4"
            RenderTableCell {TD} at (155,223) size 300x15 [r=8 c=2 rs=1 cs=1]
              RenderText {#text} at (1,1) size 226x13
                text run at (1,1) width 226: "set value attribute that violates maxlength"
          RenderTableRow {TR} at (0,245) size 457x25
            RenderTableCell {TD} at (2,245) size 53x25 [r=9 c=0 rs=1 cs=1]
              RenderTextControl {INPUT} at (3,3) size 47x19 [bgcolor=#FFFFFF] [border: (2px inset #000000)]
            RenderTableCell {TD} at (57,250) size 96x15 [color=#808080] [r=9 c=1 rs=1 cs=1]
              RenderInline (generated) at (0,0) size 56x13
                RenderText at (4,1) size 56x13
                  text run at (4,1) width 56: "expected: "
              RenderText {#text} at (60,1) size 28x13
                text run at (60,1) width 28: "12x\x{305}\x{332}4"
            RenderTableCell {TD} at (155,250) size 300x15 [r=9 c=2 rs=1 cs=1]
              RenderText {#text} at (1,1) size 226x13
                text run at (1,1) width 226: "set value property that violates maxlength"
          RenderTableRow {TR} at (0,272) size 457x25
            RenderTableCell {TD} at (2,272) size 53x25 [r=10 c=0 rs=1 cs=1]
              RenderTextControl {INPUT} at (3,3) size 47x19 [bgcolor=#FFFFFF] [border: (2px inset #000000)]
            RenderTableCell {TD} at (57,277) size 96x15 [color=#808080] [r=10 c=1 rs=1 cs=1]
              RenderInline (generated) at (0,0) size 56x13
                RenderText at (4,1) size 56x13
                  text run at (4,1) width 56: "expected: "
              RenderText {#text} at (60,1) size 28x13
                text run at (60,1) width 28: "12x\x{305}\x{332}4"
            RenderTableCell {TD} at (155,277) size 300x15 [r=10 c=2 rs=1 cs=1]
              RenderText {#text} at (1,1) size 296x13
                text run at (1,1) width 296: "set maxlength attribute that is smaller than initial value"
          RenderTableRow {TR} at (0,299) size 457x25
            RenderTableCell {TD} at (2,299) size 53x25 [r=11 c=0 rs=1 cs=1]
              RenderTextControl {INPUT} at (3,3) size 47x19 [bgcolor=#FFFFFF] [border: (2px inset #000000)]
            RenderTableCell {TD} at (57,304) size 96x15 [color=#808080] [r=11 c=1 rs=1 cs=1]
              RenderInline (generated) at (0,0) size 56x13
                RenderText at (4,1) size 56x13
                  text run at (4,1) width 56: "expected: "
              RenderText {#text} at (60,1) size 28x13
                text run at (60,1) width 28: "12x\x{305}\x{332}4"
            RenderTableCell {TD} at (155,304) size 300x15 [r=11 c=2 rs=1 cs=1]
              RenderText {#text} at (1,1) size 298x13
                text run at (1,1) width 298: "set maxLength property that is smaller than initial value"
layer at (16,16) size 41x13
  RenderBlock {DIV} at (3,3) size 41x13
    RenderText {#text} at (1,0) size 28x13
      text run at (1,0) width 28: "1234"
layer at (16,43) size 41x13
  RenderBlock {DIV} at (3,3) size 41x13
    RenderText {#text} at (1,0) size 28x13
      text run at (1,0) width 28: "1234"
layer at (16,70) size 41x13
  RenderBlock {DIV} at (3,3) size 41x13
    RenderText {#text} at (1,0) size 28x13
      text run at (1,0) width 28: "1234"
layer at (16,97) size 41x13
  RenderBlock {DIV} at (3,3) size 41x13
    RenderText {#text} at (1,0) size 28x13
      text run at (1,0) width 28: "1234"
layer at (16,124) size 41x13
  RenderBlock {DIV} at (3,3) size 41x13
    RenderText {#text} at (1,0) size 28x13
      text run at (1,0) width 28: "1234"
layer at (16,151) size 41x13
  RenderBlock {DIV} at (3,3) size 41x13
    RenderText {#text} at (1,0) size 28x13
      text run at (1,0) width 28: "1234"
layer at (16,178) size 41x13
  RenderBlock {DIV} at (3,3) size 41x13
    RenderText {#text} at (1,0) size 28x13
      text run at (1,0) width 28: "12x\x{305}\x{332}4"
layer at (16,205) size 41x13
  RenderBlock {DIV} at (3,3) size 41x13
    RenderText {#text} at (1,0) size 28x13
      text run at (1,0) width 28: "12x\x{305}\x{332}4"
layer at (16,232) size 41x13
  RenderBlock {DIV} at (3,3) size 41x13
    RenderText {#text} at (1,0) size 28x13
      text run at (1,0) width 28: "12x\x{305}\x{332}4"
layer at (16,259) size 41x13
  RenderBlock {DIV} at (3,3) size 41x13
    RenderText {#text} at (1,0) size 28x13
      text run at (1,0) width 28: "12x\x{305}\x{332}4"
layer at (16,286) size 41x13
  RenderBlock {DIV} at (3,3) size 41x13
    RenderText {#text} at (1,0) size 28x13
      text run at (1,0) width 28: "12x\x{305}\x{332}4"
layer at (16,313) size 41x13
  RenderBlock {DIV} at (3,3) size 41x13
    RenderText {#text} at (1,0) size 28x13
      text run at (1,0) width 28: "12x\x{305}\x{332}4"
