layer at (0,0) size 800x600
  RenderView at (0,0) size 800x600
layer at (0,0) size 800x600
  RenderBlock {HTML} at (0,0) size 800x600
    RenderBody {BODY} at (8,8) size 784x584
      RenderBlock {P} at (0,0) size 784x22
        RenderText {#text} at (0,1) size 603x20
          text run at (0,1) width 567: "This tests to make sure that plaintext-only regions aren't styled if they aren't fully selected. "
          text run at (567,1) width 36: "Only "
        RenderInline {B} at (0,0) size 21x22
          RenderText {#text} at (603,0) size 21x22
            text run at (603,0) width 21: "foo"
        RenderText {#text} at (624,1) size 144x20
          text run at (624,1) width 144: " should be bold below."
      RenderBlock {DIV} at (0,38) size 784x52
        RenderBlock {DIV} at (0,0) size 784x22
          RenderInline {B} at (0,0) size 21x22
            RenderText {#text} at (0,0) size 21x22
              text run at (0,0) width 21: "foo"
        RenderTable {TABLE} at (0,22) size 181x30 [border: (1px outset #808080)]
          RenderTableSection {TBODY} at (1,1) size 179x28
            RenderTableRow {TR} at (0,2) size 179x24
              RenderTableCell {TD} at (2,2) size 82x24 [border: (1px inset #808080)] [r=0 c=0 rs=1 cs=1]
                RenderText {#text} at (2,2) size 78x20
                  text run at (2,2) width 78: "non-editable"
              RenderTableCell {TD} at (86,2) size 91x24 [border: (1px inset #808080)] [r=0 c=1 rs=1 cs=1]
                RenderInline {SPAN} at (0,0) size 54x20
                  RenderText {#text} at (2,2) size 54x20
                    text run at (2,2) width 54: "plaintext"
                RenderText {#text} at (56,2) size 33x20
                  text run at (56,2) width 33: "-only"
selection start: position 0 of child 0 {#text} of child 0 {B} of child 0 {DIV} of child 2 {DIV} of child 1 {BODY} of child 0 {HTML} of document
selection end:   position 9 of child 0 {#text} of child 0 {SPAN} of child 1 {TD} of child 0 {TR} of child 0 {TBODY} of child 1 {TABLE} of child 2 {DIV} of child 1 {BODY} of child 0 {HTML} of document
