layer at (0,0) size 800x600
  RenderView at (0,0) size 800x600
layer at (0,0) size 800x600
  RenderBlock {HTML} at (0,0) size 800x600
    RenderBody {BODY} at (8,8) size 784x584
      RenderBlock {DIV} at (0,0) size 784x88 [border: (2px solid #0000FF)]
        RenderText {#text} at (14,14) size 721x60
          text run at (14,14) width 715: "Size check should say: 30px. All text in the red boxes should appear to be"
          text run at (729,14) width 6: " "
          text run at (14,44) width 54: "30px."
      RenderBlock {DIV} at (0,112) size 784x30
        RenderText {#text} at (0,0) size 118x30
          text run at (0,0) width 118: "Size check: "
        RenderInline {SPAN} at (0,0) size 48x30
          RenderText {#text} at (118,0) size 48x30
            text run at (118,0) width 48: "30px"
      RenderBlock {DIV} at (0,158) size 784x167
        RenderBlock {DIV} at (0,0) size 784x167 [border: (2px solid #FF0000)]
          RenderBlock (anonymous) at (14,14) size 756x37
            RenderText {#text} at (0,0) size 170x37
              text run at (0,0) width 170: "There is a tide"
          RenderBlock {DIV} at (14,51) size 756x65 [border: (2px solid #FF0000)]
            RenderText {#text} at (14,14) size 245x37
              text run at (14,14) width 245: "In the affairs of men"
          RenderBlock (anonymous) at (14,116) size 756x37
            RenderText {#text} at (0,0) size 295x37
              text run at (0,0) width 295: "Which taken at the flood"
selection start: position 1 of child 0 {#text} of child 1 {DIV} of child 5 {DIV} of child 1 {BODY} of child 0 {HTML} of document
selection end:   position 25 of child 2 {#text} of child 1 {DIV} of child 5 {DIV} of child 1 {BODY} of child 0 {HTML} of document
