layer at (0,0) size 800x600
  RenderView at (0,0) size 800x600
layer at (0,0) size 800x600
  RenderBlock {HTML} at (0,0) size 800x600
    RenderBody {BODY} at (8,8) size 784x584
      RenderBlock {DIV} at (0,0) size 784x61 [border: (2px solid #FF0000)]
        RenderInline {B} at (0,0) size 78x33
          RenderText {#text} at (14,14) size 78x33
            text run at (14,14) width 78: "xxxxxx "
        RenderText {#text} at (92,15) size 72x30
          text run at (92,15) width 72: "xxxxxx"
        RenderInline {B} at (0,0) size 78x33
          RenderText {#text} at (164,14) size 78x33
            text run at (164,14) width 78: " xxxxxx"
        RenderInline {SPAN} at (0,0) size 0x30
selection start: position 0 of child 1 {#text} of child 1 {DIV} of child 1 {BODY} of child 0 {HTML} of document
selection end:   position 6 of child 1 {#text} of child 1 {DIV} of child 1 {BODY} of child 0 {HTML} of document
