layer at (0,0) size 808x585
  RenderView at (0,0) size 800x585
layer at (0,0) size 808x585
  RenderBlock {html} at (0,0) size 800x585
    RenderBody {body} at (8,16) size 784x415
      RenderBlock {p} at (0,0) size 784x36
        RenderText {#text} at (0,0) size 747x36
          text run at (0,0) width 747: "The left edges of the black boxes below should line up with the left edges of their containing orange or green boxes. In"
          text run at (0,18) width 286: "addition, all the assertions below should pass."
      RenderBlock {div} at (0,52) size 800x200
        RenderSVGRoot {svg} at (8,68) size 800x200
          RenderPath {rect} at (8,78) size 70x160 [fill={[type=SOLID] [color=#FFA500]}] [data="M0.00,10.00 L70.00,10.00 L70.00,170.00 L0.00,170.00 Z"]
          RenderPath {rect} at (78,78) size 100x150 [fill={[type=SOLID] [color=#008000]}] [data="M70.00,10.00 L170.00,10.00 L170.00,160.00 L70.00,160.00 Z"]
          RenderPath {rect} at (178,78) size 70x140 [fill={[type=SOLID] [color=#FFA500]}] [data="M170.00,10.00 L240.00,10.00 L240.00,150.00 L170.00,150.00 Z"]
          RenderPath {rect} at (248,78) size 70x130 [fill={[type=SOLID] [color=#008000]}] [data="M240.00,10.00 L310.00,10.00 L310.00,140.00 L240.00,140.00 Z"]
          RenderPath {rect} at (318,78) size 80x120 [fill={[type=SOLID] [color=#FFA500]}] [data="M310.00,10.00 L390.00,10.00 L390.00,130.00 L310.00,130.00 Z"]
          RenderPath {rect} at (398,78) size 60x110 [fill={[type=SOLID] [color=#008000]}] [data="M390.00,10.00 L450.00,10.00 L450.00,120.00 L390.00,120.00 Z"]
          RenderSVGText {text} at (0,10) size 420x600 contains 1 chunk(s)
            RenderSVGInlineText {#text} at (0,-100) size 410x600
              chunk 1 text run 1 at (0.00,10.00) startOffset 0 endOffset 9 width 390.00: "GGDGGBBBD"
            RenderSVGTSpan {altGlyph} at (0,0) size 30x600
              RenderSVGInlineText {#text} at (390,-100) size 30x600
                chunk 1 text run 2 at (390.00,10.00) startOffset 0 endOffset 1 width 30.00: "G"
        RenderText {#text} at (0,0) size 0x0
      RenderBlock {pre} at (0,265) size 784x150
        RenderInline {span} at (0,0) size 312x15
          RenderInline {span} at (0,0) size 312x15
            RenderInline {span} at (0,0) size 32x15
              RenderText {#text} at (0,0) size 32x15
                text run at (0,0) width 32: "PASS"
            RenderText {#text} at (32,0) size 280x15
              text run at (32,0) width 280: " t.getStartPositionOfChar(0).x is 0"
          RenderBR {br} at (312,0) size 0x15
        RenderInline {span} at (0,0) size 312x15
          RenderInline {span} at (0,0) size 312x15
            RenderInline {span} at (0,0) size 32x15
              RenderText {#text} at (0,15) size 32x15
                text run at (0,15) width 32: "PASS"
            RenderText {#text} at (32,15) size 280x15
              text run at (32,15) width 280: " t.getStartPositionOfChar(1).x is 0"
          RenderBR {br} at (312,15) size 0x15
        RenderInline {span} at (0,0) size 352x15
          RenderInline {span} at (0,0) size 352x15
            RenderInline {span} at (0,0) size 32x15
              RenderText {#text} at (0,30) size 32x15
                text run at (0,30) width 32: "PASS"
            RenderText {#text} at (32,30) size 320x15
              text run at (32,30) width 320: " t.getStartPositionOfChar(2).x is 0 + 70"
          RenderBR {br} at (352,30) size 0x15
        RenderInline {span} at (0,0) size 400x15
          RenderInline {span} at (0,0) size 400x15
            RenderInline {span} at (0,0) size 32x15
              RenderText {#text} at (0,45) size 32x15
                text run at (0,45) width 32: "PASS"
            RenderText {#text} at (32,45) size 368x15
              text run at (32,45) width 368: " t.getStartPositionOfChar(3).x is 0 + 70 + 100"
          RenderBR {br} at (400,45) size 0x15
        RenderInline {span} at (0,0) size 400x15
          RenderInline {span} at (0,0) size 400x15
            RenderInline {span} at (0,0) size 32x15
              RenderText {#text} at (0,60) size 32x15
                text run at (0,60) width 32: "PASS"
            RenderText {#text} at (32,60) size 368x15
              text run at (32,60) width 368: " t.getStartPositionOfChar(4).x is 0 + 70 + 100"
          RenderBR {br} at (400,60) size 0x15
        RenderInline {span} at (0,0) size 440x15
          RenderInline {span} at (0,0) size 440x15
            RenderInline {span} at (0,0) size 32x15
              RenderText {#text} at (0,75) size 32x15
                text run at (0,75) width 32: "PASS"
            RenderText {#text} at (32,75) size 408x15
              text run at (32,75) width 408: " t.getStartPositionOfChar(5).x is 0 + 70 + 100 + 70"
          RenderBR {br} at (440,75) size 0x15
        RenderInline {span} at (0,0) size 440x15
          RenderInline {span} at (0,0) size 440x15
            RenderInline {span} at (0,0) size 32x15
              RenderText {#text} at (0,90) size 32x15
                text run at (0,90) width 32: "PASS"
            RenderText {#text} at (32,90) size 408x15
              text run at (32,90) width 408: " t.getStartPositionOfChar(6).x is 0 + 70 + 100 + 70"
          RenderBR {br} at (440,90) size 0x15
        RenderInline {span} at (0,0) size 480x15
          RenderInline {span} at (0,0) size 480x15
            RenderInline {span} at (0,0) size 32x15
              RenderText {#text} at (0,105) size 32x15
                text run at (0,105) width 32: "PASS"
            RenderText {#text} at (32,105) size 448x15
              text run at (32,105) width 448: " t.getStartPositionOfChar(7).x is 0 + 70 + 100 + 70 + 70"
          RenderBR {br} at (480,105) size 0x15
        RenderInline {span} at (0,0) size 480x15
          RenderInline {span} at (0,0) size 480x15
            RenderInline {span} at (0,0) size 32x15
              RenderText {#text} at (0,120) size 32x15
                text run at (0,120) width 32: "PASS"
            RenderText {#text} at (32,120) size 448x15
              text run at (32,120) width 448: " t.getStartPositionOfChar(8).x is 0 + 70 + 100 + 70 + 70"
          RenderBR {br} at (480,120) size 0x15
        RenderInline {span} at (0,0) size 520x15
          RenderInline {span} at (0,0) size 520x15
            RenderInline {span} at (0,0) size 32x15
              RenderText {#text} at (0,135) size 32x15
                text run at (0,135) width 32: "PASS"
            RenderText {#text} at (32,135) size 488x15
              text run at (32,135) width 488: " t.getStartPositionOfChar(9).x is 0 + 70 + 100 + 70 + 70 + 80"
          RenderBR {br} at (520,135) size 0x15
