layer at (0,0) size 800x600
  RenderView at (0,0) size 800x600
layer at (0,0) size 800x600
  RenderSVGRoot {svg} at (0,0) size 800x600
    RenderForeignObject {foreignObject} at (10,10) size 580x380
      RenderBlock {xhtml:div} at (0,0) size 580x18
        RenderText {#text} at (0,0) size 78x18
          text run at (0,0) width 78: "This is a test"
      RenderBlock (anonymous) at (0,18) size 580x41
        RenderInline {xhtml:a} at (0,0) size 66x18 [color=#0000EE]
          RenderText {#text} at (0,0) size 66x18
            text run at (0,0) width 66: "and a link."
        RenderBR {xhtml:br} at (66,0) size 0x18
        RenderButton {xhtml:input} at (2,21) size 16x18 [bgcolor=#C0C0C0]
        RenderText {#text} at (0,0) size 0x0
    RenderPath {rect} at (9,9) size 582x382 [stroke={[type=SOLID] [color=#008000]}] [data="M10.00,10.00 L590.00,10.00 L590.00,390.00 L10.00,390.00 Z"]
