layer at (0,0) size 800x762
  RenderView at (0,0) size 800x600
layer at (0,0) size 800x762
  RenderBlock {HTML} at (0,0) size 800x762
    RenderBody {BODY} at (8,8) size 784x746 [bgcolor=#CCCCCC]
      RenderBlock {P} at (0,0) size 784x17
        RenderText {#text} at (0,0) size 326x17
          text run at (0,0) width 326: "The style declarations which apply to the text below are:"
      RenderBlock {PRE} at (0,30) size 784x187
        RenderText {#text} at (0,0) size 432x187
          text run at (0,0) width 432: "<LINK rel=\"stylesheet\" type=\"text/css\" HREF=\"../resources/linktest.css\">"
          text run at (432,0) width 0: " "
          text run at (0,17) width 98: "LI {color: purple;}"
          text run at (98,17) width 0: " "
          text run at (0,34) width 107: "UL LI {color: blue;}"
          text run at (107,34) width 0: " "
          text run at (0,51) width 123: "UL LI LI {color: gray;}"
          text run at (123,51) width 0: " "
          text run at (0,68) width 117: "LI.red {color: green;}"
          text run at (117,68) width 0: " "
          text run at (0,85) width 158: "UL LI.mar {color: #660000;}"
          text run at (158,85) width 0: " "
          text run at (0,102) width 140: "UL LI#gre {color: green;}"
          text run at (140,102) width 0: " "
          text run at (0,119) width 102: ".test {color: blue;}"
          text run at (102,119) width 0: " "
          text run at (0,136) width 113: ".test {color: purple;}"
          text run at (113,136) width 0: " "
          text run at (0,153) width 202: ".one {text-decoration: line-through;}"
          text run at (202,153) width 0: " "
          text run at (0,170) width 0: " "
      RenderBlock {HR} at (0,230) size 784x2 [border: (1px inset #000000)]
      RenderBlock {UL} at (0,245) size 784x136
        RenderListItem {LI} at (40,0) size 744x17 [color=#0000FF]
          RenderListMarker at (-16,0) size 6x17: bullet
          RenderText {#text} at (0,0) size 175x17
            text run at (0,0) width 175: "This list item should be blue..."
        RenderListItem {LI} at (40,17) size 744x68 [color=#0000FF]
          RenderBlock (anonymous) at (0,0) size 744x17
            RenderListMarker at (-16,0) size 6x17: bullet
            RenderText {#text} at (0,0) size 268x17
              text run at (0,0) width 268: "...and so should this; neither should be purple."
          RenderBlock {UL} at (0,17) size 744x51
            RenderListItem {LI} at (40,0) size 704x17 [color=#808080]
              RenderListMarker at (-16,0) size 6x17: white bullet
              RenderText {#text} at (0,0) size 176x17
                text run at (0,0) width 176: "This list item should be gray..."
            RenderListItem {LI} at (40,17) size 704x17 [color=#808080]
              RenderListMarker at (-16,0) size 6x17: white bullet
              RenderText {#text} at (0,0) size 109x17
                text run at (0,0) width 109: "...as should this...."
            RenderListItem {LI} at (40,34) size 704x17 [color=#008000]
              RenderListMarker at (-16,0) size 6x17: white bullet
              RenderText {#text} at (0,0) size 180x17
                text run at (0,0) width 180: "...but this one should be green."
        RenderListItem {LI} at (40,85) size 744x17 [color=#660000]
          RenderListMarker at (-16,0) size 6x17: bullet
          RenderText {#text} at (0,0) size 157x17
            text run at (0,0) width 157: "This ought to be dark red..."
        RenderListItem {LI} at (40,102) size 744x17 [color=#008000]
          RenderListMarker at (-16,0) size 6x17: bullet
          RenderText {#text} at (0,0) size 81x17
            text run at (0,0) width 81: "...this green..."
        RenderListItem {LI} at (40,119) size 744x17 [color=#0000FF]
          RenderListMarker at (-16,0) size 6x17: bullet
          RenderText {#text} at (0,0) size 90x17
            text run at (0,0) width 90: "...and this blue."
      RenderBlock {P} at (0,394) size 784x17 [color=#0000FF]
        RenderText {#text} at (0,0) size 255x17
          text run at (0,0) width 255: "This sentence should be blue (STYLE attr.)."
      RenderBlock {P} at (0,424) size 784x17 [color=#800080]
        RenderText {#text} at (0,0) size 189x17
          text run at (0,0) width 189: "This sentence should be purple ["
        RenderInline {CODE} at (0,0) size 71x17
          RenderText {#text} at (189,0) size 71x17
            text run at (189,0) width 71: "class=\"test\""
        RenderText {#text} at (260,0) size 8x17
          text run at (260,0) width 8: "]."
      RenderBlock {P} at (0,454) size 784x17
        RenderText {#text} at (0,0) size 619x17
          text run at (0,0) width 619: "This text should be stricken (overriding the imported underline; only works if LINKed sheets are supported)."
      RenderTable {TABLE} at (0,484) size 641x262 [border: (1px outset #808080)]
        RenderTableSection {TBODY} at (1,1) size 639x260
          RenderTableRow {TR} at (0,0) size 639x26
            RenderTableCell {TD} at (0,0) size 639x26 [bgcolor=#C0C0C0] [border: (1px inset #808080)] [r=0 c=0 rs=1 cs=2]
              RenderInline {STRONG} at (0,0) size 144x17
                RenderText {#text} at (4,4) size 144x17
                  text run at (4,4) width 144: "TABLE Testing Section"
          RenderTableRow {TR} at (0,26) size 639x234
            RenderTableCell {TD} at (0,130) size 12x25 [bgcolor=#C0C0C0] [border: (1px inset #808080)] [r=1 c=0 rs=1 cs=1]
              RenderText {#text} at (4,4) size 4x17
                text run at (4,4) width 4: " "
            RenderTableCell {TD} at (12,26) size 627x234 [border: (1px inset #808080)] [r=1 c=1 rs=1 cs=1]
              RenderBlock {UL} at (4,4) size 619x136
                RenderListItem {LI} at (40,0) size 579x17 [color=#0000FF]
                  RenderListMarker at (-16,0) size 6x17: bullet
                  RenderText {#text} at (0,0) size 175x17
                    text run at (0,0) width 175: "This list item should be blue..."
                RenderListItem {LI} at (40,17) size 579x68 [color=#0000FF]
                  RenderBlock (anonymous) at (0,0) size 579x17
                    RenderListMarker at (-16,0) size 6x17: bullet
                    RenderText {#text} at (0,0) size 268x17
                      text run at (0,0) width 268: "...and so should this; neither should be purple."
                  RenderBlock {UL} at (0,17) size 579x51
                    RenderListItem {LI} at (40,0) size 539x17 [color=#808080]
                      RenderListMarker at (-16,0) size 6x17: white bullet
                      RenderText {#text} at (0,0) size 176x17
                        text run at (0,0) width 176: "This list item should be gray..."
                    RenderListItem {LI} at (40,17) size 539x17 [color=#808080]
                      RenderListMarker at (-16,0) size 6x17: white bullet
                      RenderText {#text} at (0,0) size 109x17
                        text run at (0,0) width 109: "...as should this...."
                    RenderListItem {LI} at (40,34) size 539x17 [color=#008000]
                      RenderListMarker at (-16,0) size 6x17: white bullet
                      RenderText {#text} at (0,0) size 180x17
                        text run at (0,0) width 180: "...but this one should be green."
                RenderListItem {LI} at (40,85) size 579x17 [color=#660000]
                  RenderListMarker at (-16,0) size 6x17: bullet
                  RenderText {#text} at (0,0) size 157x17
                    text run at (0,0) width 157: "This ought to be dark red..."
                RenderListItem {LI} at (40,102) size 579x17 [color=#008000]
                  RenderListMarker at (-16,0) size 6x17: bullet
                  RenderText {#text} at (0,0) size 81x17
                    text run at (0,0) width 81: "...this green..."
                RenderListItem {LI} at (40,119) size 579x17 [color=#0000FF]
                  RenderListMarker at (-16,0) size 6x17: bullet
                  RenderText {#text} at (0,0) size 90x17
                    text run at (0,0) width 90: "...and this blue."
              RenderBlock {P} at (4,153) size 619x17 [color=#0000FF]
                RenderText {#text} at (0,0) size 255x17
                  text run at (0,0) width 255: "This sentence should be blue (STYLE attr.)."
              RenderBlock {P} at (4,183) size 619x17 [color=#800080]
                RenderText {#text} at (0,0) size 189x17
                  text run at (0,0) width 189: "This sentence should be purple ["
                RenderInline {CODE} at (0,0) size 71x17
                  RenderText {#text} at (189,0) size 71x17
                    text run at (189,0) width 71: "class=\"test\""
                RenderText {#text} at (260,0) size 8x17
                  text run at (260,0) width 8: "]."
              RenderBlock {P} at (4,213) size 619x17
                RenderText {#text} at (0,0) size 619x17
                  text run at (0,0) width 619: "This text should be stricken (overriding the imported underline; only works if LINKed sheets are supported)."
