layer at (0,0) size 800x600
  RenderView at (0,0) size 800x600
layer at (0,0) size 800x600
  RenderBlock {HTML} at (0,0) size 800x600
    RenderBody {BODY} at (8,8) size 784x584 [bgcolor=#CCCCCC]
      RenderBlock {P} at (0,0) size 764x17
        RenderText {#text} at (0,0) size 326x17
          text run at (0,0) width 326: "The style declarations which apply to the text below are:"
      RenderBlock {PRE} at (0,30) size 784x68
        RenderText {#text} at (0,0) size 223x68
          text run at (0,0) width 129: "P {margin-right: 20px;}"
          text run at (129,0) width 0: " "
          text run at (0,17) width 223: ".one {border-right: purple double 10px;}"
          text run at (223,17) width 0: " "
          text run at (0,34) width 204: ".two {border-right: purple thin solid;}"
          text run at (204,34) width 0: " "
          text run at (0,51) width 0: " "
      RenderBlock {HR} at (0,111) size 784x2 [border: (1px inset #000000)]
      RenderBlock {P} at (0,126) size 764x51 [bgcolor=#C0C0C0]
        RenderText {#text} at (0,0) size 711x17
          text run at (0,0) width 711: "This paragraph has a background color of silver and a 20-pixel right margin, and it contains inline elements with classes of "
        RenderInline {SPAN} at (0,0) size 742x34 [border: (10px double #800080) none]
          RenderText {#text} at (711,0) size 742x34
            text run at (711,0) width 31: "class"
            text run at (0,17) width 21: "one"
        RenderText {#text} at (31,17) size 358x17
          text run at (31,17) width 358: ", which should have a 10-pixel purple double right border; and "
        RenderInline {SPAN} at (0,0) size 56x17 [border: (1px solid #800080) none]
          RenderText {#text} at (389,17) size 55x17
            text run at (389,17) width 55: "class two"
        RenderText {#text} at (445,17) size 739x34
          text run at (445,17) width 294: ", which should have a thin solid purple right border."
          text run at (0,34) width 393: "The line-height of the parent element should not change on any line."
      RenderTable {TABLE} at (0,190) size 784x87 [border: (1px outset #808080)]
        RenderTableSection {TBODY} at (1,1) size 782x85
          RenderTableRow {TR} at (0,0) size 782x26
            RenderTableCell {TD} at (0,0) size 782x26 [bgcolor=#C0C0C0] [border: (1px inset #808080)] [r=0 c=0 rs=1 cs=2]
              RenderInline {STRONG} at (0,0) size 144x17
                RenderText {#text} at (4,4) size 144x17
                  text run at (4,4) width 144: "TABLE Testing Section"
          RenderTableRow {TR} at (0,26) size 782x59
            RenderTableCell {TD} at (0,43) size 12x25 [bgcolor=#C0C0C0] [border: (1px inset #808080)] [r=1 c=0 rs=1 cs=1]
              RenderText {#text} at (4,4) size 4x17
                text run at (4,4) width 4: " "
            RenderTableCell {TD} at (12,26) size 770x59 [border: (1px inset #808080)] [r=1 c=1 rs=1 cs=1]
              RenderBlock {P} at (4,4) size 742x51 [bgcolor=#C0C0C0]
                RenderText {#text} at (0,0) size 711x17
                  text run at (0,0) width 711: "This paragraph has a background color of silver and a 20-pixel right margin, and it contains inline elements with classes of "
                RenderInline {SPAN} at (0,0) size 742x34 [border: (10px double #800080) none]
                  RenderText {#text} at (711,0) size 742x34
                    text run at (711,0) width 31: "class"
                    text run at (0,17) width 21: "one"
                RenderText {#text} at (31,17) size 358x17
                  text run at (31,17) width 358: ", which should have a 10-pixel purple double right border; and "
                RenderInline {SPAN} at (0,0) size 56x17 [border: (1px solid #800080) none]
                  RenderText {#text} at (389,17) size 55x17
                    text run at (389,17) width 55: "class two"
                RenderText {#text} at (445,17) size 739x34
                  text run at (445,17) width 294: ", which should have a thin solid purple right border."
                  text run at (0,34) width 393: "The line-height of the parent element should not change on any line."
