layer at (0,0) size 800x600
  RenderView at (0,0) size 800x600
layer at (0,0) size 800x600
  RenderBlock {HTML} at (0,0) size 800x600
    RenderBody {BODY} at (8,8) size 784x584 [bgcolor=#CCCCCC]
      RenderBlock {P} at (0,0) size 784x17
        RenderText {#text} at (0,0) size 326x17
          text run at (0,0) width 326: "The style declarations which apply to the text below are:"
      RenderBlock {PRE} at (0,30) size 784x51
        RenderText {#text} at (0,0) size 280x51
          text run at (0,0) width 280: ".one {border-top-width: 25px; border-style: solid;}"
          text run at (280,0) width 0: " "
          text run at (0,17) width 272: ".two {border-top-width: thin; border-style: solid;}"
          text run at (272,17) width 0: " "
          text run at (0,34) width 177: ".three {border-top-width: 25px;}"
          text run at (177,34) width 0: " "
      RenderBlock {HR} at (0,94) size 784x2 [border: (1px inset #000000)]
      RenderBlock {P} at (0,109) size 784x79 [border: (25px solid #000000) (3px solid #000000)]
        RenderText {#text} at (3,25) size 165x17
          text run at (3,25) width 165: "This element has a class of "
        RenderInline {TT} at (0,0) size 21x17
          RenderText {#text} at (168,25) size 21x17
            text run at (168,25) width 21: "one"
        RenderText {#text} at (189,25) size 148x17
          text run at (189,25) width 8: ". "
          text run at (197,25) width 140: "However, it contains an "
        RenderInline {SPAN} at (0,0) size 160x21 [border: (1px solid #000000) (3px solid #000000)]
          RenderText {#text} at (340,25) size 134x17
            text run at (340,25) width 134: "inline element of class "
          RenderInline {TT} at (0,0) size 20x17
            RenderText {#text} at (474,25) size 20x17
              text run at (474,25) width 20: "two"
        RenderText {#text} at (497,25) size 774x34
          text run at (497,25) width 280: ", which should result in a thin solid border on the"
          text run at (3,42) width 556: "top side of each box in the inline element (and the UA's default border on the other three sides). "
          text run at (559,42) width 97: "There is also an "
        RenderInline {SPAN} at (0,0) size 748x34
          RenderText {#text} at (656,42) size 748x34
            text run at (656,42) width 95: "inline element of"
            text run at (3,59) width 35: "class "
          RenderInline {TT} at (0,0) size 29x17
            RenderText {#text} at (38,59) size 29x17
              text run at (38,59) width 29: "three"
        RenderText {#text} at (67,59) size 521x17
          text run at (67,59) width 521: ", which should have no top border width or visible border because no border style was set."
      RenderTable {TABLE} at (0,201) size 784x115 [border: (1px outset #808080)]
        RenderTableSection {TBODY} at (1,1) size 782x113
          RenderTableRow {TR} at (0,0) size 782x26
            RenderTableCell {TD} at (0,0) size 782x26 [bgcolor=#C0C0C0] [border: (1px inset #808080)] [r=0 c=0 rs=1 cs=2]
              RenderInline {STRONG} at (0,0) size 144x17
                RenderText {#text} at (4,4) size 144x17
                  text run at (4,4) width 144: "TABLE Testing Section"
          RenderTableRow {TR} at (0,26) size 782x87
            RenderTableCell {TD} at (0,57) size 12x25 [bgcolor=#C0C0C0] [border: (1px inset #808080)] [r=1 c=0 rs=1 cs=1]
              RenderText {#text} at (4,4) size 4x17
                text run at (4,4) width 4: " "
            RenderTableCell {TD} at (12,26) size 770x87 [border: (1px inset #808080)] [r=1 c=1 rs=1 cs=1]
              RenderBlock {P} at (4,4) size 762x79 [border: (25px solid #000000) (3px solid #000000)]
                RenderText {#text} at (3,25) size 165x17
                  text run at (3,25) width 165: "This element has a class of "
                RenderInline {TT} at (0,0) size 21x17
                  RenderText {#text} at (168,25) size 21x17
                    text run at (168,25) width 21: "one"
                RenderText {#text} at (189,25) size 148x17
                  text run at (189,25) width 8: ". "
                  text run at (197,25) width 140: "However, it contains an "
                RenderInline {SPAN} at (0,0) size 160x21 [border: (1px solid #000000) (3px solid #000000)]
                  RenderText {#text} at (340,25) size 134x17
                    text run at (340,25) width 134: "inline element of class "
                  RenderInline {TT} at (0,0) size 20x17
                    RenderText {#text} at (474,25) size 20x17
                      text run at (474,25) width 20: "two"
                RenderText {#text} at (497,25) size 752x34
                  text run at (497,25) width 258: ", which should result in a thin solid border on"
                  text run at (3,42) width 578: "the top side of each box in the inline element (and the UA's default border on the other three sides). "
                  text run at (581,42) width 97: "There is also an "
                RenderInline {SPAN} at (0,0) size 755x34
                  RenderText {#text} at (678,42) size 755x34
                    text run at (678,42) width 80: "inline element"
                    text run at (3,59) width 50: "of class "
                  RenderInline {TT} at (0,0) size 29x17
                    RenderText {#text} at (53,59) size 29x17
                      text run at (53,59) width 29: "three"
                RenderText {#text} at (82,59) size 521x17
                  text run at (82,59) width 521: ", which should have no top border width or visible border because no border style was set."
