layer at (0,0) size 800x600
  RenderView at (0,0) size 800x600
layer at (0,0) size 800x600
  RenderBlock {HTML} at (0,0) size 800x600
    RenderBody {BODY} at (8,8) size 784x584 [bgcolor=#CCCCCC]
      RenderBlock {P} at (0,0) size 784x17
        RenderText {#text} at (0,0) size 326x17
          text run at (0,0) width 326: "The style declarations which apply to the text below are:"
      RenderBlock {PRE} at (0,30) size 784x51
        RenderText {#text} at (0,0) size 238x51
          text run at (0,0) width 238: ".one {border-bottom: purple double 10px;}"
          text run at (238,0) width 0: " "
          text run at (0,17) width 219: ".two {border-bottom: purple thin solid;}"
          text run at (219,17) width 0: " "
          text run at (0,34) width 0: " "
      RenderBlock {HR} at (0,94) size 784x2 [border: (1px inset #000000)]
      RenderBlock {P} at (0,109) size 784x51 [bgcolor=#C0C0C0]
        RenderText {#text} at (0,0) size 618x17
          text run at (0,0) width 618: "This is an unstyled element, save for the background color, and containing inline elements with classes of "
        RenderInline {SPAN} at (0,0) size 56x27 [border: (10px double #800080) none]
          RenderText {#text} at (618,0) size 56x17
            text run at (618,0) width 56: "class one"
        RenderText {#text} at (674,0) size 757x34
          text run at (674,0) width 83: ", which should"
          text run at (0,17) width 286: "have a 10-pixel purple double bottom border; and "
        RenderInline {SPAN} at (0,0) size 55x18 [border: (1px solid #800080) none]
          RenderText {#text} at (286,17) size 55x17
            text run at (286,17) width 55: "class two"
        RenderText {#text} at (341,17) size 776x34
          text run at (341,17) width 313: ", which should have a thin solid purple bottom border. "
          text run at (654,17) width 122: "The line-height of the"
          text run at (0,34) width 267: "parent element should not change on any line."
      RenderTable {TABLE} at (0,173) size 784x87 [border: (1px outset #808080)]
        RenderTableSection {TBODY} at (1,1) size 782x85
          RenderTableRow {TR} at (0,0) size 782x26
            RenderTableCell {TD} at (0,0) size 782x26 [bgcolor=#C0C0C0] [border: (1px inset #808080)] [r=0 c=0 rs=1 cs=2]
              RenderInline {STRONG} at (0,0) size 144x17
                RenderText {#text} at (4,4) size 144x17
                  text run at (4,4) width 144: "TABLE Testing Section"
          RenderTableRow {TR} at (0,26) size 782x59
            RenderTableCell {TD} at (0,43) size 12x25 [bgcolor=#C0C0C0] [border: (1px inset #808080)] [r=1 c=0 rs=1 cs=1]
              RenderText {#text} at (4,4) size 4x17
                text run at (4,4) width 4: " "
            RenderTableCell {TD} at (12,26) size 770x59 [border: (1px inset #808080)] [r=1 c=1 rs=1 cs=1]
              RenderBlock {P} at (4,4) size 762x51 [bgcolor=#C0C0C0]
                RenderText {#text} at (0,0) size 618x17
                  text run at (0,0) width 618: "This is an unstyled element, save for the background color, and containing inline elements with classes of "
                RenderInline {SPAN} at (0,0) size 56x27 [border: (10px double #800080) none]
                  RenderText {#text} at (618,0) size 56x17
                    text run at (618,0) width 56: "class one"
                RenderText {#text} at (674,0) size 757x34
                  text run at (674,0) width 83: ", which should"
                  text run at (0,17) width 286: "have a 10-pixel purple double bottom border; and "
                RenderInline {SPAN} at (0,0) size 55x18 [border: (1px solid #800080) none]
                  RenderText {#text} at (286,17) size 55x17
                    text run at (286,17) width 55: "class two"
                RenderText {#text} at (341,17) size 754x34
                  text run at (341,17) width 313: ", which should have a thin solid purple bottom border. "
                  text run at (654,17) width 100: "The line-height of"
                  text run at (0,34) width 289: "the parent element should not change on any line."
