layer at (0,0) size 800x684
  RenderView at (0,0) size 800x600
layer at (0,0) size 800x684
  RenderBlock {HTML} at (0,0) size 800x684
    RenderBody {BODY} at (8,8) size 784x668 [bgcolor=#CCCCCC]
      RenderBlock {P} at (0,0) size 784x17
        RenderText {#text} at (0,0) size 326x17
          text run at (0,0) width 326: "The style declarations which apply to the text below are:"
      RenderBlock {PRE} at (0,30) size 784x102
        RenderText {#text} at (0,0) size 313x102
          text run at (0,0) width 305: ".zero {background-color: silver; border-right-width: 0;}"
          text run at (305,0) width 0: " "
          text run at (0,17) width 287: ".one {border-right-width: 25px; border-style: solid;}"
          text run at (287,17) width 0: " "
          text run at (0,34) width 286: ".two {border-right-width: thick; border-style: solid;}"
          text run at (286,34) width 0: " "
          text run at (0,51) width 313: ".three {border-right-width: medium; border-style: solid;}"
          text run at (313,51) width 0: " "
          text run at (0,68) width 281: ".four {border-right-width: thin; border-style: solid;}"
          text run at (281,68) width 0: " "
          text run at (0,85) width 183: ".five {border-right-width: 100px;}"
          text run at (183,85) width 0: " "
      RenderBlock {HR} at (0,145) size 784x2 [border: (1px inset #000000)]
      RenderBlock {P} at (0,160) size 784x17
        RenderText {#text} at (0,0) size 136x17
          text run at (0,0) width 136: "(These will only work if "
        RenderInline {CODE} at (0,0) size 68x17
          RenderText {#text} at (136,0) size 68x17
            text run at (136,0) width 68: "border-style"
        RenderText {#text} at (204,0) size 83x17
          text run at (204,0) width 83: " is supported.)"
      RenderBlock {P} at (0,190) size 784x17 [bgcolor=#C0C0C0]
        RenderText {#text} at (0,0) size 194x17
          text run at (0,0) width 194: "This element has a class of zero."
      RenderBlock {P} at (0,220) size 784x23 [border: (3px solid #000000) (25px solid #000000) (3px solid #000000)]
        RenderText {#text} at (3,3) size 737x17
          text run at (3,3) width 737: "This element should have a right border width of 25 pixels, which will be more obvious if the element is more than one line long."
      RenderBlock {P} at (0,256) size 784x23 [border: (3px solid #000000) (5px solid #000000) (3px solid #000000)]
        RenderText {#text} at (3,3) size 698x17
          text run at (3,3) width 698: "This element should have a thick right border width, which will be more obvious if the element is more than one line long."
      RenderBlock {P} at (0,292) size 784x23 [border: (3px solid #000000)]
        RenderText {#text} at (3,3) size 716x17
          text run at (3,3) width 716: "This element should have a medium right border width, which will be more obvious if the element is more than one line long."
      RenderBlock {P} at (0,328) size 784x23 [border: (3px solid #000000) (1px solid #000000) (3px solid #000000)]
        RenderText {#text} at (3,3) size 691x17
          text run at (3,3) width 691: "This element should have a thin right border width, which will be more obvious if the element is more than one line long."
      RenderBlock {P} at (0,364) size 784x17
        RenderText {#text} at (0,0) size 479x17
          text run at (0,0) width 479: "This element should have no border and no extra \"padding\" on its right side, as no "
        RenderInline {CODE} at (0,0) size 68x17
          RenderText {#text} at (479,0) size 68x17
            text run at (479,0) width 68: "border-style"
        RenderText {#text} at (547,0) size 53x17
          text run at (547,0) width 53: " was set."
      RenderTable {TABLE} at (0,394) size 784x274 [border: (1px outset #808080)]
        RenderTableSection {TBODY} at (1,1) size 782x272
          RenderTableRow {TR} at (0,0) size 782x26
            RenderTableCell {TD} at (0,0) size 782x26 [bgcolor=#C0C0C0] [border: (1px inset #808080)] [r=0 c=0 rs=1 cs=2]
              RenderInline {STRONG} at (0,0) size 144x17
                RenderText {#text} at (4,4) size 144x17
                  text run at (4,4) width 144: "TABLE Testing Section"
          RenderTableRow {TR} at (0,26) size 782x246
            RenderTableCell {TD} at (0,136) size 12x25 [bgcolor=#C0C0C0] [border: (1px inset #808080)] [r=1 c=0 rs=1 cs=1]
              RenderText {#text} at (4,4) size 4x17
                text run at (4,4) width 4: " "
            RenderTableCell {TD} at (12,26) size 770x246 [border: (1px inset #808080)] [r=1 c=1 rs=1 cs=1]
              RenderBlock {P} at (4,4) size 762x17
                RenderText {#text} at (0,0) size 136x17
                  text run at (0,0) width 136: "(These will only work if "
                RenderInline {CODE} at (0,0) size 68x17
                  RenderText {#text} at (136,0) size 68x17
                    text run at (136,0) width 68: "border-style"
                RenderText {#text} at (204,0) size 83x17
                  text run at (204,0) width 83: " is supported.)"
              RenderBlock {P} at (4,34) size 762x17 [bgcolor=#C0C0C0]
                RenderText {#text} at (0,0) size 194x17
                  text run at (0,0) width 194: "This element has a class of zero."
              RenderBlock {P} at (4,64) size 762x40 [border: (3px solid #000000) (25px solid #000000) (3px solid #000000)]
                RenderText {#text} at (3,3) size 705x34
                  text run at (3,3) width 705: "This element should have a right border width of 25 pixels, which will be more obvious if the element is more than one line"
                  text run at (3,20) width 28: "long."
              RenderBlock {P} at (4,117) size 762x23 [border: (3px solid #000000) (5px solid #000000) (3px solid #000000)]
                RenderText {#text} at (3,3) size 698x17
                  text run at (3,3) width 698: "This element should have a thick right border width, which will be more obvious if the element is more than one line long."
              RenderBlock {P} at (4,153) size 762x23 [border: (3px solid #000000)]
                RenderText {#text} at (3,3) size 716x17
                  text run at (3,3) width 716: "This element should have a medium right border width, which will be more obvious if the element is more than one line long."
              RenderBlock {P} at (4,189) size 762x23 [border: (3px solid #000000) (1px solid #000000) (3px solid #000000)]
                RenderText {#text} at (3,3) size 691x17
                  text run at (3,3) width 691: "This element should have a thin right border width, which will be more obvious if the element is more than one line long."
              RenderBlock {P} at (4,225) size 762x17
                RenderText {#text} at (0,0) size 479x17
                  text run at (0,0) width 479: "This element should have no border and no extra \"padding\" on its right side, as no "
                RenderInline {CODE} at (0,0) size 68x17
                  RenderText {#text} at (479,0) size 68x17
                    text run at (479,0) width 68: "border-style"
                RenderText {#text} at (547,0) size 53x17
                  text run at (547,0) width 53: " was set."
