layer at (0,0) size 800x855
  RenderView at (0,0) size 800x600
layer at (0,0) size 800x855
  RenderBlock {HTML} at (0,0) size 800x855
    RenderBody {BODY} at (8,8) size 784x839 [bgcolor=#CCCCCC]
      RenderBlock {P} at (0,0) size 784x17
        RenderText {#text} at (0,0) size 326x17
          text run at (0,0) width 326: "The style declarations which apply to the text below are:"
      RenderBlock {PRE} at (0,30) size 784x102
        RenderText {#text} at (0,0) size 284x102
          text run at (0,0) width 276: ".zero {background-color: silver; border-width: 0;}"
          text run at (276,0) width 0: " "
          text run at (0,17) width 258: ".one {border-width: 50px; border-style: solid;}"
          text run at (258,17) width 0: " "
          text run at (0,34) width 257: ".two {border-width: thick; border-style: solid;}"
          text run at (257,34) width 0: " "
          text run at (0,51) width 284: ".three {border-width: medium; border-style: solid;}"
          text run at (284,51) width 0: " "
          text run at (0,68) width 252: ".four {border-width: thin; border-style: solid;}"
          text run at (252,68) width 0: " "
          text run at (0,85) width 147: ".five {border-width: 25px;}"
          text run at (147,85) width 0: " "
      RenderBlock {HR} at (0,145) size 784x2 [border: (1px inset #000000)]
      RenderBlock {P} at (0,160) size 784x17
        RenderText {#text} at (0,0) size 136x17
          text run at (0,0) width 136: "(These will only work if "
        RenderInline {CODE} at (0,0) size 68x17
          RenderText {#text} at (136,0) size 68x17
            text run at (136,0) width 68: "border-style"
        RenderText {#text} at (204,0) size 83x17
          text run at (204,0) width 83: " is supported.)"
      RenderBlock {P} at (0,190) size 784x17 [bgcolor=#C0C0C0]
        RenderText {#text} at (0,0) size 194x17
          text run at (0,0) width 194: "This element has a class of zero."
      RenderBlock {P} at (0,220) size 784x117 [border: (50px solid #000000)]
        RenderText {#text} at (50,50) size 358x17
          text run at (50,50) width 358: "This element should have an overall border width of 50 pixels."
      RenderBlock {P} at (0,350) size 784x27 [border: (5px solid #000000)]
        RenderText {#text} at (5,5) size 312x17
          text run at (5,5) width 312: "This element should have a thick overall border width."
      RenderBlock {P} at (0,390) size 784x23 [border: (3px solid #000000)]
        RenderText {#text} at (3,3) size 330x17
          text run at (3,3) width 330: "This element should have a medium overall border width."
      RenderBlock {P} at (0,426) size 784x19 [border: (1px solid #000000)]
        RenderText {#text} at (1,1) size 305x17
          text run at (1,1) width 305: "This element should have a thin overall border width."
      RenderBlock {P} at (0,458) size 784x17
        RenderText {#text} at (0,0) size 457x17
          text run at (0,0) width 457: "This element should have no border and no extra \"padding\" on any side, as no "
        RenderInline {CODE} at (0,0) size 68x17
          RenderText {#text} at (457,0) size 68x17
            text run at (457,0) width 68: "border-style"
        RenderText {#text} at (525,0) size 53x17
          text run at (525,0) width 53: " was set."
      RenderTable {TABLE} at (0,488) size 600x351 [border: (1px outset #808080)]
        RenderTableSection {TBODY} at (1,1) size 598x349
          RenderTableRow {TR} at (0,0) size 598x26
            RenderTableCell {TD} at (0,0) size 598x26 [bgcolor=#C0C0C0] [border: (1px inset #808080)] [r=0 c=0 rs=1 cs=2]
              RenderInline {STRONG} at (0,0) size 144x17
                RenderText {#text} at (4,4) size 144x17
                  text run at (4,4) width 144: "TABLE Testing Section"
          RenderTableRow {TR} at (0,26) size 598x323
            RenderTableCell {TD} at (0,175) size 12x25 [bgcolor=#C0C0C0] [border: (1px inset #808080)] [r=1 c=0 rs=1 cs=1]
              RenderText {#text} at (4,4) size 4x17
                text run at (4,4) width 4: " "
            RenderTableCell {TD} at (12,26) size 586x323 [border: (1px inset #808080)] [r=1 c=1 rs=1 cs=1]
              RenderBlock {P} at (4,4) size 578x17
                RenderText {#text} at (0,0) size 136x17
                  text run at (0,0) width 136: "(These will only work if "
                RenderInline {CODE} at (0,0) size 68x17
                  RenderText {#text} at (136,0) size 68x17
                    text run at (136,0) width 68: "border-style"
                RenderText {#text} at (204,0) size 83x17
                  text run at (204,0) width 83: " is supported.)"
              RenderBlock {P} at (4,34) size 578x17 [bgcolor=#C0C0C0]
                RenderText {#text} at (0,0) size 194x17
                  text run at (0,0) width 194: "This element has a class of zero."
              RenderBlock {P} at (4,64) size 578x117 [border: (50px solid #000000)]
                RenderText {#text} at (50,50) size 358x17
                  text run at (50,50) width 358: "This element should have an overall border width of 50 pixels."
              RenderBlock {P} at (4,194) size 578x27 [border: (5px solid #000000)]
                RenderText {#text} at (5,5) size 312x17
                  text run at (5,5) width 312: "This element should have a thick overall border width."
              RenderBlock {P} at (4,234) size 578x23 [border: (3px solid #000000)]
                RenderText {#text} at (3,3) size 330x17
                  text run at (3,3) width 330: "This element should have a medium overall border width."
              RenderBlock {P} at (4,270) size 578x19 [border: (1px solid #000000)]
                RenderText {#text} at (1,1) size 305x17
                  text run at (1,1) width 305: "This element should have a thin overall border width."
              RenderBlock {P} at (4,302) size 578x17
                RenderText {#text} at (0,0) size 457x17
                  text run at (0,0) width 457: "This element should have no border and no extra \"padding\" on any side, as no "
                RenderInline {CODE} at (0,0) size 68x17
                  RenderText {#text} at (457,0) size 68x17
                    text run at (457,0) width 68: "border-style"
                RenderText {#text} at (525,0) size 53x17
                  text run at (525,0) width 53: " was set."
