layer at (0,0) size 800x600
  RenderView at (0,0) size 800x600
layer at (0,0) size 800x600
  RenderBlock {HTML} at (0,0) size 800x600
    RenderBody {BODY} at (8,8) size 784x584 [bgcolor=#CCCCCC]
      RenderBlock {P} at (0,0) size 784x20
        RenderText {#text} at (0,0) size 395x20
          text run at (0,0) width 395: "The style declarations which apply to the text below are:"
      RenderBlock {PRE} at (0,36) size 784x48
        RenderText {#text} at (0,0) size 216x48
          text run at (0,0) width 216: ".one {border-top: purple double 10px;}"
          text run at (216,0) width 0: " "
          text run at (0,16) width 197: ".two {border-top: purple thin solid;}"
          text run at (197,16) width 0: " "
          text run at (0,32) width 0: " "
      RenderBlock {HR} at (0,97) size 784x2 [border: (1px inset #000000)]
      RenderBlock {P} at (0,115) size 784x60 [bgcolor=#C0C0C0]
        RenderText {#text} at (0,0) size 744x20
          text run at (0,0) width 744: "This is an unstyled element, save for the background color, and containing inline elements with classes of"
        RenderInline {SPAN} at (0,0) size 68x30 [border: (10px double #800080) none]
          RenderText {#text} at (0,20) size 68x20
            text run at (0,20) width 68: "class one"
        RenderText {#text} at (68,20) size 432x20
          text run at (68,20) width 432: ", which should have a 10-pixel purple double top border; and "
        RenderInline {SPAN} at (0,0) size 66x21 [border: (1px solid #800080) none]
          RenderText {#text} at (500,20) size 66x20
            text run at (500,20) width 66: "class two"
        RenderText {#text} at (566,20) size 750x40
          text run at (566,20) width 184: ", which should have a thin"
          text run at (0,40) width 167: "solid purple top border. "
          text run at (167,40) width 481: "The line-height of the parent element should not change on any line."
      RenderTable {TABLE} at (0,191) size 784x99 [border: (1px outset #808080)]
        RenderTableSection {TBODY} at (1,1) size 782x97
          RenderTableRow {TR} at (0,0) size 782x29
            RenderTableCell {TD} at (0,0) size 782x29 [bgcolor=#C0C0C0] [border: (1px inset #808080)] [r=0 c=0 rs=1 cs=2]
              RenderInline {STRONG} at (0,0) size 178x20
                RenderText {#text} at (4,4) size 178x20
                  text run at (4,4) width 178: "TABLE Testing Section"
          RenderTableRow {TR} at (0,29) size 782x68
            RenderTableCell {TD} at (0,49) size 12x28 [bgcolor=#C0C0C0] [border: (1px inset #808080)] [r=1 c=0 rs=1 cs=1]
              RenderText {#text} at (4,4) size 4x20
                text run at (4,4) width 4: " "
            RenderTableCell {TD} at (12,29) size 770x68 [border: (1px inset #808080)] [r=1 c=1 rs=1 cs=1]
              RenderBlock {P} at (4,4) size 762x60 [bgcolor=#C0C0C0]
                RenderText {#text} at (0,0) size 744x20
                  text run at (0,0) width 744: "This is an unstyled element, save for the background color, and containing inline elements with classes of"
                RenderInline {SPAN} at (0,0) size 68x30 [border: (10px double #800080) none]
                  RenderText {#text} at (0,20) size 68x20
                    text run at (0,20) width 68: "class one"
                RenderText {#text} at (68,20) size 432x20
                  text run at (68,20) width 432: ", which should have a 10-pixel purple double top border; and "
                RenderInline {SPAN} at (0,0) size 66x21 [border: (1px solid #800080) none]
                  RenderText {#text} at (500,20) size 66x20
                    text run at (500,20) width 66: "class two"
                RenderText {#text} at (566,20) size 750x40
                  text run at (566,20) width 184: ", which should have a thin"
                  text run at (0,40) width 167: "solid purple top border. "
                  text run at (167,40) width 481: "The line-height of the parent element should not change on any line."
