layer at (0,0) size 800x1244
  RenderView at (0,0) size 800x600
layer at (0,0) size 800x1244
  RenderBlock {HTML} at (0,0) size 800x1244
    RenderBody {BODY} at (8,8) size 784x1228 [bgcolor=#CCCCCC]
      RenderBlock {P} at (0,0) size 784x17
        RenderText {#text} at (0,0) size 326x17
          text run at (0,0) width 326: "The style declarations which apply to the text below are:"
      RenderBlock {PRE} at (0,30) size 784x153
        RenderText {#text} at (0,0) size 197x153
          text run at (0,0) width 197: ".one {border: medium black solid;}"
          text run at (197,0) width 0: " "
          text run at (0,17) width 184: ".two {border: thin maroon ridge;}"
          text run at (184,17) width 0: " "
          text run at (0,34) width 186: ".three {border: 10px teal outset;}"
          text run at (186,34) width 0: " "
          text run at (0,51) width 177: ".four {border: 10px olive inset;}"
          text run at (177,51) width 0: " "
          text run at (0,68) width 160: ".five {border: 10px maroon;}"
          text run at (160,68) width 0: " "
          text run at (0,85) width 166: ".six {border: maroon double;}"
          text run at (166,85) width 0: " "
          text run at (0,102) width 170: ".seven {border: left red solid;}"
          text run at (170,102) width 0: " "
          text run at (0,119) width 113: ".eight {border: 0px;}"
          text run at (113,119) width 0: " "
          text run at (0,136) width 165: "TD {border: 2px solid green;}"
          text run at (165,136) width 0: " "
      RenderBlock {HR} at (0,196) size 784x2 [border: (1px inset #000000)]
      RenderBlock {P} at (0,211) size 784x34
        RenderText {#text} at (0,0) size 751x34
          text run at (0,0) width 576: "Note that all table cells on this page should have a two-pixel solid green border along all four sides. "
          text run at (576,0) width 175: "This border applies only to the"
          text run at (0,17) width 226: "cells, not the rows which contain them."
      RenderBlock {P} at (0,258) size 784x23 [border: (3px solid #000000)]
        RenderText {#text} at (3,3) size 440x17
          text run at (3,3) width 440: "This paragraph should have a medium black solid border all the way around."
      RenderBlock {P} at (0,294) size 784x19 [border: (1px ridge #800000)]
        RenderText {#text} at (1,1) size 435x17
          text run at (1,1) width 435: "This paragraph should have a thin maroon ridged border all the way around."
      RenderBlock {P} at (0,326) size 784x37 [border: (10px outset #008080)]
        RenderText {#text} at (10,10) size 472x17
          text run at (10,10) width 472: "This paragraph should have a ten-pixel-wide teal outset border all the way around."
      RenderBlock {P} at (0,376) size 784x37 [border: (10px inset #808000)]
        RenderText {#text} at (10,10) size 470x17
          text run at (10,10) width 470: "This paragraph should have a ten-pixel-wide olive inset border all the way around."
      RenderBlock {P} at (0,426) size 784x17
        RenderText {#text} at (0,0) size 320x17
          text run at (0,0) width 320: "This paragraph should have no border around it, as the "
        RenderInline {TT} at (0,0) size 68x17
          RenderText {#text} at (320,0) size 68x17
            text run at (320,0) width 68: "border-style"
        RenderText {#text} at (388,0) size 300x17
          text run at (388,0) width 300: " was not set, and it should not be offset in any way."
      RenderBlock {P} at (0,456) size 784x23 [border: (3px double #800000)]
        RenderText {#text} at (3,3) size 487x17
          text run at (3,3) width 487: "This paragraph should have a medium maroon double border around it, even though "
        RenderInline {CODE} at (0,0) size 70x17
          RenderText {#text} at (490,3) size 70x17
            text run at (490,3) width 70: "border-width"
        RenderText {#text} at (560,3) size 130x17
          text run at (560,3) width 130: " was not explicitly set."
      RenderBlock {P} at (0,492) size 784x17
        RenderText {#text} at (0,0) size 569x17
          text run at (0,0) width 569: "This paragraph should have no border around it, as its declaration is invalid and should be ignored."
      RenderBlock {P} at (0,522) size 784x19
        RenderInline {A} at (0,0) size 22x17
          RenderText {#text} at (0,2) size 22x17
            text run at (0,2) width 22: "The"
        RenderText {#text} at (22,2) size 656x17
          text run at (22,2) width 656: " following image is also an anchor which points to a target on this page, but it should not have a border around it: "
        RenderInline {A} at (0,0) size 15x17 [color=#0000FF]
          RenderImage {IMG} at (678,0) size 15x15
        RenderText {#text} at (693,2) size 4x17
          text run at (693,2) width 4: "."
      RenderTable {TABLE} at (0,554) size 784x109 [border: (1px outset #808080)]
        RenderTableSection {TBODY} at (1,1) size 782x107
          RenderTableRow {TR} at (0,5) size 782x40
            RenderTableCell {TD} at (5,5) size 772x40 [border: (2px solid #008000)] [r=0 c=0 rs=1 cs=2]
              RenderText {#text} at (3,3) size 766x34
                text run at (3,3) width 371: "Every cell in this table should have a 2-pixel solid green border. "
                text run at (374,3) width 395: "This is also true of the table-testing section in the second half of the"
                text run at (3,20) width 58: "test page."
          RenderTableRow {TR} at (0,50) size 782x52
            RenderTableCell {TD} at (5,64) size 193x23 [border: (2px solid #008000)] [r=1 c=0 rs=1 cs=1]
              RenderText {#text} at (3,3) size 47x17
                text run at (3,3) width 47: "Cell one"
            RenderTableCell {TD} at (203,50) size 574x52 [border: (2px solid #008000)] [r=1 c=1 rs=1 cs=1]
              RenderBlock (anonymous) at (3,3) size 568x17
                RenderText {#text} at (0,0) size 46x17
                  text run at (0,0) width 46: "Cell two"
              RenderTable {TABLE} at (3,20) size 151x29 [border: (1px outset #808080)]
                RenderTableSection {TBODY} at (1,1) size 149x27
                  RenderTableRow {TR} at (0,2) size 149x23
                    RenderTableCell {TD} at (2,2) size 145x23 [border: (2px solid #008000)] [r=0 c=0 rs=1 cs=1]
                      RenderText {#text} at (3,3) size 139x17
                        text run at (3,3) width 139: "Nested single-cell table!"
      RenderBlock {P} at (0,676) size 784x17
        RenderText {#text} at (0,0) size 164x17
          text run at (0,0) width 164: "This is an unstyled element."
      RenderTable {TABLE} at (0,706) size 784x522 [border: (1px outset #808080)]
        RenderTableSection {TBODY} at (1,1) size 782x520
          RenderTableRow {TR} at (0,0) size 782x28
            RenderTableCell {TD} at (0,0) size 782x28 [bgcolor=#C0C0C0] [border: (2px solid #008000)] [r=0 c=0 rs=1 cs=2]
              RenderInline {STRONG} at (0,0) size 144x17
                RenderText {#text} at (5,5) size 144x17
                  text run at (5,5) width 144: "TABLE Testing Section"
          RenderTableRow {TR} at (0,28) size 782x492
            RenderTableCell {TD} at (0,260) size 14x27 [bgcolor=#C0C0C0] [border: (2px solid #008000)] [r=1 c=0 rs=1 cs=1]
              RenderText {#text} at (5,5) size 4x17
                text run at (5,5) width 4: " "
            RenderTableCell {TD} at (14,28) size 768x492 [border: (2px solid #008000)] [r=1 c=1 rs=1 cs=1]
              RenderBlock {P} at (5,5) size 758x34
                RenderText {#text} at (0,0) size 751x34
                  text run at (0,0) width 576: "Note that all table cells on this page should have a two-pixel solid green border along all four sides. "
                  text run at (576,0) width 175: "This border applies only to the"
                  text run at (0,17) width 226: "cells, not the rows which contain them."
              RenderBlock {P} at (5,52) size 758x23 [border: (3px solid #000000)]
                RenderText {#text} at (3,3) size 440x17
                  text run at (3,3) width 440: "This paragraph should have a medium black solid border all the way around."
              RenderBlock {P} at (5,88) size 758x19 [border: (1px ridge #800000)]
                RenderText {#text} at (1,1) size 435x17
                  text run at (1,1) width 435: "This paragraph should have a thin maroon ridged border all the way around."
              RenderBlock {P} at (5,120) size 758x37 [border: (10px outset #008080)]
                RenderText {#text} at (10,10) size 472x17
                  text run at (10,10) width 472: "This paragraph should have a ten-pixel-wide teal outset border all the way around."
              RenderBlock {P} at (5,170) size 758x37 [border: (10px inset #808000)]
                RenderText {#text} at (10,10) size 470x17
                  text run at (10,10) width 470: "This paragraph should have a ten-pixel-wide olive inset border all the way around."
              RenderBlock {P} at (5,220) size 758x17
                RenderText {#text} at (0,0) size 320x17
                  text run at (0,0) width 320: "This paragraph should have no border around it, as the "
                RenderInline {TT} at (0,0) size 68x17
                  RenderText {#text} at (320,0) size 68x17
                    text run at (320,0) width 68: "border-style"
                RenderText {#text} at (388,0) size 300x17
                  text run at (388,0) width 300: " was not set, and it should not be offset in any way."
              RenderBlock {P} at (5,250) size 758x23 [border: (3px double #800000)]
                RenderText {#text} at (3,3) size 487x17
                  text run at (3,3) width 487: "This paragraph should have a medium maroon double border around it, even though "
                RenderInline {CODE} at (0,0) size 70x17
                  RenderText {#text} at (490,3) size 70x17
                    text run at (490,3) width 70: "border-width"
                RenderText {#text} at (560,3) size 130x17
                  text run at (560,3) width 130: " was not explicitly set."
              RenderBlock {P} at (5,286) size 758x17
                RenderText {#text} at (0,0) size 569x17
                  text run at (0,0) width 569: "This paragraph should have no border around it, as its declaration is invalid and should be ignored."
              RenderBlock {P} at (5,316) size 758x19
                RenderInline {A} at (0,0) size 22x17
                  RenderText {#text} at (0,2) size 22x17
                    text run at (0,2) width 22: "The"
                RenderText {#text} at (22,2) size 656x17
                  text run at (22,2) width 656: " following image is also an anchor which points to a target on this page, but it should not have a border around it: "
                RenderInline {A} at (0,0) size 15x17 [color=#0000FF]
                  RenderImage {IMG} at (678,0) size 15x15
                RenderText {#text} at (693,2) size 4x17
                  text run at (693,2) width 4: "."
              RenderTable {TABLE} at (5,348) size 758x109 [border: (1px outset #808080)]
                RenderTableSection {TBODY} at (1,1) size 756x107
                  RenderTableRow {TR} at (0,5) size 756x40
                    RenderTableCell {TD} at (5,5) size 746x40 [border: (2px solid #008000)] [r=0 c=0 rs=1 cs=2]
                      RenderText {#text} at (3,3) size 729x34
                        text run at (3,3) width 371: "Every cell in this table should have a 2-pixel solid green border. "
                        text run at (374,3) width 358: "This is also true of the table-testing section in the second half"
                        text run at (3,20) width 95: "of the test page."
                  RenderTableRow {TR} at (0,50) size 756x52
                    RenderTableCell {TD} at (5,64) size 186x23 [border: (2px solid #008000)] [r=1 c=0 rs=1 cs=1]
                      RenderText {#text} at (3,3) size 47x17
                        text run at (3,3) width 47: "Cell one"
                    RenderTableCell {TD} at (196,50) size 555x52 [border: (2px solid #008000)] [r=1 c=1 rs=1 cs=1]
                      RenderBlock (anonymous) at (3,3) size 549x17
                        RenderText {#text} at (0,0) size 46x17
                          text run at (0,0) width 46: "Cell two"
                      RenderTable {TABLE} at (3,20) size 151x29 [border: (1px outset #808080)]
                        RenderTableSection {TBODY} at (1,1) size 149x27
                          RenderTableRow {TR} at (0,2) size 149x23
                            RenderTableCell {TD} at (2,2) size 145x23 [border: (2px solid #008000)] [r=0 c=0 rs=1 cs=1]
                              RenderText {#text} at (3,3) size 139x17
                                text run at (3,3) width 139: "Nested single-cell table!"
              RenderBlock {P} at (5,470) size 758x17
                RenderText {#text} at (0,0) size 164x17
                  text run at (0,0) width 164: "This is an unstyled element."
