layer at (0,0) size 800x684
  RenderView at (0,0) size 800x600
layer at (0,0) size 800x684
  RenderBlock {HTML} at (0,0) size 800x684
    RenderBody {BODY} at (8,8) size 784x668 [bgcolor=#CCCCCC]
      RenderBlock {P} at (0,0) size 784x17
        RenderText {#text} at (0,0) size 326x17
          text run at (0,0) width 326: "The style declarations which apply to the text below are:"
      RenderBlock {PRE} at (0,30) size 784x102
        RenderText {#text} at (0,0) size 306x102
          text run at (0,0) width 298: ".zero {background-color: silver; border-left-width: 0;}"
          text run at (298,0) width 0: " "
          text run at (0,17) width 280: ".one {border-left-width: 50px; border-style: solid;}"
          text run at (280,17) width 0: " "
          text run at (0,34) width 279: ".two {border-left-width: thick; border-style: solid;}"
          text run at (279,34) width 0: " "
          text run at (0,51) width 306: ".three {border-left-width: medium; border-style: solid;}"
          text run at (306,51) width 0: " "
          text run at (0,68) width 274: ".four {border-left-width: thin; border-style: solid;}"
          text run at (274,68) width 0: " "
          text run at (0,85) width 169: ".five {border-left-width: 25px;}"
          text run at (169,85) width 0: " "
      RenderBlock {HR} at (0,145) size 784x2 [border: (1px inset #000000)]
      RenderBlock {P} at (0,160) size 784x17
        RenderText {#text} at (0,0) size 136x17
          text run at (0,0) width 136: "(These will only work if "
        RenderInline {CODE} at (0,0) size 68x17
          RenderText {#text} at (136,0) size 68x17
            text run at (136,0) width 68: "border-style"
        RenderText {#text} at (204,0) size 83x17
          text run at (204,0) width 83: " is supported.)"
      RenderBlock {P} at (0,190) size 784x17 [bgcolor=#C0C0C0]
        RenderText {#text} at (0,0) size 194x17
          text run at (0,0) width 194: "This element has a class of zero."
      RenderBlock {P} at (0,220) size 784x23 [border: (3px solid #000000) (50px solid #000000)]
        RenderText {#text} at (50,3) size 730x17
          text run at (50,3) width 730: "This element should have a left border width of 50 pixels, which will be more obvious if the element is more than one line long."
      RenderBlock {P} at (0,256) size 784x23 [border: (3px solid #000000) (5px solid #000000)]
        RenderText {#text} at (5,3) size 691x17
          text run at (5,3) width 691: "This element should have a thick left border width, which will be more obvious if the element is more than one line long."
      RenderBlock {P} at (0,292) size 784x23 [border: (3px solid #000000)]
        RenderText {#text} at (3,3) size 709x17
          text run at (3,3) width 709: "This element should have a medium left border width, which will be more obvious if the element is more than one line long."
      RenderBlock {P} at (0,328) size 784x23 [border: (3px solid #000000) (1px solid #000000)]
        RenderText {#text} at (1,3) size 684x17
          text run at (1,3) width 684: "This element should have a thin left border width, which will be more obvious if the element is more than one line long."
      RenderBlock {P} at (0,364) size 784x17
        RenderText {#text} at (0,0) size 472x17
          text run at (0,0) width 472: "This element should have no border and no extra \"padding\" on its left side, as no "
        RenderInline {CODE} at (0,0) size 68x17
          RenderText {#text} at (472,0) size 68x17
            text run at (472,0) width 68: "border-style"
        RenderText {#text} at (540,0) size 53x17
          text run at (540,0) width 53: " was set."
      RenderTable {TABLE} at (0,394) size 784x274 [border: (1px outset #808080)]
        RenderTableSection {TBODY} at (1,1) size 782x272
          RenderTableRow {TR} at (0,0) size 782x26
            RenderTableCell {TD} at (0,0) size 782x26 [bgcolor=#C0C0C0] [border: (1px inset #808080)] [r=0 c=0 rs=1 cs=2]
              RenderInline {STRONG} at (0,0) size 144x17
                RenderText {#text} at (4,4) size 144x17
                  text run at (4,4) width 144: "TABLE Testing Section"
          RenderTableRow {TR} at (0,26) size 782x246
            RenderTableCell {TD} at (0,136) size 12x25 [bgcolor=#C0C0C0] [border: (1px inset #808080)] [r=1 c=0 rs=1 cs=1]
              RenderText {#text} at (4,4) size 4x17
                text run at (4,4) width 4: " "
            RenderTableCell {TD} at (12,26) size 770x246 [border: (1px inset #808080)] [r=1 c=1 rs=1 cs=1]
              RenderBlock {P} at (4,4) size 762x17
                RenderText {#text} at (0,0) size 136x17
                  text run at (0,0) width 136: "(These will only work if "
                RenderInline {CODE} at (0,0) size 68x17
                  RenderText {#text} at (136,0) size 68x17
                    text run at (136,0) width 68: "border-style"
                RenderText {#text} at (204,0) size 83x17
                  text run at (204,0) width 83: " is supported.)"
              RenderBlock {P} at (4,34) size 762x17 [bgcolor=#C0C0C0]
                RenderText {#text} at (0,0) size 194x17
                  text run at (0,0) width 194: "This element has a class of zero."
              RenderBlock {P} at (4,64) size 762x40 [border: (3px solid #000000) (50px solid #000000)]
                RenderText {#text} at (50,3) size 698x34
                  text run at (50,3) width 698: "This element should have a left border width of 50 pixels, which will be more obvious if the element is more than one line"
                  text run at (50,20) width 28: "long."
              RenderBlock {P} at (4,117) size 762x23 [border: (3px solid #000000) (5px solid #000000)]
                RenderText {#text} at (5,3) size 691x17
                  text run at (5,3) width 691: "This element should have a thick left border width, which will be more obvious if the element is more than one line long."
              RenderBlock {P} at (4,153) size 762x23 [border: (3px solid #000000)]
                RenderText {#text} at (3,3) size 709x17
                  text run at (3,3) width 709: "This element should have a medium left border width, which will be more obvious if the element is more than one line long."
              RenderBlock {P} at (4,189) size 762x23 [border: (3px solid #000000) (1px solid #000000)]
                RenderText {#text} at (1,3) size 684x17
                  text run at (1,3) width 684: "This element should have a thin left border width, which will be more obvious if the element is more than one line long."
              RenderBlock {P} at (4,225) size 762x17
                RenderText {#text} at (0,0) size 472x17
                  text run at (0,0) width 472: "This element should have no border and no extra \"padding\" on its left side, as no "
                RenderInline {CODE} at (0,0) size 68x17
                  RenderText {#text} at (472,0) size 68x17
                    text run at (472,0) width 68: "border-style"
                RenderText {#text} at (540,0) size 53x17
                  text run at (540,0) width 53: " was set."
