layer at (0,0) size 800x600
  RenderView at (0,0) size 800x600
layer at (0,0) size 800x600
  RenderBlock {HTML} at (0,0) size 800x600
    RenderBody {BODY} at (8,8) size 784x584 [bgcolor=#CCCCCC]
      RenderBlock {P} at (0,0) size 784x17
        RenderText {#text} at (0,0) size 326x17
          text run at (0,0) width 326: "The style declarations which apply to the text below are:"
      RenderBlock {PRE} at (0,30) size 784x51
        RenderText {#text} at (0,0) size 178x51
          text run at (0,0) width 178: ".one {border: 10px teal outset;}"
          text run at (178,0) width 0: " "
          text run at (0,17) width 175: ".two {border: 10px olive inset;}"
          text run at (175,17) width 0: " "
          text run at (0,34) width 0: " "
      RenderBlock {HR} at (0,94) size 784x2 [border: (1px inset #000000)]
      RenderBlock {P} at (0,109) size 784x51 [bgcolor=#C0C0C0]
        RenderText {#text} at (0,0) size 629x17
          text run at (0,0) width 629: "This is an unstyled element, save for the background color, and containing inline elements with a classes of "
        RenderInline {SPAN} at (0,0) size 76x37 [border: (10px outset #008080)]
          RenderText {#text} at (639,0) size 56x17
            text run at (639,0) width 56: "class one"
        RenderText {#text} at (705,0) size 746x34
          text run at (705,0) width 41: ", which"
          text run at (0,17) width 286: "should result in a 10-pixel outset teal border; and "
        RenderInline {SPAN} at (0,0) size 75x37 [border: (10px inset #808000)]
          RenderText {#text} at (296,17) size 55x17
            text run at (296,17) width 55: "class two"
        RenderText {#text} at (361,17) size 765x34
          text run at (361,17) width 304: ", which should result in a 10-pixel inset olive border. "
          text run at (665,17) width 100: "The line-height of"
          text run at (0,34) width 289: "the parent element should not change on any line."
      RenderTable {TABLE} at (0,173) size 784x87 [border: (1px outset #808080)]
        RenderTableSection {TBODY} at (1,1) size 782x85
          RenderTableRow {TR} at (0,0) size 782x26
            RenderTableCell {TD} at (0,0) size 782x26 [bgcolor=#C0C0C0] [border: (1px inset #808080)] [r=0 c=0 rs=1 cs=2]
              RenderInline {STRONG} at (0,0) size 144x17
                RenderText {#text} at (4,4) size 144x17
                  text run at (4,4) width 144: "TABLE Testing Section"
          RenderTableRow {TR} at (0,26) size 782x59
            RenderTableCell {TD} at (0,43) size 12x25 [bgcolor=#C0C0C0] [border: (1px inset #808080)] [r=1 c=0 rs=1 cs=1]
              RenderText {#text} at (4,4) size 4x17
                text run at (4,4) width 4: " "
            RenderTableCell {TD} at (12,26) size 770x59 [border: (1px inset #808080)] [r=1 c=1 rs=1 cs=1]
              RenderBlock {P} at (4,4) size 762x51 [bgcolor=#C0C0C0]
                RenderText {#text} at (0,0) size 629x17
                  text run at (0,0) width 629: "This is an unstyled element, save for the background color, and containing inline elements with a classes of "
                RenderInline {SPAN} at (0,0) size 76x37 [border: (10px outset #008080)]
                  RenderText {#text} at (639,0) size 56x17
                    text run at (639,0) width 56: "class one"
                RenderText {#text} at (705,0) size 746x34
                  text run at (705,0) width 41: ", which"
                  text run at (0,17) width 286: "should result in a 10-pixel outset teal border; and "
                RenderInline {SPAN} at (0,0) size 75x37 [border: (10px inset #808000)]
                  RenderText {#text} at (296,17) size 55x17
                    text run at (296,17) width 55: "class two"
                RenderText {#text} at (361,17) size 750x34
                  text run at (361,17) width 304: ", which should result in a 10-pixel inset olive border. "
                  text run at (665,17) width 85: "The line-height"
                  text run at (0,34) width 304: "of the parent element should not change on any line."
