layer at (0,0) size 800x600
  RenderView at (0,0) size 800x600
layer at (0,0) size 800x600
  RenderBlock {HTML} at (0,0) size 800x600
    RenderBody {BODY} at (8,8) size 784x584 [bgcolor=#CCCCCC]
      RenderBlock {P} at (0,0) size 784x17
        RenderText {#text} at (0,0) size 326x17
          text run at (0,0) width 326: "The style declarations which apply to the text below are:"
      RenderBlock {PRE} at (0,30) size 784x51
        RenderText {#text} at (0,0) size 280x51
          text run at (0,0) width 280: ".one {border-left-width: 25px; border-style: solid;}"
          text run at (280,0) width 0: " "
          text run at (0,17) width 272: ".two {border-left-width: thin; border-style: solid;}"
          text run at (272,17) width 0: " "
          text run at (0,34) width 177: ".three {border-left-width: 25px;}"
          text run at (177,34) width 0: " "
      RenderBlock {HR} at (0,94) size 784x2 [border: (1px inset #000000)]
      RenderBlock {P} at (0,109) size 784x58 [border: (3px solid #000000) (25px solid #000000)]
        RenderText {#text} at (25,3) size 165x17
          text run at (25,3) width 165: "This element has a class of "
        RenderInline {TT} at (0,0) size 21x17
          RenderText {#text} at (190,3) size 21x17
            text run at (190,3) width 21: "one"
        RenderText {#text} at (211,3) size 148x17
          text run at (211,3) width 8: ". "
          text run at (219,3) width 140: "However, it contains an "
        RenderInline {SPAN} at (0,0) size 158x23 [border: (3px solid #000000) (1px solid #000000)]
          RenderText {#text} at (360,3) size 134x17
            text run at (360,3) width 134: "inline element of class "
          RenderInline {TT} at (0,0) size 20x17
            RenderText {#text} at (494,3) size 20x17
              text run at (494,3) width 20: "two"
        RenderText {#text} at (517,3) size 750x34
          text run at (517,3) width 258: ", which should result in a thin solid border on"
          text run at (25,20) width 109: "the left side of the "
        RenderInline {STRONG} at (0,0) size 24x17
          RenderText {#text} at (134,20) size 24x17
            text run at (134,20) width 24: "first"
        RenderText {#text} at (158,20) size 560x17
          text run at (158,20) width 463: " box in the inline element (and the UA's default border on the other three sides). "
          text run at (621,20) width 97: "There is also an "
        RenderInline {SPAN} at (0,0) size 723x35
          RenderText {#text} at (718,20) size 723x35
            text run at (718,20) width 30: "inline"
            text run at (25,38) width 100: "element of class "
          RenderInline {TT} at (0,0) size 29x17
            RenderText {#text} at (125,38) size 29x17
              text run at (125,38) width 29: "three"
        RenderText {#text} at (154,38) size 521x17
          text run at (154,38) width 521: ", which should have no left border width or visible border because no border style was set."
      RenderTable {TABLE} at (0,180) size 784x94 [border: (1px outset #808080)]
        RenderTableSection {TBODY} at (1,1) size 782x92
          RenderTableRow {TR} at (0,0) size 782x26
            RenderTableCell {TD} at (0,0) size 782x26 [bgcolor=#C0C0C0] [border: (1px inset #808080)] [r=0 c=0 rs=1 cs=2]
              RenderInline {STRONG} at (0,0) size 144x17
                RenderText {#text} at (4,4) size 144x17
                  text run at (4,4) width 144: "TABLE Testing Section"
          RenderTableRow {TR} at (0,26) size 782x66
            RenderTableCell {TD} at (0,46) size 12x25 [bgcolor=#C0C0C0] [border: (1px inset #808080)] [r=1 c=0 rs=1 cs=1]
              RenderText {#text} at (4,4) size 4x17
                text run at (4,4) width 4: " "
            RenderTableCell {TD} at (12,26) size 770x66 [border: (1px inset #808080)] [r=1 c=1 rs=1 cs=1]
              RenderBlock {P} at (4,4) size 762x58 [border: (3px solid #000000) (25px solid #000000)]
                RenderText {#text} at (25,3) size 165x17
                  text run at (25,3) width 165: "This element has a class of "
                RenderInline {TT} at (0,0) size 21x17
                  RenderText {#text} at (190,3) size 21x17
                    text run at (190,3) width 21: "one"
                RenderText {#text} at (211,3) size 148x17
                  text run at (211,3) width 8: ". "
                  text run at (219,3) width 140: "However, it contains an "
                RenderInline {SPAN} at (0,0) size 158x23 [border: (3px solid #000000) (1px solid #000000)]
                  RenderText {#text} at (360,3) size 134x17
                    text run at (360,3) width 134: "inline element of class "
                  RenderInline {TT} at (0,0) size 20x17
                    RenderText {#text} at (494,3) size 20x17
                      text run at (494,3) width 20: "two"
                RenderText {#text} at (517,3) size 732x34
                  text run at (517,3) width 240: ", which should result in a thin solid border"
                  text run at (25,20) width 127: "on the left side of the "
                RenderInline {STRONG} at (0,0) size 24x17
                  RenderText {#text} at (152,20) size 24x17
                    text run at (152,20) width 24: "first"
                RenderText {#text} at (176,20) size 556x17
                  text run at (176,20) width 463: " box in the inline element (and the UA's default border on the other three sides). "
                  text run at (639,20) width 93: "There is also an"
                RenderInline {SPAN} at (0,0) size 163x17
                  RenderText {#text} at (25,38) size 134x17
                    text run at (25,38) width 134: "inline element of class "
                  RenderInline {TT} at (0,0) size 29x17
                    RenderText {#text} at (159,38) size 29x17
                      text run at (159,38) width 29: "three"
                RenderText {#text} at (188,38) size 521x17
                  text run at (188,38) width 521: ", which should have no left border width or visible border because no border style was set."
