layer at (0,0) size 800x600
  RenderView at (0,0) size 800x600
layer at (0,0) size 800x600
  RenderBlock {HTML} at (0,0) size 800x600
    RenderBody {BODY} at (8,8) size 784x584 [bgcolor=#CCCCCC]
      RenderBlock {P} at (20,0) size 764x17
        RenderText {#text} at (0,0) size 326x17
          text run at (0,0) width 326: "The style declarations which apply to the text below are:"
      RenderBlock {PRE} at (0,30) size 784x68
        RenderText {#text} at (0,0) size 216x68
          text run at (0,0) width 122: "P {margin-left: 20px;}"
          text run at (122,0) width 0: " "
          text run at (0,17) width 216: ".one {border-left: purple double 10px;}"
          text run at (216,17) width 0: " "
          text run at (0,34) width 197: ".two {border-left: purple thin solid;}"
          text run at (197,34) width 0: " "
          text run at (0,51) width 0: " "
      RenderBlock {HR} at (0,111) size 784x2 [border: (1px inset #000000)]
      RenderBlock {P} at (20,126) size 764x51 [bgcolor=#C0C0C0]
        RenderText {#text} at (0,0) size 704x17
          text run at (0,0) width 704: "This paragraph has a background color of silver and a 20-pixel left margin, and it contains inline elements with classes of "
        RenderInline {SPAN} at (0,0) size 745x34 [border: (10px double #800080)]
          RenderText {#text} at (714,0) size 745x34
            text run at (714,0) width 31: "class"
            text run at (0,17) width 21: "one"
        RenderText {#text} at (21,17) size 351x17
          text run at (21,17) width 351: ", which should have a 10-pixel purple double left border; and "
        RenderInline {SPAN} at (0,0) size 56x17 [border: (1px solid #800080)]
          RenderText {#text} at (373,17) size 55x17
            text run at (373,17) width 55: "class two"
        RenderText {#text} at (428,17) size 741x34
          text run at (428,17) width 291: ", which should have a thin solid purple left border. "
          text run at (719,17) width 22: "The"
          text run at (0,34) width 367: "line-height of the parent element should not change on any line."
      RenderTable {TABLE} at (0,190) size 784x87 [border: (1px outset #808080)]
        RenderTableSection {TBODY} at (1,1) size 782x85
          RenderTableRow {TR} at (0,0) size 782x26
            RenderTableCell {TD} at (0,0) size 782x26 [bgcolor=#C0C0C0] [border: (1px inset #808080)] [r=0 c=0 rs=1 cs=2]
              RenderInline {STRONG} at (0,0) size 144x17
                RenderText {#text} at (4,4) size 144x17
                  text run at (4,4) width 144: "TABLE Testing Section"
          RenderTableRow {TR} at (0,26) size 782x59
            RenderTableCell {TD} at (0,43) size 12x25 [bgcolor=#C0C0C0] [border: (1px inset #808080)] [r=1 c=0 rs=1 cs=1]
              RenderText {#text} at (4,4) size 4x17
                text run at (4,4) width 4: " "
            RenderTableCell {TD} at (12,26) size 770x59 [border: (1px inset #808080)] [r=1 c=1 rs=1 cs=1]
              RenderBlock {P} at (24,4) size 742x51 [bgcolor=#C0C0C0]
                RenderText {#text} at (0,0) size 700x17
                  text run at (0,0) width 700: "This paragraph has a background color of silver and a 20-pixel left margin, and it contains inline elements with classes of"
                RenderInline {SPAN} at (0,0) size 66x17 [border: (10px double #800080)]
                  RenderText {#text} at (10,17) size 56x17
                    text run at (10,17) width 56: "class one"
                RenderText {#text} at (66,17) size 351x17
                  text run at (66,17) width 351: ", which should have a 10-pixel purple double left border; and "
                RenderInline {SPAN} at (0,0) size 56x17 [border: (1px solid #800080)]
                  RenderText {#text} at (418,17) size 55x17
                    text run at (418,17) width 55: "class two"
                RenderText {#text} at (473,17) size 716x34
                  text run at (473,17) width 243: ", which should have a thin solid purple left"
                  text run at (0,34) width 44: "border. "
                  text run at (44,34) width 393: "The line-height of the parent element should not change on any line."
