layer at (0,0) size 800x821
  RenderView at (0,0) size 800x600
layer at (0,0) size 800x821
  RenderBlock {HTML} at (0,0) size 800x821
    RenderBody {BODY} at (8,8) size 784x805 [bgcolor=#CCCCCC]
      RenderBlock {P} at (0,0) size 784x17
        RenderText {#text} at (0,0) size 326x17
          text run at (0,0) width 326: "The style declarations which apply to the text below are:"
      RenderBlock {PRE} at (0,30) size 784x102
        RenderText {#text} at (0,0) size 328x102
          text run at (0,0) width 320: ".zero {background-color: silver; border-bottom-width: 0;}"
          text run at (320,0) width 0: " "
          text run at (0,17) width 302: ".one {border-bottom-width: 50px; border-style: solid;}"
          text run at (302,17) width 0: " "
          text run at (0,34) width 301: ".two {border-bottom-width: thick; border-style: solid;}"
          text run at (301,34) width 0: " "
          text run at (0,51) width 328: ".three {border-bottom-width: medium; border-style: solid;}"
          text run at (328,51) width 0: " "
          text run at (0,68) width 296: ".four {border-bottom-width: thin; border-style: solid;}"
          text run at (296,68) width 0: " "
          text run at (0,85) width 191: ".five {border-bottom-width: 25px;}"
          text run at (191,85) width 0: " "
      RenderBlock {HR} at (0,145) size 784x2 [border: (1px inset #000000)]
      RenderBlock {P} at (0,160) size 784x17
        RenderText {#text} at (0,0) size 136x17
          text run at (0,0) width 136: "(These will only work if "
        RenderInline {CODE} at (0,0) size 68x17
          RenderText {#text} at (136,0) size 68x17
            text run at (136,0) width 68: "border-style"
        RenderText {#text} at (204,0) size 83x17
          text run at (204,0) width 83: " is supported.)"
      RenderBlock {P} at (0,190) size 784x17 [bgcolor=#C0C0C0]
        RenderText {#text} at (0,0) size 194x17
          text run at (0,0) width 194: "This element has a class of zero."
      RenderBlock {P} at (0,220) size 784x70 [border: (3px solid #000000) (50px solid #000000) (3px solid #000000)]
        RenderText {#text} at (3,3) size 353x17
          text run at (3,3) width 353: "This element should have a bottom border width of 50 pixels."
      RenderBlock {P} at (0,303) size 784x25 [border: (3px solid #000000) (5px solid #000000) (3px solid #000000)]
        RenderText {#text} at (3,3) size 314x17
          text run at (3,3) width 314: "This element should have a thick bottom border width."
      RenderBlock {P} at (0,341) size 784x23 [border: (3px solid #000000)]
        RenderText {#text} at (3,3) size 332x17
          text run at (3,3) width 332: "This element should have a medium bottom border width."
      RenderBlock {P} at (0,377) size 784x21 [border: (3px solid #000000) (1px solid #000000) (3px solid #000000)]
        RenderText {#text} at (3,3) size 307x17
          text run at (3,3) width 307: "This element should have a thin bottom border width."
      RenderBlock {P} at (0,411) size 784x17
        RenderText {#text} at (0,0) size 494x17
          text run at (0,0) width 494: "This element should have no border and no extra \"padding\" on its bottom side, as no "
        RenderInline {CODE} at (0,0) size 68x17
          RenderText {#text} at (494,0) size 68x17
            text run at (494,0) width 68: "border-style"
        RenderText {#text} at (562,0) size 53x17
          text run at (562,0) width 53: " was set."
      RenderBlock {P} at (0,441) size 784x17 [bgcolor=#C0C0C0]
        RenderText {#text} at (0,0) size 194x17
          text run at (0,0) width 194: "This element has a class of zero."
      RenderTable {TABLE} at (0,471) size 637x334 [border: (1px outset #808080)]
        RenderTableSection {TBODY} at (1,1) size 635x332
          RenderTableRow {TR} at (0,0) size 635x26
            RenderTableCell {TD} at (0,0) size 635x26 [bgcolor=#C0C0C0] [border: (1px inset #808080)] [r=0 c=0 rs=1 cs=2]
              RenderInline {STRONG} at (0,0) size 144x17
                RenderText {#text} at (4,4) size 144x17
                  text run at (4,4) width 144: "TABLE Testing Section"
          RenderTableRow {TR} at (0,26) size 635x306
            RenderTableCell {TD} at (0,166) size 12x25 [bgcolor=#C0C0C0] [border: (1px inset #808080)] [r=1 c=0 rs=1 cs=1]
              RenderText {#text} at (4,4) size 4x17
                text run at (4,4) width 4: " "
            RenderTableCell {TD} at (12,26) size 623x306 [border: (1px inset #808080)] [r=1 c=1 rs=1 cs=1]
              RenderBlock {P} at (4,4) size 615x17
                RenderText {#text} at (0,0) size 136x17
                  text run at (0,0) width 136: "(These will only work if "
                RenderInline {CODE} at (0,0) size 68x17
                  RenderText {#text} at (136,0) size 68x17
                    text run at (136,0) width 68: "border-style"
                RenderText {#text} at (204,0) size 83x17
                  text run at (204,0) width 83: " is supported.)"
              RenderBlock {P} at (4,34) size 615x17 [bgcolor=#C0C0C0]
                RenderText {#text} at (0,0) size 194x17
                  text run at (0,0) width 194: "This element has a class of zero."
              RenderBlock {P} at (4,64) size 615x70 [border: (3px solid #000000) (50px solid #000000) (3px solid #000000)]
                RenderText {#text} at (3,3) size 353x17
                  text run at (3,3) width 353: "This element should have a bottom border width of 50 pixels."
              RenderBlock {P} at (4,147) size 615x25 [border: (3px solid #000000) (5px solid #000000) (3px solid #000000)]
                RenderText {#text} at (3,3) size 314x17
                  text run at (3,3) width 314: "This element should have a thick bottom border width."
              RenderBlock {P} at (4,185) size 615x23 [border: (3px solid #000000)]
                RenderText {#text} at (3,3) size 332x17
                  text run at (3,3) width 332: "This element should have a medium bottom border width."
              RenderBlock {P} at (4,221) size 615x21 [border: (3px solid #000000) (1px solid #000000) (3px solid #000000)]
                RenderText {#text} at (3,3) size 307x17
                  text run at (3,3) width 307: "This element should have a thin bottom border width."
              RenderBlock {P} at (4,255) size 615x17
                RenderText {#text} at (0,0) size 494x17
                  text run at (0,0) width 494: "This element should have no border and no extra \"padding\" on its bottom side, as no "
                RenderInline {CODE} at (0,0) size 68x17
                  RenderText {#text} at (494,0) size 68x17
                    text run at (494,0) width 68: "border-style"
                RenderText {#text} at (562,0) size 53x17
                  text run at (562,0) width 53: " was set."
              RenderBlock {P} at (4,285) size 615x17 [bgcolor=#C0C0C0]
                RenderText {#text} at (0,0) size 194x17
                  text run at (0,0) width 194: "This element has a class of zero."
