layer at (0,0) size 800x670
  RenderView at (0,0) size 800x600
layer at (0,0) size 800x670
  RenderBlock {HTML} at (0,0) size 800x670
    RenderBody {BODY} at (8,8) size 784x654 [bgcolor=#CCCCCC]
      RenderBlock {P} at (0,0) size 784x17
        RenderText {#text} at (0,0) size 326x17
          text run at (0,0) width 326: "The style declarations which apply to the text below are:"
      RenderBlock {PRE} at (0,30) size 784x153
        RenderText {#text} at (0,0) size 442x153
          text run at (0,0) width 259: "P { margin: 0; padding: 0; text-align:  justify;}"
          text run at (259,0) width 0: " "
          text run at (0,17) width 0: " "
          text run at (0,34) width 261: "DIV.menu {float: left; clear: left; width: 11em;"
          text run at (261,34) width 0: " "
          text run at (0,51) width 326: "          margin: 0; margin-bottom: 10px; padding: 0.5em;}"
          text run at (326,51) width 0: " "
          text run at (0,68) width 318: "DIV.menu H1 {font-size: 1.2em; margin: 0; padding: 0;}"
          text run at (318,68) width 0: " "
          text run at (0,85) width 354: "DIV.menu UL {margin: 0.2em 0.3em 0.2em 1em; padding: 0;}"
          text run at (354,85) width 0: " "
          text run at (0,102) width 442: "DIV.article {padding: 0.5em; margin: 0; margin-left: 14em; margin-right: 2em;"
          text run at (442,102) width 0: " "
          text run at (0,119) width 318: "             color: black; background: yellow; clear: none;}"
          text run at (318,119) width 0: " "
          text run at (0,136) width 0: " "
      RenderBlock {HR} at (0,196) size 784x2 [border: (1px inset #000000)]
      RenderBlock (floating) {DIV} at (0,204) size 155x106 [color=#FFFFFF] [bgcolor=#008000]
        RenderBlock {H1} at (6,6) size 143x22
          RenderText {#text} at (0,0) size 77x21
            text run at (0,0) width 77: "Top menu"
        RenderBlock {UL} at (19,30) size 127x68
          RenderListItem {LI} at (0,0) size 127x17
            RenderListMarker at (-16,0) size 6x17: bullet
            RenderText {#text} at (0,0) size 32x17
              text run at (0,0) width 32: "green"
          RenderListItem {LI} at (0,17) size 127x17
            RenderListMarker at (-16,0) size 6x17: bullet
            RenderText {#text} at (0,0) size 56x17
              text run at (0,0) width 56: "white text"
          RenderListItem {LI} at (0,34) size 127x17
            RenderListMarker at (-16,0) size 6x17: bullet
            RenderText {#text} at (0,0) size 85x17
              text run at (0,0) width 85: "0.5em padding"
          RenderListItem {LI} at (0,51) size 127x17
            RenderListMarker at (-16,0) size 6x17: bullet
            RenderText {#text} at (0,0) size 79x17
              text run at (0,0) width 79: "0.5em margin"
      RenderBlock (floating) {DIV} at (0,320) size 155x106 [color=#FFFFFF] [bgcolor=#0000FF]
        RenderBlock {H1} at (6,6) size 143x22
          RenderText {#text} at (0,0) size 103x21
            text run at (0,0) width 103: "Bottom menu"
        RenderBlock {UL} at (19,30) size 127x68
          RenderListItem {LI} at (0,0) size 127x17
            RenderListMarker at (-16,0) size 6x17: bullet
            RenderText {#text} at (0,0) size 95x17
              text run at (0,0) width 95: "blue background"
          RenderListItem {LI} at (0,17) size 127x17
            RenderListMarker at (-16,0) size 6x17: bullet
            RenderText {#text} at (0,0) size 56x17
              text run at (0,0) width 56: "white text"
          RenderListItem {LI} at (0,34) size 127x17
            RenderListMarker at (-16,0) size 6x17: bullet
            RenderText {#text} at (0,0) size 85x17
              text run at (0,0) width 85: "0.5em padding"
          RenderListItem {LI} at (0,51) size 127x17
            RenderListMarker at (-16,0) size 6x17: bullet
            RenderText {#text} at (0,0) size 79x17
              text run at (0,0) width 79: "0.5em margin"
      RenderBlock {DIV} at (182,204) size 576x182 [bgcolor=#FFFF00]
        RenderBlock {H1} at (6,23) size 564x34
          RenderText {#text} at (0,0) size 236x34
            text run at (0,0) width 236: "The 'clear' property"
        RenderBlock {P} at (6,74) size 564x68
          RenderText {#text} at (0,0) size 564x68
            text run at (0,0) width 564: "This page has two floating \"menus\" on the side; one has a green background, and the other a"
            text run at (0,17) width 103: "blue background. "
            text run at (103,17) width 461: "Due to settings on the 'float' and 'clear' properties, the two menus should appear"
            text run at (0,34) width 564: "on the left side of the page, the blue below the green. There should be a 10px gap between the"
            text run at (0,51) width 534: "two menus. There should also be a 10px gap between the top menu and the top of the page."
        RenderBlock {P} at (6,142) size 564x34
          RenderText {#text} at (0,0) size 564x34
            text run at (0,0) width 564: "The top of the yellow rectangle (to which this paragraph belongs) should be vertically aligned with"
            text run at (0,17) width 174: "the top of the green rectangle."
      RenderTable {TABLE} at (155,386) size 629x268 [border: (1px outset #808080)]
        RenderTableSection {TBODY} at (1,1) size 627x266
          RenderTableRow {TR} at (0,0) size 627x26
            RenderTableCell {TD} at (0,0) size 627x26 [bgcolor=#C0C0C0] [border: (1px inset #808080)] [r=0 c=0 rs=1 cs=2]
              RenderInline {STRONG} at (0,0) size 144x17
                RenderText {#text} at (4,4) size 144x17
                  text run at (4,4) width 144: "TABLE Testing Section"
          RenderTableRow {TR} at (0,26) size 627x240
            RenderTableCell {TD} at (0,133) size 12x25 [bgcolor=#C0C0C0] [border: (1px inset #808080)] [r=1 c=0 rs=1 cs=1]
              RenderText {#text} at (4,4) size 4x17
                text run at (4,4) width 4: " "
            RenderTableCell {TD} at (12,26) size 615x240 [border: (1px inset #808080)] [r=1 c=1 rs=1 cs=1]
              RenderBlock (floating) {DIV} at (4,4) size 155x106 [color=#FFFFFF] [bgcolor=#008000]
                RenderBlock {H1} at (6,6) size 143x22
                  RenderText {#text} at (0,0) size 77x21
                    text run at (0,0) width 77: "Top menu"
                RenderBlock {UL} at (19,30) size 127x68
                  RenderListItem {LI} at (0,0) size 127x17
                    RenderListMarker at (-16,0) size 6x17: bullet
                    RenderText {#text} at (0,0) size 32x17
                      text run at (0,0) width 32: "green"
                  RenderListItem {LI} at (0,17) size 127x17
                    RenderListMarker at (-16,0) size 6x17: bullet
                    RenderText {#text} at (0,0) size 56x17
                      text run at (0,0) width 56: "white text"
                  RenderListItem {LI} at (0,34) size 127x17
                    RenderListMarker at (-16,0) size 6x17: bullet
                    RenderText {#text} at (0,0) size 85x17
                      text run at (0,0) width 85: "0.5em padding"
                  RenderListItem {LI} at (0,51) size 127x17
                    RenderListMarker at (-16,0) size 6x17: bullet
                    RenderText {#text} at (0,0) size 79x17
                      text run at (0,0) width 79: "0.5em margin"
              RenderBlock (floating) {DIV} at (4,120) size 155x106 [color=#FFFFFF] [bgcolor=#0000FF]
                RenderBlock {H1} at (6,6) size 143x22
                  RenderText {#text} at (0,0) size 103x21
                    text run at (0,0) width 103: "Bottom menu"
                RenderBlock {UL} at (19,30) size 127x68
                  RenderListItem {LI} at (0,0) size 127x17
                    RenderListMarker at (-16,0) size 6x17: bullet
                    RenderText {#text} at (0,0) size 95x17
                      text run at (0,0) width 95: "blue background"
                  RenderListItem {LI} at (0,17) size 127x17
                    RenderListMarker at (-16,0) size 6x17: bullet
                    RenderText {#text} at (0,0) size 56x17
                      text run at (0,0) width 56: "white text"
                  RenderListItem {LI} at (0,34) size 127x17
                    RenderListMarker at (-16,0) size 6x17: bullet
                    RenderText {#text} at (0,0) size 85x17
                      text run at (0,0) width 85: "0.5em padding"
                  RenderListItem {LI} at (0,51) size 127x17
                    RenderListMarker at (-16,0) size 6x17: bullet
                    RenderText {#text} at (0,0) size 79x17
                      text run at (0,0) width 79: "0.5em margin"
              RenderBlock {DIV} at (186,4) size 399x216 [bgcolor=#FFFF00]
                RenderBlock {H1} at (6,23) size 387x34
                  RenderText {#text} at (0,0) size 236x34
                    text run at (0,0) width 236: "The 'clear' property"
                RenderBlock {P} at (6,74) size 387x102
                  RenderText {#text} at (0,0) size 387x102
                    text run at (0,0) width 387: "This page has two floating \"menus\" on the side; one has a green"
                    text run at (0,17) width 277: "background, and the other a blue background. "
                    text run at (277,17) width 110: "Due to settings on"
                    text run at (0,34) width 387: "the 'float' and 'clear' properties, the two menus should appear on"
                    text run at (0,51) width 387: "the left side of the page, the blue below the green. There should be"
                    text run at (0,68) width 387: "a 10px gap between the two menus. There should also be a 10px"
                    text run at (0,85) width 295: "gap between the top menu and the top of the page."
                RenderBlock {P} at (6,176) size 387x34
                  RenderText {#text} at (0,0) size 387x34
                    text run at (0,0) width 387: "The top of the yellow rectangle (to which this paragraph belongs)"
                    text run at (0,17) width 362: "should be vertically aligned with the top of the green rectangle."
