layer at (0,0) size 784x775
  RenderView at (0,0) size 784x600
layer at (0,0) size 784x775
  RenderBlock {HTML} at (0,0) size 784x775
    RenderBody {BODY} at (8,8) size 768x747 [bgcolor=#CCCCCC]
      RenderBlock {P} at (0,0) size 768x20
        RenderText {#text} at (0,0) size 395x20
          text run at (0,0) width 395: "The style declarations which apply to the text below are:"
      RenderBlock {PRE} at (0,33) size 768x208
        RenderText {#text} at (0,0) size 362x208
          text run at (0,0) width 259: "P { margin: 0; padding: 0; text-align:  justify;}"
          text run at (259,0) width 0: " "
          text run at (0,16) width 0: " "
          text run at (0,32) width 247: "DIV.yellow, DIV.blue, DIV.red, DIV.green {"
          text run at (247,32) width 0: " "
          text run at (0,48) width 246: " width: 60px; padding: 20px; margin: 10px;"
          text run at (246,48) width 0: " "
          text run at (0,64) width 310: " border: 20px solid black; float: left; text-align: center;"
          text run at (310,64) width 0: " "
          text run at (0,80) width 270: " font-family: \"Times New Roman\",Times,serif;}"
          text run at (270,80) width 0: " "
          text run at (0,96) width 362: "DIV.yellow {margin-left: 0px; background: yellow; color: black;}"
          text run at (362,96) width 0: " "
          text run at (0,112) width 239: "DIV.blue {background: blue; color: white;}"
          text run at (239,112) width 0: " "
          text run at (0,128) width 228: "DIV.red {background: red; color: black;}"
          text run at (228,128) width 0: " "
          text run at (0,144) width 255: "DIV.green {background: green; color: white;}"
          text run at (255,144) width 0: " "
          text run at (0,160) width 136: "DIV.below {clear: both;}"
          text run at (136,160) width 0: " "
          text run at (0,176) width 158: "TABLE {margin: 20px 0px;}"
          text run at (158,176) width 0: " "
          text run at (0,192) width 0: " "
      RenderBlock {HR} at (0,254) size 768x2 [border: (1px inset #000000)]
      RenderBlock {P} at (0,264) size 768x60
        RenderText {#text} at (0,0) size 768x60
          text run at (0,0) width 768: "The four floating DIV elements below should appear next to each other horizontally. The table at the bottom"
          text run at (0,20) width 560: "of this page indicates how the DIV elements should be laid out horizontally. "
          text run at (560,20) width 208: "They should align with each"
          text run at (0,40) width 40: "other."
      RenderBlock (floating) {DIV} at (0,334) size 140x101 [bgcolor=#FFFF00] [border: (20px solid #000000)]
        RenderBlock {P} at (40,40) size 60x21
          RenderText {#text} at (0,0) size 47x21
            text run at (0,0) width 47: "Yellow"
      RenderBlock (floating) {DIV} at (160,334) size 140x101 [color=#FFFFFF] [bgcolor=#0000FF] [border: (20px solid #000000)]
        RenderBlock {P} at (40,40) size 60x21
          RenderText {#text} at (0,0) size 31x21
            text run at (0,0) width 31: "Blue"
      RenderBlock (floating) {DIV} at (320,334) size 140x101 [bgcolor=#FF0000] [border: (20px solid #000000)]
        RenderBlock {P} at (40,40) size 60x21
          RenderText {#text} at (0,0) size 28x21
            text run at (0,0) width 28: "Red"
      RenderBlock (floating) {DIV} at (480,334) size 140x101 [color=#FFFFFF] [bgcolor=#008000] [border: (20px solid #000000)]
        RenderBlock {P} at (40,40) size 60x21
          RenderText {#text} at (0,0) size 42x21
            text run at (0,0) width 42: "Green"
      RenderBlock {DIV} at (0,445) size 768x21
        RenderTable {TABLE} at (0,0) size 620x21
          RenderTableSection {TBODY} at (0,0) size 620x21
            RenderTableRow {TR} at (0,0) size 620x21
              RenderTableCell {TD} at (0,10) size 20x1 [bgcolor=#000000] [r=0 c=0 rs=1 cs=1]
                RenderImage {IMG} at (0,0) size 20x1
              RenderTableCell {TD} at (20,10) size 100x1 [bgcolor=#FFFF00] [r=0 c=1 rs=1 cs=1]
                RenderImage {IMG} at (0,0) size 100x1
              RenderTableCell {TD} at (120,10) size 20x1 [bgcolor=#000000] [r=0 c=2 rs=1 cs=1]
                RenderImage {IMG} at (0,0) size 20x1
              RenderTableCell {TD} at (140,10) size 20x1 [bgcolor=#FFFFFF] [r=0 c=3 rs=1 cs=1]
                RenderImage {IMG} at (0,0) size 20x1
              RenderTableCell {TD} at (160,10) size 20x1 [bgcolor=#000000] [r=0 c=4 rs=1 cs=1]
                RenderImage {IMG} at (0,0) size 20x1
              RenderTableCell {TD} at (180,10) size 100x1 [bgcolor=#0000FF] [r=0 c=5 rs=1 cs=1]
                RenderImage {IMG} at (0,0) size 100x1
              RenderTableCell {TD} at (280,10) size 20x1 [bgcolor=#000000] [r=0 c=6 rs=1 cs=1]
                RenderImage {IMG} at (0,0) size 20x1
              RenderTableCell {TD} at (300,10) size 20x1 [bgcolor=#FFFFFF] [r=0 c=7 rs=1 cs=1]
                RenderImage {IMG} at (0,0) size 20x1
              RenderTableCell {TD} at (320,10) size 20x1 [bgcolor=#000000] [r=0 c=8 rs=1 cs=1]
                RenderImage {IMG} at (0,0) size 20x1
              RenderTableCell {TD} at (340,10) size 100x1 [bgcolor=#FF0000] [r=0 c=9 rs=1 cs=1]
                RenderImage {IMG} at (0,0) size 100x1
              RenderTableCell {TD} at (440,0) size 20x21 [bgcolor=#000000] [r=0 c=10 rs=1 cs=1]
                RenderImage {IMG} at (0,0) size 20x1
                RenderText {#text} at (0,1) size 4x20
                  text run at (0,1) width 4: ";"
              RenderTableCell {TD} at (460,10) size 20x1 [bgcolor=#FFFFFF] [r=0 c=11 rs=1 cs=1]
                RenderImage {IMG} at (0,0) size 20x1
              RenderTableCell {TD} at (480,10) size 20x1 [bgcolor=#000000] [r=0 c=12 rs=1 cs=1]
                RenderImage {IMG} at (0,0) size 20x1
              RenderTableCell {TD} at (500,10) size 100x1 [bgcolor=#008000] [r=0 c=13 rs=1 cs=1]
                RenderImage {IMG} at (0,0) size 100x1
              RenderTableCell {TD} at (600,10) size 20x1 [bgcolor=#000000] [r=0 c=14 rs=1 cs=1]
                RenderImage {IMG} at (0,0) size 20x1
      RenderTable {TABLE} at (0,486) size 768x261 [border: (1px outset #808080)]
        RenderTableSection {TBODY} at (1,1) size 766x259
          RenderTableRow {TR} at (0,0) size 766x29
            RenderTableCell {TD} at (0,0) size 766x29 [bgcolor=#C0C0C0] [border: (1px inset #808080)] [r=0 c=0 rs=1 cs=2]
              RenderInline {STRONG} at (0,0) size 178x20
                RenderText {#text} at (4,4) size 178x20
                  text run at (4,4) width 178: "TABLE Testing Section"
          RenderTableRow {TR} at (0,29) size 766x230
            RenderTableCell {TD} at (0,130) size 12x28 [bgcolor=#C0C0C0] [border: (1px inset #808080)] [r=1 c=0 rs=1 cs=1]
              RenderText {#text} at (4,4) size 4x20
                text run at (4,4) width 4: " "
            RenderTableCell {TD} at (12,29) size 754x230 [border: (1px inset #808080)] [r=1 c=1 rs=1 cs=1]
              RenderBlock {P} at (4,4) size 746x60
                RenderText {#text} at (0,0) size 746x60
                  text run at (0,0) width 746: "The four floating DIV elements below should appear next to each other horizontally. The table at the"
                  text run at (0,20) width 586: "bottom of this page indicates how the DIV elements should be laid out horizontally. "
                  text run at (586,20) width 160: "They should align with"
                  text run at (0,40) width 79: "each other."
              RenderBlock (floating) {DIV} at (4,74) size 140x101 [bgcolor=#FFFF00] [border: (20px solid #000000)]
                RenderBlock {P} at (40,40) size 60x21
                  RenderText {#text} at (0,0) size 47x21
                    text run at (0,0) width 47: "Yellow"
              RenderBlock (floating) {DIV} at (164,74) size 140x101 [color=#FFFFFF] [bgcolor=#0000FF] [border: (20px solid #000000)]
                RenderBlock {P} at (40,40) size 60x21
                  RenderText {#text} at (0,0) size 31x21
                    text run at (0,0) width 31: "Blue"
              RenderBlock (floating) {DIV} at (324,74) size 140x101 [bgcolor=#FF0000] [border: (20px solid #000000)]
                RenderBlock {P} at (40,40) size 60x21
                  RenderText {#text} at (0,0) size 28x21
                    text run at (0,0) width 28: "Red"
              RenderBlock (floating) {DIV} at (484,74) size 140x101 [color=#FFFFFF] [bgcolor=#008000] [border: (20px solid #000000)]
                RenderBlock {P} at (40,40) size 60x21
                  RenderText {#text} at (0,0) size 42x21
                    text run at (0,0) width 42: "Green"
              RenderBlock {DIV} at (4,185) size 746x21
                RenderTable {TABLE} at (0,0) size 620x21
                  RenderTableSection {TBODY} at (0,0) size 620x21
                    RenderTableRow {TR} at (0,0) size 620x21
                      RenderTableCell {TD} at (0,10) size 20x1 [bgcolor=#000000] [r=0 c=0 rs=1 cs=1]
                        RenderImage {IMG} at (0,0) size 20x1
                      RenderTableCell {TD} at (20,10) size 100x1 [bgcolor=#FFFF00] [r=0 c=1 rs=1 cs=1]
                        RenderImage {IMG} at (0,0) size 100x1
                      RenderTableCell {TD} at (120,10) size 20x1 [bgcolor=#000000] [r=0 c=2 rs=1 cs=1]
                        RenderImage {IMG} at (0,0) size 20x1
                      RenderTableCell {TD} at (140,10) size 20x1 [bgcolor=#FFFFFF] [r=0 c=3 rs=1 cs=1]
                        RenderImage {IMG} at (0,0) size 20x1
                      RenderTableCell {TD} at (160,10) size 20x1 [bgcolor=#000000] [r=0 c=4 rs=1 cs=1]
                        RenderImage {IMG} at (0,0) size 20x1
                      RenderTableCell {TD} at (180,10) size 100x1 [bgcolor=#0000FF] [r=0 c=5 rs=1 cs=1]
                        RenderImage {IMG} at (0,0) size 100x1
                      RenderTableCell {TD} at (280,10) size 20x1 [bgcolor=#000000] [r=0 c=6 rs=1 cs=1]
                        RenderImage {IMG} at (0,0) size 20x1
                      RenderTableCell {TD} at (300,10) size 20x1 [bgcolor=#FFFFFF] [r=0 c=7 rs=1 cs=1]
                        RenderImage {IMG} at (0,0) size 20x1
                      RenderTableCell {TD} at (320,10) size 20x1 [bgcolor=#000000] [r=0 c=8 rs=1 cs=1]
                        RenderImage {IMG} at (0,0) size 20x1
                      RenderTableCell {TD} at (340,10) size 100x1 [bgcolor=#FF0000] [r=0 c=9 rs=1 cs=1]
                        RenderImage {IMG} at (0,0) size 100x1
                      RenderTableCell {TD} at (440,0) size 20x21 [bgcolor=#000000] [r=0 c=10 rs=1 cs=1]
                        RenderImage {IMG} at (0,0) size 20x1
                        RenderText {#text} at (0,1) size 4x20
                          text run at (0,1) width 4: ";"
                      RenderTableCell {TD} at (460,10) size 20x1 [bgcolor=#FFFFFF] [r=0 c=11 rs=1 cs=1]
                        RenderImage {IMG} at (0,0) size 20x1
                      RenderTableCell {TD} at (480,10) size 20x1 [bgcolor=#000000] [r=0 c=12 rs=1 cs=1]
                        RenderImage {IMG} at (0,0) size 20x1
                      RenderTableCell {TD} at (500,10) size 100x1 [bgcolor=#008000] [r=0 c=13 rs=1 cs=1]
                        RenderImage {IMG} at (0,0) size 100x1
                      RenderTableCell {TD} at (600,10) size 20x1 [bgcolor=#000000] [r=0 c=14 rs=1 cs=1]
                        RenderImage {IMG} at (0,0) size 20x1
