layer at (0,0) size 800x600
  RenderView at (0,0) size 800x600
layer at (0,0) size 800x600
  RenderBlock {HTML} at (0,0) size 800x600
    RenderBody {BODY} at (8,8) size 784x584 [bgcolor=#CCCCCC]
      RenderBlock {P} at (0,0) size 784x17
        RenderText {#text} at (0,0) size 326x17
          text run at (0,0) width 326: "The style declarations which apply to the text below are:"
      RenderBlock {PRE} at (0,30) size 784x34
        RenderText {#text} at (0,0) size 382x34
          text run at (0,0) width 382: ".one {margin-right: 25px; text-align: right; background-color: aqua;}"
          text run at (382,0) width 0: " "
          text run at (0,17) width 291: ".two {margin-right: -10px; background-color: aqua;}"
          text run at (291,17) width 0: " "
      RenderBlock {HR} at (0,77) size 784x2 [border: (1px inset #000000)]
      RenderBlock {P} at (0,92) size 784x35 [bgcolor=#808080]
        RenderText {#text} at (0,0) size 499x17
          text run at (0,0) width 359: "This element is unstyled save for a background color of gray. "
          text run at (359,0) width 140: "However, it contains an "
        RenderInline {SPAN} at (0,0) size 155x17 [bgcolor=#00FFFF]
          RenderText {#text} at (499,0) size 134x17
            text run at (499,0) width 134: "inline element of class "
          RenderInline {TT} at (0,0) size 21x17
            RenderText {#text} at (633,0) size 21x17
              text run at (633,0) width 21: "one"
        RenderText {#text} at (679,0) size 762x34
          text run at (679,0) width 83: ", which should"
          text run at (0,17) width 235: "result in 25-pixel right margin only in the "
        RenderInline {STRONG} at (0,0) size 22x17
          RenderText {#text} at (235,17) size 22x17
            text run at (235,17) width 22: "last"
        RenderText {#text} at (257,17) size 210x17
          text run at (257,17) width 210: " line in which the inline box appears."
      RenderBlock {P} at (0,140) size 784x35 [bgcolor=#808080]
        RenderText {#text} at (0,0) size 499x17
          text run at (0,0) width 359: "This element is unstyled save for a background color of gray. "
          text run at (359,0) width 140: "However, it contains an "
        RenderInline {SPAN} at (0,0) size 154x17 [bgcolor=#00FFFF]
          RenderText {#text} at (499,0) size 134x17
            text run at (499,0) width 134: "inline element of class "
          RenderInline {TT} at (0,0) size 20x17
            RenderText {#text} at (633,0) size 20x17
              text run at (633,0) width 20: "two"
        RenderText {#text} at (643,0) size 784x34
          text run at (643,0) width 141: ", which should result in -"
          text run at (0,17) width 168: "10px right margin only in the "
        RenderInline {STRONG} at (0,0) size 22x17
          RenderText {#text} at (168,17) size 22x17
            text run at (168,17) width 22: "last"
        RenderText {#text} at (190,17) size 210x17
          text run at (190,17) width 210: " line in which the inline box appears."
      RenderTable {TABLE} at (0,188) size 784x119 [border: (1px outset #808080)]
        RenderTableSection {TBODY} at (1,1) size 782x117
          RenderTableRow {TR} at (0,0) size 782x26
            RenderTableCell {TD} at (0,0) size 782x26 [bgcolor=#C0C0C0] [border: (1px inset #808080)] [r=0 c=0 rs=1 cs=2]
              RenderInline {STRONG} at (0,0) size 144x17
                RenderText {#text} at (4,4) size 144x17
                  text run at (4,4) width 144: "TABLE Testing Section"
          RenderTableRow {TR} at (0,26) size 782x91
            RenderTableCell {TD} at (0,59) size 12x25 [bgcolor=#C0C0C0] [border: (1px inset #808080)] [r=1 c=0 rs=1 cs=1]
              RenderText {#text} at (4,4) size 4x17
                text run at (4,4) width 4: " "
            RenderTableCell {TD} at (12,26) size 770x91 [border: (1px inset #808080)] [r=1 c=1 rs=1 cs=1]
              RenderBlock {P} at (4,4) size 762x35 [bgcolor=#808080]
                RenderText {#text} at (0,0) size 499x17
                  text run at (0,0) width 359: "This element is unstyled save for a background color of gray. "
                  text run at (359,0) width 140: "However, it contains an "
                RenderInline {SPAN} at (0,0) size 155x17 [bgcolor=#00FFFF]
                  RenderText {#text} at (499,0) size 134x17
                    text run at (499,0) width 134: "inline element of class "
                  RenderInline {TT} at (0,0) size 21x17
                    RenderText {#text} at (633,0) size 21x17
                      text run at (633,0) width 21: "one"
                RenderText {#text} at (679,0) size 762x34
                  text run at (679,0) width 83: ", which should"
                  text run at (0,17) width 235: "result in 25-pixel right margin only in the "
                RenderInline {STRONG} at (0,0) size 22x17
                  RenderText {#text} at (235,17) size 22x17
                    text run at (235,17) width 22: "last"
                RenderText {#text} at (257,17) size 210x17
                  text run at (257,17) width 210: " line in which the inline box appears."
              RenderBlock {P} at (4,52) size 762x35 [bgcolor=#808080]
                RenderText {#text} at (0,0) size 499x17
                  text run at (0,0) width 359: "This element is unstyled save for a background color of gray. "
                  text run at (359,0) width 140: "However, it contains an "
                RenderInline {SPAN} at (0,0) size 154x17 [bgcolor=#00FFFF]
                  RenderText {#text} at (499,0) size 134x17
                    text run at (499,0) width 134: "inline element of class "
                  RenderInline {TT} at (0,0) size 20x17
                    RenderText {#text} at (633,0) size 20x17
                      text run at (633,0) width 20: "two"
                RenderText {#text} at (643,0) size 762x34
                  text run at (643,0) width 119: ", which should result"
                  text run at (0,17) width 186: "in -10px right margin only in the "
                RenderInline {STRONG} at (0,0) size 22x17
                  RenderText {#text} at (186,17) size 22x17
                    text run at (186,17) width 22: "last"
                RenderText {#text} at (208,17) size 210x17
                  text run at (208,17) width 210: " line in which the inline box appears."
