layer at (0,0) size 800x1159
  RenderView at (0,0) size 800x600
layer at (0,0) size 800x1159
  RenderBlock {HTML} at (0,0) size 800x1159
    RenderBody {BODY} at (8,8) size 784x1143 [bgcolor=#CCCCCC]
      RenderBlock {P} at (0,0) size 784x21
        RenderText {#text} at (0,0) size 395x21
          text run at (0,0) width 395: "The style declarations which apply to the text below are:"
      RenderBlock {PRE} at (0,37) size 784x102
        RenderText {#text} at (0,0) size 286x102
          text run at (0,0) width 267: ".zero {background-color: silver; margin-left: 0;}"
          text run at (267,0) width 0: " "
          text run at (0,17) width 281: ".one {margin-left: 0.5in; background-color: aqua;}"
          text run at (281,17) width 0: " "
          text run at (0,34) width 280: ".two {margin-left: 25px; background-color: aqua;}"
          text run at (280,34) width 0: " "
          text run at (0,51) width 286: ".three {margin-left: 5em; background-color: aqua;}"
          text run at (286,51) width 0: " "
          text run at (0,68) width 280: ".four {margin-left: 25%; background-color: aqua;}"
          text run at (280,68) width 0: " "
          text run at (0,85) width 285: ".five {margin-left: -10px; background-color: aqua;}"
          text run at (285,85) width 0: " "
      RenderBlock {HR} at (0,152) size 784x2 [border: (1px inset #000000)]
      RenderBlock {P} at (0,170) size 784x21 [bgcolor=#C0C0C0]
        RenderText {#text} at (0,0) size 232x21
          text run at (0,0) width 232: "This element has a class of zero."
      RenderBlock {P} at (48,207) size 736x21 [bgcolor=#00FFFF]
        RenderText {#text} at (0,0) size 389x21
          text run at (0,0) width 389: "This sentence should have a left margin of half an inch."
      RenderBlock {P} at (25,244) size 759x21 [bgcolor=#00FFFF]
        RenderText {#text} at (0,0) size 371x21
          text run at (0,0) width 371: "This sentence should have a left margin of 25 pixels."
      RenderBlock {P} at (80,281) size 704x21 [bgcolor=#00FFFF]
        RenderText {#text} at (0,0) size 342x21
          text run at (0,0) width 342: "This sentence should have a left margin of 5 em."
      RenderBlock {P} at (196,318) size 588x42 [bgcolor=#00FFFF]
        RenderText {#text} at (0,0) size 584x42
          text run at (0,0) width 584: "This sentence should have a left margin of 25%, which is calculated with respect to"
          text run at (0,21) width 221: "the width of the parent element."
      RenderBlock {UL} at (25,376) size 759x126 [bgcolor=#808080]
        RenderListItem {LI} at (40,0) size 719x42
          RenderListMarker at (-18,0) size 7x21: bullet
          RenderText {#text} at (0,0) size 715x42
            text run at (0,0) width 715: "The left margin on this unordered list has been set to 25 pixels, and its background color has been set"
            text run at (0,21) width 52: "to gray."
        RenderListItem {LI} at (65,42) size 694x63 [bgcolor=#FFFFFF]
          RenderListMarker at (-18,0) size 7x21: bullet
          RenderText {#text} at (0,0) size 683x63
            text run at (0,0) width 677: "Another list item might not be such a bad idea, either, considering that such things do need to be"
            text run at (0,21) width 122: "double-checked. "
            text run at (122,21) width 561: "This list item has its left margin also set to 25 pixels, which should combine with"
            text run at (0,42) width 648: "the list's margin to make 50 pixels of margin, and its background color has been set to white."
        RenderListItem {LI} at (40,105) size 719x21
          RenderListMarker at (-18,0) size 7x21: bullet
          RenderText {#text} at (0,0) size 204x21
            text run at (0,0) width 204: "This is an unclassed list item"
      RenderBlock {P} at (0,518) size 784x21 [bgcolor=#C0C0C0]
        RenderText {#text} at (0,0) size 232x21
          text run at (0,0) width 232: "This element has a class of zero."
      RenderBlock {P} at (-10,555) size 794x63 [bgcolor=#00FFFF]
        RenderText {#text} at (0,0) size 782x63
          text run at (0,0) width 765: "This paragraph has a left margin of -10px, which should cause it to be wider than it might otherwise be, and it"
          text run at (0,21) width 204: "has a light blue background. "
          text run at (204,21) width 433: "In all other respects, however, the element should be normal. "
          text run at (637,21) width 145: "No styles have been"
          text run at (0,42) width 499: "applied to it besides the negative left margin and the background color."
      RenderTable {TABLE} at (0,634) size 784x509 [border: (1px outset #808080)]
        RenderTableSection {TBODY} at (1,1) size 782x507
          RenderTableRow {TR} at (0,0) size 782x30
            RenderTableCell {TD} at (0,0) size 782x30 [bgcolor=#C0C0C0] [border: (1px inset #808080)] [r=0 c=0 rs=1 cs=2]
              RenderInline {STRONG} at (0,0) size 178x21
                RenderText {#text} at (4,4) size 178x21
                  text run at (4,4) width 178: "TABLE Testing Section"
          RenderTableRow {TR} at (0,30) size 782x477
            RenderTableCell {TD} at (0,254) size 12x29 [bgcolor=#C0C0C0] [border: (1px inset #808080)] [r=1 c=0 rs=1 cs=1]
              RenderText {#text} at (4,4) size 4x21
                text run at (4,4) width 4: " "
            RenderTableCell {TD} at (12,30) size 770x477 [border: (1px inset #808080)] [r=1 c=1 rs=1 cs=1]
              RenderBlock {P} at (4,4) size 762x21 [bgcolor=#C0C0C0]
                RenderText {#text} at (0,0) size 232x21
                  text run at (0,0) width 232: "This element has a class of zero."
              RenderBlock {P} at (52,41) size 714x21 [bgcolor=#00FFFF]
                RenderText {#text} at (0,0) size 389x21
                  text run at (0,0) width 389: "This sentence should have a left margin of half an inch."
              RenderBlock {P} at (29,78) size 737x21 [bgcolor=#00FFFF]
                RenderText {#text} at (0,0) size 371x21
                  text run at (0,0) width 371: "This sentence should have a left margin of 25 pixels."
              RenderBlock {P} at (84,115) size 682x21 [bgcolor=#00FFFF]
                RenderText {#text} at (0,0) size 342x21
                  text run at (0,0) width 342: "This sentence should have a left margin of 5 em."
              RenderBlock {P} at (194,152) size 572x42 [bgcolor=#00FFFF]
                RenderText {#text} at (0,0) size 567x42
                  text run at (0,0) width 567: "This sentence should have a left margin of 25%, which is calculated with respect"
                  text run at (0,21) width 238: "to the width of the parent element."
              RenderBlock {UL} at (29,210) size 737x147 [bgcolor=#808080]
                RenderListItem {LI} at (40,0) size 697x42
                  RenderListMarker at (-18,0) size 7x21: bullet
                  RenderText {#text} at (0,0) size 690x42
                    text run at (0,0) width 690: "The left margin on this unordered list has been set to 25 pixels, and its background color has been"
                    text run at (0,21) width 77: "set to gray."
                RenderListItem {LI} at (65,42) size 672x84 [bgcolor=#FFFFFF]
                  RenderListMarker at (-18,0) size 7x21: bullet
                  RenderText {#text} at (0,0) size 672x84
                    text run at (0,0) width 655: "Another list item might not be such a bad idea, either, considering that such things do need to"
                    text run at (0,21) width 144: "be double-checked. "
                    text run at (144,21) width 528: "This list item has its left margin also set to 25 pixels, which should combine"
                    text run at (0,42) width 635: "with the list's margin to make 50 pixels of margin, and its background color has been set to"
                    text run at (0,63) width 42: "white."
                RenderListItem {LI} at (40,126) size 697x21
                  RenderListMarker at (-18,0) size 7x21: bullet
                  RenderText {#text} at (0,0) size 204x21
                    text run at (0,0) width 204: "This is an unclassed list item"
              RenderBlock {P} at (4,373) size 762x21 [bgcolor=#C0C0C0]
                RenderText {#text} at (0,0) size 232x21
                  text run at (0,0) width 232: "This element has a class of zero."
              RenderBlock {P} at (-6,410) size 772x63 [bgcolor=#00FFFF]
                RenderText {#text} at (0,0) size 765x63
                  text run at (0,0) width 765: "This paragraph has a left margin of -10px, which should cause it to be wider than it might otherwise be, and it"
                  text run at (0,21) width 204: "has a light blue background. "
                  text run at (204,21) width 433: "In all other respects, however, the element should be normal. "
                  text run at (637,21) width 105: "No styles have"
                  text run at (0,42) width 539: "been applied to it besides the negative left margin and the background color."
