layer at (0,0) size 802x2487
  RenderView at (0,0) size 800x600
layer at (0,0) size 802x2487
  RenderBlock {HTML} at (0,0) size 800x2487
    RenderBody {BODY} at (8,8) size 784x2471 [bgcolor=#CCCCCC]
      RenderBlock {P} at (0,0) size 784x17
        RenderText {#text} at (0,0) size 326x17
          text run at (0,0) width 326: "The style declarations which apply to the text below are:"
      RenderBlock {PRE} at (0,30) size 784x119
        RenderText {#text} at (0,0) size 264x119
          text run at (0,0) width 245: ".zero {background-color: silver; margin: 0;}"
          text run at (245,0) width 0: " "
          text run at (0,17) width 259: ".one {margin: 0.5in; background-color: aqua;}"
          text run at (259,17) width 0: " "
          text run at (0,34) width 258: ".two {margin: 25px; background-color: aqua;}"
          text run at (258,34) width 0: " "
          text run at (0,51) width 264: ".three {margin: 5em; background-color: aqua;}"
          text run at (264,51) width 0: " "
          text run at (0,68) width 258: ".four {margin: 25%; background-color: aqua;}"
          text run at (258,68) width 0: " "
          text run at (0,85) width 116: ".five {margin: 25px;}"
          text run at (116,85) width 0: " "
          text run at (0,102) width 259: ".six {margin: -10px; background-color: aqua;}"
          text run at (259,102) width 0: " "
      RenderBlock {HR} at (0,162) size 784x2 [border: (1px inset #000000)]
      RenderBlock {P} at (0,177) size 784x34
        RenderText {#text} at (0,0) size 779x34
          text run at (0,0) width 779: "NOTE: The following tests are separated by class-zero paragraphs, so as to prevent margin-collapsing as described in section 4.1.1 of"
          text run at (0,17) width 137: "the CSS1 specification."
      RenderBlock {P} at (0,224) size 784x17 [bgcolor=#C0C0C0]
        RenderText {#text} at (0,0) size 194x17
          text run at (0,0) width 194: "This element has a class of zero."
      RenderBlock {P} at (48,289) size 688x17 [bgcolor=#00FFFF]
        RenderText {#text} at (0,0) size 602x17
          text run at (0,0) width 602: "This sentence should have an overall margin of half an inch, which will require extra text in order to test."
      RenderBlock {P} at (0,354) size 784x17 [bgcolor=#C0C0C0]
        RenderText {#text} at (0,0) size 194x17
          text run at (0,0) width 194: "This element has a class of zero."
      RenderBlock {P} at (25,396) size 734x17 [bgcolor=#00FFFF]
        RenderText {#text} at (0,0) size 587x17
          text run at (0,0) width 587: "This sentence should have an overall margin of 25 pixels, which will require extra text in order to test."
      RenderBlock {P} at (0,438) size 784x17 [bgcolor=#C0C0C0]
        RenderText {#text} at (0,0) size 194x17
          text run at (0,0) width 194: "This element has a class of zero."
      RenderBlock {P} at (65,520) size 654x17 [bgcolor=#00FFFF]
        RenderText {#text} at (0,0) size 564x17
          text run at (0,0) width 564: "This sentence should have an overall margin of 5 em, which will require extra text in order to test."
      RenderBlock {P} at (0,602) size 784x17 [bgcolor=#C0C0C0]
        RenderText {#text} at (0,0) size 194x17
          text run at (0,0) width 194: "This element has a class of zero."
      RenderBlock {P} at (196,815) size 392x51 [bgcolor=#00FFFF]
        RenderText {#text} at (0,0) size 386x51
          text run at (0,0) width 359: "This sentence should have an overall margin of 25%, which is"
          text run at (0,17) width 339: "calculated with respect to the width of the parent element. "
          text run at (339,17) width 47: "This will"
          text run at (0,34) width 190: "require extra text in order to test."
      RenderBlock {P} at (0,1062) size 784x17 [bgcolor=#C0C0C0]
        RenderText {#text} at (0,0) size 194x17
          text run at (0,0) width 194: "This element has a class of zero."
      RenderBlock {UL} at (25,1104) size 734x118 [bgcolor=#00FFFF]
        RenderListItem {LI} at (40,0) size 694x17
          RenderListMarker at (-16,0) size 6x17: bullet
          RenderText {#text} at (0,0) size 343x17
            text run at (0,0) width 343: "This list has a margin of 25px, and a light blue background."
        RenderListItem {LI} at (40,17) size 694x17
          RenderListMarker at (-16,0) size 6x17: bullet
          RenderText {#text} at (0,0) size 243x17
            text run at (0,0) width 243: "Therefore, it ought to have such a margin."
        RenderListItem {LI} at (65,59) size 644x17
          RenderListMarker at (-16,0) size 6x17: bullet
          RenderText {#text} at (0,0) size 504x17
            text run at (0,0) width 504: "This list item has a margin of 25px, which should cause it to be offset in some fashion."
        RenderListItem {LI} at (40,101) size 694x17
          RenderListMarker at (-16,0) size 6x17: bullet
          RenderText {#text} at (0,0) size 277x17
            text run at (0,0) width 277: "This list item has no special styles applied to it."
      RenderBlock {P} at (0,1247) size 784x17 [bgcolor=#C0C0C0]
        RenderText {#text} at (0,0) size 194x17
          text run at (0,0) width 194: "This element has a class of zero."
      RenderBlock {P} at (-10,1254) size 804x51 [bgcolor=#00FFFF]
        RenderText {#text} at (0,0) size 804x51
          text run at (0,0) width 804: "This paragraph has an overall margin of -10px, which should make it wider than usual as well as shift it upward and pull subsequent text up"
          text run at (0,17) width 224: "toward it, and a light blue background. "
          text run at (224,17) width 358: "In all other respects, however, the element should be normal. "
          text run at (582,17) width 190: "No styles have been applied to it"
          text run at (0,34) width 317: "besides the negative margin and the background color."
      RenderBlock {P} at (0,1295) size 784x17 [bgcolor=#C0C0C0]
        RenderText {#text} at (0,0) size 194x17
          text run at (0,0) width 194: "This element has a class of zero."
      RenderTable {TABLE} at (0,1312) size 784x1159 [border: (1px outset #808080)]
        RenderTableSection {TBODY} at (1,1) size 782x1157
          RenderTableRow {TR} at (0,0) size 782x26
            RenderTableCell {TD} at (0,0) size 782x26 [bgcolor=#C0C0C0] [border: (1px inset #808080)] [r=0 c=0 rs=1 cs=2]
              RenderInline {STRONG} at (0,0) size 144x17
                RenderText {#text} at (4,4) size 144x17
                  text run at (4,4) width 144: "TABLE Testing Section"
          RenderTableRow {TR} at (0,26) size 782x1131
            RenderTableCell {TD} at (0,579) size 12x25 [bgcolor=#C0C0C0] [border: (1px inset #808080)] [r=1 c=0 rs=1 cs=1]
              RenderText {#text} at (4,4) size 4x17
                text run at (4,4) width 4: " "
            RenderTableCell {TD} at (12,26) size 770x1131 [border: (1px inset #808080)] [r=1 c=1 rs=1 cs=1]
              RenderBlock {P} at (4,4) size 762x34
                RenderText {#text} at (0,0) size 731x34
                  text run at (0,0) width 731: "NOTE: The following tests are separated by class-zero paragraphs, so as to prevent margin-collapsing as described in section"
                  text run at (0,17) width 185: "4.1.1 of the CSS1 specification."
              RenderBlock {P} at (4,51) size 762x17 [bgcolor=#C0C0C0]
                RenderText {#text} at (0,0) size 194x17
                  text run at (0,0) width 194: "This element has a class of zero."
              RenderBlock {P} at (52,116) size 666x17 [bgcolor=#00FFFF]
                RenderText {#text} at (0,0) size 602x17
                  text run at (0,0) width 602: "This sentence should have an overall margin of half an inch, which will require extra text in order to test."
              RenderBlock {P} at (4,181) size 762x17 [bgcolor=#C0C0C0]
                RenderText {#text} at (0,0) size 194x17
                  text run at (0,0) width 194: "This element has a class of zero."
              RenderBlock {P} at (29,223) size 712x17 [bgcolor=#00FFFF]
                RenderText {#text} at (0,0) size 587x17
                  text run at (0,0) width 587: "This sentence should have an overall margin of 25 pixels, which will require extra text in order to test."
              RenderBlock {P} at (4,265) size 762x17 [bgcolor=#C0C0C0]
                RenderText {#text} at (0,0) size 194x17
                  text run at (0,0) width 194: "This element has a class of zero."
              RenderBlock {P} at (69,347) size 632x17 [bgcolor=#00FFFF]
                RenderText {#text} at (0,0) size 564x17
                  text run at (0,0) width 564: "This sentence should have an overall margin of 5 em, which will require extra text in order to test."
              RenderBlock {P} at (4,429) size 762x17 [bgcolor=#C0C0C0]
                RenderText {#text} at (0,0) size 194x17
                  text run at (0,0) width 194: "This element has a class of zero."
              RenderBlock {P} at (194,636) size 382x51 [bgcolor=#00FFFF]
                RenderText {#text} at (0,0) size 364x51
                  text run at (0,0) width 359: "This sentence should have an overall margin of 25%, which is"
                  text run at (0,17) width 339: "calculated with respect to the width of the parent element. "
                  text run at (339,17) width 25: "This"
                  text run at (0,34) width 212: "will require extra text in order to test."
              RenderBlock {P} at (4,877) size 762x17 [bgcolor=#C0C0C0]
                RenderText {#text} at (0,0) size 194x17
                  text run at (0,0) width 194: "This element has a class of zero."
              RenderBlock {UL} at (29,919) size 712x118 [bgcolor=#00FFFF]
                RenderListItem {LI} at (40,0) size 672x17
                  RenderListMarker at (-16,0) size 6x17: bullet
                  RenderText {#text} at (0,0) size 343x17
                    text run at (0,0) width 343: "This list has a margin of 25px, and a light blue background."
                RenderListItem {LI} at (40,17) size 672x17
                  RenderListMarker at (-16,0) size 6x17: bullet
                  RenderText {#text} at (0,0) size 243x17
                    text run at (0,0) width 243: "Therefore, it ought to have such a margin."
                RenderListItem {LI} at (65,59) size 622x17
                  RenderListMarker at (-16,0) size 6x17: bullet
                  RenderText {#text} at (0,0) size 504x17
                    text run at (0,0) width 504: "This list item has a margin of 25px, which should cause it to be offset in some fashion."
                RenderListItem {LI} at (40,101) size 672x17
                  RenderListMarker at (-16,0) size 6x17: bullet
                  RenderText {#text} at (0,0) size 277x17
                    text run at (0,0) width 277: "This list item has no special styles applied to it."
              RenderBlock {P} at (4,1062) size 762x17 [bgcolor=#C0C0C0]
                RenderText {#text} at (0,0) size 194x17
                  text run at (0,0) width 194: "This element has a class of zero."
              RenderBlock {P} at (-6,1069) size 782x51 [bgcolor=#00FFFF]
                RenderText {#text} at (0,0) size 760x51
                  text run at (0,0) width 760: "This paragraph has an overall margin of -10px, which should make it wider than usual as well as shift it upward and pull subsequent"
                  text run at (0,17) width 268: "text up toward it, and a light blue background. "
                  text run at (268,17) width 358: "In all other respects, however, the element should be normal. "
                  text run at (626,17) width 119: "No styles have been"
                  text run at (0,34) width 388: "applied to it besides the negative margin and the background color."
              RenderBlock {P} at (4,1110) size 762x17 [bgcolor=#C0C0C0]
                RenderText {#text} at (0,0) size 194x17
                  text run at (0,0) width 194: "This element has a class of zero."
