layer at (0,0) size 800x2104
  RenderView at (0,0) size 800x600
layer at (0,0) size 800x2104
  RenderBlock {HTML} at (0,0) size 800x2104
    RenderBody {BODY} at (8,8) size 784x2088 [bgcolor=#CCCCCC]
      RenderBlock {P} at (0,0) size 784x17
        RenderText {#text} at (0,0) size 326x17
          text run at (0,0) width 326: "The style declarations which apply to the text below are:"
      RenderBlock {PRE} at (0,30) size 784x102
        RenderText {#text} at (0,0) size 270x102
          text run at (0,0) width 251: ".zero {background-color: silver; padding: 0;}"
          text run at (251,0) width 0: " "
          text run at (0,17) width 265: ".one {padding: 0.5in; background-color: aqua;}"
          text run at (265,17) width 0: " "
          text run at (0,34) width 264: ".two {padding: 25px; background-color: aqua;}"
          text run at (264,34) width 0: " "
          text run at (0,51) width 270: ".three {padding: 5em; background-color: aqua;}"
          text run at (270,51) width 0: " "
          text run at (0,68) width 264: ".four {padding: 25%; background-color: aqua;}"
          text run at (264,68) width 0: " "
          text run at (0,85) width 269: ".five {padding: -20px; background-color: aqua;}"
          text run at (269,85) width 0: " "
      RenderBlock {HR} at (0,145) size 784x2 [border: (1px inset #000000)]
      RenderBlock {P} at (0,160) size 784x17 [bgcolor=#C0C0C0]
        RenderText {#text} at (0,0) size 194x17
          text run at (0,0) width 194: "This element has a class of zero."
      RenderBlock {P} at (0,190) size 784x130 [bgcolor=#00FFFF]
        RenderText {#text} at (48,48) size 654x34
          text run at (48,48) width 605: "This element should have an overall padding of half an inch, which will require extra text in order to test. "
          text run at (653,48) width 49: "Both the"
          text run at (48,65) width 370: "content background and the padding should be aqua (light blue)."
      RenderBlock {P} at (0,333) size 784x84 [bgcolor=#00FFFF]
        RenderText {#text} at (25,25) size 686x34
          text run at (25,25) width 590: "This element should have an overall padding of 25 pixels, which will require extra text in order to test. "
          text run at (615,25) width 96: "Both the content"
          text run at (25,42) width 323: "background and the padding should be aqua (light blue)."
      RenderBlock {P} at (0,430) size 784x164 [bgcolor=#00FFFF]
        RenderText {#text} at (65,65) size 616x34
          text run at (65,65) width 567: "This element should have an overall padding of 5 em, which will require extra text in order to test. "
          text run at (632,65) width 49: "Both the"
          text run at (65,82) width 370: "content background and the padding should be aqua (light blue)."
      RenderBlock {P} at (0,607) size 784x443 [bgcolor=#00FFFF]
        RenderText {#text} at (196,196) size 388x51
          text run at (196,196) width 358: "This element should have an overall padding of 25%, which is"
          text run at (196,213) width 339: "calculated with respect to the width of the parent element. "
          text run at (535,213) width 49: "Both the"
          text run at (196,230) width 370: "content background and the padding should be aqua (light blue)."
      RenderBlock {P} at (0,1063) size 784x34 [bgcolor=#00FFFF]
        RenderText {#text} at (0,0) size 755x34
          text run at (0,0) width 498: "This element should have no padding, since negative padding values are not allowed. "
          text run at (498,0) width 257: "Both the content background and the normal"
          text run at (0,17) width 205: "padding should be aqua (light blue)."
      RenderTable {TABLE} at (0,1110) size 784x978 [border: (1px outset #808080)]
        RenderTableSection {TBODY} at (1,1) size 782x976
          RenderTableRow {TR} at (0,0) size 782x26
            RenderTableCell {TD} at (0,0) size 782x26 [bgcolor=#C0C0C0] [border: (1px inset #808080)] [r=0 c=0 rs=1 cs=2]
              RenderInline {STRONG} at (0,0) size 144x17
                RenderText {#text} at (4,4) size 144x17
                  text run at (4,4) width 144: "TABLE Testing Section"
          RenderTableRow {TR} at (0,26) size 782x950
            RenderTableCell {TD} at (0,488) size 12x25 [bgcolor=#C0C0C0] [border: (1px inset #808080)] [r=1 c=0 rs=1 cs=1]
              RenderText {#text} at (4,4) size 4x17
                text run at (4,4) width 4: " "
            RenderTableCell {TD} at (12,26) size 770x950 [border: (1px inset #808080)] [r=1 c=1 rs=1 cs=1]
              RenderBlock {P} at (4,4) size 762x17 [bgcolor=#C0C0C0]
                RenderText {#text} at (0,0) size 194x17
                  text run at (0,0) width 194: "This element has a class of zero."
              RenderBlock {P} at (4,34) size 762x130 [bgcolor=#00FFFF]
                RenderText {#text} at (48,48) size 654x34
                  text run at (48,48) width 605: "This element should have an overall padding of half an inch, which will require extra text in order to test. "
                  text run at (653,48) width 49: "Both the"
                  text run at (48,65) width 370: "content background and the padding should be aqua (light blue)."
              RenderBlock {P} at (4,177) size 762x84 [bgcolor=#00FFFF]
                RenderText {#text} at (25,25) size 686x34
                  text run at (25,25) width 590: "This element should have an overall padding of 25 pixels, which will require extra text in order to test. "
                  text run at (615,25) width 96: "Both the content"
                  text run at (25,42) width 323: "background and the padding should be aqua (light blue)."
              RenderBlock {P} at (4,274) size 762x164 [bgcolor=#00FFFF]
                RenderText {#text} at (65,65) size 616x34
                  text run at (65,65) width 567: "This element should have an overall padding of 5 em, which will require extra text in order to test. "
                  text run at (632,65) width 49: "Both the"
                  text run at (65,82) width 370: "content background and the padding should be aqua (light blue)."
              RenderBlock {P} at (4,451) size 762x448 [bgcolor=#00FFFF]
                RenderText {#text} at (190,190) size 366x68
                  text run at (190,190) width 358: "This element should have an overall padding of 25%, which is"
                  text run at (190,207) width 339: "calculated with respect to the width of the parent element. "
                  text run at (529,207) width 27: "Both"
                  text run at (190,224) width 356: "the content background and the padding should be aqua (light"
                  text run at (190,241) width 32: "blue)."
              RenderBlock {P} at (4,912) size 762x34 [bgcolor=#00FFFF]
                RenderText {#text} at (0,0) size 755x34
                  text run at (0,0) width 498: "This element should have no padding, since negative padding values are not allowed. "
                  text run at (498,0) width 257: "Both the content background and the normal"
                  text run at (0,17) width 205: "padding should be aqua (light blue)."
