layer at (0,0) size 800x1391
  RenderView at (0,0) size 800x600
layer at (0,0) size 800x1391
  RenderBlock {HTML} at (0,0) size 800x1391
    RenderBody {BODY} at (8,8) size 784x1375 [bgcolor=#CCCCCC]
      RenderBlock {P} at (0,0) size 784x17
        RenderText {#text} at (0,0) size 326x17
          text run at (0,0) width 326: "The style declarations which apply to the text below are:"
      RenderBlock {PRE} at (0,30) size 784x102
        RenderText {#text} at (0,0) size 292x102
          text run at (0,0) width 273: ".zero {background-color: silver; padding-top: 0;}"
          text run at (273,0) width 0: " "
          text run at (0,17) width 287: ".one {padding-top: 0.5in; background-color: aqua;}"
          text run at (287,17) width 0: " "
          text run at (0,34) width 286: ".two {padding-top: 25px; background-color: aqua;}"
          text run at (286,34) width 0: " "
          text run at (0,51) width 292: ".three {padding-top: 5em; background-color: aqua;}"
          text run at (292,51) width 0: " "
          text run at (0,68) width 286: ".four {padding-top: 25%; background-color: aqua;}"
          text run at (286,68) width 0: " "
          text run at (0,85) width 291: ".five {padding-top: -20px; background-color: aqua;}"
          text run at (291,85) width 0: " "
      RenderBlock {HR} at (0,145) size 784x2 [border: (1px inset #000000)]
      RenderBlock {P} at (0,160) size 784x17 [bgcolor=#C0C0C0]
        RenderText {#text} at (0,0) size 194x17
          text run at (0,0) width 194: "This element has a class of zero."
      RenderBlock {P} at (0,190) size 784x82 [bgcolor=#00FFFF]
        RenderText {#text} at (0,48) size 770x34
          text run at (0,48) width 578: "This element should have a top padding of half an inch, which will require extra text in order to test. "
          text run at (578,48) width 192: "Both the content background and"
          text run at (0,65) width 227: "the padding should be aqua (light blue)."
      RenderBlock {P} at (0,285) size 784x59 [bgcolor=#00FFFF]
        RenderText {#text} at (0,25) size 777x34
          text run at (0,25) width 563: "This element should have a top padding of 25 pixels, which will require extra text in order to test. "
          text run at (563,25) width 214: "Both the content background and the"
          text run at (0,42) width 205: "padding should be aqua (light blue)."
      RenderBlock {P} at (0,357) size 784x99 [bgcolor=#00FFFF]
        RenderText {#text} at (0,65) size 754x34
          text run at (0,65) width 540: "This element should have a top padding of 5 em, which will require extra text in order to test. "
          text run at (540,65) width 214: "Both the content background and the"
          text run at (0,82) width 205: "padding should be aqua (light blue)."
      RenderBlock {P} at (0,469) size 784x230 [bgcolor=#00FFFF]
        RenderText {#text} at (0,196) size 770x34
          text run at (0,196) width 674: "This element should have a top padding of 25%, which is calculated with respect to the width of the parent element. "
          text run at (674,196) width 96: "Both the content"
          text run at (0,213) width 327: "background and the padding should be aqua (light blue). "
          text run at (327,213) width 241: "This will require extra text in order to test."
      RenderBlock {P} at (0,712) size 784x34 [bgcolor=#00FFFF]
        RenderText {#text} at (0,0) size 777x34
          text run at (0,0) width 520: "This element should have no top padding, since negative padding values are not allowed. "
          text run at (520,0) width 257: "Both the content background and the normal"
          text run at (0,17) width 205: "padding should be aqua (light blue)."
      RenderTable {TABLE} at (0,759) size 784x616 [border: (1px outset #808080)]
        RenderTableSection {TBODY} at (1,1) size 782x614
          RenderTableRow {TR} at (0,0) size 782x26
            RenderTableCell {TD} at (0,0) size 782x26 [bgcolor=#C0C0C0] [border: (1px inset #808080)] [r=0 c=0 rs=1 cs=2]
              RenderInline {STRONG} at (0,0) size 144x17
                RenderText {#text} at (4,4) size 144x17
                  text run at (4,4) width 144: "TABLE Testing Section"
          RenderTableRow {TR} at (0,26) size 782x588
            RenderTableCell {TD} at (0,307) size 12x25 [bgcolor=#C0C0C0] [border: (1px inset #808080)] [r=1 c=0 rs=1 cs=1]
              RenderText {#text} at (4,4) size 4x17
                text run at (4,4) width 4: " "
            RenderTableCell {TD} at (12,26) size 770x588 [border: (1px inset #808080)] [r=1 c=1 rs=1 cs=1]
              RenderBlock {P} at (4,4) size 762x17 [bgcolor=#C0C0C0]
                RenderText {#text} at (0,0) size 194x17
                  text run at (0,0) width 194: "This element has a class of zero."
              RenderBlock {P} at (4,34) size 762x82 [bgcolor=#00FFFF]
                RenderText {#text} at (0,48) size 745x34
                  text run at (0,48) width 578: "This element should have a top padding of half an inch, which will require extra text in order to test. "
                  text run at (578,48) width 167: "Both the content background"
                  text run at (0,65) width 252: "and the padding should be aqua (light blue)."
              RenderBlock {P} at (4,129) size 762x59 [bgcolor=#00FFFF]
                RenderText {#text} at (0,25) size 755x34
                  text run at (0,25) width 563: "This element should have a top padding of 25 pixels, which will require extra text in order to test. "
                  text run at (563,25) width 192: "Both the content background and"
                  text run at (0,42) width 227: "the padding should be aqua (light blue)."
              RenderBlock {P} at (4,201) size 762x99 [bgcolor=#00FFFF]
                RenderText {#text} at (0,65) size 754x34
                  text run at (0,65) width 540: "This element should have a top padding of 5 em, which will require extra text in order to test. "
                  text run at (540,65) width 214: "Both the content background and the"
                  text run at (0,82) width 205: "padding should be aqua (light blue)."
              RenderBlock {P} at (4,313) size 762x224 [bgcolor=#00FFFF]
                RenderText {#text} at (0,190) size 723x34
                  text run at (0,190) width 674: "This element should have a top padding of 25%, which is calculated with respect to the width of the parent element. "
                  text run at (674,190) width 49: "Both the"
                  text run at (0,207) width 374: "content background and the padding should be aqua (light blue). "
                  text run at (374,207) width 241: "This will require extra text in order to test."
              RenderBlock {P} at (4,550) size 762x34 [bgcolor=#00FFFF]
                RenderText {#text} at (0,0) size 734x34
                  text run at (0,0) width 520: "This element should have no top padding, since negative padding values are not allowed. "
                  text run at (520,0) width 214: "Both the content background and the"
                  text run at (0,17) width 248: "normal padding should be aqua (light blue)."
