layer at (0,0) size 800x1451
  RenderView at (0,0) size 800x600
layer at (0,0) size 800x1451
  RenderBlock {HTML} at (0,0) size 800x1451
    RenderBody {BODY} at (8,8) size 784x1435 [bgcolor=#CCCCCC]
      RenderBlock {P} at (0,0) size 784x17
        RenderText {#text} at (0,0) size 326x17
          text run at (0,0) width 326: "The style declarations which apply to the text below are:"
      RenderBlock {PRE} at (0,30) size 784x102
        RenderText {#text} at (0,0) size 314x102
          text run at (0,0) width 295: ".zero {background-color: silver; padding-bottom: 0;}"
          text run at (295,0) width 0: " "
          text run at (0,17) width 309: ".one {padding-bottom: 0.5in; background-color: aqua;}"
          text run at (309,17) width 0: " "
          text run at (0,34) width 308: ".two {padding-bottom: 25px; background-color: aqua;}"
          text run at (308,34) width 0: " "
          text run at (0,51) width 314: ".three {padding-bottom: 5em; background-color: aqua;}"
          text run at (314,51) width 0: " "
          text run at (0,68) width 308: ".four {padding-bottom: 25%; background-color: aqua;}"
          text run at (308,68) width 0: " "
          text run at (0,85) width 313: ".five {padding-bottom: -20px; background-color: aqua;}"
          text run at (313,85) width 0: " "
      RenderBlock {HR} at (0,145) size 784x2 [border: (1px inset #000000)]
      RenderBlock {P} at (0,160) size 784x17 [bgcolor=#C0C0C0]
        RenderText {#text} at (0,0) size 194x17
          text run at (0,0) width 194: "This element has a class of zero."
      RenderBlock {P} at (0,190) size 784x82 [bgcolor=#00FFFF]
        RenderText {#text} at (0,0) size 767x34
          text run at (0,0) width 600: "This element should have a bottom padding of half an inch, which will require extra text in order to test. "
          text run at (600,0) width 167: "Both the content background"
          text run at (0,17) width 252: "and the padding should be aqua (light blue)."
      RenderBlock {P} at (0,285) size 784x59 [bgcolor=#00FFFF]
        RenderText {#text} at (0,0) size 777x34
          text run at (0,0) width 585: "This element should have a bottom padding of 25 pixels, which will require extra text in order to test. "
          text run at (585,0) width 192: "Both the content background and"
          text run at (0,17) width 227: "the padding should be aqua (light blue)."
      RenderBlock {P} at (0,357) size 784x99 [bgcolor=#00FFFF]
        RenderText {#text} at (0,0) size 776x34
          text run at (0,0) width 562: "This element should have a bottom padding of 5 em, which will require extra text in order to test. "
          text run at (562,0) width 214: "Both the content background and the"
          text run at (0,17) width 205: "padding should be aqua (light blue)."
      RenderBlock {P} at (0,469) size 784x230 [bgcolor=#00FFFF]
        RenderText {#text} at (0,0) size 743x34
          text run at (0,0) width 696: "This element should have a bottom padding of 25%, which is calculated with respect to the width of the parent element. "
          text run at (696,0) width 47: "This will"
          text run at (0,17) width 194: "require extra text in order to test. "
          text run at (194,17) width 423: "Both the content background and the padding should be aqua (light blue)."
      RenderBlock {P} at (0,712) size 784x17 [bgcolor=#C0C0C0]
        RenderText {#text} at (0,0) size 194x17
          text run at (0,0) width 194: "This element has a class of zero."
      RenderBlock {P} at (0,742) size 784x34 [bgcolor=#00FFFF]
        RenderText {#text} at (0,0) size 756x34
          text run at (0,0) width 542: "This element should have no bottom padding, since negative padding values are not allowed. "
          text run at (542,0) width 214: "Both the content background and the"
          text run at (0,17) width 248: "normal padding should be aqua (light blue)."
      RenderTable {TABLE} at (0,789) size 784x646 [border: (1px outset #808080)]
        RenderTableSection {TBODY} at (1,1) size 782x644
          RenderTableRow {TR} at (0,0) size 782x26
            RenderTableCell {TD} at (0,0) size 782x26 [bgcolor=#C0C0C0] [border: (1px inset #808080)] [r=0 c=0 rs=1 cs=2]
              RenderInline {STRONG} at (0,0) size 144x17
                RenderText {#text} at (4,4) size 144x17
                  text run at (4,4) width 144: "TABLE Testing Section"
          RenderTableRow {TR} at (0,26) size 782x618
            RenderTableCell {TD} at (0,322) size 12x25 [bgcolor=#C0C0C0] [border: (1px inset #808080)] [r=1 c=0 rs=1 cs=1]
              RenderText {#text} at (4,4) size 4x17
                text run at (4,4) width 4: " "
            RenderTableCell {TD} at (12,26) size 770x618 [border: (1px inset #808080)] [r=1 c=1 rs=1 cs=1]
              RenderBlock {P} at (4,4) size 762x17 [bgcolor=#C0C0C0]
                RenderText {#text} at (0,0) size 194x17
                  text run at (0,0) width 194: "This element has a class of zero."
              RenderBlock {P} at (4,34) size 762x82 [bgcolor=#00FFFF]
                RenderText {#text} at (0,0) size 696x34
                  text run at (0,0) width 600: "This element should have a bottom padding of half an inch, which will require extra text in order to test. "
                  text run at (600,0) width 96: "Both the content"
                  text run at (0,17) width 323: "background and the padding should be aqua (light blue)."
              RenderBlock {P} at (4,129) size 762x59 [bgcolor=#00FFFF]
                RenderText {#text} at (0,0) size 752x34
                  text run at (0,0) width 585: "This element should have a bottom padding of 25 pixels, which will require extra text in order to test. "
                  text run at (585,0) width 167: "Both the content background"
                  text run at (0,17) width 252: "and the padding should be aqua (light blue)."
              RenderBlock {P} at (4,201) size 762x99 [bgcolor=#00FFFF]
                RenderText {#text} at (0,0) size 754x34
                  text run at (0,0) width 562: "This element should have a bottom padding of 5 em, which will require extra text in order to test. "
                  text run at (562,0) width 192: "Both the content background and"
                  text run at (0,17) width 227: "the padding should be aqua (light blue)."
              RenderBlock {P} at (4,313) size 762x224 [bgcolor=#00FFFF]
                RenderText {#text} at (0,0) size 743x34
                  text run at (0,0) width 696: "This element should have a bottom padding of 25%, which is calculated with respect to the width of the parent element. "
                  text run at (696,0) width 47: "This will"
                  text run at (0,17) width 194: "require extra text in order to test. "
                  text run at (194,17) width 423: "Both the content background and the padding should be aqua (light blue)."
              RenderBlock {P} at (4,550) size 762x17 [bgcolor=#C0C0C0]
                RenderText {#text} at (0,0) size 194x17
                  text run at (0,0) width 194: "This element has a class of zero."
              RenderBlock {P} at (4,580) size 762x34 [bgcolor=#00FFFF]
                RenderText {#text} at (0,0) size 756x34
                  text run at (0,0) width 542: "This element should have no bottom padding, since negative padding values are not allowed. "
                  text run at (542,0) width 214: "Both the content background and the"
                  text run at (0,17) width 248: "normal padding should be aqua (light blue)."
