layer at (0,0) size 800x600
  RenderView at (0,0) size 800x600
layer at (0,0) size 800x600
  RenderBlock {HTML} at (0,0) size 800x600
    RenderBody {BODY} at (8,8) size 784x584 [bgcolor=#CCCCCC]
      RenderBlock {P} at (0,0) size 784x17
        RenderText {#text} at (0,0) size 326x17
          text run at (0,0) width 326: "The style declarations which apply to the text below are:"
      RenderBlock {PRE} at (0,30) size 784x51
        RenderText {#text} at (0,0) size 391x51
          text run at (0,0) width 388: ".one {padding-right: 25px; text-align: right; background-color: aqua;}"
          text run at (388,0) width 0: " "
          text run at (0,17) width 391: ".two {padding-right: -10px; text-align: right; background-color: aqua;}"
          text run at (391,17) width 0: " "
          text run at (0,34) width 0: " "
      RenderBlock {HR} at (0,94) size 784x2 [border: (1px inset #000000)]
      RenderBlock {P} at (0,109) size 784x35 [bgcolor=#808080]
        RenderText {#text} at (0,0) size 499x17
          text run at (0,0) width 359: "This element is unstyled save for a background color of gray. "
          text run at (359,0) width 140: "However, it contains an "
        RenderInline {SPAN} at (0,0) size 180x17 [bgcolor=#00FFFF]
          RenderText {#text} at (499,0) size 134x17
            text run at (499,0) width 134: "inline element of class "
          RenderInline {TT} at (0,0) size 21x17
            RenderText {#text} at (633,0) size 21x17
              text run at (633,0) width 21: "one"
        RenderText {#text} at (679,0) size 762x34
          text run at (679,0) width 83: ", which should"
          text run at (0,17) width 430: "result in 25-pixel right padding (which should also be light blue) only in the "
        RenderInline {STRONG} at (0,0) size 22x17
          RenderText {#text} at (430,17) size 22x17
            text run at (430,17) width 22: "last"
        RenderText {#text} at (452,17) size 210x17
          text run at (452,17) width 210: " line in which the inline box appears."
      RenderBlock {P} at (0,157) size 784x35 [bgcolor=#808080]
        RenderText {#text} at (0,0) size 499x17
          text run at (0,0) width 359: "This element is unstyled save for a background color of gray. "
          text run at (359,0) width 140: "However, it contains an "
        RenderInline {SPAN} at (0,0) size 154x17 [bgcolor=#00FFFF]
          RenderText {#text} at (499,0) size 134x17
            text run at (499,0) width 134: "inline element of class "
          RenderInline {TT} at (0,0) size 20x17
            RenderText {#text} at (633,0) size 20x17
              text run at (633,0) width 20: "two"
        RenderText {#text} at (653,0) size 772x34
          text run at (653,0) width 119: ", which should result"
          text run at (0,17) width 424: "in no right padding, since negative padding values are not allowed, in the "
        RenderInline {STRONG} at (0,0) size 22x17
          RenderText {#text} at (424,17) size 22x17
            text run at (424,17) width 22: "last"
        RenderText {#text} at (446,17) size 210x17
          text run at (446,17) width 210: " line in which the inline box appears."
      RenderTable {TABLE} at (0,205) size 784x119 [border: (1px outset #808080)]
        RenderTableSection {TBODY} at (1,1) size 782x117
          RenderTableRow {TR} at (0,0) size 782x26
            RenderTableCell {TD} at (0,0) size 782x26 [bgcolor=#C0C0C0] [border: (1px inset #808080)] [r=0 c=0 rs=1 cs=2]
              RenderInline {STRONG} at (0,0) size 144x17
                RenderText {#text} at (4,4) size 144x17
                  text run at (4,4) width 144: "TABLE Testing Section"
          RenderTableRow {TR} at (0,26) size 782x91
            RenderTableCell {TD} at (0,59) size 12x25 [bgcolor=#C0C0C0] [border: (1px inset #808080)] [r=1 c=0 rs=1 cs=1]
              RenderText {#text} at (4,4) size 4x17
                text run at (4,4) width 4: " "
            RenderTableCell {TD} at (12,26) size 770x91 [border: (1px inset #808080)] [r=1 c=1 rs=1 cs=1]
              RenderBlock {P} at (4,4) size 762x35 [bgcolor=#808080]
                RenderText {#text} at (0,0) size 499x17
                  text run at (0,0) width 359: "This element is unstyled save for a background color of gray. "
                  text run at (359,0) width 140: "However, it contains an "
                RenderInline {SPAN} at (0,0) size 180x17 [bgcolor=#00FFFF]
                  RenderText {#text} at (499,0) size 134x17
                    text run at (499,0) width 134: "inline element of class "
                  RenderInline {TT} at (0,0) size 21x17
                    RenderText {#text} at (633,0) size 21x17
                      text run at (633,0) width 21: "one"
                RenderText {#text} at (679,0) size 762x34
                  text run at (679,0) width 83: ", which should"
                  text run at (0,17) width 430: "result in 25-pixel right padding (which should also be light blue) only in the "
                RenderInline {STRONG} at (0,0) size 22x17
                  RenderText {#text} at (430,17) size 22x17
                    text run at (430,17) width 22: "last"
                RenderText {#text} at (452,17) size 210x17
                  text run at (452,17) width 210: " line in which the inline box appears."
              RenderBlock {P} at (4,52) size 762x35 [bgcolor=#808080]
                RenderText {#text} at (0,0) size 499x17
                  text run at (0,0) width 359: "This element is unstyled save for a background color of gray. "
                  text run at (359,0) width 140: "However, it contains an "
                RenderInline {SPAN} at (0,0) size 154x17 [bgcolor=#00FFFF]
                  RenderText {#text} at (499,0) size 134x17
                    text run at (499,0) width 134: "inline element of class "
                  RenderInline {TT} at (0,0) size 20x17
                    RenderText {#text} at (633,0) size 20x17
                      text run at (633,0) width 20: "two"
                RenderText {#text} at (653,0) size 736x34
                  text run at (653,0) width 83: ", which should"
                  text run at (0,17) width 460: "result in no right padding, since negative padding values are not allowed, in the "
                RenderInline {STRONG} at (0,0) size 22x17
                  RenderText {#text} at (460,17) size 22x17
                    text run at (460,17) width 22: "last"
                RenderText {#text} at (482,17) size 210x17
                  text run at (482,17) width 210: " line in which the inline box appears."
