layer at (0,0) size 1342x600
  RenderView at (0,0) size 800x600
layer at (0,0) size 800x600
  RenderBlock {HTML} at (0,0) size 800x600
    RenderBody {BODY} at (8,8) size 784x584
layer at (8,8) size 1334x300
  RenderBlock (positioned) {DIV} at (8,8) size 119x300 [bgcolor=#00FF00]
    RenderText {#text} at (0,0) size 119x21
      text run at (0,0) width 119: "This is some text"
    RenderBR {BR} at (119,16) size 0x0
    RenderText {#text} at (0,21) size 119x21
      text run at (0,21) width 119: "This is some text"
    RenderBR {BR} at (119,37) size 0x0
    RenderText {#text} at (0,42) size 119x21
      text run at (0,42) width 119: "This is some text"
    RenderBR {BR} at (119,58) size 0x0
    RenderText {#text} at (0,63) size 119x21
      text run at (0,63) width 119: "This is some text"
    RenderBR {BR} at (119,79) size 0x0
    RenderText {#text} at (0,84) size 119x21
      text run at (0,84) width 119: "This is some text"
    RenderBR {BR} at (119,100) size 0x0
    RenderText {#text} at (0,105) size 119x21
      text run at (0,105) width 119: "This is some text"
    RenderBR {BR} at (119,121) size 0x0
    RenderText {#text} at (0,126) size 119x21
      text run at (0,126) width 119: "This is some text"
    RenderBR {BR} at (119,142) size 0x0
    RenderText {#text} at (0,147) size 119x21
      text run at (0,147) width 119: "This is some text"
    RenderBR {BR} at (119,163) size 0x0
    RenderText {#text} at (0,168) size 119x21
      text run at (0,168) width 119: "This is some text"
    RenderBR {BR} at (119,184) size 0x0
    RenderText {#text} at (0,189) size 119x21
      text run at (0,189) width 119: "This is some text"
    RenderBR {BR} at (119,205) size 0x0
    RenderText {#text} at (0,210) size 119x21
      text run at (0,210) width 119: "This is some text"
    RenderBR {BR} at (119,226) size 0x0
    RenderText {#text} at (0,231) size 119x21
      text run at (0,231) width 119: "This is some text"
    RenderBR {BR} at (119,247) size 0x0
    RenderText {#text} at (0,252) size 119x21
      text run at (0,252) width 119: "This is some text"
    RenderBR {BR} at (119,268) size 0x0
    RenderText {#text} at (0,273) size 119x21
      text run at (0,273) width 119: "This is some text"
    RenderBR {BR} at (119,289) size 0x0
    RenderText {#text} at (0,294) size 119x21
      text run at (0,294) width 119: "This is some text"
    RenderBR {BR} at (119,310) size 0x0
    RenderText {#text} at (0,315) size 119x21
      text run at (0,315) width 119: "This is some text"
    RenderBR {BR} at (119,331) size 0x0
    RenderText {#text} at (0,336) size 119x21
      text run at (0,336) width 119: "This is some text"
    RenderBR {BR} at (119,352) size 0x0
    RenderText {#text} at (0,357) size 119x21
      text run at (0,357) width 119: "This is some text"
    RenderBR {BR} at (119,373) size 0x0
    RenderText {#text} at (0,378) size 119x21
      text run at (0,378) width 119: "This is some text"
    RenderBR {BR} at (119,394) size 0x0
    RenderText {#text} at (0,399) size 119x21
      text run at (0,399) width 119: "This is some text"
    RenderBR {BR} at (119,415) size 0x0
    RenderText {#text} at (0,420) size 119x21
      text run at (0,420) width 119: "This is some text"
    RenderBR {BR} at (119,436) size 0x0
    RenderText {#text} at (0,441) size 119x21
      text run at (0,441) width 119: "This is some text"
    RenderBR {BR} at (119,457) size 0x0
    RenderText {#text} at (0,462) size 119x21
      text run at (0,462) width 119: "This is some text"
    RenderBR {BR} at (119,478) size 0x0
    RenderText {#text} at (0,483) size 119x21
      text run at (0,483) width 119: "This is some text"
    RenderBR {BR} at (119,499) size 0x0
    RenderText {#text} at (0,504) size 119x21
      text run at (0,504) width 119: "This is some text"
    RenderBR {BR} at (119,520) size 0x0
    RenderText {#text} at (0,525) size 119x21
      text run at (0,525) width 119: "This is some text"
    RenderBR {BR} at (119,541) size 0x0
    RenderText {#text} at (0,546) size 119x21
      text run at (0,546) width 119: "This is some text"
    RenderBR {BR} at (119,562) size 0x0
    RenderText {#text} at (0,567) size 119x21
      text run at (0,567) width 119: "This is some text"
    RenderBR {BR} at (119,583) size 0x0
    RenderText {#text} at (0,588) size 119x21
      text run at (0,588) width 119: "This is some text"
    RenderBR {BR} at (119,604) size 0x0
    RenderText {#text} at (0,609) size 119x21
      text run at (0,609) width 119: "This is some text"
    RenderBR {BR} at (119,625) size 0x0
    RenderText {#text} at (0,630) size 119x21
      text run at (0,630) width 119: "This is some text"
    RenderBR {BR} at (119,646) size 0x0
    RenderText {#text} at (0,651) size 119x21
      text run at (0,651) width 119: "This is some text"
    RenderBR {BR} at (119,667) size 0x0
    RenderText {#text} at (0,672) size 119x21
      text run at (0,672) width 119: "This is some text"
    RenderBR {BR} at (119,688) size 0x0
    RenderText {#text} at (0,693) size 119x21
      text run at (0,693) width 119: "This is some text"
    RenderBR {BR} at (119,709) size 0x0
    RenderText {#text} at (0,714) size 119x21
      text run at (0,714) width 119: "This is some text"
    RenderBR {BR} at (119,730) size 0x0
    RenderText {#text} at (0,735) size 119x21
      text run at (0,735) width 119: "This is some text"
    RenderBR {BR} at (119,751) size 0x0
    RenderText {#text} at (0,756) size 119x21
      text run at (0,756) width 119: "This is some text"
    RenderBR {BR} at (119,772) size 0x0
    RenderText {#text} at (0,777) size 119x21
      text run at (0,777) width 119: "This is some text"
    RenderBR {BR} at (119,793) size 0x0
    RenderText {#text} at (0,798) size 119x21
      text run at (0,798) width 119: "This is some text"
    RenderBR {BR} at (119,814) size 0x0
    RenderText {#text} at (0,819) size 119x21
      text run at (0,819) width 119: "This is some text"
    RenderBR {BR} at (119,835) size 0x0
    RenderText {#text} at (0,840) size 119x21
      text run at (0,840) width 119: "This is some text"
    RenderBR {BR} at (119,856) size 0x0
    RenderText {#text} at (0,861) size 119x21
      text run at (0,861) width 119: "This is some text"
    RenderBR {BR} at (119,877) size 0x0
    RenderText {#text} at (0,882) size 119x21
      text run at (0,882) width 119: "This is some text"
    RenderBR {BR} at (119,898) size 0x0
    RenderText {#text} at (0,903) size 119x21
      text run at (0,903) width 119: "This is some text"
    RenderBR {BR} at (119,919) size 0x0
    RenderText {#text} at (0,924) size 119x21
      text run at (0,924) width 119: "This is some text"
    RenderBR {BR} at (119,940) size 0x0
    RenderText {#text} at (0,945) size 119x21
      text run at (0,945) width 119: "This is some text"
    RenderBR {BR} at (119,961) size 0x0
    RenderText {#text} at (0,966) size 119x21
      text run at (0,966) width 119: "This is some text"
    RenderBR {BR} at (119,982) size 0x0
    RenderText {#text} at (0,987) size 119x21
      text run at (0,987) width 119: "This is some text"
    RenderBR {BR} at (119,1003) size 0x0
    RenderText {#text} at (0,1008) size 119x21
      text run at (0,1008) width 119: "This is some text"
    RenderBR {BR} at (119,1024) size 0x0
    RenderText {#text} at (0,1029) size 119x21
      text run at (0,1029) width 119: "This is some text"
    RenderBR {BR} at (119,1045) size 0x0
    RenderText {#text} at (0,1050) size 119x21
      text run at (0,1050) width 119: "This is some text"
    RenderBR {BR} at (119,1066) size 0x0
    RenderText {#text} at (0,1071) size 119x21
      text run at (0,1071) width 119: "This is some text"
    RenderBR {BR} at (119,1087) size 0x0
    RenderText {#text} at (0,1092) size 119x21
      text run at (0,1092) width 119: "This is some text"
    RenderBR {BR} at (119,1108) size 0x0
    RenderText {#text} at (0,1113) size 119x21
      text run at (0,1113) width 119: "This is some text"
    RenderBR {BR} at (119,1129) size 0x0
    RenderText {#text} at (0,1134) size 119x21
      text run at (0,1134) width 119: "This is some text"
    RenderBR {BR} at (119,1150) size 0x0
    RenderText {#text} at (0,1155) size 119x21
      text run at (0,1155) width 119: "This is some text"
    RenderBR {BR} at (119,1171) size 0x0
    RenderText {#text} at (0,1176) size 119x21
      text run at (0,1176) width 119: "This is some text"
    RenderBR {BR} at (119,1192) size 0x0
    RenderText {#text} at (0,1197) size 119x21
      text run at (0,1197) width 119: "This is some text"
    RenderBR {BR} at (119,1213) size 0x0
    RenderText {#text} at (0,1218) size 119x21
      text run at (0,1218) width 119: "This is some text"
    RenderBR {BR} at (119,1234) size 0x0
    RenderText {#text} at (0,1239) size 119x21
      text run at (0,1239) width 119: "This is some text"
    RenderBR {BR} at (119,1255) size 0x0
    RenderText {#text} at (0,1260) size 119x21
      text run at (0,1260) width 119: "This is some text"
    RenderBR {BR} at (119,1276) size 0x0
    RenderText {#text} at (0,1281) size 119x21
      text run at (0,1281) width 119: "This is some text"
    RenderBR {BR} at (119,1297) size 0x0
    RenderText {#text} at (0,1302) size 119x21
      text run at (0,1302) width 119: "This is some text"
    RenderBR {BR} at (119,1318) size 0x0
    RenderText {#text} at (0,1323) size 119x21
      text run at (0,1323) width 119: "This is some text"
    RenderBR {BR} at (119,1339) size 0x0
    RenderText {#text} at (0,1344) size 119x21
      text run at (0,1344) width 119: "This is some text"
    RenderBR {BR} at (119,1360) size 0x0
    RenderText {#text} at (0,1365) size 119x21
      text run at (0,1365) width 119: "This is some text"
    RenderBR {BR} at (119,1381) size 0x0
    RenderText {#text} at (0,1386) size 119x21
      text run at (0,1386) width 119: "This is some text"
    RenderBR {BR} at (119,1402) size 0x0
    RenderText {#text} at (0,1407) size 119x21
      text run at (0,1407) width 119: "This is some text"
    RenderBR {BR} at (119,1423) size 0x0
    RenderText {#text} at (0,1428) size 119x21
      text run at (0,1428) width 119: "This is some text"
    RenderBR {BR} at (119,1444) size 0x0
    RenderText {#text} at (0,1449) size 119x21
      text run at (0,1449) width 119: "This is some text"
    RenderBR {BR} at (119,1465) size 0x0
    RenderText {#text} at (0,1470) size 119x21
      text run at (0,1470) width 119: "This is some text"
    RenderBR {BR} at (119,1486) size 0x0
    RenderText {#text} at (0,1491) size 119x21
      text run at (0,1491) width 119: "This is some text"
    RenderBR {BR} at (119,1507) size 0x0
    RenderText {#text} at (0,1512) size 119x21
      text run at (0,1512) width 119: "This is some text"
    RenderBR {BR} at (119,1528) size 0x0
    RenderText {#text} at (0,1533) size 119x21
      text run at (0,1533) width 119: "This is some text"
    RenderBR {BR} at (119,1549) size 0x0
    RenderText {#text} at (0,1554) size 119x21
      text run at (0,1554) width 119: "This is some text"
    RenderBR {BR} at (119,1570) size 0x0
    RenderText {#text} at (0,1575) size 119x21
      text run at (0,1575) width 119: "This is some text"
    RenderBR {BR} at (119,1591) size 0x0
    RenderText {#text} at (0,1596) size 119x21
      text run at (0,1596) width 119: "This is some text"
    RenderBR {BR} at (119,1612) size 0x0
    RenderText {#text} at (0,1617) size 119x21
      text run at (0,1617) width 119: "This is some text"
    RenderBR {BR} at (119,1633) size 0x0
    RenderText {#text} at (0,1638) size 119x21
      text run at (0,1638) width 119: "This is some text"
    RenderBR {BR} at (119,1654) size 0x0
    RenderText {#text} at (0,1659) size 119x21
      text run at (0,1659) width 119: "This is some text"
    RenderBR {BR} at (119,1675) size 0x0
    RenderText {#text} at (0,1680) size 119x21
      text run at (0,1680) width 119: "This is some text"
    RenderBR {BR} at (119,1696) size 0x0
    RenderText {#text} at (0,1701) size 119x21
      text run at (0,1701) width 119: "This is some text"
    RenderBR {BR} at (119,1717) size 0x0
    RenderText {#text} at (0,1722) size 119x21
      text run at (0,1722) width 119: "This is some text"
    RenderBR {BR} at (119,1738) size 0x0
    RenderText {#text} at (0,1743) size 119x21
      text run at (0,1743) width 119: "This is some text"
    RenderBR {BR} at (119,1759) size 0x0
    RenderText {#text} at (0,1764) size 119x21
      text run at (0,1764) width 119: "This is some text"
    RenderBR {BR} at (119,1780) size 0x0
    RenderText {#text} at (0,1785) size 119x21
      text run at (0,1785) width 119: "This is some text"
    RenderBR {BR} at (119,1801) size 0x0
    RenderText {#text} at (0,1806) size 119x21
      text run at (0,1806) width 119: "This is some text"
    RenderBR {BR} at (119,1822) size 0x0
    RenderText {#text} at (0,1827) size 119x21
      text run at (0,1827) width 119: "This is some text"
    RenderBR {BR} at (119,1843) size 0x0
    RenderText {#text} at (0,1848) size 119x21
      text run at (0,1848) width 119: "This is some text"
    RenderBR {BR} at (119,1864) size 0x0
    RenderText {#text} at (0,1869) size 119x21
      text run at (0,1869) width 119: "This is some text"
    RenderBR {BR} at (119,1885) size 0x0
    RenderText {#text} at (0,1890) size 119x21
      text run at (0,1890) width 119: "This is some text"
    RenderBR {BR} at (119,1906) size 0x0
    RenderText {#text} at (0,1911) size 119x21
      text run at (0,1911) width 119: "This is some text"
    RenderBR {BR} at (119,1927) size 0x0
    RenderText {#text} at (0,1932) size 119x21
      text run at (0,1932) width 119: "This is some text"
    RenderBR {BR} at (119,1948) size 0x0
    RenderText {#text} at (0,1953) size 119x21
      text run at (0,1953) width 119: "This is some text"
    RenderBR {BR} at (119,1969) size 0x0
    RenderText {#text} at (0,1974) size 119x21
      text run at (0,1974) width 119: "This is some text"
    RenderBR {BR} at (119,1990) size 0x0
    RenderText {#text} at (0,1995) size 119x21
      text run at (0,1995) width 119: "This is some text"
    RenderBR {BR} at (119,2011) size 0x0
    RenderText {#text} at (0,2016) size 119x21
      text run at (0,2016) width 119: "This is some text"
    RenderBR {BR} at (119,2032) size 0x0
    RenderText {#text} at (0,2037) size 119x21
      text run at (0,2037) width 119: "This is some text"
    RenderBR {BR} at (119,2053) size 0x0
    RenderText {#text} at (0,2058) size 119x21
      text run at (0,2058) width 119: "This is some text"
    RenderBR {BR} at (119,2074) size 0x0
    RenderText {#text} at (0,2079) size 119x21
      text run at (0,2079) width 119: "This is some text"
    RenderBR {BR} at (119,2095) size 0x0
    RenderText {#text} at (0,2100) size 119x21
      text run at (0,2100) width 119: "This is some text"
    RenderBR {BR} at (119,2116) size 0x0
    RenderText {#text} at (0,2121) size 119x21
      text run at (0,2121) width 119: "This is some text"
    RenderBR {BR} at (119,2137) size 0x0
    RenderText {#text} at (0,2142) size 119x21
      text run at (0,2142) width 119: "This is some text"
    RenderBR {BR} at (119,2158) size 0x0
    RenderText {#text} at (0,2163) size 119x21
      text run at (0,2163) width 119: "This is some text"
    RenderBR {BR} at (119,2179) size 0x0
    RenderText {#text} at (0,2184) size 119x21
      text run at (0,2184) width 119: "This is some text"
    RenderBR {BR} at (119,2200) size 0x0
    RenderText {#text} at (0,2205) size 119x21
      text run at (0,2205) width 119: "This is some text"
    RenderBR {BR} at (119,2221) size 0x0
    RenderText {#text} at (0,2226) size 119x21
      text run at (0,2226) width 119: "This is some text"
    RenderBR {BR} at (119,2242) size 0x0
    RenderText {#text} at (0,2247) size 119x21
      text run at (0,2247) width 119: "This is some text"
    RenderBR {BR} at (119,2263) size 0x0
    RenderText {#text} at (0,2268) size 119x21
      text run at (0,2268) width 119: "This is some text"
    RenderBR {BR} at (119,2284) size 0x0
    RenderText {#text} at (0,2289) size 119x21
      text run at (0,2289) width 119: "This is some text"
    RenderBR {BR} at (119,2305) size 0x0
    RenderText {#text} at (0,2310) size 119x21
      text run at (0,2310) width 119: "This is some text"
    RenderBR {BR} at (119,2326) size 0x0
    RenderText {#text} at (0,2331) size 119x21
      text run at (0,2331) width 119: "This is some text"
    RenderBR {BR} at (119,2347) size 0x0
    RenderText {#text} at (0,2352) size 119x21
      text run at (0,2352) width 119: "This is some text"
    RenderBR {BR} at (119,2368) size 0x0
    RenderText {#text} at (0,2373) size 119x21
      text run at (0,2373) width 119: "This is some text"
    RenderBR {BR} at (119,2389) size 0x0
    RenderText {#text} at (0,2394) size 119x21
      text run at (0,2394) width 119: "This is some text"
    RenderBR {BR} at (119,2410) size 0x0
    RenderText {#text} at (0,2415) size 119x21
      text run at (0,2415) width 119: "This is some text"
    RenderBR {BR} at (119,2431) size 0x0
    RenderText {#text} at (0,2436) size 119x21
      text run at (0,2436) width 119: "This is some text"
    RenderBR {BR} at (119,2452) size 0x0
    RenderText {#text} at (0,2457) size 119x21
      text run at (0,2457) width 119: "This is some text"
    RenderBR {BR} at (119,2473) size 0x0
    RenderText {#text} at (0,2478) size 119x21
      text run at (0,2478) width 119: "This is some text"
    RenderBR {BR} at (119,2494) size 0x0
    RenderText {#text} at (0,2499) size 119x21
      text run at (0,2499) width 119: "This is some text"
    RenderBR {BR} at (119,2515) size 0x0
    RenderText {#text} at (0,2520) size 119x21
      text run at (0,2520) width 119: "This is some text"
    RenderBR {BR} at (119,2536) size 0x0
    RenderText {#text} at (0,2541) size 119x21
      text run at (0,2541) width 119: "This is some text"
    RenderBR {BR} at (119,2557) size 0x0
    RenderText {#text} at (0,2562) size 119x21
      text run at (0,2562) width 119: "This is some text"
    RenderBR {BR} at (119,2578) size 0x0
    RenderText {#text} at (0,2583) size 119x21
      text run at (0,2583) width 119: "This is some text"
    RenderBR {BR} at (119,2599) size 0x0
    RenderText {#text} at (0,2604) size 119x21
      text run at (0,2604) width 119: "This is some text"
    RenderBR {BR} at (119,2620) size 0x0
    RenderText {#text} at (0,2625) size 119x21
      text run at (0,2625) width 119: "This is some text"
    RenderBR {BR} at (119,2641) size 0x0
    RenderText {#text} at (0,2646) size 119x21
      text run at (0,2646) width 119: "This is some text"
    RenderBR {BR} at (119,2662) size 0x0
    RenderText {#text} at (0,2667) size 119x21
      text run at (0,2667) width 119: "This is some text"
    RenderBR {BR} at (119,2683) size 0x0
    RenderText {#text} at (0,2688) size 119x21
      text run at (0,2688) width 119: "This is some text"
    RenderBR {BR} at (119,2704) size 0x0
    RenderText {#text} at (0,2709) size 119x21
      text run at (0,2709) width 119: "This is some text"
    RenderBR {BR} at (119,2725) size 0x0
    RenderText {#text} at (0,2730) size 119x21
      text run at (0,2730) width 119: "This is some text"
    RenderBR {BR} at (119,2746) size 0x0
    RenderText {#text} at (0,2751) size 119x21
      text run at (0,2751) width 119: "This is some text"
    RenderBR {BR} at (119,2767) size 0x0
    RenderText {#text} at (0,2772) size 119x21
      text run at (0,2772) width 119: "This is some text"
    RenderBR {BR} at (119,2788) size 0x0
    RenderText {#text} at (0,2793) size 119x21
      text run at (0,2793) width 119: "This is some text"
    RenderBR {BR} at (119,2809) size 0x0
    RenderText {#text} at (0,2814) size 119x21
      text run at (0,2814) width 119: "This is some text"
    RenderBR {BR} at (119,2830) size 0x0
