layer at (0,0) size 800x698
  RenderView at (0,0) size 800x600
layer at (0,0) size 800x698
  RenderBlock {HTML} at (0,0) size 800x698
    RenderBody {BODY} at (8,8) size 784x682 [bgcolor=#CCCCCC]
      RenderBlock {P} at (0,0) size 784x17
        RenderText {#text} at (0,0) size 326x17
          text run at (0,0) width 326: "The style declarations which apply to the text below are:"
      RenderBlock {PRE} at (0,30) size 784x119
        RenderText {#text} at (0,0) size 393x119
          text run at (0,0) width 150: "P.one {line-height: 200%;}"
          text run at (150,0) width 0: " "
          text run at (0,17) width 391: "SPAN.two {border-style: solid; border-width: 10px; border-color: red;"
          text run at (391,17) width 0: " "
          text run at (0,34) width 199: "          padding: 2pt; margin: 30pt;}"
          text run at (199,34) width 0: " "
          text run at (0,51) width 241: "P.three {font-size: 10pt; line-height: 12pt;}"
          text run at (241,51) width 0: " "
          text run at (0,68) width 393: "SPAN.four {border-style: solid; border-width: 12px; border-color: red;"
          text run at (393,68) width 0: " "
          text run at (0,85) width 119: "          padding: 2pt;}"
          text run at (119,85) width 0: " "
          text run at (0,102) width 0: " "
      RenderBlock {HR} at (0,162) size 784x2 [border: (1px inset #000000)]
      RenderBlock {P} at (0,177) size 784x130
        RenderText {#text} at (0,4) size 177x17
          text run at (0,4) width 177: "This is a paragraph that has a "
        RenderInline {SPAN} at (0,0) size 777x145 [border: (10px solid #FF0000)]
          RenderText {#text} at (229,4) size 777x121
            text run at (229,4) width 548: "very long span in it, and the span has a 10px red border separated from the span by 2pt, and a"
            text run at (0,30) width 91: "margin of 30pt. "
            text run at (91,30) width 666: "The padding and border should be present on all sides of the span (although vertical lines should appear only at the"
            text run at (0,56) width 345: "beginning and the end of the whole span, not on each line). "
            text run at (345,56) width 423: "The padding, border, and margin should all be noticeable at the beginning"
            text run at (0,82) width 123: "and end of the span. "
            text run at (123,82) width 636: "However, the line height should not be changed by any of them, so the margin should be unnoticeable and the"
            text run at (0,108) width 236: "border should overlap text on other lines."
        RenderText {#text} at (288,108) size 425x17
          text run at (288,108) width 4: " "
          text run at (292,108) width 421: "The line spacing in the whole paragraph should be 200% of the font size."
      RenderBlock {P} at (0,320) size 784x64
        RenderText {#text} at (0,0) size 177x17
          text run at (0,0) width 177: "This is a paragraph that has a "
        RenderInline {SPAN} at (0,0) size 769x93 [border: (12px solid #FF0000)]
          RenderText {#text} at (191,0) size 769x65
            text run at (191,0) width 572: "very long span in it, and the span has a 12px red border separated from the span by 2pt of padding"
            text run at (0,16) width 769: "(the difference between the line-height and the font-size), which should overlap with the lines of text above and below the span, since"
            text run at (0,32) width 326: "the padding and border should not effect the line height. "
            text run at (326,32) width 443: "The span's border should have vertical lines only at the beginning and end of"
            text run at (0,48) width 191: "the whole span, not on each line."
        RenderText {#text} at (205,48) size 440x17
          text run at (205,48) width 4: " "
          text run at (209,48) width 436: "The line spacing in the whole paragraph should be 12pt, with font-size 10pt."
      RenderTable {TABLE} at (0,397) size 784x285 [border: (1px outset #808080)]
        RenderTableSection {TBODY} at (1,1) size 782x283
          RenderTableRow {TR} at (0,0) size 782x26
            RenderTableCell {TD} at (0,0) size 782x26 [bgcolor=#C0C0C0] [border: (1px inset #808080)] [r=0 c=0 rs=1 cs=2]
              RenderInline {STRONG} at (0,0) size 144x17
                RenderText {#text} at (4,4) size 144x17
                  text run at (4,4) width 144: "TABLE Testing Section"
          RenderTableRow {TR} at (0,26) size 782x257
            RenderTableCell {TD} at (0,142) size 12x25 [bgcolor=#C0C0C0] [border: (1px inset #808080)] [r=1 c=0 rs=1 cs=1]
              RenderText {#text} at (4,4) size 4x17
                text run at (4,4) width 4: " "
            RenderTableCell {TD} at (12,26) size 770x257 [border: (1px inset #808080)] [r=1 c=1 rs=1 cs=1]
              RenderBlock {P} at (4,4) size 762x156
                RenderText {#text} at (0,4) size 177x17
                  text run at (0,4) width 177: "This is a paragraph that has a "
                RenderInline {SPAN} at (0,0) size 756x145 [border: (10px solid #FF0000)]
                  RenderText {#text} at (229,4) size 756x121
                    text run at (229,4) width 512: "very long span in it, and the span has a 10px red border separated from the span by 2pt,"
                    text run at (0,30) width 127: "and a margin of 30pt. "
                    text run at (127,30) width 629: "The padding and border should be present on all sides of the span (although vertical lines should appear only"
                    text run at (0,56) width 382: "at the beginning and the end of the whole span, not on each line). "
                    text run at (382,56) width 364: "The padding, border, and margin should all be noticeable at the"
                    text run at (0,82) width 182: "beginning and end of the span. "
                    text run at (182,82) width 512: "However, the line height should not be changed by any of them, so the margin should be"
                    text run at (0,108) width 360: "unnoticeable and the border should overlap text on other lines."
                RenderText {#text} at (412,108) size 757x43
                  text run at (412,108) width 4: " "
                  text run at (416,108) width 341: "The line spacing in the whole paragraph should be 200% of"
                  text run at (0,134) width 76: "the font size."
              RenderBlock {P} at (4,173) size 762x80
                RenderText {#text} at (0,0) size 177x17
                  text run at (0,0) width 177: "This is a paragraph that has a "
                RenderInline {SPAN} at (0,0) size 747x93 [border: (12px solid #FF0000)]
                  RenderText {#text} at (191,0) size 747x65
                    text run at (191,0) width 523: "very long span in it, and the span has a 12px red border separated from the span by 2pt of"
                    text run at (0,16) width 747: "padding (the difference between the line-height and the font-size), which should overlap with the lines of text above and below the"
                    text run at (0,32) width 397: "span, since the padding and border should not effect the line height. "
                    text run at (397,32) width 319: "The span's border should have vertical lines only at the"
                    text run at (0,48) width 315: "beginning and end of the whole span, not on each line."
                RenderText {#text} at (329,48) size 736x33
                  text run at (329,48) width 4: " "
                  text run at (333,48) width 403: "The line spacing in the whole paragraph should be 12pt, with font-size"
                  text run at (0,64) width 29: "10pt."
