layer at (0,0) size 800x600
  RenderView at (0,0) size 800x600
layer at (0,0) size 800x403
  RenderBlock {HTML} at (0,0) size 800x403
    RenderBody {BODY} at (8,14) size 784x375
      RenderBlock {DIV} at (0,0) size 784x38 [color=#008000] [bgcolor=#FFFFFF]
        RenderBlock {P} at (0,0) size 784x38
          RenderText {#text} at (0,0) size 783x38
            text run at (0,0) width 783: "First sentence: this text should be green. The markup code is invalid according to W3C HTML validator and the CSS code is"
            text run at (0,19) width 251: "invalid according to W3C CSS validator."
      RenderBlock {DIV} at (0,52) size 784x38 [color=#008000] [bgcolor=#FFFFFF]
        RenderBlock {P} at (0,0) size 784x38 [color=#FF0000]
          RenderText {#text} at (0,0) size 784x38
            text run at (0,0) width 784: "Second sentence: this text should be green according to CSS 1 but it should be red according to CSS 2.1. The markup code"
            text run at (0,19) width 733: "is also invalid according to W3C HTML validator but the CSS code is perfectly valid according to W3C CSS validator."
      RenderBlock {H3} at (0,106) size 784x46 [color=#008000] [bgcolor=#FFFFFF]
        RenderText {#text} at (0,0) size 768x45
          text run at (0,0) width 768: "Third sentence: this text should be green. The markup code is valid according to W3C HTML validator"
          text run at (0,23) width 456: "but the CSS code is invalid according to W3C CSS validator."
      RenderBlock {H4} at (0,170) size 784x60 [color=#FF0000] [bgcolor=#FFFFFF]
        RenderText {#text} at (0,0) size 782x60
          text run at (0,0) width 782: "Fourth sentence: this text should be green according to CSS 1 (class name can not start with a dash in CSS 1) but"
          text run at (0,20) width 779: "it should be red according to CSS 2.1 and the markup code is valid according to W3C HTML validator and the CSS"
          text run at (0,40) width 377: "code is perfectly valid according to W3C CSS validator."
      RenderBlock {H5} at (0,253) size 784x80 [color=#800080] [bgcolor=#FFFFFF]
        RenderText {#text} at (0,0) size 784x80
          text run at (0,0) width 781: "Fifth sentence: this text should be green according to CSS 1 (class name can not start with a dash in CSS 1) but it"
          text run at (0,20) width 729: "should be purple according to latest CSS 2.1 WD (class name can not start with a dash unless immediately"
          text run at (0,40) width 784: "followed by [_A-Za-z] character in CSS 2.1) and the markup code is valid according to W3C HTML validator and the"
          text run at (0,60) width 436: "CSS code is perfectly valid according to the W3C CSS validator!"
      RenderBlock {P} at (0,356) size 784x19
        RenderText {#text} at (0,0) size 29x19
          text run at (0,0) width 29: "See "
        RenderInline {A} at (0,0) size 69x19 [color=#0000EE]
          RenderText {#text} at (29,0) size 69x19
            text run at (29,0) width 69: "Bug 14373"
        RenderInline {A} at (0,0) size 4x19
          RenderText {#text} at (98,0) size 4x19
            text run at (98,0) width 4: "."
      RenderBlock (anonymous) at (0,389) size 784x0
        RenderInline {A} at (0,0) size 0x0
          RenderText {#text} at (0,0) size 0x0
          RenderText {#text} at (0,0) size 0x0
          RenderText {#text} at (0,0) size 0x0
