layer at (0,0) size 800x600
  RenderView at (0,0) size 800x600
layer at (0,0) size 800x600
  RenderBlock {HTML} at (0,0) size 800x600
    RenderBody {BODY} at (8,8) size 784x584
      RenderBlock {DIV} at (0,0) size 784x20 [color=#008000] [bgcolor=#FFFF00]
        RenderText {#text} at (0,0) size 119x20
          text run at (0,0) width 119: "Green on Yellow"
      RenderBlock {DIV} at (0,20) size 784x20 [color=#0000FF] [bgcolor=#C0C0C0]
        RenderText {#text} at (0,0) size 100x20
          text run at (0,0) width 100: "Blue on Silver"
      RenderBlock {DIV} at (0,40) size 784x20 [color=#008000]
        RenderText {#text} at (0,0) size 44x20
          text run at (0,0) width 44: "Green"
      RenderBlock {DIV} at (0,60) size 784x20 [color=#0000FF]
        RenderText {#text} at (0,0) size 33x20
          text run at (0,0) width 33: "Blue"
      RenderBlock {DIV} at (0,80) size 784x20 [color=#008000]
        RenderText {#text} at (0,0) size 44x20
          text run at (0,0) width 44: "Green"
      RenderBlock {DIV} at (0,100) size 784x20 [color=#0000FF]
        RenderText {#text} at (0,0) size 33x20
          text run at (0,0) width 33: "Blue"
