layer at (0,0) size 800x600
  RenderView at (0,0) size 800x600
layer at (0,0) size 800x600
  RenderBlock {HTML} at (0,0) size 800x600
    RenderBody {BODY} at (8,8) size 784x584
      RenderBlock {DIV} at (0,0) size 784x41
        RenderInline (generated) at (0,0) size 20x41
          RenderText {#text} at (0,0) size 20x41
            text run at (0,0) width 20: "T"
        RenderText {#text} at (20,15) size 415x21
          text run at (20,15) width 415: "he first letter in this sentence should be larger than the rest."
      RenderBlock {DIV} at (0,41) size 784x21
        RenderText {#text} at (0,0) size 298x41
          text run at (0,0) width 298: "This sentence should be extra-extra-large."
      RenderBlock (anonymous) at (0,62) size 784x31
        RenderTextControl {INPUT} at (2,2) size 177x27 [bgcolor=#FFFFFF] [border: (2px inset #000000)]
          RenderBlock {DIV} at (3,3) size 171x21
            RenderBlock {DIV} at (0,16) size 0x0
            RenderBlock {DIV} at (171,16) size 0x0
        RenderText {#text} at (0,0) size 0x0
        RenderText {#text} at (0,0) size 0x0
        RenderText {#text} at (0,0) size 0x0
layer at (13,75) size 171x21
  RenderBlock {DIV} at (0,0) size 171x21 [color=#008000]
    RenderText {#text} at (1,0) size 150x21
      text run at (1,0) width 150: "This should be green"
