layer at (0,0) size 800x600
  RenderView at (0,0) size 800x600
layer at (0,0) size 800x600
  RenderBlock {HTML} at (0,0) size 800x600
    RenderBody {BODY} at (8,8) size 784x579
      RenderBlock {P} at (0,0) size 784x104
        RenderText {#text} at (0,87) size 88x17
          text run at (0,87) width 88: "Layout test for "
        RenderInline {A} at (0,0) size 35x17 [color=#0000EE]
          RenderText {#text} at (88,87) size 35x17
            text run at (88,87) width 35: "11760"
        RenderText {#text} at (123,87) size 185x17
          text run at (123,87) width 8: ". "
          text run at (131,87) width 177: "If it doesn't crash, we're good. "
        RenderImage {IMG} at (308,0) size 100x100
        RenderText {#text} at (0,0) size 0x0
        RenderText {#text} at (0,0) size 0x0
