layer at (0,0) size 800x600
  RenderView at (0,0) size 800x600
layer at (0,0) size 800x600
  RenderBlock {HTML} at (0,0) size 800x600
    RenderBody {BODY} at (8,8) size 784x584
      RenderBlock {P} at (0,0) size 784x40
        RenderText {#text} at (0,0) size 767x40
          text run at (0,0) width 767: "This tests for a bug where underlined content would lose its underlining when deleting the line break before the paragraph"
          text run at (0,20) width 104: "that contained it."
      RenderBlock {DIV} at (0,56) size 784x20
        RenderText {#text} at (0,0) size 183x20
          text run at (0,0) width 183: "This shouldn't be underlined."
        RenderInline {DIV} at (0,0) size 168x20
          RenderText {#text} at (183,0) size 168x20
            text run at (183,0) width 168: "This should be underlined."
caret: position 29 of child 0 {#text} of child 2 {DIV} of child 1 {BODY} of child 0 {HTML} of document
