layer at (0,0) size 800x600
  RenderView at (0,0) size 800x600
layer at (0,0) size 800x600
  RenderBlock {HTML} at (0,0) size 800x600
    RenderBody {BODY} at (8,8) size 784x584
      RenderBlock {DIV} at (0,0) size 784x88 [border: (2px solid #FF0000)]
        RenderInline {SPAN} at (0,0) size 80x60
          RenderBR {BR} at (14,14) size 0x30
          RenderInline {SPAN} at (0,0) size 48x30
            RenderText {#text} at (14,44) size 48x30
              text run at (14,44) width 48: "\x{9}"
          RenderText {#text} at (62,44) size 32x30
            text run at (62,44) width 32: "foo"
        RenderText {#text} at (0,0) size 0x0
caret: position 1 of child 0 {#text} of child 1 {SPAN} of child 1 {SPAN} of child 1 {DIV} of child 1 {BODY} of child 0 {HTML} of document
