layer at (0,0) size 800x600
  RenderView at (0,0) size 800x600
layer at (0,0) size 800x600
  RenderBlock {HTML} at (0,0) size 800x600
    RenderBody {BODY} at (8,8) size 784x584
      RenderBlock {DIV} at (0,0) size 784x226 [border: (2px solid #FF0000)]
        RenderBlock {UL} at (14,38) size 756x150
          RenderListItem {LI} at (40,0) size 716x30
            RenderListMarker at (-23,0) size 10x30: bullet
            RenderText {#text} at (0,0) size 35x30
              text run at (0,0) width 35: "one"
          RenderListItem {LI} at (40,30) size 716x30
            RenderListMarker at (-23,0) size 10x30: bullet
            RenderText {#text} at (0,0) size 36x30
              text run at (0,0) width 36: "two"
          RenderListItem {LI} at (40,60) size 716x30
            RenderListMarker at (-23,0) size 10x30: bullet
            RenderBR {BR} at (0,0) size 0x30
          RenderListItem {LI} at (40,90) size 716x30
            RenderListMarker at (-23,0) size 10x30: bullet
            RenderText {#text} at (0,0) size 40x30
              text run at (0,0) width 40: "four"
          RenderListItem {LI} at (40,120) size 716x30
            RenderListMarker at (-23,0) size 10x30: bullet
            RenderText {#text} at (0,0) size 38x30
              text run at (0,0) width 38: "five"
caret: position 0 of child 0 {BR} of child 5 {LI} of child 1 {UL} of child 1 {DIV} of child 1 {BODY} of child 0 {HTML} of document
