layer at (0,0) size 800x600
  RenderView at (0,0) size 800x600
layer at (0,0) size 800x600
  RenderBlock {HTML} at (0,0) size 800x600
    RenderBody {BODY} at (8,8) size 784x584
      RenderBlock {DIV} at (0,0) size 784x88 [border: (2px solid #FF0000)]
        RenderInline {SPAN} at (0,0) size 40x60
          RenderText {#text} at (14,14) size 32x30
            text run at (14,14) width 32: "foo"
          RenderBR {BR} at (46,37) size 0x0
          RenderText {#text} at (14,44) size 40x30
            text run at (14,44) width 40: " baz"
        RenderText {#text} at (0,0) size 0x0
caret: position 0 of child 2 {#text} of child 1 {SPAN} of child 1 {DIV} of child 1 {BODY} of child 0 {HTML} of document
