layer at (0,0) size 800x600
  RenderView at (0,0) size 800x600
layer at (0,0) size 800x600
  RenderBlock {HTML} at (0,0) size 800x600
    RenderBody {BODY} at (8,8) size 784x584
      RenderBlock {DIV} at (0,0) size 600x30
        RenderText {#text} at (0,0) size 132x30
          text run at (0,0) width 132: "one two three"
      RenderBlock {DIV} at (0,30) size 784x20
        RenderText {#text} at (0,0) size 76x20
          text run at (0,0) width 76: "four five six"
caret: position 0 of child 0 {#text} of child 1 {DIV} of child 1 {BODY} of child 0 {HTML} of document
