layer at (0,0) size 800x600
  RenderView at (0,0) size 800x600
layer at (0,0) size 800x600
  RenderBlock {HTML} at (0,0) size 800x600
    RenderBody {BODY} at (8,8) size 784x584
      RenderBlock {DIV} at (0,0) size 784x30
        RenderText {#text} at (0,0) size 139x30
          text run at (0,0) width 139: "There is a tide"
      RenderBlock (anonymous) at (0,30) size 784x30
        RenderText {#text} at (0,0) size 197x30
          text run at (0,0) width 197: "in the affairs of men"
        RenderText {#text} at (0,0) size 0x0
        RenderText {#text} at (0,0) size 0x0
        RenderText {#text} at (0,0) size 0x0
        RenderText {#text} at (0,0) size 0x0
caret: position 15 of child 0 {#text} of child 1 {DIV} of child 1 {BODY} of child 0 {HTML} of document
