layer at (0,0) size 800x600
  RenderView at (0,0) size 800x600
layer at (0,0) size 800x600
  RenderBlock {HTML} at (0,0) size 800x600
    RenderBody {BODY} at (8,8) size 784x584
      RenderBlock {DIV} at (0,0) size 784x248 [border: (2px solid #FF0000)]
        RenderInline {SPAN} at (0,0) size 181x140
          RenderText {#text} at (14,94) size 11x30
            text run at (14,94) width 11: "a"
          RenderImage {IMG} at (25,14) size 76x103
          RenderText {#text} at (101,94) size 46x30
            text run at (101,94) width 46: "new "
          RenderBR {BR} at (0,0) size 0x0
          RenderImage {IMG} at (14,124) size 76x103
          RenderText {#text} at (90,204) size 105x30
            text run at (90,204) width 105: " conceived"
        RenderText {#text} at (0,0) size 0x0
caret: position 0 of child 4 {IMG} of child 1 {SPAN} of child 1 {DIV} of child 1 {BODY} of child 0 {HTML} of document
