layer at (0,0) size 800x600
  RenderView at (0,0) size 800x600
layer at (0,0) size 800x600
  RenderBlock {HTML} at (0,0) size 800x600
    RenderBody {BODY} at (8,8) size 784x584
      RenderBlock {DIV} at (0,0) size 784x88 [border: (2px solid #0000FF)]
        RenderText {#text} at (14,14) size 731x60
          text run at (14,14) width 725: "Should see \"bar\" in the red box. Insertion point should be at the start of the"
          text run at (739,14) width 6: " "
          text run at (14,44) width 102: "document."
      RenderBlock {DIV} at (0,112) size 784x58
        RenderBlock {DIV} at (0,0) size 784x58 [border: (2px solid #FF0000)]
          RenderText {#text} at (14,14) size 31x30
            text run at (14,14) width 31: "bar"
caret: position 0 of child 0 {#text} of child 1 {DIV} of child 3 {DIV} of child 1 {BODY} of child 0 {HTML} of document
