layer at (0,0) size 800x600
  RenderView at (0,0) size 800x600
layer at (0,0) size 800x600
  RenderBlock {HTML} at (0,0) size 800x600
    RenderBody {BODY} at (8,8) size 784x584
      RenderBlock {P} at (0,0) size 784x20
        RenderText {#text} at (0,0) size 274x20
          text run at (0,0) width 274: "The look of the controls should not change."
      RenderBlock {DIV} at (0,36) size 784x240 [color=#0000FF]
        RenderText {#text} at (0,0) size 0x0
      RenderBlock (anonymous) at (0,276) size 784x240
        RenderText {#text} at (0,0) size 0x0
        RenderText {#text} at (0,0) size 0x0
        RenderText {#text} at (0,0) size 0x0
layer at (18,44) size 320x240
  RenderVideo {VIDEO} at (10,0) size 320x240
layer at (8,284) size 320x240
  RenderVideo {VIDEO} at (0,0) size 320x240
layer at (18,44) size 320x240
  RenderBlock (relative positioned) {DIV} at (0,0) size 320x240
layer at (18,264) size 320x20
  RenderFlexibleBox (positioned) {DIV} at (0,220) size 320x20
    RenderButton {INPUT} at (0,0) size 20x20
    RenderFlexibleBox {DIV} at (20,0) size 240x20
      RenderSlider {INPUT} at (0,0) size 240x20
        RenderBlock {DIV} at (2,4) size 12x12
    RenderButton {INPUT} at (260,0) size 20x20
    RenderButton {INPUT} at (280,0) size 20x20
    RenderButton {INPUT} at (300,0) size 20x20
layer at (8,284) size 320x240
  RenderBlock (relative positioned) {DIV} at (0,0) size 320x240
layer at (8,504) size 320x20
  RenderFlexibleBox (positioned) {DIV} at (0,220) size 320x20
    RenderButton {INPUT} at (0,0) size 20x20
    RenderFlexibleBox {DIV} at (20,0) size 240x20
      RenderSlider {INPUT} at (0,0) size 240x20
        RenderBlock {DIV} at (2,4) size 12x12
    RenderButton {INPUT} at (260,0) size 20x20
    RenderButton {INPUT} at (280,0) size 20x20
    RenderButton {INPUT} at (300,0) size 20x20
