layer at (0,0) size 800x2078
  RenderView at (0,0) size 800x600
layer at (0,0) size 800x2078
  RenderBlock {HTML} at (0,0) size 800x2078
    RenderBody {BODY} at (8,8) size 784x2062
      RenderBlock {H1} at (0,0) size 784x34
        RenderText {#text} at (0,0) size 158x34
          text run at (0,0) width 158: "Anchor Lock"
      RenderBlock {P} at (0,51) size 784x34
        RenderText {#text} at (0,0) size 754x34
          text run at (0,0) width 754: "This tests WebKit's ability to lock to an anchor and maintain focus on it as images are loaded above and below it. The Anchor text"
          text run at (0,17) width 272: "should be visible and this message should not."
      RenderBlock {P} at (0,98) size 784x200
        RenderImage {IMG} at (0,0) size 200x200
      RenderBlock {P} at (0,311) size 784x200
        RenderImage {IMG} at (0,0) size 200x200
      RenderBlock {P} at (0,524) size 784x200
        RenderImage {IMG} at (0,0) size 200x200
      RenderBlock {P} at (0,737) size 784x200
        RenderImage {IMG} at (0,0) size 200x200
      RenderBlock (anonymous) at (0,950) size 784x17
        RenderInline {A} at (0,0) size 281x17
          RenderText {#text} at (0,0) size 281x17
            text run at (0,0) width 281: "Anchor text - this should be the only visible text."
        RenderText {#text} at (0,0) size 0x0
      RenderBlock {P} at (0,980) size 784x200
        RenderImage {IMG} at (0,0) size 200x200
      RenderBlock {P} at (0,1193) size 784x200
        RenderImage {IMG} at (0,0) size 200x200
      RenderBlock {P} at (0,1406) size 784x200
        RenderImage {IMG} at (0,0) size 200x200
      RenderBlock {P} at (0,1619) size 784x200
        RenderImage {IMG} at (0,0) size 200x200
      RenderBlock {P} at (0,1832) size 784x200
        RenderImage {IMG} at (0,0) size 200x200
      RenderBlock (anonymous) at (0,2045) size 784x17
        RenderText {#text} at (0,0) size 53x17
          text run at (0,0) width 53: "#anchor1"
        RenderText {#text} at (0,0) size 0x0
        RenderText {#text} at (0,0) size 0x0
