layer at (0,0) size 800x600
  RenderView at (0,0) size 800x600
layer at (0,0) size 800x268
  RenderBlock {HTML} at (0,0) size 800x268
    RenderBody {BODY} at (8,8) size 784x252
      RenderBlock (anonymous) at (0,0) size 784x159
        RenderEmbeddedObject {OBJECT} at (0,0) size 249x154
        RenderText {#text} at (249,140) size 4x19
          text run at (249,140) width 4: " "
        RenderBR {BR} at (0,0) size 0x0
      RenderBlock {H1} at (0,177) size 784x38 [bgcolor=#FF0000]
        RenderText {#text} at (0,0) size 162x38
          text run at (0,0) width 162: "Measure Me"
      RenderBlock {DIV} at (0,233) size 784x19
        RenderText {#text} at (0,0) size 162x19
          text run at (0,0) width 162: "The resulting width is 784"
