layer at (0,0) size 800x600
  RenderView at (0,0) size 800x600
layer at (0,0) size 800x600
  RenderBlock {HTML} at (0,0) size 800x600
    RenderBody {BODY} at (8,8) size 784x584
      RenderBlock (anonymous) at (0,0) size 784x18
        RenderText {#text} at (0,0) size 362x18
          text run at (0,0) width 362: "Note that background and font are both buggy right now!"
      RenderBlock {DIV} at (24,42) size 736x28 [color=#FFFFFF] [bgcolor=#800080]
        RenderText {#text} at (0,0) size 50x28
          text run at (0,0) width 50: "Test"
      RenderBlock (anonymous) at (0,94) size 784x252
        RenderText {#text} at (0,0) size 388x18
          text run at (0,0) width 388: "background-image: initial (original property was background)"
        RenderBR {BR} at (388,14) size 0x0
        RenderText {#text} at (0,18) size 388x18
          text run at (0,18) width 388: "background-repeat: initial (original property was background)"
        RenderBR {BR} at (388,32) size 0x0
        RenderText {#text} at (0,36) size 418x18
          text run at (0,36) width 418: "background-attachment: initial (original property was background)"
        RenderBR {BR} at (418,50) size 0x0
        RenderText {#text} at (0,54) size 413x18
          text run at (0,54) width 413: "background-position-x: initial (original property was background)"
        RenderBR {BR} at (413,68) size 0x0
        RenderText {#text} at (0,72) size 413x18
          text run at (0,72) width 413: "background-position-y: initial (original property was background)"
        RenderBR {BR} at (413,86) size 0x0
        RenderText {#text} at (0,90) size 387x18
          text run at (0,90) width 387: "background-origin: initial (original property was background)"
        RenderBR {BR} at (387,104) size 0x0
        RenderText {#text} at (0,108) size 373x18
          text run at (0,108) width 373: "background-clip: initial (original property was background)"
        RenderBR {BR} at (373,122) size 0x0
        RenderText {#text} at (0,126) size 387x18
          text run at (0,126) width 387: "background-color: purple (original property was background)"
        RenderBR {BR} at (387,140) size 0x0
        RenderText {#text} at (0,144) size 300x18
          text run at (0,144) width 300: "margin-top: 1em (original property was margin)"
        RenderBR {BR} at (300,158) size 0x0
        RenderText {#text} at (0,162) size 510x18
          text run at (0,162) width 510: "margin-right: 1em (original property was margin and property was implicitly set.)"
        RenderBR {BR} at (510,176) size 0x0
        RenderText {#text} at (0,180) size 525x18
          text run at (0,180) width 525: "margin-bottom: 1em (original property was margin and property was implicitly set.)"
        RenderBR {BR} at (525,194) size 0x0
        RenderText {#text} at (0,198) size 501x18
          text run at (0,198) width 501: "margin-left: 1em (original property was margin and property was implicitly set.)"
        RenderBR {BR} at (501,212) size 0x0
        RenderText {#text} at (0,216) size 75x18
          text run at (0,216) width 75: "color: white"
        RenderBR {BR} at (75,230) size 0x0
        RenderText {#text} at (0,234) size 362x18
          text run at (0,234) width 362: "font: normal normal normal 24px/normal 'Lucida Grande'"
        RenderBR {BR} at (362,248) size 0x0
