layer at (0,0) size 800x600
  RenderView at (0,0) size 800x600
layer at (0,0) size 800x600
  RenderBlock {HTML} at (0,0) size 800x600
    RenderBody {BODY} at (8,8) size 784x584 [bgcolor=#CCCCCC]
      RenderBlock {P} at (0,0) size 784x17
        RenderText {#text} at (0,0) size 326x17
          text run at (0,0) width 326: "The style declarations which apply to the text below are:"
      RenderBlock {PRE} at (0,30) size 784x34
        RenderText {#text} at (0,0) size 182x34
          text run at (0,0) width 182: ".one, .two, .three {color: green;}"
          text run at (182,0) width 0: " "
          text run at (0,17) width 0: " "
      RenderBlock {HR} at (0,77) size 784x2 [border: (1px inset #000000)]
      RenderBlock {P} at (0,92) size 784x17 [color=#008000]
        RenderText {#text} at (0,0) size 182x17
          text run at (0,0) width 182: "This sentence should be green."
      RenderBlock {P} at (0,122) size 784x17 [color=#008000]
        RenderText {#text} at (0,0) size 182x17
          text run at (0,0) width 182: "This sentence should be green."
      RenderBlock {P} at (0,152) size 784x17 [color=#008000]
        RenderText {#text} at (0,0) size 182x17
          text run at (0,0) width 182: "This sentence should be green."
      RenderTable {TABLE} at (0,182) size 204x113 [border: (1px outset #808080)]
        RenderTableSection {TBODY} at (1,1) size 202x111
          RenderTableRow {TR} at (0,0) size 202x26
            RenderTableCell {TD} at (0,0) size 202x26 [bgcolor=#C0C0C0] [border: (1px inset #808080)] [r=0 c=0 rs=1 cs=2]
              RenderInline {STRONG} at (0,0) size 144x17
                RenderText {#text} at (4,4) size 144x17
                  text run at (4,4) width 144: "TABLE Testing Section"
          RenderTableRow {TR} at (0,26) size 202x85
            RenderTableCell {TD} at (0,56) size 12x25 [bgcolor=#C0C0C0] [border: (1px inset #808080)] [r=1 c=0 rs=1 cs=1]
              RenderText {#text} at (4,4) size 4x17
                text run at (4,4) width 4: " "
            RenderTableCell {TD} at (12,26) size 190x85 [border: (1px inset #808080)] [r=1 c=1 rs=1 cs=1]
              RenderBlock {P} at (4,4) size 182x17 [color=#008000]
                RenderText {#text} at (0,0) size 182x17
                  text run at (0,0) width 182: "This sentence should be green."
              RenderBlock {P} at (4,34) size 182x17 [color=#008000]
                RenderText {#text} at (0,0) size 182x17
                  text run at (0,0) width 182: "This sentence should be green."
              RenderBlock {P} at (4,64) size 182x17 [color=#008000]
                RenderText {#text} at (0,0) size 182x17
                  text run at (0,0) width 182: "This sentence should be green."
