layer at (0,0) size 800x3753
  RenderView at (0,0) size 800x600
layer at (0,0) size 800x3753
  RenderBlock {HTML} at (0,0) size 800x3753
    RenderBody {BODY} at (8,8) size 784x3737 [bgcolor=#CCCCCC]
      RenderBlock {P} at (0,0) size 784x16
        RenderText {#text} at (0,0) size 302x16
          text run at (0,0) width 302: "The style declarations which apply to the text below are:"
      RenderBlock {PRE} at (0,28) size 784x192
        RenderText {#text} at (0,0) size 316x192
          text run at (0,0) width 127: "BODY {font-size: 12px;}"
          text run at (127,0) width 0: " "
          text run at (0,16) width 232: ".one {font: italic small-caps 13pt Helvetica;}"
          text run at (232,16) width 0: " "
          text run at (0,32) width 155: ".two {font: 150%/150% serif;}"
          text run at (155,32) width 0: " "
          text run at (0,48) width 194: ".three {font: 150%/150% sans-serif;}"
          text run at (194,48) width 0: " "
          text run at (0,64) width 170: ".four {font: small/200% cursive;}"
          text run at (170,64) width 0: " "
          text run at (0,80) width 299: ".five {font: italic small-caps 900 150%/150% sans-serif;}"
          text run at (299,80) width 0: " "
          text run at (0,96) width 295: ".six {font: italic small-caps 100 150%/300% sans-serif;}"
          text run at (295,96) width 0: " "
          text run at (0,112) width 316: ".seven {font: italic small-caps 900 150%/2em monospace;}"
          text run at (316,112) width 0: " "
          text run at (0,128) width 292: ".eight {font: italic small-caps 500 150%/1in sans-serif;}"
          text run at (292,128) width 0: " "
          text run at (0,144) width 294: ".nine {font: oblique normal 700 18px/200% sans-serif;}"
          text run at (294,144) width 0: " "
          text run at (0,160) width 226: ".ten {font: normal 400 80%/2.5 sans-serif;}"
          text run at (226,160) width 0: " "
          text run at (0,176) width 208: "SPAN.color {background-color: silver;}"
          text run at (208,176) width 0: " "
      RenderBlock {HR} at (0,232) size 784x2 [border: (1px inset #000000)]
      RenderBlock {P} at (0,246) size 784x32
        RenderText {#text} at (0,0) size 759x32
          text run at (0,0) width 474: "This element is unstyled, and should inherit a font-size of 12px from the BODY element. "
          text run at (474,0) width 285: "This is the \"base font size\" referred to in the following"
          text run at (0,16) width 28: "tests."
      RenderBlock {P} at (0,295) size 784x22
        RenderText {#text} at (0,0) size 497x22
          text run at (0,0) width 497: "This element should be 13pt. Helvetica which is in small-cap italics."
      RenderBlock {P} at (0,335) size 784x81
        RenderText {#text} at (0,1) size 778x78
          text run at (0,1) width 304: "This element should be in a serif font. "
          text run at (304,1) width 474: "Its font-size should be 150% the base font size, and its line-"
          text run at (0,28) width 511: "height should 150% of that value (18px and 27px, respectively). "
          text run at (511,28) width 222: "Extra text is included for the"
          text run at (0,55) width 321: "purposes of testing this more effectively."
      RenderBlock {P} at (0,434) size 784x81
        RenderText {#text} at (0,1) size 783x78
          text run at (0,1) width 348: "This element should be in a sans-serif font. "
          text run at (348,1) width 435: "Its font-size should be 150% the base font size, and its"
          text run at (0,28) width 545: "line-height should 150% of that value (18px and 27px, respectively). "
          text run at (545,28) width 222: "Extra text is included for the"
          text run at (0,55) width 321: "purposes of testing this more effectively."
      RenderBlock {P} at (0,533) size 784x40
        RenderText {#text} at (0,3) size 687x13
          text run at (0,3) width 528: "This element should be in a cursive font, 'small' in size, with a line-height 200% the height of the text's actual size. "
          text run at (528,3) width 159: "For example, if the font-size value "
        RenderInline {CODE} at (0,0) size 23x13
          RenderText {#text} at (687,3) size 23x13
            text run at (687,3) width 23: "small"
        RenderText {#text} at (710,3) size 782x33
          text run at (710,3) width 72: " is calculated at"
          text run at (0,23) width 200: "10px, then the line-height should be 20px. "
          text run at (200,23) width 236: "The actual value of the font-size is UA-dependent. "
          text run at (436,23) width 318: "Extra text is included for the purposes of testing this more effectively."
      RenderBlock {P} at (0,591) size 784x108
        RenderText {#text} at (0,1) size 750x105
          text run at (0,1) width 728: "This element should be in a sans-serif font, italicized and small caps, with a weight of 900. "
          text run at (728,1) width 22: "Its"
          text run at (0,28) width 748: "font-size should be 150% the base font size, and its line-height should be 150% of that value"
          text run at (0,55) width 246: "(18px and 27px, respectively). "
          text run at (246,55) width 480: "Extra text is included for the purposes of testing this more"
          text run at (0,82) width 95: "effectively."
      RenderBlock {P} at (0,717) size 784x216
        RenderText {#text} at (0,15) size 745x186
          text run at (0,15) width 723: "This element should be in a sans-serif font, italicized and small caps, with a weight of 100. "
          text run at (723,15) width 22: "Its"
          text run at (0,69) width 744: "font-size should be 150% the base font size, and its line-height should be 300% of that value"
          text run at (0,123) width 245: "(18px and 54px, respectively). "
          text run at (245,123) width 479: "Extra text is included for the purposes of testing this more"
          text run at (0,177) width 94: "effectively."
      RenderBlock {P} at (0,951) size 784x144
        RenderText {#text} at (0,6) size 754x132
          text run at (0,6) width 732: "This element should be in a monospace font, italicized and small caps, with a weight of 900. "
          text run at (732,6) width 22: "Its"
          text run at (0,42) width 728: "font-size should be 150% the base font size, and its line-height should be 2em, or twice the"
          text run at (0,78) width 402: "element's font size (18px and 36px, respectively). "
          text run at (402,78) width 339: "Extra text is included for the purposes of"
          text run at (0,114) width 236: "testing this more effectively."
      RenderBlock {P} at (0,1113) size 784x288
        RenderText {#text} at (0,36) size 779x216
          text run at (0,36) width 723: "This element should be in a sans-serif font, italicized and small caps, with a weight of 500. "
          text run at (723,36) width 22: "Its"
          text run at (0,132) width 693: "font-size should be 150% the base font size, or 18px, and its line-height should be 1in. "
          text run at (693,132) width 86: "Extra text"
          text run at (0,228) width 487: "is included for the purposes of testing this more effectively."
      RenderBlock {P} at (0,1419) size 784x108
        RenderText {#text} at (0,6) size 774x96
          text run at (0,6) width 752: "This element should be in a sans-serif font, oblique and not small-caps, with a weight of"
          text run at (0,42) width 40: "700. "
          text run at (40,42) width 665: "Its font-size should be 18 pixels, and its line-height should be 36px (200% this"
          text run at (0,78) width 176: "element's font size). "
          text run at (176,78) width 598: "Extra text is included for the purposes of testing this more effectively."
      RenderBlock {P} at (0,1545) size 784x50
        RenderText {#text} at (0,6) size 781x38
          text run at (0,6) width 301: "This element should be in a sans-serif font, with a weight of 400. "
          text run at (301,6) width 456: "Its font-size should be 80% of 12px, or 9.6px, and its line-height shoud be 2.5 times that, or 24px. "
          text run at (757,6) width 24: "Extra"
          text run at (0,31) width 291: "text is included for the purposes of testing this more effectively."
      RenderBlock {P} at (0,1613) size 784x270
        RenderInline {SPAN} at (0,0) size 761x240 [bgcolor=#C0C0C0]
          RenderText {#text} at (0,15) size 761x240
            text run at (0,15) width 723: "This element should be in a sans-serif font, italicized and small caps, with a weight of 100. "
            text run at (723,15) width 22: "Its"
            text run at (0,69) width 744: "font-size should be 150% the base font size, and its line-height should be 300% of that value"
            text run at (0,123) width 761: "(18px and 54px, respectively). The text should have a silver background. The background color"
            text run at (0,177) width 737: "has been set on an inline element and should therefore only cover the text, not the interline"
            text run at (0,231) width 64: "spacing."
        RenderText {#text} at (0,0) size 0x0
      RenderTable {TABLE} at (0,1901) size 784x1836 [border: (1px outset #808080)]
        RenderTableSection {TBODY} at (1,1) size 782x1834
          RenderTableRow {TR} at (0,0) size 782x26
            RenderTableCell {TD} at (0,0) size 782x26 [bgcolor=#C0C0C0] [border: (1px inset #808080)] [r=0 c=0 rs=1 cs=2]
              RenderInline {STRONG} at (0,0) size 144x17
                RenderText {#text} at (4,4) size 144x17
                  text run at (4,4) width 144: "TABLE Testing Section"
          RenderTableRow {TR} at (0,26) size 782x1808
            RenderTableCell {TD} at (0,917) size 12x25 [bgcolor=#C0C0C0] [border: (1px inset #808080)] [r=1 c=0 rs=1 cs=1]
              RenderText {#text} at (4,4) size 4x17
                text run at (4,4) width 4: " "
            RenderTableCell {TD} at (12,26) size 770x1808 [border: (1px inset #808080)] [r=1 c=1 rs=1 cs=1]
              RenderBlock {P} at (4,4) size 762x34
                RenderText {#text} at (0,0) size 749x34
                  text run at (0,0) width 515: "This element is unstyled, and should inherit a font-size of 12px from the BODY element. "
                  text run at (515,0) width 234: "This is the \"base font size\" referred to in"
                  text run at (0,17) width 109: "the following tests."
              RenderBlock {P} at (4,55) size 762x22
                RenderText {#text} at (0,0) size 497x22
                  text run at (0,0) width 497: "This element should be 13pt. Helvetica which is in small-cap italics."
              RenderBlock {P} at (4,96) size 762x90
                RenderText {#text} at (0,2) size 716x86
                  text run at (0,2) width 340: "This element should be in a serif font. "
                  text run at (340,2) width 376: "Its font-size should be 150% the base font"
                  text run at (0,32) width 714: "size, and its line-height should 150% of that value (18px and 27px, respectively)."
                  text run at (0,62) width 615: "Extra text is included for the purposes of testing this more effectively."
              RenderBlock {P} at (4,205) size 762x90
                RenderText {#text} at (0,2) size 754x86
                  text run at (0,2) width 389: "This element should be in a sans-serif font. "
                  text run at (389,2) width 336: "Its font-size should be 150% the base"
                  text run at (0,32) width 754: "font size, and its line-height should 150% of that value (18px and 27px, respectively)."
                  text run at (0,62) width 615: "Extra text is included for the purposes of testing this more effectively."
              RenderBlock {P} at (4,314) size 762x60
                RenderText {#text} at (0,3) size 687x13
                  text run at (0,3) width 528: "This element should be in a cursive font, 'small' in size, with a line-height 200% the height of the text's actual size. "
                  text run at (528,3) width 159: "For example, if the font-size value "
                RenderInline {CODE} at (0,0) size 23x13
                  RenderText {#text} at (687,3) size 23x13
                    text run at (687,3) width 23: "small"
                RenderText {#text} at (710,3) size 738x53
                  text run at (710,3) width 10: " is"
                  text run at (0,23) width 262: "calculated at 10px, then the line-height should be 20px. "
                  text run at (262,23) width 236: "The actual value of the font-size is UA-dependent. "
                  text run at (498,23) width 240: "Extra text is included for the purposes of testing this"
                  text run at (0,43) width 75: "more effectively."
              RenderBlock {P} at (4,393) size 762x120
                RenderText {#text} at (0,1) size 748x117
                  text run at (0,1) width 748: "This element should be in a sans-serif font, italicized and small caps, with a weight of"
                  text run at (0,31) width 45: "900. "
                  text run at (45,31) width 672: "Its font-size should be 150% the base font size, and its line-height should be"
                  text run at (0,61) width 445: "150% of that value (18px and 27px, respectively). "
                  text run at (445,61) width 260: "Extra text is included for the"
                  text run at (0,91) width 362: "purposes of testing this more effectively."
              RenderBlock {P} at (4,532) size 762x240
                RenderText {#text} at (0,17) size 735x206
                  text run at (0,17) width 735: "This element should be in a sans-serif font, italicized and small caps, with a weight of"
                  text run at (0,77) width 45: "100. "
                  text run at (45,77) width 664: "Its font-size should be 150% the base font size, and its line-height should be"
                  text run at (0,137) width 440: "300% of that value (18px and 54px, respectively). "
                  text run at (440,137) width 258: "Extra text is included for the"
                  text run at (0,197) width 361: "purposes of testing this more effectively."
              RenderBlock {P} at (4,791) size 762x156
                RenderText {#text} at (0,6) size 761x144
                  text run at (0,6) width 753: "This element should be in a monospace font, italicized and small caps, with a weight of"
                  text run at (0,45) width 45: "900. "
                  text run at (45,45) width 716: "Its font-size should be 150% the base font size, and its line-height should be 2em,"
                  text run at (0,84) width 546: "or twice the element's font size (18px and 36px, respectively). "
                  text run at (546,84) width 190: "Extra text is included"
                  text run at (0,123) width 432: "for the purposes of testing this more effectively."
              RenderBlock {P} at (4,966) size 762x288
                RenderText {#text} at (0,35) size 750x218
                  text run at (0,35) width 735: "This element should be in a sans-serif font, italicized and small caps, with a weight of"
                  text run at (0,131) width 45: "500. "
                  text run at (45,131) width 655: "Its font-size should be 150% the base font size, or 18px, and its line-height"
                  text run at (0,227) width 125: "should be 1in. "
                  text run at (125,227) width 625: "Extra text is included for the purposes of testing this more effectively."
              RenderBlock {P} at (4,1273) size 762x144
                RenderText {#text} at (0,6) size 752x132
                  text run at (0,6) width 752: "This element should be in a sans-serif font, oblique and not small-caps, with a weight of"
                  text run at (0,42) width 40: "700. "
                  text run at (40,42) width 665: "Its font-size should be 18 pixels, and its line-height should be 36px (200% this"
                  text run at (0,78) width 176: "element's font size). "
                  text run at (176,78) width 500: "Extra text is included for the purposes of testing this more"
                  text run at (0,114) width 93: "effectively."
              RenderBlock {P} at (4,1435) size 762x50
                RenderText {#text} at (0,6) size 754x38
                  text run at (0,6) width 301: "This element should be in a sans-serif font, with a weight of 400. "
                  text run at (301,6) width 453: "Its font-size should be 80% of 12px, or 9.6px, and its line-height shoud be 2.5 times that, or 24px."
                  text run at (0,31) width 318: "Extra text is included for the purposes of testing this more effectively."
              RenderBlock {P} at (4,1504) size 762x300
                RenderInline {SPAN} at (0,0) size 735x266 [bgcolor=#C0C0C0]
                  RenderText {#text} at (0,17) size 735x266
                    text run at (0,17) width 735: "This element should be in a sans-serif font, italicized and small caps, with a weight of"
                    text run at (0,77) width 45: "100. "
                    text run at (45,77) width 664: "Its font-size should be 150% the base font size, and its line-height should be"
                    text run at (0,137) width 690: "300% of that value (18px and 54px, respectively). The text should have a silver"
                    text run at (0,197) width 687: "background. The background color has been set on an inline element and should"
                    text run at (0,257) width 490: "therefore only cover the text, not the interline spacing."
                RenderText {#text} at (0,0) size 0x0
