layer at (0,0) size 800x600
  RenderView at (0,0) size 800x600
layer at (0,0) size 800x600
  RenderBlock {HTML} at (0,0) size 800x600
    RenderBody {BODY} at (8,8) size 784x584 [bgcolor=#CCCCCC]
      RenderBlock {P} at (0,0) size 784x17
        RenderText {#text} at (0,0) size 326x17
          text run at (0,0) width 326: "The style declarations which apply to the text below are:"
      RenderBlock {PRE} at (0,30) size 784x51
        RenderText {#text} at (0,0) size 177x51
          text run at (0,0) width 177: ".one {font-variant: small-caps;}"
          text run at (177,0) width 0: " "
          text run at (0,17) width 152: ".two {font-variant: normal;}"
          text run at (152,17) width 0: " "
          text run at (0,34) width 0: " "
      RenderBlock {HR} at (0,94) size 784x2 [border: (1px inset #000000)]
      RenderBlock {P} at (0,109) size 784x17
        RenderText {#text} at (0,0) size 234x17
          text run at (0,0) width 234: "This Paragraph should be in Small Caps."
      RenderBlock {P} at (0,139) size 784x17
        RenderText {#text} at (0,0) size 504x17
          text run at (0,0) width 504: "This Paragraph should be in Small Caps, but the Last Word in the Sentence should be "
        RenderInline {SPAN} at (0,0) size 41x17
          RenderText {#text} at (504,0) size 41x17
            text run at (504,0) width 41: "Normal"
        RenderText {#text} at (545,0) size 4x17
          text run at (545,0) width 4: "."
      RenderTable {TABLE} at (0,169) size 571x83 [border: (1px outset #808080)]
        RenderTableSection {TBODY} at (1,1) size 569x81
          RenderTableRow {TR} at (0,0) size 569x26
            RenderTableCell {TD} at (0,0) size 569x26 [bgcolor=#C0C0C0] [border: (1px inset #808080)] [r=0 c=0 rs=1 cs=2]
              RenderInline {STRONG} at (0,0) size 144x17
                RenderText {#text} at (4,4) size 144x17
                  text run at (4,4) width 144: "TABLE Testing Section"
          RenderTableRow {TR} at (0,26) size 569x55
            RenderTableCell {TD} at (0,41) size 12x25 [bgcolor=#C0C0C0] [border: (1px inset #808080)] [r=1 c=0 rs=1 cs=1]
              RenderText {#text} at (4,4) size 4x17
                text run at (4,4) width 4: " "
            RenderTableCell {TD} at (12,26) size 557x55 [border: (1px inset #808080)] [r=1 c=1 rs=1 cs=1]
              RenderBlock {P} at (4,4) size 549x17
                RenderText {#text} at (0,0) size 234x17
                  text run at (0,0) width 234: "This Paragraph should be in Small Caps."
              RenderBlock {P} at (4,34) size 549x17
                RenderText {#text} at (0,0) size 504x17
                  text run at (0,0) width 504: "This Paragraph should be in Small Caps, but the Last Word in the Sentence should be "
                RenderInline {SPAN} at (0,0) size 41x17
                  RenderText {#text} at (504,0) size 41x17
                    text run at (504,0) width 41: "Normal"
                RenderText {#text} at (545,0) size 4x17
                  text run at (545,0) width 4: "."
