layer at (0,0) size 784x1153
  RenderView at (0,0) size 784x600
layer at (0,0) size 784x1153
  RenderBlock {HTML} at (0,0) size 784x1153
    RenderBody {BODY} at (8,8) size 768x1137 [bgcolor=#CCCCCC]
      RenderBlock {P} at (0,0) size 768x21
        RenderText {#text} at (0,0) size 395x21
          text run at (0,0) width 395: "The style declarations which apply to the text below are:"
      RenderBlock {PRE} at (0,37) size 768x187
        RenderText {#text} at (0,0) size 155x187
          text run at (0,0) width 136: ".one {font-weight: bold;}"
          text run at (136,0) width 0: " "
          text run at (0,17) width 146: ".two {font-weight: bolder;}"
          text run at (146,17) width 0: " "
          text run at (0,34) width 155: ".three {font-weight: lighter;}"
          text run at (155,34) width 0: " "
          text run at (0,51) width 134: ".four {font-weight: 100;}"
          text run at (134,51) width 0: " "
          text run at (0,68) width 133: ".five {font-weight: 300;}"
          text run at (133,68) width 0: " "
          text run at (0,85) width 129: ".six {font-weight: 500;}"
          text run at (129,85) width 0: " "
          text run at (0,102) width 147: ".seven {font-weight: 700;}"
          text run at (147,102) width 0: " "
          text run at (0,119) width 140: ".eight {font-weight: 900;}"
          text run at (140,119) width 0: " "
          text run at (0,136) width 154: ".nine {font-weight: normal;}"
          text run at (154,136) width 0: " "
          text run at (0,153) width 131: "B {font-weight: lighter;}"
          text run at (131,153) width 0: " "
          text run at (0,170) width 0: " "
      RenderBlock {HR} at (0,237) size 768x2 [border: (1px inset #000000)]
      RenderBlock {P} at (0,255) size 768x22
        RenderText {#text} at (0,0) size 229x21
          text run at (0,0) width 229: "This sentence should be bold."
      RenderBlock {P} at (0,293) size 768x22
        RenderText {#text} at (0,0) size 339x21
          text run at (0,0) width 339: "This sentence should be bolder than normal."
      RenderBlock {H4} at (0,336) size 768x22
        RenderText {#text} at (0,0) size 147x21
          text run at (0,0) width 147: "This is a heading-4."
      RenderBlock {H4} at (0,379) size 768x22
        RenderText {#text} at (0,0) size 200x21
          text run at (0,0) width 200: "This is a bolder heading-4."
      RenderBlock {P} at (0,422) size 768x21
        RenderInline {B} at (0,0) size 398x21
          RenderText {#text} at (0,0) size 398x21
            text run at (0,0) width 398: "This sentence should be normal (boldface made lighter)."
        RenderText {#text} at (0,0) size 0x0
      RenderBlock {P} at (0,459) size 768x21
        RenderText {#text} at (0,0) size 260x21
          text run at (0,0) width 260: "This sentence should be weight 100."
      RenderBlock {P} at (0,496) size 768x21
        RenderText {#text} at (0,0) size 260x21
          text run at (0,0) width 260: "This sentence should be weight 300."
      RenderBlock {P} at (0,533) size 768x21
        RenderText {#text} at (0,0) size 260x21
          text run at (0,0) width 260: "This sentence should be weight 500."
      RenderBlock {P} at (0,570) size 768x22
        RenderText {#text} at (0,0) size 276x21
          text run at (0,0) width 276: "This sentence should be weight 700."
      RenderBlock {P} at (0,608) size 768x22
        RenderText {#text} at (0,0) size 276x21
          text run at (0,0) width 276: "This sentence should be weight 900."
      RenderBlock {P} at (0,646) size 768x22
        RenderText {#text} at (0,0) size 563x21
          text run at (0,0) width 563: "This sentence should be bold, but the last word in the sentence should be "
        RenderInline {SPAN} at (0,0) size 49x21
          RenderText {#text} at (563,0) size 49x21
            text run at (563,0) width 49: "normal"
        RenderText {#text} at (612,0) size 4x21
          text run at (612,0) width 4: "."
      RenderTable {TABLE} at (0,684) size 638x453 [border: (1px outset #808080)]
        RenderTableSection {TBODY} at (1,1) size 636x451
          RenderTableRow {TR} at (0,0) size 636x30
            RenderTableCell {TD} at (0,0) size 636x30 [bgcolor=#C0C0C0] [border: (1px inset #808080)] [r=0 c=0 rs=1 cs=2]
              RenderInline {STRONG} at (0,0) size 178x21
                RenderText {#text} at (4,4) size 178x21
                  text run at (4,4) width 178: "TABLE Testing Section"
          RenderTableRow {TR} at (0,30) size 636x421
            RenderTableCell {TD} at (0,226) size 12x29 [bgcolor=#C0C0C0] [border: (1px inset #808080)] [r=1 c=0 rs=1 cs=1]
              RenderText {#text} at (4,4) size 4x21
                text run at (4,4) width 4: " "
            RenderTableCell {TD} at (12,30) size 624x421 [border: (1px inset #808080)] [r=1 c=1 rs=1 cs=1]
              RenderBlock {P} at (4,4) size 616x22
                RenderText {#text} at (0,0) size 229x21
                  text run at (0,0) width 229: "This sentence should be bold."
              RenderBlock {P} at (4,42) size 616x22
                RenderText {#text} at (0,0) size 339x21
                  text run at (0,0) width 339: "This sentence should be bolder than normal."
              RenderBlock {H4} at (4,85) size 616x22
                RenderText {#text} at (0,0) size 147x21
                  text run at (0,0) width 147: "This is a heading-4."
              RenderBlock {H4} at (4,128) size 616x22
                RenderText {#text} at (0,0) size 200x21
                  text run at (0,0) width 200: "This is a bolder heading-4."
              RenderBlock {P} at (4,171) size 616x21
                RenderInline {B} at (0,0) size 398x21
                  RenderText {#text} at (0,0) size 398x21
                    text run at (0,0) width 398: "This sentence should be normal (boldface made lighter)."
                RenderText {#text} at (0,0) size 0x0
              RenderBlock {P} at (4,208) size 616x21
                RenderText {#text} at (0,0) size 260x21
                  text run at (0,0) width 260: "This sentence should be weight 100."
              RenderBlock {P} at (4,245) size 616x21
                RenderText {#text} at (0,0) size 260x21
                  text run at (0,0) width 260: "This sentence should be weight 300."
              RenderBlock {P} at (4,282) size 616x21
                RenderText {#text} at (0,0) size 260x21
                  text run at (0,0) width 260: "This sentence should be weight 500."
              RenderBlock {P} at (4,319) size 616x22
                RenderText {#text} at (0,0) size 276x21
                  text run at (0,0) width 276: "This sentence should be weight 700."
              RenderBlock {P} at (4,357) size 616x22
                RenderText {#text} at (0,0) size 276x21
                  text run at (0,0) width 276: "This sentence should be weight 900."
              RenderBlock {P} at (4,395) size 616x22
                RenderText {#text} at (0,0) size 563x21
                  text run at (0,0) width 563: "This sentence should be bold, but the last word in the sentence should be "
                RenderInline {SPAN} at (0,0) size 49x21
                  RenderText {#text} at (563,0) size 49x21
                    text run at (563,0) width 49: "normal"
                RenderText {#text} at (612,0) size 4x21
                  text run at (612,0) width 4: "."
