layer at (0,0) size 800x600
  RenderView at (0,0) size 800x600
layer at (0,0) size 800x111
  RenderBlock {HTML} at (0,0) size 800x111
    RenderBody {BODY} at (8,13) size 784x90
      RenderBlock {P} at (0,0) size 784x17
        RenderText {#text} at (0,0) size 295x17
          text run at (0,0) width 295: "There should be a solid vertical bar of green below."
      RenderBlock {DIV} at (0,30) size 784x60 [color=#008000]
        RenderBlock {DIV} at (0,0) size 784x15
          RenderText {#text} at (0,0) size 60x15
            text run at (0,0) width 60: "   X"
        RenderBlock {DIV} at (45,15) size 739x15
          RenderText {#text} at (0,0) size 15x15
            text run at (0,0) width 15: "X"
        RenderBlock {DIV} at (45,30) size 739x15
          RenderText {#text} at (0,0) size 15x15
            text run at (0,0) width 15: "X"
        RenderBlock {DIV} at (45,45) size 739x15
          RenderText {#text} at (0,0) size 15x15
            text run at (0,0) width 15: "X"
