layer at (0,0) size 800x600
  RenderView at (0,0) size 800x600
layer at (0,0) size 800x115
  RenderBlock {HTML} at (0,0) size 800x115
    RenderBody {BODY} at (8,13) size 784x89
      RenderBlock {P} at (0,0) size 784x17
        RenderText {#text} at (0,0) size 269x17
          text run at (0,0) width 269: "The next two paragraphs should look identical:"
      RenderBlock {P} at (0,30) size 136x23 [border: (3px solid #000000)]
        RenderText {#text} at (3,3) size 30x17
          text run at (3,3) width 30: "Test."
      RenderBlock {P} at (0,66) size 136x23 [border: (3px solid #000000)]
        RenderText {#text} at (3,3) size 30x17
          text run at (3,3) width 30: "Test."
