layer at (0,0) size 800x600
  RenderView at (0,0) size 800x600
layer at (0,0) size 800x187
  RenderBlock {HTML} at (0,0) size 800x187
    RenderBody {BODY} at (8,13) size 784x161 [color=#000080]
      RenderBlock {P} at (0,0) size 784x17
        RenderText {#text} at (0,0) size 317x17
          text run at (0,0) width 317: "The next four blocks should look identical, to the pixel."
      RenderBlock {P} at (0,30) size 784x23 [border: (3px solid #000080)]
        RenderText {#text} at (3,3) size 26x17
          text run at (3,3) width 26: "Test"
      RenderBlock {P} at (0,66) size 784x23 [border: (3px solid #000080)]
        RenderText {#text} at (3,3) size 26x17
          text run at (3,3) width 26: "Test"
      RenderBlock {P} at (0,102) size 784x23 [border: (3px solid #000080)]
        RenderText {#text} at (3,3) size 26x17
          text run at (3,3) width 26: "Test"
      RenderBlock {P} at (0,138) size 784x23 [border: (3px solid #000080)]
        RenderText {#text} at (3,3) size 26x17
          text run at (3,3) width 26: "Test"
