layer at (0,0) size 800x600
  RenderView at (0,0) size 800x600
layer at (0,0) size 800x73
  RenderBlock {HTML} at (0,0) size 800x73
    RenderBody {BODY} at (8,13) size 784x47
      RenderBlock {P} at (0,0) size 784x17 [color=#FF0000] [bgcolor=#FFFFFF]
        RenderText {#text} at (0,0) size 125x17
          text run at (0,0) width 125: "This should be green."
      RenderBlock {P} at (0,30) size 784x17 [color=#FF0000] [bgcolor=#FFFFFF]
        RenderText {#text} at (0,0) size 125x17
          text run at (0,0) width 125: "This should be green."
