layer at (0,0) size 800x600
  RenderView at (0,0) size 800x600
layer at (0,0) size 800x133
  RenderBlock {HTML} at (0,0) size 800x133
    RenderBody {BODY} at (8,13) size 784x107 [color=#000080]
      RenderBlock {P} at (0,0) size 784x17
        RenderText {#text} at (0,0) size 291x17
          text run at (0,0) width 291: "These four lines should look identical, to the pixel."
      RenderBlock {P} at (0,30) size 784x17
        RenderText {#text} at (0,0) size 291x17
          text run at (0,0) width 291: "These four lines should look identical, to the pixel."
      RenderBlock {P} at (0,60) size 784x17
        RenderText {#text} at (0,0) size 291x17
          text run at (0,0) width 291: "These four lines should look identical, to the pixel."
      RenderBlock {P} at (0,90) size 784x17
        RenderText {#text} at (0,0) size 291x17
          text run at (0,0) width 291: "These four lines should look identical, to the pixel."
