layer at (0,0) size 800x600
  RenderView at (0,0) size 800x600
layer at (0,0) size 800x176
  RenderBlock {HTML} at (0,0) size 800x176
    RenderBody {BODY} at (8,13) size 784x155
      RenderBlock {P} at (0,0) size 784x17 [color=#000080]
        RenderText {#text} at (0,0) size 290x17
          text run at (0,0) width 290: "There should be two unbroken vertical bars below."
      RenderBlock {P} at (0,30) size 784x34 [color=#000080]
        RenderText {#text} at (0,0) size 723x34
          text run at (0,0) width 370: "Hold up a credit card to your display. The distance between the "
          text run at (370,0) width 353: "two vertical bars should be exactly the length of a credit card"
          text run at (0,17) width 66: "(85.60mm)."
      RenderBlock {DIV} at (0,77) size 784x78 [border: (3px solid #000000)]
        RenderBlock {DIV} at (326,0) size 458x13 [border: (3px solid #000000)]
        RenderBlock {DIV} at (326,13) size 458x13 [border: (3px solid #000000)]
        RenderBlock {DIV} at (326,26) size 458x13 [border: (3px solid #000000)]
        RenderBlock {DIV} at (326,39) size 458x13 [border: (3px solid #000000)]
        RenderBlock {DIV} at (326,52) size 458x13 [border: (3px solid #000000)]
        RenderBlock {DIV} at (326,65) size 458x13 [border: (3px solid #000000)]
