layer at (0,0) size 800x600
  RenderView at (0,0) size 800x600
layer at (0,0) size 800x283
  RenderBlock {HTML} at (0,0) size 800x283
    RenderBody {BODY} at (8,13) size 784x257
      RenderBlock {P} at (0,0) size 784x17 [color=#008000]
        RenderText {#text} at (0,0) size 149x17
          text run at (0,0) width 149: "This line should be green."
      RenderBlock {P} at (0,30) size 784x17 [color=#008000]
        RenderText {#text} at (0,0) size 149x17
          text run at (0,0) width 149: "This line should be green."
      RenderBlock {DIV} at (0,60) size 784x17 [color=#008000] [bgcolor=#FFFFFF]
        RenderBlock {P} at (0,0) size 784x17
          RenderText {#text} at (0,0) size 149x17
            text run at (0,0) width 149: "This line should be green."
      RenderBlock {P} at (0,90) size 784x17 [color=#008000]
        RenderText {#text} at (0,0) size 149x17
          text run at (0,0) width 149: "This line should be green."
      RenderBlock {P} at (0,120) size 784x17 [color=#008000]
        RenderText {#text} at (0,0) size 149x17
          text run at (0,0) width 149: "This line should be green."
      RenderBlock {P} at (0,150) size 784x17 [color=#008000]
        RenderText {#text} at (0,0) size 149x17
          text run at (0,0) width 149: "This line should be green."
      RenderBlock {P} at (0,180) size 784x17 [color=#008000]
        RenderText {#text} at (0,0) size 149x17
          text run at (0,0) width 149: "This line should be green."
      RenderBlock {P} at (0,210) size 784x17 [color=#008000]
        RenderText {#text} at (0,0) size 149x17
          text run at (0,0) width 149: "This line should be green."
      RenderBlock {P} at (0,240) size 784x17 [color=#008000]
        RenderText {#text} at (0,0) size 149x17
          text run at (0,0) width 149: "This line should be green."
