layer at (0,0) size 800x600
  RenderView at (0,0) size 800x600
layer at (0,0) size 800x493
  RenderBlock {HTML} at (0,0) size 800x493
    RenderBody {BODY} at (8,13) size 784x467 [color=#008000]
      RenderBlock {P} at (0,0) size 784x17
        RenderText {#text} at (0,0) size 149x17
          text run at (0,0) width 149: "This line should be green."
      RenderBlock {P} at (0,30) size 784x17
        RenderText {#text} at (0,0) size 149x17
          text run at (0,0) width 149: "This line should be green."
      RenderBlock {P} at (0,60) size 784x17
        RenderText {#text} at (0,0) size 149x17
          text run at (0,0) width 149: "This line should be green."
      RenderBlock {P} at (0,90) size 784x17
        RenderText {#text} at (0,0) size 149x17
          text run at (0,0) width 149: "This line should be green."
      RenderBlock {OL} at (0,120) size 784x17
        RenderListItem {LI} at (40,0) size 744x17
          RenderListMarker at (-19,0) size 15x17: "1"
          RenderText {#text} at (0,0) size 149x17
            text run at (0,0) width 149: "This line should be green."
      RenderBlock {P} at (0,150) size 784x17
        RenderText {#text} at (0,0) size 149x17
          text run at (0,0) width 149: "This line should be green."
      RenderBlock {UL} at (0,180) size 784x17
        RenderListItem {LI} at (40,0) size 744x17
          RenderListMarker at (-16,0) size 6x17: bullet
          RenderText {#text} at (0,0) size 149x17
            text run at (0,0) width 149: "This line should be green."
      RenderBlock {BLOCKQUOTE} at (40,210) size 704x17
        RenderBlock {P} at (0,0) size 704x17
          RenderText {#text} at (0,0) size 149x17
            text run at (0,0) width 149: "This line should be green."
      RenderBlock {P} at (0,240) size 784x17
        RenderInline {ACRONYM} at (0,0) size 149x17
          RenderText {#text} at (0,0) size 149x17
            text run at (0,0) width 149: "This line should be green."
        RenderText {#text} at (0,0) size 0x0
      RenderBlock {ADDRESS} at (0,270) size 784x17
        RenderText {#text} at (0,0) size 149x17
          text run at (0,0) width 149: "This line should be green."
      RenderBlock {P} at (0,300) size 784x17
        RenderInline {SPAN} at (0,0) size 149x17
          RenderText {#text} at (0,0) size 149x17
            text run at (0,0) width 149: "This line should be green."
        RenderText {#text} at (0,0) size 0x0
      RenderBlock {P} at (0,330) size 784x17
        RenderText {#text} at (0,0) size 149x17
          text run at (0,0) width 149: "This line should be green."
      RenderBlock {P} at (0,360) size 784x17
        RenderText {#text} at (0,0) size 149x17
          text run at (0,0) width 149: "This line should be green."
      RenderBlock {P} at (0,390) size 784x17
        RenderText {#text} at (0,0) size 149x17
          text run at (0,0) width 149: "This line should be green."
      RenderBlock {P} at (0,420) size 784x17
        RenderText {#text} at (48,0) size 149x17
          text run at (48,0) width 149: "This line should be green."
      RenderBlock {P} at (0,450) size 784x17
        RenderText {#text} at (0,0) size 149x17
          text run at (0,0) width 149: "This line should be green."
