layer at (0,0) size 800x600
  RenderView at (0,0) size 800x600
layer at (0,0) size 800x85
  RenderBlock {HTML} at (0,0) size 800x85
    RenderBody {BODY} at (8,13) size 784x64
      RenderBlock {P} at (0,0) size 784x17
        RenderText {#text} at (0,0) size 263x17
          text run at (0,0) width 263: "The following two lines should look the same:"
      RenderBlock {DIV} at (0,30) size 784x17
        RenderInline {SPAN} at (0,0) size 30x17
          RenderInline (generated) at (0,0) size 30x17
            RenderCounter at (0,0) size 18x17
              text run at (0,0) width 18: "1.1"
            RenderText at (18,0) size 12x17
              text run at (18,0) width 12: " - "
        RenderInline {SPAN} at (0,0) size 26x17
          RenderInline (generated) at (0,0) size 26x17
            RenderCounter at (30,0) size 14x17
              text run at (30,0) width 14: "12"
            RenderText at (44,0) size 12x17
              text run at (44,0) width 12: " - "
        RenderInline {SPAN} at (0,0) size 80x17
          RenderInline (generated) at (0,0) size 80x17
            RenderCounter at (56,0) size 18x17
              text run at (56,0) width 18: "1.3"
            RenderText at (74,0) size 20x17
              text run at (74,0) width 12: "-- "
              text run at (86,0) width 8: "--"
            RenderCounter at (94,0) size 42x17
              text run at (94,0) width 42: "1-------3"
      RenderBlock {DIV} at (0,47) size 784x17
        RenderText {#text} at (0,0) size 136x17
          text run at (0,0) width 86: "1.1 - 12 - 1.3-- "
          text run at (86,0) width 50: "--1-------3"
