layer at (0,0) size 800x600
  RenderView at (0,0) size 800x600
layer at (0,0) size 800x187
  RenderBlock {HTML} at (0,0) size 800x187
    RenderBody {BODY} at (8,13) size 784x166
      RenderBlock {P} at (0,0) size 784x17 [color=#000080]
        RenderText {#text} at (0,0) size 691x17
          text run at (0,0) width 691: "There should be eight numbered lines below, all identical except for the numbering, which should match the description."
      RenderListItem {DIV} at (0,30) size 784x17 [color=#000080]
        RenderListMarker at (0,0) size 15x17: "1"
        RenderText {#text} at (15,0) size 142x17
          text run at (15,0) width 142: " This should be line one."
      RenderBlock {DIV} at (0,47) size 784x17 [color=#000080]
        RenderText {#text} at (0,0) size 152x17
          text run at (0,0) width 152: "2. This should be line two."
      RenderBlock (anonymous) at (0,64) size 784x17
        RenderInline {DIV} at (0,0) size 86x17 [color=#000080]
          RenderText {#text} at (0,0) size 86x17
            text run at (0,0) width 86: "3. This should "
        RenderText {#text} at (0,0) size 0x0
        RenderInline {DIV} at (0,0) size 75x17 [color=#000080]
          RenderText {#text} at (86,0) size 75x17
            text run at (86,0) width 75: "be line three."
        RenderText {#text} at (0,0) size 0x0
      RenderBlock {DIV} at (0,81) size 784x17 [color=#000080]
        RenderText {#text} at (0,0) size 154x17
          text run at (0,0) width 154: "4. This should be line four."
      RenderBlock {DIV} at (0,98) size 784x17 [color=#000080]
        RenderText {#text} at (0,0) size 153x17
          text run at (0,0) width 153: "5. This should be line five."
        RenderText {#text} at (0,0) size 0x0
      RenderBlock {DIV} at (0,115) size 784x51 [color=#000080]
        RenderBlock (anonymous) at (0,0) size 784x17
          RenderText {#text} at (0,0) size 149x17
            text run at (0,0) width 149: "6. This should be line six."
        RenderBlock {A} at (0,17) size 784x17
          RenderText {#text} at (0,0) size 167x17
            text run at (0,0) width 167: "7. This should be line seven."
        RenderBlock (anonymous) at (0,34) size 784x17
          RenderText {#text} at (0,0) size 160x17
            text run at (0,0) width 160: "8. This should be line eight."
