layer at (0,0) size 800x600
  RenderView at (0,0) size 800x600
layer at (0,0) size 800x109
  RenderBlock {HTML} at (0,0) size 800x109
    RenderBody {BODY} at (8,8) size 784x93
      RenderBlock {UL} at (0,0) size 784x93 [color=#FF0000]
        RenderListItem {LI} at (39,39) size 706x15
          RenderListMarker at (-22,0) size 15x15
          RenderImage {IMG} at (15,0) size 15x15
          RenderText {#text} at (30,2) size 4x17
            text run at (30,2) width 4: " "
          RenderInline {SPAN} at (0,0) size 323x17 [color=#000000]
            RenderText {#text} at (34,2) size 323x17
              text run at (34,2) width 323: "\x{21E6} There should be a green square to the left, and no red."
