layer at (0,0) size 800x600
  RenderView at (0,0) size 800x600
layer at (0,0) size 800x85
  RenderBlock {HTML} at (0,0) size 800x85
    RenderBody {BODY} at (8,13) size 784x64
      RenderBlock {P} at (0,0) size 784x17
        RenderText {#text} at (0,0) size 263x17
          text run at (0,0) width 263: "The following two lines should look the same:"
      RenderBlock {DIV} at (0,30) size 784x17
        RenderInline {SPAN} at (0,0) size 22x17
          RenderInline (generated) at (0,0) size 22x17
            RenderCounter at (0,0) size 22x17
              text run at (0,0) width 22: "A.A"
        RenderText {#text} at (22,0) size 4x17
          text run at (22,0) width 4: " "
        RenderInline {SPAN} at (0,0) size 22x17
          RenderInline (generated) at (0,0) size 22x17
            RenderCounter at (26,0) size 22x17
              text run at (26,0) width 22: "A.B"
        RenderText {#text} at (48,0) size 4x17
          text run at (48,0) width 4: " "
        RenderInline {SPAN} at (0,0) size 22x17
          RenderInline (generated) at (0,0) size 22x17
            RenderCounter at (52,0) size 22x17
              text run at (52,0) width 22: "A.C"
        RenderText {#text} at (74,0) size 4x17
          text run at (74,0) width 4: " "
        RenderInline {SPAN} at (0,0) size 22x17
          RenderInline (generated) at (0,0) size 22x17
            RenderCounter at (78,0) size 22x17
              text run at (78,0) width 22: "A.D"
        RenderText {#text} at (100,0) size 4x17
          text run at (100,0) width 4: " "
        RenderInline {SPAN} at (0,0) size 22x17
          RenderInline (generated) at (0,0) size 22x17
            RenderCounter at (104,0) size 22x17
              text run at (104,0) width 22: "A.E"
        RenderText {#text} at (126,0) size 4x17
          text run at (126,0) width 4: " "
        RenderInline {SPAN} at (0,0) size 21x17
          RenderInline (generated) at (0,0) size 21x17
            RenderCounter at (130,0) size 21x17
              text run at (130,0) width 21: "A.F"
        RenderText {#text} at (151,0) size 4x17
          text run at (151,0) width 4: " "
        RenderInline {SPAN} at (0,0) size 23x17
          RenderInline (generated) at (0,0) size 23x17
            RenderCounter at (155,0) size 23x17
              text run at (155,0) width 23: "A.G"
        RenderText {#text} at (178,0) size 4x17
          text run at (178,0) width 4: " "
        RenderInline {SPAN} at (0,0) size 22x17
          RenderInline (generated) at (0,0) size 22x17
            RenderCounter at (182,0) size 22x17
              text run at (182,0) width 22: "A.H"
        RenderText {#text} at (204,0) size 4x17
          text run at (204,0) width 4: " "
        RenderInline {SPAN} at (0,0) size 17x17
          RenderInline (generated) at (0,0) size 17x17
            RenderCounter at (208,0) size 17x17
              text run at (208,0) width 17: "A.I"
        RenderText {#text} at (225,0) size 4x17
          text run at (225,0) width 4: " "
        RenderInline {SPAN} at (0,0) size 20x17
          RenderInline (generated) at (0,0) size 20x17
            RenderCounter at (229,0) size 20x17
              text run at (229,0) width 20: "A.J"
        RenderText {#text} at (249,0) size 4x17
          text run at (249,0) width 4: " "
        RenderInline {SPAN} at (0,0) size 22x17
          RenderInline (generated) at (0,0) size 22x17
            RenderCounter at (253,0) size 22x17
              text run at (253,0) width 22: "A.K"
        RenderText {#text} at (275,0) size 4x17
          text run at (275,0) width 4: " "
        RenderInline {SPAN} at (0,0) size 20x17
          RenderInline (generated) at (0,0) size 20x17
            RenderCounter at (279,0) size 20x17
              text run at (279,0) width 20: "A.L"
        RenderText {#text} at (0,0) size 0x0
      RenderBlock {DIV} at (0,47) size 784x17
        RenderText {#text} at (0,0) size 299x17
          text run at (0,0) width 26: "A.A "
          text run at (26,0) width 26: "A.B "
          text run at (52,0) width 26: "A.C "
          text run at (78,0) width 26: "A.D "
          text run at (104,0) width 26: "A.E "
          text run at (130,0) width 25: "A.F "
          text run at (155,0) width 27: "A.G "
          text run at (182,0) width 26: "A.H "
          text run at (208,0) width 21: "A.I "
          text run at (229,0) width 24: "A.J "
          text run at (253,0) width 26: "A.K "
          text run at (279,0) width 20: "A.L"
