layer at (0,0) size 800x600
  RenderView at (0,0) size 800x600
layer at (0,0) size 800x85
  RenderBlock {HTML} at (0,0) size 800x85
    RenderBody {BODY} at (8,13) size 784x64
      RenderBlock {P} at (0,0) size 784x17
        RenderText {#text} at (0,0) size 205x17
          text run at (0,0) width 205: "The following two lines should look "
        RenderInline {EM} at (0,0) size 81x17
          RenderText {#text} at (205,0) size 81x17
            text run at (205,0) width 81: "approximately"
        RenderText {#text} at (286,0) size 62x17
          text run at (286,0) width 62: " the same:"
      RenderBlock {DIV} at (0,30) size 784x17
        RenderInline {SPAN} at (0,0) size 14x17
          RenderInline (generated) at (0,0) size 14x17
            RenderCounter at (0,0) size 14x17
              text run at (0,0) width 14: "\x{2022}.\x{2022}"
        RenderText {#text} at (14,0) size 4x17
          text run at (14,0) width 4: " "
        RenderInline {SPAN} at (0,0) size 14x17
          RenderInline (generated) at (0,0) size 14x17
            RenderCounter at (18,0) size 14x17
              text run at (18,0) width 14: "\x{2022}.\x{2022}"
        RenderText {#text} at (32,0) size 4x17
          text run at (32,0) width 4: " "
        RenderInline {SPAN} at (0,0) size 14x17
          RenderInline (generated) at (0,0) size 14x17
            RenderCounter at (36,0) size 14x17
              text run at (36,0) width 14: "\x{2022}.\x{2022}"
        RenderText {#text} at (50,0) size 4x17
          text run at (50,0) width 4: " "
        RenderInline {SPAN} at (0,0) size 14x17
          RenderInline (generated) at (0,0) size 14x17
            RenderCounter at (54,0) size 14x17
              text run at (54,0) width 14: "\x{2022}.\x{2022}"
        RenderText {#text} at (68,0) size 4x17
          text run at (68,0) width 4: " "
        RenderInline {SPAN} at (0,0) size 14x17
          RenderInline (generated) at (0,0) size 14x17
            RenderCounter at (72,0) size 14x17
              text run at (72,0) width 14: "\x{2022}.\x{2022}"
        RenderText {#text} at (86,0) size 4x17
          text run at (86,0) width 4: " "
        RenderInline {SPAN} at (0,0) size 14x17
          RenderInline (generated) at (0,0) size 14x17
            RenderCounter at (90,0) size 14x17
              text run at (90,0) width 14: "\x{2022}.\x{2022}"
        RenderText {#text} at (104,0) size 4x17
          text run at (104,0) width 4: " "
        RenderInline {SPAN} at (0,0) size 14x17
          RenderInline (generated) at (0,0) size 14x17
            RenderCounter at (108,0) size 14x17
              text run at (108,0) width 14: "\x{2022}.\x{2022}"
        RenderText {#text} at (122,0) size 4x17
          text run at (122,0) width 4: " "
        RenderInline {SPAN} at (0,0) size 14x17
          RenderInline (generated) at (0,0) size 14x17
            RenderCounter at (126,0) size 14x17
              text run at (126,0) width 14: "\x{2022}.\x{2022}"
        RenderText {#text} at (140,0) size 4x17
          text run at (140,0) width 4: " "
        RenderInline {SPAN} at (0,0) size 14x17
          RenderInline (generated) at (0,0) size 14x17
            RenderCounter at (144,0) size 14x17
              text run at (144,0) width 14: "\x{2022}.\x{2022}"
        RenderText {#text} at (158,0) size 4x17
          text run at (158,0) width 4: " "
        RenderInline {SPAN} at (0,0) size 14x17
          RenderInline (generated) at (0,0) size 14x17
            RenderCounter at (162,0) size 14x17
              text run at (162,0) width 14: "\x{2022}.\x{2022}"
        RenderText {#text} at (176,0) size 4x17
          text run at (176,0) width 4: " "
        RenderInline {SPAN} at (0,0) size 14x17
          RenderInline (generated) at (0,0) size 14x17
            RenderCounter at (180,0) size 14x17
              text run at (180,0) width 14: "\x{2022}.\x{2022}"
        RenderText {#text} at (194,0) size 4x17
          text run at (194,0) width 4: " "
        RenderInline {SPAN} at (0,0) size 14x17
          RenderInline (generated) at (0,0) size 14x17
            RenderCounter at (198,0) size 14x17
              text run at (198,0) width 14: "\x{2022}.\x{2022}"
        RenderText {#text} at (0,0) size 0x0
      RenderBlock {DIV} at (0,47) size 784x17
        RenderText {#text} at (0,0) size 212x17
          text run at (0,0) width 18: "\x{2022}.\x{2022} "
          text run at (18,0) width 18: "\x{2022}.\x{2022} "
          text run at (36,0) width 18: "\x{2022}.\x{2022} "
          text run at (54,0) width 18: "\x{2022}.\x{2022} "
          text run at (72,0) width 18: "\x{2022}.\x{2022} "
          text run at (90,0) width 18: "\x{2022}.\x{2022} "
          text run at (108,0) width 18: "\x{2022}.\x{2022} "
          text run at (126,0) width 18: "\x{2022}.\x{2022} "
          text run at (144,0) width 18: "\x{2022}.\x{2022} "
          text run at (162,0) width 18: "\x{2022}.\x{2022} "
          text run at (180,0) width 18: "\x{2022}.\x{2022} "
          text run at (198,0) width 14: "\x{2022}.\x{2022}"
