layer at (0,0) size 800x600
  RenderView at (0,0) size 800x600
layer at (0,0) size 800x85
  RenderBlock {HTML} at (0,0) size 800x85
    RenderBody {BODY} at (8,13) size 784x64
      RenderBlock {P} at (0,0) size 784x17
        RenderText {#text} at (0,0) size 263x17
          text run at (0,0) width 263: "The following two lines should look the same:"
      RenderBlock {DIV} at (0,30) size 784x17
        RenderInline {SPAN} at (0,0) size 18x17
          RenderInline (generated) at (0,0) size 18x17
            RenderCounter at (0,0) size 18x17
              text run at (0,0) width 18: "1.1"
        RenderText {#text} at (18,0) size 4x17
          text run at (18,0) width 4: " "
        RenderInline {SPAN} at (0,0) size 18x17
          RenderInline (generated) at (0,0) size 18x17
            RenderCounter at (22,0) size 18x17
              text run at (22,0) width 18: "1.2"
        RenderText {#text} at (40,0) size 4x17
          text run at (40,0) width 4: " "
        RenderInline {SPAN} at (0,0) size 18x17
          RenderInline (generated) at (0,0) size 18x17
            RenderCounter at (44,0) size 18x17
              text run at (44,0) width 18: "1.3"
        RenderText {#text} at (62,0) size 4x17
          text run at (62,0) width 4: " "
        RenderInline {SPAN} at (0,0) size 18x17
          RenderInline (generated) at (0,0) size 18x17
            RenderCounter at (66,0) size 18x17
              text run at (66,0) width 18: "1.4"
        RenderText {#text} at (84,0) size 4x17
          text run at (84,0) width 4: " "
        RenderInline {SPAN} at (0,0) size 18x17
          RenderInline (generated) at (0,0) size 18x17
            RenderCounter at (88,0) size 18x17
              text run at (88,0) width 18: "1.5"
        RenderText {#text} at (106,0) size 4x17
          text run at (106,0) width 4: " "
        RenderInline {SPAN} at (0,0) size 18x17
          RenderInline (generated) at (0,0) size 18x17
            RenderCounter at (110,0) size 18x17
              text run at (110,0) width 18: "1.6"
        RenderText {#text} at (128,0) size 4x17
          text run at (128,0) width 4: " "
        RenderInline {SPAN} at (0,0) size 18x17
          RenderInline (generated) at (0,0) size 18x17
            RenderCounter at (132,0) size 18x17
              text run at (132,0) width 18: "1.7"
        RenderText {#text} at (150,0) size 4x17
          text run at (150,0) width 4: " "
        RenderInline {SPAN} at (0,0) size 18x17
          RenderInline (generated) at (0,0) size 18x17
            RenderCounter at (154,0) size 18x17
              text run at (154,0) width 18: "1.8"
        RenderText {#text} at (172,0) size 4x17
          text run at (172,0) width 4: " "
        RenderInline {SPAN} at (0,0) size 18x17
          RenderInline (generated) at (0,0) size 18x17
            RenderCounter at (176,0) size 18x17
              text run at (176,0) width 18: "1.9"
        RenderText {#text} at (194,0) size 4x17
          text run at (194,0) width 4: " "
        RenderInline {SPAN} at (0,0) size 25x17
          RenderInline (generated) at (0,0) size 25x17
            RenderCounter at (198,0) size 25x17
              text run at (198,0) width 25: "1.10"
        RenderText {#text} at (223,0) size 4x17
          text run at (223,0) width 4: " "
        RenderInline {SPAN} at (0,0) size 25x17
          RenderInline (generated) at (0,0) size 25x17
            RenderCounter at (227,0) size 25x17
              text run at (227,0) width 25: "1.11"
        RenderText {#text} at (252,0) size 4x17
          text run at (252,0) width 4: " "
        RenderInline {SPAN} at (0,0) size 25x17
          RenderInline (generated) at (0,0) size 25x17
            RenderCounter at (256,0) size 25x17
              text run at (256,0) width 25: "1.12"
        RenderText {#text} at (0,0) size 0x0
      RenderBlock {DIV} at (0,47) size 784x17
        RenderText {#text} at (0,0) size 281x17
          text run at (0,0) width 22: "1.1 "
          text run at (22,0) width 22: "1.2 "
          text run at (44,0) width 22: "1.3 "
          text run at (66,0) width 22: "1.4 "
          text run at (88,0) width 22: "1.5 "
          text run at (110,0) width 22: "1.6 "
          text run at (132,0) width 22: "1.7 "
          text run at (154,0) width 22: "1.8 "
          text run at (176,0) width 22: "1.9 "
          text run at (198,0) width 29: "1.10 "
          text run at (227,0) width 29: "1.11 "
          text run at (256,0) width 25: "1.12"
