layer at (0,0) size 800x600
  RenderView at (0,0) size 800x600
layer at (0,0) size 800x183
  RenderBlock {HTML} at (0,0) size 800x183
    RenderBody {BODY} at (8,13) size 784x157 [color=#000080]
      RenderBlock {P} at (0,0) size 784x17
        RenderText {#text} at (0,0) size 217x17
          text run at (0,0) width 217: "Each bullet should look as described."
      RenderBlock {UL} at (0,30) size 784x63
        RenderListItem {LI} at (40,0) size 744x21
          RenderListMarker at (-24,0) size 17x17
          RenderText {#text} at (0,4) size 78x17
            text run at (0,4) width 78: "purple square"
        RenderListItem {LI} at (40,21) size 744x21
          RenderListMarker at (-24,0) size 17x17
          RenderText {#text} at (0,4) size 78x17
            text run at (0,4) width 78: "purple square"
        RenderListItem {LI} at (40,42) size 744x21
          RenderListMarker at (-24,0) size 17x17
          RenderText {#text} at (0,4) size 78x17
            text run at (0,4) width 78: "purple square"
      RenderBlock {UL} at (0,106) size 784x51
        RenderListItem {LI} at (40,0) size 744x17
          RenderListMarker at (-16,0) size 6x17: bullet
          RenderText {#text} at (0,0) size 24x17
            text run at (0,0) width 24: "disc"
        RenderListItem {LI} at (40,17) size 744x17
          RenderListMarker at (-16,0) size 6x17: bullet
          RenderText {#text} at (0,0) size 24x17
            text run at (0,0) width 24: "disc"
        RenderListItem {LI} at (40,34) size 744x17
          RenderListMarker at (-16,0) size 6x17: bullet
          RenderText {#text} at (0,0) size 24x17
            text run at (0,0) width 24: "disc"
