layer at (0,0) size 1442x600
  RenderView at (0,0) size 800x600
layer at (0,0) size 1442x85
  RenderBlock {HTML} at (0,0) size 800x85
    RenderBody {BODY} at (8,13) size 784x64
      RenderBlock {P} at (0,0) size 784x17
        RenderText {#text} at (0,0) size 263x17
          text run at (0,0) width 263: "The following two lines should look the same:"
      RenderBlock {DIV} at (0,30) size 784x17
        RenderInline {SPAN} at (0,0) size 30x17
          RenderInline (generated) at (0,0) size 30x17
            RenderCounter at (0,0) size 30x17
              text run at (0,0) width 30: "\x{10D0}.\x{10D0}"
        RenderText {#text} at (30,0) size 4x17
          text run at (30,0) width 4: " "
        RenderInline {SPAN} at (0,0) size 30x17
          RenderInline (generated) at (0,0) size 30x17
            RenderCounter at (34,0) size 30x17
              text run at (34,0) width 30: "\x{10D0}.\x{10D1}"
        RenderText {#text} at (64,0) size 4x17
          text run at (64,0) width 4: " "
        RenderInline {SPAN} at (0,0) size 30x17
          RenderInline (generated) at (0,0) size 30x17
            RenderCounter at (68,0) size 30x17
              text run at (68,0) width 30: "\x{10D0}.\x{10D2}"
        RenderText {#text} at (98,0) size 4x17
          text run at (98,0) width 4: " "
        RenderInline {SPAN} at (0,0) size 30x17
          RenderInline (generated) at (0,0) size 30x17
            RenderCounter at (102,0) size 30x17
              text run at (102,0) width 30: "\x{10D0}.\x{10D3}"
        RenderText {#text} at (132,0) size 4x17
          text run at (132,0) width 4: " "
        RenderInline {SPAN} at (0,0) size 30x17
          RenderInline (generated) at (0,0) size 30x17
            RenderCounter at (136,0) size 30x17
              text run at (136,0) width 30: "\x{10D0}.\x{10D4}"
        RenderText {#text} at (166,0) size 4x17
          text run at (166,0) width 4: " "
        RenderInline {SPAN} at (0,0) size 30x17
          RenderInline (generated) at (0,0) size 30x17
            RenderCounter at (170,0) size 30x17
              text run at (170,0) width 30: "\x{10D0}.\x{10D5}"
        RenderText {#text} at (200,0) size 4x17
          text run at (200,0) width 4: " "
        RenderInline {SPAN} at (0,0) size 30x17
          RenderInline (generated) at (0,0) size 30x17
            RenderCounter at (204,0) size 30x17
              text run at (204,0) width 30: "\x{10D0}.\x{10D6}"
        RenderText {#text} at (234,0) size 4x17
          text run at (234,0) width 4: " "
        RenderInline {SPAN} at (0,0) size 30x17
          RenderInline (generated) at (0,0) size 30x17
            RenderCounter at (238,0) size 30x17
              text run at (238,0) width 30: "\x{10D0}.\x{10F1}"
        RenderText {#text} at (268,0) size 4x17
          text run at (268,0) width 4: " "
        RenderInline {SPAN} at (0,0) size 30x17
          RenderInline (generated) at (0,0) size 30x17
            RenderCounter at (272,0) size 30x17
              text run at (272,0) width 30: "\x{10D0}.\x{10D7}"
        RenderText {#text} at (302,0) size 4x17
          text run at (302,0) width 4: " "
        RenderInline {SPAN} at (0,0) size 30x17
          RenderInline (generated) at (0,0) size 30x17
            RenderCounter at (306,0) size 30x17
              text run at (306,0) width 30: "\x{10D0}.\x{10D8}"
        RenderText {#text} at (336,0) size 4x17
          text run at (336,0) width 4: " "
        RenderInline {SPAN} at (0,0) size 43x17
          RenderInline (generated) at (0,0) size 43x17
            RenderCounter at (340,0) size 43x17
              text run at (340,0) width 43: "\x{10D0}.\x{10D8}\x{10D0}"
        RenderText {#text} at (383,0) size 4x17
          text run at (383,0) width 4: " "
        RenderInline {SPAN} at (0,0) size 43x17
          RenderInline (generated) at (0,0) size 43x17
            RenderCounter at (387,0) size 43x17
              text run at (387,0) width 43: "\x{10D0}.\x{10D8}\x{10D1}"
        RenderText {#text} at (430,0) size 4x17
          text run at (430,0) width 4: " "
        RenderInline {SPAN} at (0,0) size 30x17
          RenderInline (generated) at (0,0) size 30x17
            RenderCounter at (434,0) size 30x17
              text run at (434,0) width 30: "\x{10D0}.\x{10D9}"
        RenderText {#text} at (464,0) size 4x17
          text run at (464,0) width 4: " "
        RenderInline {SPAN} at (0,0) size 30x17
          RenderInline (generated) at (0,0) size 30x17
            RenderCounter at (468,0) size 30x17
              text run at (468,0) width 30: "\x{10D0}.\x{10DA}"
        RenderText {#text} at (498,0) size 4x17
          text run at (498,0) width 4: " "
        RenderInline {SPAN} at (0,0) size 30x17
          RenderInline (generated) at (0,0) size 30x17
            RenderCounter at (502,0) size 30x17
              text run at (502,0) width 30: "\x{10D0}.\x{10DB}"
        RenderText {#text} at (532,0) size 4x17
          text run at (532,0) width 4: " "
        RenderInline {SPAN} at (0,0) size 30x17
          RenderInline (generated) at (0,0) size 30x17
            RenderCounter at (536,0) size 30x17
              text run at (536,0) width 30: "\x{10D0}.\x{10DC}"
        RenderText {#text} at (566,0) size 4x17
          text run at (566,0) width 4: " "
        RenderInline {SPAN} at (0,0) size 30x17
          RenderInline (generated) at (0,0) size 30x17
            RenderCounter at (570,0) size 30x17
              text run at (570,0) width 30: "\x{10D0}.\x{10F2}"
        RenderText {#text} at (600,0) size 4x17
          text run at (600,0) width 4: " "
        RenderInline {SPAN} at (0,0) size 30x17
          RenderInline (generated) at (0,0) size 30x17
            RenderCounter at (604,0) size 30x17
              text run at (604,0) width 30: "\x{10D0}.\x{10DD}"
        RenderText {#text} at (634,0) size 4x17
          text run at (634,0) width 4: " "
        RenderInline {SPAN} at (0,0) size 30x17
          RenderInline (generated) at (0,0) size 30x17
            RenderCounter at (638,0) size 30x17
              text run at (638,0) width 30: "\x{10D0}.\x{10DE}"
        RenderText {#text} at (668,0) size 4x17
          text run at (668,0) width 4: " "
        RenderInline {SPAN} at (0,0) size 30x17
          RenderInline (generated) at (0,0) size 30x17
            RenderCounter at (672,0) size 30x17
              text run at (672,0) width 30: "\x{10D0}.\x{10DF}"
        RenderText {#text} at (702,0) size 4x17
          text run at (702,0) width 4: " "
        RenderInline {SPAN} at (0,0) size 30x17
          RenderInline (generated) at (0,0) size 30x17
            RenderCounter at (706,0) size 30x17
              text run at (706,0) width 30: "\x{10D0}.\x{10E0}"
        RenderText {#text} at (736,0) size 4x17
          text run at (736,0) width 4: " "
        RenderInline {SPAN} at (0,0) size 30x17
          RenderInline (generated) at (0,0) size 30x17
            RenderCounter at (740,0) size 30x17
              text run at (740,0) width 30: "\x{10D0}.\x{10E1}"
        RenderText {#text} at (770,0) size 4x17
          text run at (770,0) width 4: " "
        RenderInline {SPAN} at (0,0) size 30x17
          RenderInline (generated) at (0,0) size 30x17
            RenderCounter at (774,0) size 30x17
              text run at (774,0) width 30: "\x{10D0}.\x{10E2}"
        RenderText {#text} at (804,0) size 4x17
          text run at (804,0) width 4: " "
        RenderInline {SPAN} at (0,0) size 30x17
          RenderInline (generated) at (0,0) size 30x17
            RenderCounter at (808,0) size 30x17
              text run at (808,0) width 30: "\x{10D0}.\x{10F3}"
        RenderText {#text} at (838,0) size 4x17
          text run at (838,0) width 4: " "
        RenderInline {SPAN} at (0,0) size 30x17
          RenderInline (generated) at (0,0) size 30x17
            RenderCounter at (842,0) size 30x17
              text run at (842,0) width 30: "\x{10D0}.\x{10E4}"
        RenderText {#text} at (872,0) size 4x17
          text run at (872,0) width 4: " "
        RenderInline {SPAN} at (0,0) size 30x17
          RenderInline (generated) at (0,0) size 30x17
            RenderCounter at (876,0) size 30x17
              text run at (876,0) width 30: "\x{10D0}.\x{10E5}"
        RenderText {#text} at (906,0) size 4x17
          text run at (906,0) width 4: " "
        RenderInline {SPAN} at (0,0) size 30x17
          RenderInline (generated) at (0,0) size 30x17
            RenderCounter at (910,0) size 30x17
              text run at (910,0) width 30: "\x{10D0}.\x{10E6}"
        RenderText {#text} at (940,0) size 4x17
          text run at (940,0) width 4: " "
        RenderInline {SPAN} at (0,0) size 30x17
          RenderInline (generated) at (0,0) size 30x17
            RenderCounter at (944,0) size 30x17
              text run at (944,0) width 30: "\x{10D0}.\x{10E7}"
        RenderText {#text} at (974,0) size 4x17
          text run at (974,0) width 4: " "
        RenderInline {SPAN} at (0,0) size 30x17
          RenderInline (generated) at (0,0) size 30x17
            RenderCounter at (978,0) size 30x17
              text run at (978,0) width 30: "\x{10D0}.\x{10E8}"
        RenderText {#text} at (1008,0) size 4x17
          text run at (1008,0) width 4: " "
        RenderInline {SPAN} at (0,0) size 30x17
          RenderInline (generated) at (0,0) size 30x17
            RenderCounter at (1012,0) size 30x17
              text run at (1012,0) width 30: "\x{10D0}.\x{10E9}"
        RenderText {#text} at (1042,0) size 4x17
          text run at (1042,0) width 4: " "
        RenderInline {SPAN} at (0,0) size 30x17
          RenderInline (generated) at (0,0) size 30x17
            RenderCounter at (1046,0) size 30x17
              text run at (1046,0) width 30: "\x{10D0}.\x{10EA}"
        RenderText {#text} at (1076,0) size 4x17
          text run at (1076,0) width 4: " "
        RenderInline {SPAN} at (0,0) size 30x17
          RenderInline (generated) at (0,0) size 30x17
            RenderCounter at (1080,0) size 30x17
              text run at (1080,0) width 30: "\x{10D0}.\x{10EB}"
        RenderText {#text} at (1110,0) size 4x17
          text run at (1110,0) width 4: " "
        RenderInline {SPAN} at (0,0) size 30x17
          RenderInline (generated) at (0,0) size 30x17
            RenderCounter at (1114,0) size 30x17
              text run at (1114,0) width 30: "\x{10D0}.\x{10EC}"
        RenderText {#text} at (1144,0) size 4x17
          text run at (1144,0) width 4: " "
        RenderInline {SPAN} at (0,0) size 30x17
          RenderInline (generated) at (0,0) size 30x17
            RenderCounter at (1148,0) size 30x17
              text run at (1148,0) width 30: "\x{10D0}.\x{10ED}"
        RenderText {#text} at (1178,0) size 4x17
          text run at (1178,0) width 4: " "
        RenderInline {SPAN} at (0,0) size 30x17
          RenderInline (generated) at (0,0) size 30x17
            RenderCounter at (1182,0) size 30x17
              text run at (1182,0) width 30: "\x{10D0}.\x{10EE}"
        RenderText {#text} at (1212,0) size 4x17
          text run at (1212,0) width 4: " "
        RenderInline {SPAN} at (0,0) size 30x17
          RenderInline (generated) at (0,0) size 30x17
            RenderCounter at (1216,0) size 30x17
              text run at (1216,0) width 30: "\x{10D0}.\x{10F4}"
        RenderText {#text} at (1246,0) size 4x17
          text run at (1246,0) width 4: " "
        RenderInline {SPAN} at (0,0) size 30x17
          RenderInline (generated) at (0,0) size 30x17
            RenderCounter at (1250,0) size 30x17
              text run at (1250,0) width 30: "\x{10D0}.\x{10EF}"
        RenderText {#text} at (1280,0) size 4x17
          text run at (1280,0) width 4: " "
        RenderInline {SPAN} at (0,0) size 30x17
          RenderInline (generated) at (0,0) size 30x17
            RenderCounter at (1284,0) size 30x17
              text run at (1284,0) width 30: "\x{10D0}.\x{10F0}"
        RenderText {#text} at (1314,0) size 4x17
          text run at (1314,0) width 4: " "
        RenderInline {SPAN} at (0,0) size 30x17
          RenderInline (generated) at (0,0) size 30x17
            RenderCounter at (1318,0) size 30x17
              text run at (1318,0) width 30: "\x{10D0}.\x{10F5}"
        RenderText {#text} at (1348,0) size 4x17
          text run at (1348,0) width 4: " "
        RenderInline {SPAN} at (0,0) size 82x17
          RenderInline (generated) at (0,0) size 82x17
            RenderCounter at (1352,0) size 82x17
              text run at (1352,0) width 82: "\x{10D0}.\x{10F5}\x{10F0}\x{10E8}\x{10DF}\x{10D7}"
        RenderText {#text} at (0,0) size 0x0
      RenderBlock {DIV} at (0,47) size 784x17
        RenderText {#text} at (0,0) size 1434x17
          text run at (0,0) width 34: "\x{10D0}.\x{10D0} "
          text run at (34,0) width 34: "\x{10D0}.\x{10D1} "
          text run at (68,0) width 34: "\x{10D0}.\x{10D2} "
          text run at (102,0) width 34: "\x{10D0}.\x{10D3} "
          text run at (136,0) width 34: "\x{10D0}.\x{10D4} "
          text run at (170,0) width 34: "\x{10D0}.\x{10D5} "
          text run at (204,0) width 34: "\x{10D0}.\x{10D6} "
          text run at (238,0) width 34: "\x{10D0}.\x{10F1} "
          text run at (272,0) width 34: "\x{10D0}.\x{10D7} "
          text run at (306,0) width 34: "\x{10D0}.\x{10D8} "
          text run at (340,0) width 47: "\x{10D0}.\x{10D8}\x{10D0} "
          text run at (387,0) width 47: "\x{10D0}.\x{10D8}\x{10D1} "
          text run at (434,0) width 34: "\x{10D0}.\x{10D9} "
          text run at (468,0) width 34: "\x{10D0}.\x{10DA} "
          text run at (502,0) width 34: "\x{10D0}.\x{10DB} "
          text run at (536,0) width 34: "\x{10D0}.\x{10DC} "
          text run at (570,0) width 34: "\x{10D0}.\x{10F2} "
          text run at (604,0) width 34: "\x{10D0}.\x{10DD} "
          text run at (638,0) width 34: "\x{10D0}.\x{10DE} "
          text run at (672,0) width 34: "\x{10D0}.\x{10DF} "
          text run at (706,0) width 34: "\x{10D0}.\x{10E0} "
          text run at (740,0) width 34: "\x{10D0}.\x{10E1} "
          text run at (774,0) width 34: "\x{10D0}.\x{10E2} "
          text run at (808,0) width 34: "\x{10D0}.\x{10F3} "
          text run at (842,0) width 34: "\x{10D0}.\x{10E4} "
          text run at (876,0) width 34: "\x{10D0}.\x{10E5} "
          text run at (910,0) width 34: "\x{10D0}.\x{10E6} "
          text run at (944,0) width 34: "\x{10D0}.\x{10E7} "
          text run at (978,0) width 34: "\x{10D0}.\x{10E8} "
          text run at (1012,0) width 34: "\x{10D0}.\x{10E9} "
          text run at (1046,0) width 34: "\x{10D0}.\x{10EA} "
          text run at (1080,0) width 34: "\x{10D0}.\x{10EB} "
          text run at (1114,0) width 34: "\x{10D0}.\x{10EC} "
          text run at (1148,0) width 34: "\x{10D0}.\x{10ED} "
          text run at (1182,0) width 34: "\x{10D0}.\x{10EE} "
          text run at (1216,0) width 34: "\x{10D0}.\x{10F4} "
          text run at (1250,0) width 34: "\x{10D0}.\x{10EF} "
          text run at (1284,0) width 34: "\x{10D0}.\x{10F0} "
          text run at (1318,0) width 34: "\x{10D0}.\x{10F5} "
          text run at (1352,0) width 82: "\x{10D0}.\x{10F5}\x{10F0}\x{10E8}\x{10DF}\x{10D7}"
