layer at (0,0) size 800x600
  RenderView at (0,0) size 800x600
layer at (0,0) size 800x85
  RenderBlock {HTML} at (0,0) size 800x85
    RenderBody {BODY} at (8,13) size 784x64
      RenderBlock {P} at (0,0) size 784x17
        RenderText {#text} at (0,0) size 263x17
          text run at (0,0) width 263: "The following two lines should look the same:"
      RenderBlock {DIV} at (0,30) size 784x17
        RenderInline {SPAN} at (0,0) size 7x17
          RenderInline (generated) at (0,0) size 7x17
            RenderCounter at (0,0) size 7x17
              text run at (0,0) width 7: "1"
        RenderText {#text} at (7,0) size 4x17
          text run at (7,0) width 4: " "
        RenderInline {SPAN} at (0,0) size 7x17
          RenderInline (generated) at (0,0) size 7x17
            RenderCounter at (11,0) size 7x17
              text run at (11,0) width 7: "2"
        RenderText {#text} at (18,0) size 4x17
          text run at (18,0) width 4: " "
        RenderInline {SPAN} at (0,0) size 7x17
          RenderInline (generated) at (0,0) size 7x17
            RenderCounter at (22,0) size 7x17
              text run at (22,0) width 7: "3"
        RenderText {#text} at (29,0) size 4x17
          text run at (29,0) width 4: " "
        RenderInline {SPAN} at (0,0) size 7x17
          RenderInline (generated) at (0,0) size 7x17
            RenderCounter at (33,0) size 7x17
              text run at (33,0) width 7: "4"
        RenderText {#text} at (40,0) size 4x17
          text run at (40,0) width 4: " "
        RenderInline {SPAN} at (0,0) size 7x17
          RenderInline (generated) at (0,0) size 7x17
            RenderCounter at (44,0) size 7x17
              text run at (44,0) width 7: "5"
        RenderText {#text} at (51,0) size 4x17
          text run at (51,0) width 4: " "
        RenderInline {SPAN} at (0,0) size 7x17
          RenderInline (generated) at (0,0) size 7x17
            RenderCounter at (55,0) size 7x17
              text run at (55,0) width 7: "6"
        RenderText {#text} at (62,0) size 4x17
          text run at (62,0) width 4: " "
        RenderInline {SPAN} at (0,0) size 7x17
          RenderInline (generated) at (0,0) size 7x17
            RenderCounter at (66,0) size 7x17
              text run at (66,0) width 7: "7"
        RenderText {#text} at (73,0) size 4x17
          text run at (73,0) width 4: " "
        RenderInline {SPAN} at (0,0) size 7x17
          RenderInline (generated) at (0,0) size 7x17
            RenderCounter at (77,0) size 7x17
              text run at (77,0) width 7: "8"
        RenderText {#text} at (84,0) size 4x17
          text run at (84,0) width 4: " "
        RenderInline {SPAN} at (0,0) size 7x17
          RenderInline (generated) at (0,0) size 7x17
            RenderCounter at (88,0) size 7x17
              text run at (88,0) width 7: "9"
        RenderText {#text} at (95,0) size 4x17
          text run at (95,0) width 4: " "
        RenderInline {SPAN} at (0,0) size 14x17
          RenderInline (generated) at (0,0) size 14x17
            RenderCounter at (99,0) size 14x17
              text run at (99,0) width 14: "10"
        RenderText {#text} at (113,0) size 4x17
          text run at (113,0) width 4: " "
        RenderInline {SPAN} at (0,0) size 14x17
          RenderInline (generated) at (0,0) size 14x17
            RenderCounter at (117,0) size 14x17
              text run at (117,0) width 14: "11"
        RenderText {#text} at (131,0) size 4x17
          text run at (131,0) width 4: " "
        RenderInline {SPAN} at (0,0) size 14x17
          RenderInline (generated) at (0,0) size 14x17
            RenderCounter at (135,0) size 14x17
              text run at (135,0) width 14: "12"
        RenderText {#text} at (0,0) size 0x0
      RenderBlock {DIV} at (0,47) size 784x17
        RenderText {#text} at (0,0) size 149x17
          text run at (0,0) width 11: "1 "
          text run at (11,0) width 11: "2 "
          text run at (22,0) width 11: "3 "
          text run at (33,0) width 11: "4 "
          text run at (44,0) width 11: "5 "
          text run at (55,0) width 11: "6 "
          text run at (66,0) width 11: "7 "
          text run at (77,0) width 11: "8 "
          text run at (88,0) width 11: "9 "
          text run at (99,0) width 18: "10 "
          text run at (117,0) width 18: "11 "
          text run at (135,0) width 14: "12"
