layer at (0,0) size 800x600
  RenderView at (0,0) size 800x600
layer at (0,0) size 800x85
  RenderBlock {HTML} at (0,0) size 800x85
    RenderBody {BODY} at (8,13) size 784x64
      RenderBlock {P} at (0,0) size 784x17
        RenderText {#text} at (0,0) size 263x17
          text run at (0,0) width 263: "The following two lines should look the same:"
      RenderBlock {DIV} at (0,30) size 784x17
        RenderInline {SPAN} at (0,0) size 7x17
          RenderInline (generated) at (0,0) size 7x17
            RenderCounter at (0,0) size 7x17
              text run at (0,0) width 7: "a"
        RenderText {#text} at (7,0) size 4x17
          text run at (7,0) width 4: " "
        RenderInline {SPAN} at (0,0) size 7x17
          RenderInline (generated) at (0,0) size 7x17
            RenderCounter at (11,0) size 7x17
              text run at (11,0) width 7: "b"
        RenderText {#text} at (18,0) size 4x17
          text run at (18,0) width 4: " "
        RenderInline {SPAN} at (0,0) size 7x17
          RenderInline (generated) at (0,0) size 7x17
            RenderCounter at (22,0) size 7x17
              text run at (22,0) width 7: "c"
        RenderText {#text} at (29,0) size 4x17
          text run at (29,0) width 4: " "
        RenderInline {SPAN} at (0,0) size 7x17
          RenderInline (generated) at (0,0) size 7x17
            RenderCounter at (33,0) size 7x17
              text run at (33,0) width 7: "d"
        RenderText {#text} at (40,0) size 4x17
          text run at (40,0) width 4: " "
        RenderInline {SPAN} at (0,0) size 7x17
          RenderInline (generated) at (0,0) size 7x17
            RenderCounter at (44,0) size 7x17
              text run at (44,0) width 7: "e"
        RenderText {#text} at (51,0) size 4x17
          text run at (51,0) width 4: " "
        RenderInline {SPAN} at (0,0) size 4x17
          RenderInline (generated) at (0,0) size 4x17
            RenderCounter at (55,0) size 4x17
              text run at (55,0) width 4: "f"
        RenderText {#text} at (59,0) size 4x17
          text run at (59,0) width 4: " "
        RenderInline {SPAN} at (0,0) size 7x17
          RenderInline (generated) at (0,0) size 7x17
            RenderCounter at (63,0) size 7x17
              text run at (63,0) width 7: "g"
        RenderText {#text} at (70,0) size 4x17
          text run at (70,0) width 4: " "
        RenderInline {SPAN} at (0,0) size 7x17
          RenderInline (generated) at (0,0) size 7x17
            RenderCounter at (74,0) size 7x17
              text run at (74,0) width 7: "h"
        RenderText {#text} at (81,0) size 4x17
          text run at (81,0) width 4: " "
        RenderInline {SPAN} at (0,0) size 3x17
          RenderInline (generated) at (0,0) size 3x17
            RenderCounter at (85,0) size 3x17
              text run at (85,0) width 3: "i"
        RenderText {#text} at (88,0) size 4x17
          text run at (88,0) width 4: " "
        RenderInline {SPAN} at (0,0) size 3x17
          RenderInline (generated) at (0,0) size 3x17
            RenderCounter at (92,0) size 3x17
              text run at (92,0) width 3: "j"
        RenderText {#text} at (95,0) size 4x17
          text run at (95,0) width 4: " "
        RenderInline {SPAN} at (0,0) size 7x17
          RenderInline (generated) at (0,0) size 7x17
            RenderCounter at (99,0) size 7x17
              text run at (99,0) width 7: "k"
        RenderText {#text} at (106,0) size 4x17
          text run at (106,0) width 4: " "
        RenderInline {SPAN} at (0,0) size 3x17
          RenderInline (generated) at (0,0) size 3x17
            RenderCounter at (110,0) size 3x17
              text run at (110,0) width 3: "l"
        RenderText {#text} at (0,0) size 0x0
      RenderBlock {DIV} at (0,47) size 784x17
        RenderText {#text} at (0,0) size 113x17
          text run at (0,0) width 11: "a "
          text run at (11,0) width 11: "b "
          text run at (22,0) width 11: "c "
          text run at (33,0) width 11: "d "
          text run at (44,0) width 11: "e "
          text run at (55,0) width 8: "f "
          text run at (63,0) width 11: "g "
          text run at (74,0) width 11: "h "
          text run at (85,0) width 7: "i "
          text run at (92,0) width 7: "j "
          text run at (99,0) width 11: "k "
          text run at (110,0) width 3: "l"
