layer at (0,0) size 800x600
  RenderView at (0,0) size 800x600
layer at (0,0) size 800x343
  RenderBlock {HTML} at (0,0) size 800x343
    RenderBody {BODY} at (0,13) size 800x330
      RenderBlock {P} at (0,0) size 800x17
        RenderText {#text} at (0,0) size 212x17
          text run at (0,0) width 212: "There should be no red on this page."
      RenderBlock {DIV} at (0,30) size 165x75 [color=#FFFFFF]
        RenderText {#text} at (0,0) size 165x75
          text run at (0,0) width 165: "           "
          text run at (0,15) width 165: "           "
          text run at (0,30) width 165: "           "
          text run at (0,45) width 165: "           "
          text run at (0,60) width 165: "          X"
      RenderBlock {DIV} at (0,105) size 165x75 [color=#FFFFFF]
        RenderText {#text} at (0,0) size 165x75
          text run at (0,0) width 165: "           "
          text run at (0,15) width 165: "           "
          text run at (0,30) width 165: "X          "
          text run at (0,45) width 165: "           "
          text run at (0,60) width 165: "           "
      RenderBlock {DIV} at (0,180) size 165x75 [color=#FFFFFF]
        RenderText {#text} at (0,0) size 165x75
          text run at (0,0) width 165: "           "
          text run at (0,15) width 165: "        X  "
          text run at (0,30) width 165: "           "
          text run at (0,45) width 165: "           "
          text run at (0,60) width 165: "           "
      RenderBlock {DIV} at (0,255) size 165x75 [color=#FFFFFF]
        RenderText {#text} at (0,0) size 165x75
          text run at (0,0) width 165: "           "
          text run at (0,15) width 165: "           "
          text run at (0,30) width 165: "  X        "
          text run at (0,45) width 165: "           "
          text run at (0,60) width 165: "           "
