layer at (0,0) size 800x600
  RenderView at (0,0) size 800x600
layer at (0,0) size 800x103
  RenderBlock {HTML} at (0,0) size 800x103
    RenderBody {BODY} at (8,13) size 784x77
      RenderBlock {P} at (0,0) size 784x17 [bgcolor=#00FF00]
        RenderText {#text} at (0,0) size 149x17
          text run at (0,0) width 149: "This line should be green."
      RenderBlock {P} at (0,30) size 784x17 [bgcolor=#00FF00]
        RenderText {#text} at (0,0) size 53x17
          text run at (0,0) width 53: "This line "
        RenderInline {SPAN} at (0,0) size 92x17
          RenderText {#text} at (53,0) size 92x17
            text run at (53,0) width 92: "should be green"
        RenderText {#text} at (145,0) size 26x17
          text run at (145,0) width 26: " too."
      RenderBlock {P} at (0,60) size 784x17 [bgcolor=#AAFFAA]
        RenderText {#text} at (0,0) size 177x17
          text run at (0,0) width 177: "This line should be pale green."
