layer at (0,0) size 800x600
  RenderView at (0,0) size 800x600
layer at (0,0) size 800x73
  RenderBlock {HTML} at (0,0) size 800x73
    RenderBody {BODY} at (8,13) size 784x47
      RenderBlock {P} at (0,0) size 784x17
        RenderText {#text} at (0,0) size 149x17
          text run at (0,0) width 149: "This line should be green."
      RenderBlock {P} at (0,30) size 784x17
        RenderText {#text} at (0,0) size 53x17
          text run at (0,0) width 53: "This line "
        RenderInline {SPAN} at (0,0) size 92x17
          RenderText {#text} at (53,0) size 92x17
            text run at (53,0) width 92: "should be green"
        RenderText {#text} at (145,0) size 26x17
          text run at (145,0) width 26: " too."
