layer at (0,0) size 800x1738
  RenderView at (0,0) size 800x600
layer at (0,0) size 800x1738
  RenderBlock {HTML} at (0,0) size 800x1738
    RenderBody {BODY} at (8,13) size 784x1712
      RenderBlock {P} at (0,0) size 784x17 [color=#C0C0C0]
        RenderText {#text} at (0,0) size 75x17
          text run at (0,0) width 75: "Dummy text."
      RenderBlock {P} at (0,30) size 784x17 [color=#C0C0C0]
        RenderText {#text} at (0,0) size 75x17
          text run at (0,0) width 75: "Dummy text."
      RenderBlock {P} at (0,60) size 784x17 [color=#C0C0C0]
        RenderText {#text} at (0,0) size 75x17
          text run at (0,0) width 75: "Dummy text."
      RenderBlock {P} at (0,90) size 784x34
        RenderText {#text} at (0,0) size 763x34
          text run at (0,0) width 365: "Scroll this document. A line of blue should remain stuck at the "
          text run at (365,0) width 361: "top of the viewport the whole time, and there should be no red "
          text run at (726,0) width 37: "below,"
          text run at (0,17) width 122: "just a block of green."
      RenderBlock {DIV} at (30,137) size 165x75 [color=#008000] [bgcolor=#008000]
        RenderText {#text} at (0,0) size 165x75
          text run at (0,0) width 165: "          X"
          text run at (0,15) width 165: "          X"
          text run at (0,30) width 165: "          X"
          text run at (0,45) width 165: "          X"
          text run at (0,60) width 165: "          X"
      RenderBlock {DIV} at (30,212) size 165x75 [color=#008000] [bgcolor=#008000]
        RenderText {#text} at (0,0) size 165x75
          text run at (0,0) width 165: "     X     "
          text run at (0,15) width 165: "     X     "
          text run at (0,30) width 165: "     X     "
          text run at (0,45) width 165: "     X     "
          text run at (0,60) width 165: "     X     "
      RenderBlock {DIV} at (30,287) size 165x75 [color=#008000] [bgcolor=#008000]
        RenderText {#text} at (0,0) size 165x75
          text run at (0,0) width 165: "XXXXXXXXXXX"
          text run at (0,15) width 165: "           "
          text run at (0,30) width 165: "           "
          text run at (0,45) width 165: "           "
          text run at (0,60) width 165: "           "
      RenderBlock {P} at (0,375) size 784x17 [color=#C0C0C0]
        RenderText {#text} at (0,0) size 75x17
          text run at (0,0) width 75: "Dummy text."
      RenderBlock {P} at (0,405) size 784x17 [color=#C0C0C0]
        RenderText {#text} at (0,0) size 75x17
          text run at (0,0) width 75: "Dummy text."
      RenderBlock {P} at (0,435) size 784x17 [color=#C0C0C0]
        RenderText {#text} at (0,0) size 75x17
          text run at (0,0) width 75: "Dummy text."
      RenderBlock {P} at (0,465) size 784x17 [color=#C0C0C0]
        RenderText {#text} at (0,0) size 75x17
          text run at (0,0) width 75: "Dummy text."
      RenderBlock {P} at (0,495) size 784x17 [color=#C0C0C0]
        RenderText {#text} at (0,0) size 75x17
          text run at (0,0) width 75: "Dummy text."
      RenderBlock {P} at (0,525) size 784x17 [color=#C0C0C0]
        RenderText {#text} at (0,0) size 75x17
          text run at (0,0) width 75: "Dummy text."
      RenderBlock {P} at (0,555) size 784x17 [color=#C0C0C0]
        RenderText {#text} at (0,0) size 75x17
          text run at (0,0) width 75: "Dummy text."
      RenderBlock {P} at (0,585) size 784x17 [color=#C0C0C0]
        RenderText {#text} at (0,0) size 75x17
          text run at (0,0) width 75: "Dummy text."
      RenderBlock {P} at (0,615) size 784x17 [color=#C0C0C0]
        RenderText {#text} at (0,0) size 75x17
          text run at (0,0) width 75: "Dummy text."
      RenderBlock {P} at (0,645) size 784x17 [color=#C0C0C0]
        RenderText {#text} at (0,0) size 75x17
          text run at (0,0) width 75: "Dummy text."
      RenderBlock {P} at (0,675) size 784x17 [color=#C0C0C0]
        RenderText {#text} at (0,0) size 75x17
          text run at (0,0) width 75: "Dummy text."
      RenderBlock {P} at (0,705) size 784x17 [color=#C0C0C0]
        RenderText {#text} at (0,0) size 75x17
          text run at (0,0) width 75: "Dummy text."
      RenderBlock {P} at (0,735) size 784x17 [color=#C0C0C0]
        RenderText {#text} at (0,0) size 75x17
          text run at (0,0) width 75: "Dummy text."
      RenderBlock {P} at (0,765) size 784x17 [color=#C0C0C0]
        RenderText {#text} at (0,0) size 75x17
          text run at (0,0) width 75: "Dummy text."
      RenderBlock {P} at (0,795) size 784x17 [color=#C0C0C0]
        RenderText {#text} at (0,0) size 75x17
          text run at (0,0) width 75: "Dummy text."
      RenderBlock {P} at (0,825) size 784x17 [color=#C0C0C0]
        RenderText {#text} at (0,0) size 75x17
          text run at (0,0) width 75: "Dummy text."
      RenderBlock {P} at (0,855) size 784x17 [color=#C0C0C0]
        RenderText {#text} at (0,0) size 75x17
          text run at (0,0) width 75: "Dummy text."
      RenderBlock {P} at (0,885) size 784x17 [color=#C0C0C0]
        RenderText {#text} at (0,0) size 75x17
          text run at (0,0) width 75: "Dummy text."
      RenderBlock {P} at (0,915) size 784x17 [color=#C0C0C0]
        RenderText {#text} at (0,0) size 75x17
          text run at (0,0) width 75: "Dummy text."
      RenderBlock {P} at (0,945) size 784x17 [color=#C0C0C0]
        RenderText {#text} at (0,0) size 75x17
          text run at (0,0) width 75: "Dummy text."
      RenderBlock {P} at (0,975) size 784x17 [color=#C0C0C0]
        RenderText {#text} at (0,0) size 75x17
          text run at (0,0) width 75: "Dummy text."
      RenderBlock {P} at (0,1005) size 784x17 [color=#C0C0C0]
        RenderText {#text} at (0,0) size 75x17
          text run at (0,0) width 75: "Dummy text."
      RenderBlock {P} at (0,1035) size 784x17 [color=#C0C0C0]
        RenderText {#text} at (0,0) size 75x17
          text run at (0,0) width 75: "Dummy text."
      RenderBlock {P} at (0,1065) size 784x17 [color=#C0C0C0]
        RenderText {#text} at (0,0) size 75x17
          text run at (0,0) width 75: "Dummy text."
      RenderBlock {P} at (0,1095) size 784x17 [color=#C0C0C0]
        RenderText {#text} at (0,0) size 75x17
          text run at (0,0) width 75: "Dummy text."
      RenderBlock {P} at (0,1125) size 784x17 [color=#C0C0C0]
        RenderText {#text} at (0,0) size 75x17
          text run at (0,0) width 75: "Dummy text."
      RenderBlock {P} at (0,1155) size 784x17 [color=#C0C0C0]
        RenderText {#text} at (0,0) size 75x17
          text run at (0,0) width 75: "Dummy text."
      RenderBlock {P} at (0,1185) size 784x17 [color=#C0C0C0]
        RenderText {#text} at (0,0) size 75x17
          text run at (0,0) width 75: "Dummy text."
      RenderBlock {P} at (0,1215) size 784x17 [color=#C0C0C0]
        RenderText {#text} at (0,0) size 75x17
          text run at (0,0) width 75: "Dummy text."
      RenderBlock {P} at (0,1245) size 784x17 [color=#C0C0C0]
        RenderText {#text} at (0,0) size 75x17
          text run at (0,0) width 75: "Dummy text."
      RenderBlock {P} at (0,1275) size 784x17 [color=#C0C0C0]
        RenderText {#text} at (0,0) size 75x17
          text run at (0,0) width 75: "Dummy text."
      RenderBlock {P} at (0,1305) size 784x17 [color=#C0C0C0]
        RenderText {#text} at (0,0) size 75x17
          text run at (0,0) width 75: "Dummy text."
      RenderBlock {P} at (0,1335) size 784x17 [color=#C0C0C0]
        RenderText {#text} at (0,0) size 75x17
          text run at (0,0) width 75: "Dummy text."
      RenderBlock {P} at (0,1365) size 784x17 [color=#C0C0C0]
        RenderText {#text} at (0,0) size 75x17
          text run at (0,0) width 75: "Dummy text."
      RenderBlock {P} at (0,1395) size 784x17 [color=#C0C0C0]
        RenderText {#text} at (0,0) size 75x17
          text run at (0,0) width 75: "Dummy text."
      RenderBlock {P} at (0,1425) size 784x17 [color=#C0C0C0]
        RenderText {#text} at (0,0) size 75x17
          text run at (0,0) width 75: "Dummy text."
      RenderBlock {P} at (0,1455) size 784x17 [color=#C0C0C0]
        RenderText {#text} at (0,0) size 75x17
          text run at (0,0) width 75: "Dummy text."
      RenderBlock {P} at (0,1485) size 784x17 [color=#C0C0C0]
        RenderText {#text} at (0,0) size 75x17
          text run at (0,0) width 75: "Dummy text."
      RenderBlock {P} at (0,1515) size 784x17 [color=#C0C0C0]
        RenderText {#text} at (0,0) size 75x17
          text run at (0,0) width 75: "Dummy text."
      RenderBlock {P} at (0,1545) size 784x17 [color=#C0C0C0]
        RenderText {#text} at (0,0) size 75x17
          text run at (0,0) width 75: "Dummy text."
      RenderBlock {P} at (0,1575) size 784x17 [color=#C0C0C0]
        RenderText {#text} at (0,0) size 75x17
          text run at (0,0) width 75: "Dummy text."
      RenderBlock {P} at (0,1605) size 784x17 [color=#C0C0C0]
        RenderText {#text} at (0,0) size 75x17
          text run at (0,0) width 75: "Dummy text."
      RenderBlock {P} at (0,1635) size 784x17 [color=#C0C0C0]
        RenderText {#text} at (0,0) size 75x17
          text run at (0,0) width 75: "Dummy text."
      RenderBlock {P} at (0,1665) size 784x17 [color=#C0C0C0]
        RenderText {#text} at (0,0) size 75x17
          text run at (0,0) width 75: "Dummy text."
      RenderBlock {P} at (0,1695) size 784x17 [color=#C0C0C0]
        RenderText {#text} at (0,0) size 75x17
          text run at (0,0) width 75: "Dummy text."
