layer at (0,0) size 800x3408
  RenderView at (0,0) size 800x600
layer at (0,0) size 800x3408
  RenderBlock {HTML} at (0,0) size 800x3408
    RenderBody {BODY} at (8,8) size 784x3392
      RenderBlock {DIV} at (0,0) size 784x21 [color=#C0C0C0]
        RenderText {#text} at (0,0) size 88x21
          text run at (0,0) width 88: "Dummy text."
      RenderBlock {DIV} at (0,21) size 784x21 [color=#C0C0C0]
        RenderText {#text} at (0,0) size 88x21
          text run at (0,0) width 88: "Dummy text."
      RenderBlock {DIV} at (0,42) size 784x21 [color=#C0C0C0]
        RenderText {#text} at (0,0) size 88x21
          text run at (0,0) width 88: "Dummy text."
      RenderBlock {P} at (0,79) size 784x21
        RenderText {#text} at (0,0) size 678x21
          text run at (0,0) width 438: "Scroll this document. A line of blue should remain stuck at the "
          text run at (438,0) width 240: "top of the viewport the whole time."
      RenderBlock {DIV} at (0,116) size 784x21 [color=#C0C0C0]
        RenderText {#text} at (0,0) size 88x21
          text run at (0,0) width 88: "Dummy text."
      RenderBlock {DIV} at (0,137) size 784x21 [color=#C0C0C0]
        RenderText {#text} at (0,0) size 88x21
          text run at (0,0) width 88: "Dummy text."
      RenderBlock {DIV} at (0,158) size 784x21 [color=#C0C0C0]
        RenderText {#text} at (0,0) size 88x21
          text run at (0,0) width 88: "Dummy text."
      RenderBlock {DIV} at (0,179) size 784x21 [color=#C0C0C0]
        RenderText {#text} at (0,0) size 88x21
          text run at (0,0) width 88: "Dummy text."
      RenderBlock {DIV} at (0,200) size 784x21 [color=#C0C0C0]
        RenderText {#text} at (0,0) size 88x21
          text run at (0,0) width 88: "Dummy text."
      RenderBlock {DIV} at (0,221) size 784x21 [color=#C0C0C0]
        RenderText {#text} at (0,0) size 88x21
          text run at (0,0) width 88: "Dummy text."
      RenderBlock {DIV} at (0,242) size 784x21 [color=#C0C0C0]
        RenderText {#text} at (0,0) size 88x21
          text run at (0,0) width 88: "Dummy text."
      RenderBlock {DIV} at (0,263) size 784x21 [color=#C0C0C0]
        RenderText {#text} at (0,0) size 88x21
          text run at (0,0) width 88: "Dummy text."
      RenderBlock {DIV} at (0,284) size 784x21 [color=#C0C0C0]
        RenderText {#text} at (0,0) size 88x21
          text run at (0,0) width 88: "Dummy text."
      RenderBlock {DIV} at (0,305) size 784x21 [color=#C0C0C0]
        RenderText {#text} at (0,0) size 88x21
          text run at (0,0) width 88: "Dummy text."
      RenderBlock {DIV} at (0,326) size 784x21 [color=#C0C0C0]
        RenderText {#text} at (0,0) size 88x21
          text run at (0,0) width 88: "Dummy text."
      RenderBlock {DIV} at (0,347) size 784x21 [color=#C0C0C0]
        RenderText {#text} at (0,0) size 88x21
          text run at (0,0) width 88: "Dummy text."
      RenderBlock {DIV} at (0,368) size 784x21 [color=#C0C0C0]
        RenderText {#text} at (0,0) size 88x21
          text run at (0,0) width 88: "Dummy text."
      RenderBlock {DIV} at (0,389) size 784x21 [color=#C0C0C0]
        RenderText {#text} at (0,0) size 88x21
          text run at (0,0) width 88: "Dummy text."
      RenderBlock {DIV} at (0,410) size 784x21 [color=#C0C0C0]
        RenderText {#text} at (0,0) size 88x21
          text run at (0,0) width 88: "Dummy text."
      RenderBlock {DIV} at (0,431) size 784x21 [color=#C0C0C0]
        RenderText {#text} at (0,0) size 88x21
          text run at (0,0) width 88: "Dummy text."
      RenderBlock {DIV} at (0,452) size 784x21 [color=#C0C0C0]
        RenderText {#text} at (0,0) size 88x21
          text run at (0,0) width 88: "Dummy text."
      RenderBlock {DIV} at (0,473) size 784x21 [color=#C0C0C0]
        RenderText {#text} at (0,0) size 88x21
          text run at (0,0) width 88: "Dummy text."
      RenderBlock {DIV} at (0,494) size 784x21 [color=#C0C0C0]
        RenderText {#text} at (0,0) size 88x21
          text run at (0,0) width 88: "Dummy text."
      RenderBlock {DIV} at (0,515) size 784x21 [color=#C0C0C0]
        RenderText {#text} at (0,0) size 88x21
          text run at (0,0) width 88: "Dummy text."
      RenderBlock {DIV} at (0,536) size 784x21 [color=#C0C0C0]
        RenderText {#text} at (0,0) size 88x21
          text run at (0,0) width 88: "Dummy text."
      RenderBlock {DIV} at (0,557) size 784x21 [color=#C0C0C0]
        RenderText {#text} at (0,0) size 88x21
          text run at (0,0) width 88: "Dummy text."
      RenderBlock {DIV} at (0,578) size 784x21 [color=#C0C0C0]
        RenderText {#text} at (0,0) size 88x21
          text run at (0,0) width 88: "Dummy text."
      RenderBlock {DIV} at (0,599) size 784x21 [color=#C0C0C0]
        RenderText {#text} at (0,0) size 88x21
          text run at (0,0) width 88: "Dummy text."
      RenderBlock {DIV} at (0,620) size 784x21 [color=#C0C0C0]
        RenderText {#text} at (0,0) size 88x21
          text run at (0,0) width 88: "Dummy text."
      RenderBlock {DIV} at (0,641) size 784x21 [color=#C0C0C0]
        RenderText {#text} at (0,0) size 88x21
          text run at (0,0) width 88: "Dummy text."
      RenderBlock {DIV} at (0,662) size 784x21 [color=#C0C0C0]
        RenderText {#text} at (0,0) size 88x21
          text run at (0,0) width 88: "Dummy text."
      RenderBlock {DIV} at (0,683) size 784x21 [color=#C0C0C0]
        RenderText {#text} at (0,0) size 88x21
          text run at (0,0) width 88: "Dummy text."
      RenderBlock {DIV} at (0,704) size 784x21 [color=#C0C0C0]
        RenderText {#text} at (0,0) size 88x21
          text run at (0,0) width 88: "Dummy text."
      RenderBlock {DIV} at (0,725) size 784x21 [color=#C0C0C0]
        RenderText {#text} at (0,0) size 88x21
          text run at (0,0) width 88: "Dummy text."
      RenderBlock {DIV} at (0,746) size 784x21 [color=#C0C0C0]
        RenderText {#text} at (0,0) size 88x21
          text run at (0,0) width 88: "Dummy text."
      RenderBlock {DIV} at (0,767) size 784x21 [color=#C0C0C0]
        RenderText {#text} at (0,0) size 88x21
          text run at (0,0) width 88: "Dummy text."
      RenderBlock {DIV} at (0,788) size 784x21 [color=#C0C0C0]
        RenderText {#text} at (0,0) size 88x21
          text run at (0,0) width 88: "Dummy text."
      RenderBlock {DIV} at (0,809) size 784x21 [color=#C0C0C0]
        RenderText {#text} at (0,0) size 88x21
          text run at (0,0) width 88: "Dummy text."
      RenderBlock {DIV} at (0,830) size 784x21 [color=#C0C0C0]
        RenderText {#text} at (0,0) size 88x21
          text run at (0,0) width 88: "Dummy text."
      RenderBlock {DIV} at (0,851) size 784x21 [color=#C0C0C0]
        RenderText {#text} at (0,0) size 88x21
          text run at (0,0) width 88: "Dummy text."
      RenderBlock {DIV} at (0,872) size 784x21 [color=#C0C0C0]
        RenderText {#text} at (0,0) size 88x21
          text run at (0,0) width 88: "Dummy text."
      RenderBlock {DIV} at (0,893) size 784x21 [color=#C0C0C0]
        RenderText {#text} at (0,0) size 88x21
          text run at (0,0) width 88: "Dummy text."
      RenderBlock {DIV} at (0,914) size 784x21 [color=#C0C0C0]
        RenderText {#text} at (0,0) size 88x21
          text run at (0,0) width 88: "Dummy text."
      RenderBlock {DIV} at (0,935) size 784x21 [color=#C0C0C0]
        RenderText {#text} at (0,0) size 88x21
          text run at (0,0) width 88: "Dummy text."
      RenderBlock {DIV} at (0,956) size 784x21 [color=#C0C0C0]
        RenderText {#text} at (0,0) size 88x21
          text run at (0,0) width 88: "Dummy text."
      RenderBlock {DIV} at (0,977) size 784x21 [color=#C0C0C0]
        RenderText {#text} at (0,0) size 88x21
          text run at (0,0) width 88: "Dummy text."
      RenderBlock {DIV} at (0,998) size 784x21 [color=#C0C0C0]
        RenderText {#text} at (0,0) size 88x21
          text run at (0,0) width 88: "Dummy text."
      RenderBlock {DIV} at (0,1019) size 784x21 [color=#C0C0C0]
        RenderText {#text} at (0,0) size 88x21
          text run at (0,0) width 88: "Dummy text."
      RenderBlock {DIV} at (0,1040) size 784x21 [color=#C0C0C0]
        RenderText {#text} at (0,0) size 88x21
          text run at (0,0) width 88: "Dummy text."
      RenderBlock {DIV} at (0,1061) size 784x21 [color=#C0C0C0]
        RenderText {#text} at (0,0) size 88x21
          text run at (0,0) width 88: "Dummy text."
      RenderBlock {DIV} at (0,1082) size 784x21 [color=#C0C0C0]
        RenderText {#text} at (0,0) size 88x21
          text run at (0,0) width 88: "Dummy text."
      RenderBlock {DIV} at (0,1103) size 784x21 [color=#C0C0C0]
        RenderText {#text} at (0,0) size 88x21
          text run at (0,0) width 88: "Dummy text."
      RenderBlock {DIV} at (0,1124) size 784x21 [color=#C0C0C0]
        RenderText {#text} at (0,0) size 88x21
          text run at (0,0) width 88: "Dummy text."
      RenderBlock {DIV} at (0,1145) size 784x21 [color=#C0C0C0]
        RenderText {#text} at (0,0) size 88x21
          text run at (0,0) width 88: "Dummy text."
      RenderBlock {DIV} at (0,1166) size 784x21 [color=#C0C0C0]
        RenderText {#text} at (0,0) size 88x21
          text run at (0,0) width 88: "Dummy text."
      RenderBlock {DIV} at (0,1187) size 784x21 [color=#C0C0C0]
        RenderText {#text} at (0,0) size 88x21
          text run at (0,0) width 88: "Dummy text."
      RenderBlock {DIV} at (0,1208) size 784x21 [color=#C0C0C0]
        RenderText {#text} at (0,0) size 88x21
          text run at (0,0) width 88: "Dummy text."
      RenderBlock {DIV} at (0,1229) size 784x21 [color=#C0C0C0]
        RenderText {#text} at (0,0) size 88x21
          text run at (0,0) width 88: "Dummy text."
      RenderBlock {DIV} at (0,1250) size 784x21 [color=#C0C0C0]
        RenderText {#text} at (0,0) size 88x21
          text run at (0,0) width 88: "Dummy text."
      RenderBlock {DIV} at (0,1271) size 784x21 [color=#C0C0C0]
        RenderText {#text} at (0,0) size 88x21
          text run at (0,0) width 88: "Dummy text."
      RenderBlock {DIV} at (0,1292) size 784x21 [color=#C0C0C0]
        RenderText {#text} at (0,0) size 88x21
          text run at (0,0) width 88: "Dummy text."
      RenderBlock {DIV} at (0,1313) size 784x21 [color=#C0C0C0]
        RenderText {#text} at (0,0) size 88x21
          text run at (0,0) width 88: "Dummy text."
      RenderBlock {DIV} at (0,1334) size 784x21 [color=#C0C0C0]
        RenderText {#text} at (0,0) size 88x21
          text run at (0,0) width 88: "Dummy text."
      RenderBlock {DIV} at (0,1355) size 784x21 [color=#C0C0C0]
        RenderText {#text} at (0,0) size 88x21
          text run at (0,0) width 88: "Dummy text."
      RenderBlock {DIV} at (0,1376) size 784x21 [color=#C0C0C0]
        RenderText {#text} at (0,0) size 88x21
          text run at (0,0) width 88: "Dummy text."
      RenderBlock {DIV} at (0,1397) size 784x21 [color=#C0C0C0]
        RenderText {#text} at (0,0) size 88x21
          text run at (0,0) width 88: "Dummy text."
      RenderBlock {DIV} at (0,1418) size 784x21 [color=#C0C0C0]
        RenderText {#text} at (0,0) size 88x21
          text run at (0,0) width 88: "Dummy text."
      RenderBlock {DIV} at (0,1439) size 784x21 [color=#C0C0C0]
        RenderText {#text} at (0,0) size 88x21
          text run at (0,0) width 88: "Dummy text."
      RenderBlock {DIV} at (0,1460) size 784x21 [color=#C0C0C0]
        RenderText {#text} at (0,0) size 88x21
          text run at (0,0) width 88: "Dummy text."
      RenderBlock {DIV} at (0,1481) size 784x21 [color=#C0C0C0]
        RenderText {#text} at (0,0) size 88x21
          text run at (0,0) width 88: "Dummy text."
      RenderBlock {DIV} at (0,1502) size 784x21 [color=#C0C0C0]
        RenderText {#text} at (0,0) size 88x21
          text run at (0,0) width 88: "Dummy text."
      RenderBlock {DIV} at (0,1523) size 784x21 [color=#C0C0C0]
        RenderText {#text} at (0,0) size 88x21
          text run at (0,0) width 88: "Dummy text."
      RenderBlock {DIV} at (0,1544) size 784x21 [color=#C0C0C0]
        RenderText {#text} at (0,0) size 88x21
          text run at (0,0) width 88: "Dummy text."
      RenderBlock {DIV} at (0,1565) size 784x21 [color=#C0C0C0]
        RenderText {#text} at (0,0) size 88x21
          text run at (0,0) width 88: "Dummy text."
      RenderBlock {DIV} at (0,1586) size 784x21 [color=#C0C0C0]
        RenderText {#text} at (0,0) size 88x21
          text run at (0,0) width 88: "Dummy text."
      RenderBlock {DIV} at (0,1607) size 784x21 [color=#C0C0C0]
        RenderText {#text} at (0,0) size 88x21
          text run at (0,0) width 88: "Dummy text."
      RenderBlock {DIV} at (0,1628) size 784x21 [color=#C0C0C0]
        RenderText {#text} at (0,0) size 88x21
          text run at (0,0) width 88: "Dummy text."
      RenderBlock {DIV} at (0,1649) size 784x21 [color=#C0C0C0]
        RenderText {#text} at (0,0) size 88x21
          text run at (0,0) width 88: "Dummy text."
      RenderBlock {DIV} at (0,1670) size 784x21 [color=#C0C0C0]
        RenderText {#text} at (0,0) size 88x21
          text run at (0,0) width 88: "Dummy text."
      RenderBlock {DIV} at (0,1691) size 784x21 [color=#C0C0C0]
        RenderText {#text} at (0,0) size 88x21
          text run at (0,0) width 88: "Dummy text."
      RenderBlock {DIV} at (0,1712) size 784x21 [color=#C0C0C0]
        RenderText {#text} at (0,0) size 88x21
          text run at (0,0) width 88: "Dummy text."
      RenderBlock {DIV} at (0,1733) size 784x21 [color=#C0C0C0]
        RenderText {#text} at (0,0) size 88x21
          text run at (0,0) width 88: "Dummy text."
      RenderBlock {DIV} at (0,1754) size 784x21 [color=#C0C0C0]
        RenderText {#text} at (0,0) size 88x21
          text run at (0,0) width 88: "Dummy text."
      RenderBlock {DIV} at (0,1775) size 784x21 [color=#C0C0C0]
        RenderText {#text} at (0,0) size 88x21
          text run at (0,0) width 88: "Dummy text."
      RenderBlock {DIV} at (0,1796) size 784x21 [color=#C0C0C0]
        RenderText {#text} at (0,0) size 88x21
          text run at (0,0) width 88: "Dummy text."
      RenderBlock {DIV} at (0,1817) size 784x21 [color=#C0C0C0]
        RenderText {#text} at (0,0) size 88x21
          text run at (0,0) width 88: "Dummy text."
      RenderBlock {DIV} at (0,1838) size 784x21 [color=#C0C0C0]
        RenderText {#text} at (0,0) size 88x21
          text run at (0,0) width 88: "Dummy text."
      RenderBlock {DIV} at (0,1859) size 784x21 [color=#C0C0C0]
        RenderText {#text} at (0,0) size 88x21
          text run at (0,0) width 88: "Dummy text."
      RenderBlock {DIV} at (0,1880) size 784x21 [color=#C0C0C0]
        RenderText {#text} at (0,0) size 88x21
          text run at (0,0) width 88: "Dummy text."
      RenderBlock {DIV} at (0,1901) size 784x21 [color=#C0C0C0]
        RenderText {#text} at (0,0) size 88x21
          text run at (0,0) width 88: "Dummy text."
      RenderBlock {DIV} at (0,1922) size 784x21 [color=#C0C0C0]
        RenderText {#text} at (0,0) size 88x21
          text run at (0,0) width 88: "Dummy text."
      RenderBlock {DIV} at (0,1943) size 784x21 [color=#C0C0C0]
        RenderText {#text} at (0,0) size 88x21
          text run at (0,0) width 88: "Dummy text."
      RenderBlock {DIV} at (0,1964) size 784x21 [color=#C0C0C0]
        RenderText {#text} at (0,0) size 88x21
          text run at (0,0) width 88: "Dummy text."
      RenderBlock {DIV} at (0,1985) size 784x21 [color=#C0C0C0]
        RenderText {#text} at (0,0) size 88x21
          text run at (0,0) width 88: "Dummy text."
      RenderBlock {DIV} at (0,2006) size 784x21 [color=#C0C0C0]
        RenderText {#text} at (0,0) size 88x21
          text run at (0,0) width 88: "Dummy text."
      RenderBlock {DIV} at (0,2027) size 784x21 [color=#C0C0C0]
        RenderText {#text} at (0,0) size 88x21
          text run at (0,0) width 88: "Dummy text."
      RenderBlock {DIV} at (0,2048) size 784x21 [color=#C0C0C0]
        RenderText {#text} at (0,0) size 88x21
          text run at (0,0) width 88: "Dummy text."
      RenderBlock {DIV} at (0,2069) size 784x21 [color=#C0C0C0]
        RenderText {#text} at (0,0) size 88x21
          text run at (0,0) width 88: "Dummy text."
      RenderBlock {DIV} at (0,2090) size 784x21 [color=#C0C0C0]
        RenderText {#text} at (0,0) size 88x21
          text run at (0,0) width 88: "Dummy text."
      RenderBlock {DIV} at (0,2111) size 784x21 [color=#C0C0C0]
        RenderText {#text} at (0,0) size 88x21
          text run at (0,0) width 88: "Dummy text."
      RenderBlock {DIV} at (0,2132) size 784x21 [color=#C0C0C0]
        RenderText {#text} at (0,0) size 88x21
          text run at (0,0) width 88: "Dummy text."
      RenderBlock {DIV} at (0,2153) size 784x21 [color=#C0C0C0]
        RenderText {#text} at (0,0) size 88x21
          text run at (0,0) width 88: "Dummy text."
      RenderBlock {DIV} at (0,2174) size 784x21 [color=#C0C0C0]
        RenderText {#text} at (0,0) size 88x21
          text run at (0,0) width 88: "Dummy text."
      RenderBlock {DIV} at (0,2195) size 784x21 [color=#C0C0C0]
        RenderText {#text} at (0,0) size 88x21
          text run at (0,0) width 88: "Dummy text."
      RenderBlock {DIV} at (0,2216) size 784x21 [color=#C0C0C0]
        RenderText {#text} at (0,0) size 88x21
          text run at (0,0) width 88: "Dummy text."
      RenderBlock {DIV} at (0,2237) size 784x21 [color=#C0C0C0]
        RenderText {#text} at (0,0) size 88x21
          text run at (0,0) width 88: "Dummy text."
      RenderBlock {DIV} at (0,2258) size 784x21 [color=#C0C0C0]
        RenderText {#text} at (0,0) size 88x21
          text run at (0,0) width 88: "Dummy text."
      RenderBlock {DIV} at (0,2279) size 784x21 [color=#C0C0C0]
        RenderText {#text} at (0,0) size 88x21
          text run at (0,0) width 88: "Dummy text."
      RenderBlock {DIV} at (0,2300) size 784x21 [color=#C0C0C0]
        RenderText {#text} at (0,0) size 88x21
          text run at (0,0) width 88: "Dummy text."
      RenderBlock {DIV} at (0,2321) size 784x21 [color=#C0C0C0]
        RenderText {#text} at (0,0) size 88x21
          text run at (0,0) width 88: "Dummy text."
      RenderBlock {DIV} at (0,2342) size 784x21 [color=#C0C0C0]
        RenderText {#text} at (0,0) size 88x21
          text run at (0,0) width 88: "Dummy text."
      RenderBlock {DIV} at (0,2363) size 784x21 [color=#C0C0C0]
        RenderText {#text} at (0,0) size 88x21
          text run at (0,0) width 88: "Dummy text."
      RenderBlock {DIV} at (0,2384) size 784x21 [color=#C0C0C0]
        RenderText {#text} at (0,0) size 88x21
          text run at (0,0) width 88: "Dummy text."
      RenderBlock {DIV} at (0,2405) size 784x21 [color=#C0C0C0]
        RenderText {#text} at (0,0) size 88x21
          text run at (0,0) width 88: "Dummy text."
      RenderBlock {DIV} at (0,2426) size 784x21 [color=#C0C0C0]
        RenderText {#text} at (0,0) size 88x21
          text run at (0,0) width 88: "Dummy text."
      RenderBlock {DIV} at (0,2447) size 784x21 [color=#C0C0C0]
        RenderText {#text} at (0,0) size 88x21
          text run at (0,0) width 88: "Dummy text."
      RenderBlock {DIV} at (0,2468) size 784x21 [color=#C0C0C0]
        RenderText {#text} at (0,0) size 88x21
          text run at (0,0) width 88: "Dummy text."
      RenderBlock {DIV} at (0,2489) size 784x21 [color=#C0C0C0]
        RenderText {#text} at (0,0) size 88x21
          text run at (0,0) width 88: "Dummy text."
      RenderBlock {DIV} at (0,2510) size 784x21 [color=#C0C0C0]
        RenderText {#text} at (0,0) size 88x21
          text run at (0,0) width 88: "Dummy text."
      RenderBlock {DIV} at (0,2531) size 784x21 [color=#C0C0C0]
        RenderText {#text} at (0,0) size 88x21
          text run at (0,0) width 88: "Dummy text."
      RenderBlock {DIV} at (0,2552) size 784x21 [color=#C0C0C0]
        RenderText {#text} at (0,0) size 88x21
          text run at (0,0) width 88: "Dummy text."
      RenderBlock {DIV} at (0,2573) size 784x21 [color=#C0C0C0]
        RenderText {#text} at (0,0) size 88x21
          text run at (0,0) width 88: "Dummy text."
      RenderBlock {DIV} at (0,2594) size 784x21 [color=#C0C0C0]
        RenderText {#text} at (0,0) size 88x21
          text run at (0,0) width 88: "Dummy text."
      RenderBlock {DIV} at (0,2615) size 784x21 [color=#C0C0C0]
        RenderText {#text} at (0,0) size 88x21
          text run at (0,0) width 88: "Dummy text."
      RenderBlock {DIV} at (0,2636) size 784x21 [color=#C0C0C0]
        RenderText {#text} at (0,0) size 88x21
          text run at (0,0) width 88: "Dummy text."
      RenderBlock {DIV} at (0,2657) size 784x21 [color=#C0C0C0]
        RenderText {#text} at (0,0) size 88x21
          text run at (0,0) width 88: "Dummy text."
      RenderBlock {DIV} at (0,2678) size 784x21 [color=#C0C0C0]
        RenderText {#text} at (0,0) size 88x21
          text run at (0,0) width 88: "Dummy text."
      RenderBlock {DIV} at (0,2699) size 784x21 [color=#C0C0C0]
        RenderText {#text} at (0,0) size 88x21
          text run at (0,0) width 88: "Dummy text."
      RenderBlock {DIV} at (0,2720) size 784x21 [color=#C0C0C0]
        RenderText {#text} at (0,0) size 88x21
          text run at (0,0) width 88: "Dummy text."
      RenderBlock {DIV} at (0,2741) size 784x21 [color=#C0C0C0]
        RenderText {#text} at (0,0) size 88x21
          text run at (0,0) width 88: "Dummy text."
      RenderBlock {DIV} at (0,2762) size 784x21 [color=#C0C0C0]
        RenderText {#text} at (0,0) size 88x21
          text run at (0,0) width 88: "Dummy text."
      RenderBlock {DIV} at (0,2783) size 784x21 [color=#C0C0C0]
        RenderText {#text} at (0,0) size 88x21
          text run at (0,0) width 88: "Dummy text."
      RenderBlock {DIV} at (0,2804) size 784x21 [color=#C0C0C0]
        RenderText {#text} at (0,0) size 88x21
          text run at (0,0) width 88: "Dummy text."
      RenderBlock {DIV} at (0,2825) size 784x21 [color=#C0C0C0]
        RenderText {#text} at (0,0) size 88x21
          text run at (0,0) width 88: "Dummy text."
      RenderBlock {DIV} at (0,2846) size 784x21 [color=#C0C0C0]
        RenderText {#text} at (0,0) size 88x21
          text run at (0,0) width 88: "Dummy text."
      RenderBlock {DIV} at (0,2867) size 784x21 [color=#C0C0C0]
        RenderText {#text} at (0,0) size 88x21
          text run at (0,0) width 88: "Dummy text."
      RenderBlock {DIV} at (0,2888) size 784x21 [color=#C0C0C0]
        RenderText {#text} at (0,0) size 88x21
          text run at (0,0) width 88: "Dummy text."
      RenderBlock {DIV} at (0,2909) size 784x21 [color=#C0C0C0]
        RenderText {#text} at (0,0) size 88x21
          text run at (0,0) width 88: "Dummy text."
      RenderBlock {DIV} at (0,2930) size 784x21 [color=#C0C0C0]
        RenderText {#text} at (0,0) size 88x21
          text run at (0,0) width 88: "Dummy text."
      RenderBlock {DIV} at (0,2951) size 784x21 [color=#C0C0C0]
        RenderText {#text} at (0,0) size 88x21
          text run at (0,0) width 88: "Dummy text."
      RenderBlock {DIV} at (0,2972) size 784x21 [color=#C0C0C0]
        RenderText {#text} at (0,0) size 88x21
          text run at (0,0) width 88: "Dummy text."
      RenderBlock {DIV} at (0,2993) size 784x21 [color=#C0C0C0]
        RenderText {#text} at (0,0) size 88x21
          text run at (0,0) width 88: "Dummy text."
      RenderBlock {DIV} at (0,3014) size 784x21 [color=#C0C0C0]
        RenderText {#text} at (0,0) size 88x21
          text run at (0,0) width 88: "Dummy text."
      RenderBlock {DIV} at (0,3035) size 784x21 [color=#C0C0C0]
        RenderText {#text} at (0,0) size 88x21
          text run at (0,0) width 88: "Dummy text."
      RenderBlock {DIV} at (0,3056) size 784x21 [color=#C0C0C0]
        RenderText {#text} at (0,0) size 88x21
          text run at (0,0) width 88: "Dummy text."
      RenderBlock {DIV} at (0,3077) size 784x21 [color=#C0C0C0]
        RenderText {#text} at (0,0) size 88x21
          text run at (0,0) width 88: "Dummy text."
      RenderBlock {DIV} at (0,3098) size 784x21 [color=#C0C0C0]
        RenderText {#text} at (0,0) size 88x21
          text run at (0,0) width 88: "Dummy text."
      RenderBlock {DIV} at (0,3119) size 784x21 [color=#C0C0C0]
        RenderText {#text} at (0,0) size 88x21
          text run at (0,0) width 88: "Dummy text."
      RenderBlock {DIV} at (0,3140) size 784x21 [color=#C0C0C0]
        RenderText {#text} at (0,0) size 88x21
          text run at (0,0) width 88: "Dummy text."
      RenderBlock {DIV} at (0,3161) size 784x21 [color=#C0C0C0]
        RenderText {#text} at (0,0) size 88x21
          text run at (0,0) width 88: "Dummy text."
      RenderBlock {DIV} at (0,3182) size 784x21 [color=#C0C0C0]
        RenderText {#text} at (0,0) size 88x21
          text run at (0,0) width 88: "Dummy text."
      RenderBlock {DIV} at (0,3203) size 784x21 [color=#C0C0C0]
        RenderText {#text} at (0,0) size 88x21
          text run at (0,0) width 88: "Dummy text."
      RenderBlock {DIV} at (0,3224) size 784x21 [color=#C0C0C0]
        RenderText {#text} at (0,0) size 88x21
          text run at (0,0) width 88: "Dummy text."
      RenderBlock {DIV} at (0,3245) size 784x21 [color=#C0C0C0]
        RenderText {#text} at (0,0) size 88x21
          text run at (0,0) width 88: "Dummy text."
      RenderBlock {DIV} at (0,3266) size 784x21 [color=#C0C0C0]
        RenderText {#text} at (0,0) size 88x21
          text run at (0,0) width 88: "Dummy text."
      RenderBlock {DIV} at (0,3287) size 784x21 [color=#C0C0C0]
        RenderText {#text} at (0,0) size 88x21
          text run at (0,0) width 88: "Dummy text."
      RenderBlock {DIV} at (0,3308) size 784x21 [color=#C0C0C0]
        RenderText {#text} at (0,0) size 88x21
          text run at (0,0) width 88: "Dummy text."
      RenderBlock {DIV} at (0,3329) size 784x21 [color=#C0C0C0]
        RenderText {#text} at (0,0) size 88x21
          text run at (0,0) width 88: "Dummy text."
      RenderBlock {DIV} at (0,3350) size 784x21 [color=#C0C0C0]
        RenderText {#text} at (0,0) size 88x21
          text run at (0,0) width 88: "Dummy text."
      RenderBlock {DIV} at (0,3371) size 784x21 [color=#C0C0C0]
        RenderText {#text} at (0,0) size 88x21
          text run at (0,0) width 88: "Dummy text."
