layer at (0,0) size 800x600
  RenderView at (0,0) size 800x600
layer at (0,0) size 800x225
  RenderBlock {HTML} at (0,0) size 800x225
    RenderBody {BODY} at (8,18) size 784x189 [color=#000080]
      RenderBlock {P} at (0,0) size 784x189
        RenderText {#text} at (0,2) size 618x23
          text run at (0,2) width 618: "This text should be 18px serif. There should be a 9px gap between each line. "
        RenderInline {SPAN} at (0,0) size 779x185 [color=#C0C0C0]
          RenderText {#text} at (618,2) size 779x185
            text run at (618,2) width 157: "dummy text dummy"
            text run at (0,29) width 392: "text dummy text dummy text dummy text dummy "
            text run at (392,29) width 387: "text dummy text dummy text dummy text dummy"
            text run at (0,56) width 196: "text dummy text dummy "
            text run at (196,56) width 583: "text dummy text dummy text dummy text dummy text dummy text dummy"
            text run at (0,83) width 588: "text dummy text dummy text dummy text dummy text dummy text dummy "
            text run at (588,83) width 191: "text dummy text dummy"
            text run at (0,110) width 392: "text dummy text dummy text dummy text dummy "
            text run at (392,110) width 387: "text dummy text dummy text dummy text dummy"
            text run at (0,137) width 196: "text dummy text dummy "
            text run at (196,137) width 583: "text dummy text dummy text dummy text dummy text dummy text dummy"
            text run at (0,164) width 519: "text dummy text dummy text dummy text dummy text dummy text"
        RenderText {#text} at (0,0) size 0x0
