layer at (0,0) size 800x600
  RenderView at (0,0) size 800x600
layer at (0,0) size 800x311
  RenderBlock {HTML} at (0,0) size 800x311
    RenderBody {BODY} at (8,10) size 784x291
      RenderBlock {P} at (10,0) size 764x17 [color=#000080]
        RenderText {#text} at (0,0) size 189x17
          text run at (0,0) width 189: "This sentence should be normal."
      RenderBlock {P} at (10,27) size 764x17 [color=#000080]
        RenderText {#text} at (0,0) size 204x17
          text run at (0,0) width 204: "This sentence should be the same."
      RenderBlock {P} at (10,54) size 764x21 [color=#000080]
        RenderText {#text} at (0,0) size 311x21
          text run at (0,0) width 311: "This sentence should be larger than normal."
      RenderBlock {P} at (10,85) size 764x15 [color=#000080]
        RenderText {#text} at (0,0) size 220x15
          text run at (0,0) width 220: "This sentence should be smaller than normal."
      RenderBlock {P} at (10,110) size 764x17 [color=#000080]
        RenderText {#text} at (0,4) size 154x12
          text run at (0,4) width 154: "This sentence should be very small. "
        RenderInline {SPAN} at (0,0) size 236x17
          RenderText {#text} at (154,0) size 236x17
            text run at (154,0) width 236: "This sentence should be back to normal."
        RenderText {#text} at (0,0) size 0x0
      RenderBlock {P} at (10,137) size 764x17 [color=#000080]
        RenderText {#text} at (0,3) size 176x13
          text run at (0,3) width 176: "This sentence should be rather small. "
        RenderInline {SPAN} at (0,0) size 236x17
          RenderText {#text} at (176,0) size 236x17
            text run at (176,0) width 236: "This sentence should be back to normal."
        RenderText {#text} at (0,0) size 0x0
      RenderBlock {P} at (10,164) size 764x17 [color=#000080]
        RenderText {#text} at (0,1) size 171x16
          text run at (0,1) width 171: "This sentence should be small. "
        RenderInline {SPAN} at (0,0) size 236x17
          RenderText {#text} at (171,0) size 236x17
            text run at (171,0) width 236: "This sentence should be back to normal."
        RenderText {#text} at (0,0) size 0x0
      RenderBlock {P} at (10,191) size 764x21 [color=#000080]
        RenderText {#text} at (0,0) size 222x21
          text run at (0,0) width 222: "This sentence should be large. "
        RenderInline {SPAN} at (0,0) size 236x17
          RenderText {#text} at (222,3) size 236x17
            text run at (222,3) width 236: "This sentence should be back to normal."
        RenderText {#text} at (0,0) size 0x0
      RenderBlock {P} at (10,222) size 764x26 [color=#000080]
        RenderText {#text} at (0,0) size 337x26
          text run at (0,0) width 337: "This sentence should be rather large. "
        RenderInline {SPAN} at (0,0) size 236x17
          RenderText {#text} at (337,7) size 236x17
            text run at (337,7) width 236: "This sentence should be back to normal."
        RenderText {#text} at (0,0) size 0x0
      RenderBlock {P} at (10,258) size 764x33 [color=#000080]
        RenderText {#text} at (0,0) size 410x33
          text run at (0,0) width 410: "This sentence should be very large. "
        RenderInline {SPAN} at (0,0) size 236x17
          RenderText {#text} at (410,12) size 236x17
            text run at (410,12) width 236: "This sentence should be back to normal."
        RenderText {#text} at (0,0) size 0x0
