layer at (0,0) size 800x600
  RenderView at (0,0) size 800x600
layer at (0,0) size 800x225
  RenderBlock {HTML} at (0,0) size 800x225
    RenderBody {BODY} at (8,18) size 784x189 [color=#000080]
      RenderBlock {P} at (0,0) size 784x189
        RenderText {#text} at (0,2) size 662x23
          text run at (0,2) width 662: "This text should be 18px sans-serif. There should be a 9px gap between each line. "
        RenderInline {SPAN} at (0,0) size 779x185 [color=#C0C0C0]
          RenderText {#text} at (662,2) size 779x185
            text run at (662,2) width 93: "dummy text"
            text run at (0,29) width 456: "dummy text dummy text dummy text dummy text dummy "
            text run at (456,29) width 323: "text dummy text dummy text dummy text"
            text run at (0,56) width 260: "dummy text dummy text dummy "
            text run at (260,56) width 519: "text dummy text dummy text dummy text dummy text dummy text"
            text run at (0,83) width 64: "dummy "
            text run at (64,83) width 588: "text dummy text dummy text dummy text dummy text dummy text dummy "
            text run at (652,83) width 127: "text dummy text"
            text run at (0,110) width 456: "dummy text dummy text dummy text dummy text dummy "
            text run at (456,110) width 323: "text dummy text dummy text dummy text"
            text run at (0,137) width 260: "dummy text dummy text dummy "
            text run at (260,137) width 519: "text dummy text dummy text dummy text dummy text dummy text"
            text run at (0,164) width 64: "dummy "
            text run at (64,164) width 519: "text dummy text dummy text dummy text dummy text dummy text"
        RenderText {#text} at (0,0) size 0x0
