layer at (0,0) size 800x600
  RenderView at (0,0) size 800x600
layer at (0,0) size 800x468
  RenderBlock {HTML} at (0,0) size 800x468
    RenderBody {BODY} at (8,18) size 784x432
      RenderBlock {P} at (0,0) size 784x432
        RenderInline {SPAN} at (0,0) size 754x401 [color=#FFFFFF] [bgcolor=#000080]
          RenderText {#text} at (0,15) size 749x77
            text run at (0,15) width 486: "This text should be 18px sans-serif, in small-caps, italicized, "
            text run at (486,15) width 263: "and very light. There should be a"
            text run at (0,69) width 251: "36px gap betwen each line. The "
            text run at (251,69) width 452: "text should have a blue background, the gap should not. "
          RenderInline {SPAN} at (0,0) size 754x347 [color=#0000FF]
            RenderText {#text} at (703,69) size 754x347
              text run at (703,69) width 51: "dummy"
              text run at (0,123) width 465: "text dummy text dummy text dummy text dummy text dummy "
              text run at (465,123) width 276: "text dummy text dummy text dummy"
              text run at (0,177) width 279: "text dummy text dummy text dummy "
              text run at (279,177) width 462: "text dummy text dummy text dummy text dummy text dummy"
              text run at (0,231) width 93: "text dummy "
              text run at (93,231) width 558: "text dummy text dummy text dummy text dummy text dummy text dummy "
              text run at (651,231) width 90: "text dummy"
              text run at (0,285) width 465: "text dummy text dummy text dummy text dummy text dummy "
              text run at (465,285) width 276: "text dummy text dummy text dummy"
              text run at (0,339) width 279: "text dummy text dummy text dummy "
              text run at (279,339) width 462: "text dummy text dummy text dummy text dummy text dummy"
              text run at (0,393) width 93: "text dummy "
              text run at (93,393) width 501: "text dummy text dummy text dummy text dummy text dummy text"
          RenderText {#text} at (0,0) size 0x0
        RenderText {#text} at (0,0) size 0x0
