layer at (0,0) size 800x600
  RenderView at (0,0) size 800x600
layer at (0,0) size 800x468
  RenderBlock {HTML} at (0,0) size 800x468
    RenderBody {BODY} at (8,18) size 784x432 [color=#000080]
      RenderBlock {P} at (0,0) size 784x432
        RenderText {#text} at (0,15) size 749x77
          text run at (0,15) width 749: "This text should be 18px sans-serif, in small-caps, italicized, and very light. There should be a"
          text run at (0,69) width 226: "36px gap between each line. "
        RenderInline {SPAN} at (0,0) size 742x347 [color=#C0C0C0]
          RenderText {#text} at (226,69) size 742x347
            text run at (226,69) width 516: "dummy text dummy text dummy text dummy text dummy text dummy"
            text run at (0,123) width 558: "text dummy text dummy text dummy text dummy text dummy text dummy "
            text run at (558,123) width 183: "text dummy text dummy"
            text run at (0,177) width 372: "text dummy text dummy text dummy text dummy "
            text run at (372,177) width 369: "text dummy text dummy text dummy text dummy"
            text run at (0,231) width 186: "text dummy text dummy "
            text run at (186,231) width 555: "text dummy text dummy text dummy text dummy text dummy text dummy"
            text run at (0,285) width 558: "text dummy text dummy text dummy text dummy text dummy text dummy "
            text run at (558,285) width 183: "text dummy text dummy"
            text run at (0,339) width 372: "text dummy text dummy text dummy text dummy "
            text run at (372,339) width 369: "text dummy text dummy text dummy text dummy"
            text run at (0,393) width 129: "text dummy text"
        RenderText {#text} at (0,0) size 0x0
