layer at (0,0) size 800x600
  RenderView at (0,0) size 800x600
layer at (0,0) size 800x230
  RenderBlock {HTML} at (0,0) size 800x230
    RenderBody {BODY} at (8,16) size 784x206
      RenderBlock {P} at (0,0) size 784x20
        RenderText {#text} at (0,0) size 357x20
          text run at (0,0) width 357: "There should be no red borders on the table below"
      RenderTable {TABLE} at (0,36) size 142x170 [border: (2px none #808080)]
        RenderTableSection {TBODY} at (2,2) size 137x165
          RenderTableRow {TR} at (0,0) size 137x55
            RenderTableCell {TD} at (0,14) size 43x27 [border: (3px ridge #00FF00)] [r=0 c=0 rs=1 cs=1]
              RenderText {#text} at (4,4) size 36x20
                text run at (4,4) width 36: "ridge"
            RenderTableCell {TD} at (43,15) size 51x25 [border: (3px ridge #00FF00) none (3px ridge #00FF00)] [r=0 c=1 rs=1 cs=1]
              RenderText {#text} at (4,4) size 36x20
                text run at (4,4) width 36: "ridge"
            RenderTableCell {TD} at (94,14) size 43x27 [border: (3px ridge #00FF00)] [r=0 c=2 rs=1 cs=1]
              RenderText {#text} at (4,4) size 36x20
                text run at (4,4) width 36: "ridge"
          RenderTableRow {TR} at (0,55) size 137x55
            RenderTableCell {TD} at (0,69) size 43x27 [border: (3px ridge #00FF00) none (2px ridge #00FF00)] [r=1 c=0 rs=1 cs=1]
              RenderText {#text} at (4,4) size 36x20
                text run at (4,4) width 36: "ridge"
            RenderTableCell {TD} at (43,71) size 51x22 [r=1 c=1 rs=1 cs=1]
              RenderText {#text} at (1,1) size 49x20
                text run at (1,1) width 49: "hidden"
            RenderTableCell {TD} at (94,69) size 43x27 [border: (3px ridge #00FF00) none] [r=1 c=2 rs=1 cs=1]
              RenderText {#text} at (1,4) size 36x20
                text run at (1,4) width 36: "ridge"
          RenderTableRow {TR} at (0,110) size 137x55
            RenderTableCell {TD} at (0,124) size 43x27 [border: (3px ridge #00FF00)] [r=2 c=0 rs=1 cs=1]
              RenderText {#text} at (4,4) size 36x20
                text run at (4,4) width 36: "ridge"
            RenderTableCell {TD} at (43,125) size 51x24 [border: none (2px ridge #00FF00)] [r=2 c=1 rs=1 cs=1]
              RenderText {#text} at (4,1) size 36x20
                text run at (4,1) width 36: "ridge"
            RenderTableCell {TD} at (94,124) size 43x27 [border: (3px ridge #00FF00)] [r=2 c=2 rs=1 cs=1]
              RenderText {#text} at (4,4) size 36x20
                text run at (4,4) width 36: "ridge"
