layer at (0,0) size 800x600
  RenderView at (0,0) size 800x600
layer at (0,0) size 800x240
  RenderBlock {HTML} at (0,0) size 800x240
    RenderBody {BODY} at (8,16) size 784x216
      RenderBlock {P} at (0,0) size 784x20
        RenderText {#text} at (0,0) size 357x20
          text run at (0,0) width 357: "There should be no red borders on the table below"
      RenderTable {TABLE} at (0,36) size 173x180 [border: (2px none #808080)]
        RenderTableSection {TBODY} at (2,2) size 168x175
          RenderTableRow {TR} at (0,0) size 168x58
            RenderTableCell {TD} at (0,15) size 54x27 [border: (3px dotted #00FF00)] [r=0 c=0 rs=1 cs=1]
              RenderText {#text} at (4,4) size 44x20
                text run at (4,4) width 44: "dotted"
            RenderTableCell {TD} at (54,14) size 61x30 [border: (3px dotted #00FF00) (5px dotted #FF0000) (3px dotted #00FF00)] [r=0 c=1 rs=1 cs=1]
              RenderText {#text} at (4,4) size 44x20
                text run at (4,4) width 44: "dotted"
            RenderTableCell {TD} at (115,15) size 53x27 [border: (3px dotted #00FF00)] [r=0 c=2 rs=1 cs=1]
              RenderText {#text} at (4,4) size 44x20
                text run at (4,4) width 44: "dotted"
          RenderTableRow {TR} at (0,58) size 168x60
            RenderTableCell {TD} at (0,74) size 54x27 [border: (3px dotted #00FF00) (5px dotted #FF0000) (2px dotted #00FF00)] [r=1 c=0 rs=1 cs=1]
              RenderText {#text} at (4,4) size 44x20
                text run at (4,4) width 44: "dotted"
            RenderTableCell {TD} at (54,72) size 61x32 [border: (5px double #00FF00)] [r=1 c=1 rs=1 cs=1]
              RenderText {#text} at (6,6) size 49x20
                text run at (6,6) width 49: "double"
            RenderTableCell {TD} at (115,74) size 53x27 [border: (3px dotted #00FF00) (5px dotted #FF0000)] [r=1 c=2 rs=1 cs=1]
              RenderText {#text} at (6,4) size 44x20
                text run at (6,4) width 44: "dotted"
          RenderTableRow {TR} at (0,118) size 168x57
            RenderTableCell {TD} at (0,133) size 54x27 [border: (3px dotted #00FF00)] [r=2 c=0 rs=1 cs=1]
              RenderText {#text} at (4,4) size 44x20
                text run at (4,4) width 44: "dotted"
            RenderTableCell {TD} at (54,132) size 61x29 [border: (5px dotted #FF0000) (2px dotted #00FF00)] [r=2 c=1 rs=1 cs=1]
              RenderText {#text} at (4,6) size 44x20
                text run at (4,6) width 44: "dotted"
            RenderTableCell {TD} at (115,133) size 53x27 [border: (3px dotted #00FF00)] [r=2 c=2 rs=1 cs=1]
              RenderText {#text} at (4,4) size 44x20
                text run at (4,4) width 44: "dotted"
