layer at (0,0) size 800x600
  RenderView at (0,0) size 800x600
layer at (0,0) size 800x194
  RenderBlock {HTML} at (0,0) size 800x194
    RenderBody {BODY} at (8,13) size 784x173
      RenderBlock {P} at (0,0) size 784x17
        RenderText {#text} at (0,0) size 289x17
          text run at (0,0) width 289: "There should be no red borders on the table below"
      RenderTable {TABLE} at (0,30) size 115x143 [border: (2px none #808080)]
        RenderTableSection {TBODY} at (2,2) size 110x138
          RenderTableRow {TR} at (0,0) size 110x46
            RenderTableCell {TD} at (0,11) size 35x24 [border: (3px inset #00FF00)] [r=0 c=0 rs=1 cs=1]
              RenderText {#text} at (4,4) size 28x17
                text run at (4,4) width 28: "inset"
            RenderTableCell {TD} at (35,12) size 40x22 [border: (3px inset #00FF00) none (3px inset #00FF00)] [r=0 c=1 rs=1 cs=1]
              RenderText {#text} at (4,4) size 28x17
                text run at (4,4) width 28: "inset"
            RenderTableCell {TD} at (75,11) size 35x24 [border: (3px inset #00FF00)] [r=0 c=2 rs=1 cs=1]
              RenderText {#text} at (4,4) size 28x17
                text run at (4,4) width 28: "inset"
          RenderTableRow {TR} at (0,46) size 110x46
            RenderTableCell {TD} at (0,57) size 35x24 [border: (3px inset #00FF00) none (2px inset #00FF00)] [r=1 c=0 rs=1 cs=1]
              RenderText {#text} at (4,4) size 28x17
                text run at (4,4) width 28: "inset"
            RenderTableCell {TD} at (35,59) size 40x19 [r=1 c=1 rs=1 cs=1]
              RenderText {#text} at (1,1) size 38x17
                text run at (1,1) width 38: "hidden"
            RenderTableCell {TD} at (75,57) size 35x24 [border: (3px inset #00FF00) none] [r=1 c=2 rs=1 cs=1]
              RenderText {#text} at (1,4) size 28x17
                text run at (1,4) width 28: "inset"
          RenderTableRow {TR} at (0,92) size 110x46
            RenderTableCell {TD} at (0,103) size 35x24 [border: (3px inset #00FF00)] [r=2 c=0 rs=1 cs=1]
              RenderText {#text} at (4,4) size 28x17
                text run at (4,4) width 28: "inset"
            RenderTableCell {TD} at (35,104) size 40x21 [border: none (2px inset #00FF00)] [r=2 c=1 rs=1 cs=1]
              RenderText {#text} at (4,1) size 28x17
                text run at (4,1) width 28: "inset"
            RenderTableCell {TD} at (75,103) size 35x24 [border: (3px inset #00FF00)] [r=2 c=2 rs=1 cs=1]
              RenderText {#text} at (4,4) size 28x17
                text run at (4,4) width 28: "inset"
