layer at (0,0) size 800x600
  RenderView at (0,0) size 800x600
layer at (0,0) size 800x210
  RenderBlock {HTML} at (0,0) size 800x210
    RenderBody {BODY} at (8,16) size 784x186
      RenderBlock {P} at (0,0) size 784x20
        RenderText {#text} at (0,0) size 357x20
          text run at (0,0) width 357: "There should be no red borders on the table below"
      RenderTable {TABLE} at (0,36) size 153x150
        RenderTableSection {TBODY} at (0,0) size 153x150
          RenderTableRow {TR} at (0,0) size 153x50
            RenderTableCell {TD} at (0,14) size 51x22 [r=0 c=0 rs=1 cs=1]
              RenderText {#text} at (1,1) size 49x20
                text run at (1,1) width 49: "hidden"
            RenderTableCell {TD} at (51,14) size 51x22 [r=0 c=1 rs=1 cs=1]
              RenderText {#text} at (1,1) size 49x20
                text run at (1,1) width 49: "hidden"
            RenderTableCell {TD} at (102,14) size 51x22 [r=0 c=2 rs=1 cs=1]
              RenderText {#text} at (1,1) size 49x20
                text run at (1,1) width 49: "hidden"
          RenderTableRow {TR} at (0,50) size 153x50
            RenderTableCell {TD} at (0,64) size 51x22 [r=1 c=0 rs=1 cs=1]
              RenderText {#text} at (1,1) size 49x20
                text run at (1,1) width 49: "hidden"
            RenderTableCell {TD} at (51,64) size 51x22 [r=1 c=1 rs=1 cs=1]
              RenderText {#text} at (1,1) size 49x20
                text run at (1,1) width 49: "double"
            RenderTableCell {TD} at (102,64) size 51x22 [r=1 c=2 rs=1 cs=1]
              RenderText {#text} at (1,1) size 49x20
                text run at (1,1) width 49: "hidden"
          RenderTableRow {TR} at (0,100) size 153x50
            RenderTableCell {TD} at (0,114) size 51x22 [r=2 c=0 rs=1 cs=1]
              RenderText {#text} at (1,1) size 49x20
                text run at (1,1) width 49: "hidden"
            RenderTableCell {TD} at (51,114) size 51x22 [r=2 c=1 rs=1 cs=1]
              RenderText {#text} at (1,1) size 49x20
                text run at (1,1) width 49: "hidden"
            RenderTableCell {TD} at (102,114) size 51x22 [r=2 c=2 rs=1 cs=1]
              RenderText {#text} at (1,1) size 49x20
                text run at (1,1) width 49: "hidden"
