layer at (0,0) size 800x600
  RenderView at (0,0) size 800x600
layer at (0,0) size 800x174
  RenderBlock {HTML} at (0,0) size 800x174
    RenderBody {BODY} at (8,13) size 784x153
      RenderBlock {P} at (0,0) size 784x17
        RenderText {#text} at (0,0) size 289x17
          text run at (0,0) width 289: "There should be no red borders on the table below"
      RenderTable {TABLE} at (0,30) size 100x123
        RenderTableSection {TBODY} at (0,0) size 100x123
          RenderTableRow {TR} at (0,0) size 100x41
            RenderTableCell {TD} at (0,11) size 30x19 [r=0 c=0 rs=1 cs=1]
              RenderText {#text} at (1,1) size 28x17
                text run at (1,1) width 28: "none"
            RenderTableCell {TD} at (30,11) size 40x19 [r=0 c=1 rs=1 cs=1]
              RenderText {#text} at (1,1) size 28x17
                text run at (1,1) width 28: "none"
            RenderTableCell {TD} at (70,11) size 30x19 [r=0 c=2 rs=1 cs=1]
              RenderText {#text} at (1,1) size 28x17
                text run at (1,1) width 28: "none"
          RenderTableRow {TR} at (0,41) size 100x41
            RenderTableCell {TD} at (0,52) size 30x19 [r=1 c=0 rs=1 cs=1]
              RenderText {#text} at (1,1) size 28x17
                text run at (1,1) width 28: "none"
            RenderTableCell {TD} at (30,52) size 40x19 [r=1 c=1 rs=1 cs=1]
              RenderText {#text} at (1,1) size 38x17
                text run at (1,1) width 38: "hidden"
            RenderTableCell {TD} at (70,52) size 30x19 [r=1 c=2 rs=1 cs=1]
              RenderText {#text} at (1,1) size 28x17
                text run at (1,1) width 28: "none"
          RenderTableRow {TR} at (0,82) size 100x41
            RenderTableCell {TD} at (0,93) size 30x19 [r=2 c=0 rs=1 cs=1]
              RenderText {#text} at (1,1) size 28x17
                text run at (1,1) width 28: "none"
            RenderTableCell {TD} at (30,93) size 40x19 [r=2 c=1 rs=1 cs=1]
              RenderText {#text} at (1,1) size 28x17
                text run at (1,1) width 28: "none"
            RenderTableCell {TD} at (70,93) size 30x19 [r=2 c=2 rs=1 cs=1]
              RenderText {#text} at (1,1) size 28x17
                text run at (1,1) width 28: "none"
