layer at (0,0) size 800x600
  RenderView at (0,0) size 800x600
layer at (0,0) size 800x270
  RenderBlock {HTML} at (0,0) size 800x270
    RenderBody {BODY} at (8,13) size 784x249
      RenderBlock {P} at (0,0) size 784x34
        RenderInline {A} at (0,0) size 275x17 [color=#0000EE]
          RenderText {#text} at (0,0) size 275x17
            text run at (0,0) width 275: "https://bugs.webkit.org/show_bug.cgi?id=25829"
        RenderBR {BR} at (275,13) size 0x0
        RenderText {#text} at (0,17) size 526x17
          text run at (0,17) width 526: "You should see no areas of read below. (This paragraph is required for the test to be valid.)"
      RenderBlock {DIV} at (0,47) size 502x202 [color=#008000] [bgcolor=#FF0000] [border: (1px solid #000000)]
        RenderText {#text} at (1,1) size 476x160
          text run at (1,1) width 476: "This background"
          text run at (1,81) width 448: "clips to the text."
