layer at (0,0) size 800x600
  RenderView at (0,0) size 800x600
layer at (13,13) size 774x189
  RenderBlock {HTML} at (13,13) size 774x189 [color=#FFFF00] [border: (3px solid #0000FF)]
    RenderBody {BODY} at (29,29) size 716x131 [color=#000000] [bgcolor=#FFFFFF] [border: (3px solid #000000)]
      RenderBlock {P} at (16,16) size 684x99
        RenderText {#text} at (0,0) size 662x34
          text run at (0,0) width 662: "The HTML box, the one with a blue border should be fully filled with lime green. The BODY box, the one with black"
          text run at (0,17) width 657: "border, should also be fully filled with lime green. The lime green color should not spill out outside the blue border."
