layer at (0,0) size 800x600
  RenderView at (0,0) size 800x600
layer at (0,0) size 800x482
  RenderBlock {html} at (0,0) size 800x482
    RenderBody {body} at (8,16) size 784x458
      RenderBlock {p} at (0,0) size 784x40
        RenderText {#text} at (0,0) size 769x40
          text run at (0,0) width 769: "The svg area contained in the div element (red box), should fill out the whole area (blue rectangle), especially"
          text run at (0,20) width 327: "after resizing the content box to a different size"
      RenderBlock {div} at (0,56) size 402x402 [border: (1px solid #FF0000)]
        RenderSVGRoot {svg} at (9,73) size 400x400
          RenderPath {rect} at (9,73) size 400x400 [fill={[type=SOLID] [color=#0000FF]}] [data="M 0 0L 400 0L 400 400L 0 400L 0 0"]
        RenderText {#text} at (0,0) size 0x0
