layer at (0,0) size 800x600
  RenderView at (0,0) size 800x600
layer at (0,0) size 800x94
  RenderBlock {HTML} at (0,0) size 800x94
    RenderBody {BODY} at (8,16) size 784x70
      RenderBlock {P} at (0,0) size 784x18
        RenderText {#text} at (0,0) size 279x18
          text run at (0,0) width 279: "The following two lines should be the same:"
      RenderBlock {DIV} at (0,34) size 784x18
        RenderInline {SPAN} at (0,0) size 13x18
          RenderInline (generated) at (0,0) size 13x18
            RenderCounter at (0,0) size 8x18
              text run at (0,0) width 8: "1"
            RenderText at (8,0) size 5x18
              text run at (8,0) width 5: "-"
        RenderInline {SPAN} at (0,0) size 45x18
          RenderInline (generated) at (0,0) size 13x18
            RenderCounter at (13,0) size 8x18
              text run at (13,0) width 8: "2"
            RenderText at (21,0) size 5x18
              text run at (21,0) width 5: "-"
          RenderText {#text} at (26,0) size 32x18
            text run at (26,0) width 32: "new-"
        RenderInline {SPAN} at (0,0) size 13x18
          RenderInline (generated) at (0,0) size 13x18
            RenderCounter at (58,0) size 8x18
              text run at (58,0) width 8: "3"
            RenderText at (66,0) size 5x18
              text run at (66,0) width 5: "-"
        RenderInline {SPAN} at (0,0) size 13x18
          RenderInline (generated) at (0,0) size 13x18
            RenderCounter at (71,0) size 8x18
              text run at (71,0) width 8: "4"
            RenderText at (79,0) size 5x18
              text run at (79,0) width 5: "-"
      RenderBlock {DIV} at (0,52) size 784x18
        RenderText {#text} at (0,0) size 84x18
          text run at (0,0) width 84: "1-2-new-3-4-"
