layer at (0,0) size 800x600
  RenderView at (0,0) size 800x600
layer at (0,0) size 800x600
  RenderBlock {HTML} at (0,0) size 800x600
    RenderBody {BODY} at (8,8) size 784x576
      RenderBlock {P} at (0,0) size 784x21
        RenderText {#text} at (0,0) size 452x20
          text run at (0,0) width 452: "The following is a test for having a <rt> immediately following another."
      RenderBlock (anonymous) at (0,37) size 784x42
        RenderBR {BR} at (0,0) size 0x20
        RenderBR {BR} at (0,21) size 0x20
      RenderBlock {P} at (0,95) size 784x34
        RenderText {#text} at (0,13) size 82x20
          text run at (0,13) width 82: "<ruby> uses "
        RenderRuby (inline) {RUBY} at (0,0) size 42x20
          RenderRubyRun (anonymous) at (82,0) size 27x34
            RenderRubyText {RT} at (0,0) size 27x13
              RenderText {#text} at (4,0) size 18x13
                text run at (4,0) width 18: "ruby"
            RenderRubyBase (anonymous) at (0,13) size 27x21
              RenderText {#text} at (0,0) size 27x20
                text run at (0,0) width 27: "<rt>"
          RenderRubyRun (anonymous) at (109,19) size 15x13
            RenderRubyText {RT} at (0,0) size 15x13
              RenderText {#text} at (0,0) size 15x13
                text run at (0,0) width 15: "text"
        RenderText {#text} at (124,13) size 163x20
          text run at (124,13) width 163: " to contain the annotation."
        RenderText {#text} at (0,0) size 0x0
        RenderText {#text} at (0,0) size 0x0
