layer at (0,0) size 800x600
  RenderView at (0,0) size 800x600
layer at (0,0) size 800x600
  RenderBlock {HTML} at (0,0) size 800x600
    RenderBody {BODY} at (8,8) size 784x576
      RenderBlock {P} at (0,0) size 784x18
        RenderText {#text} at (0,0) size 736x18
          text run at (0,0) width 736: "The following is a test for DOM manipulation within <ruby>: Inserting a new text before another text of a ruby base."
      RenderBlock {P} at (0,34) size 784x18
        RenderText {#text} at (0,0) size 436x18
          text run at (0,0) width 436: "Both lines should look identical (the first line is the one manipulated)."
      RenderBlock (anonymous) at (0,68) size 784x36
        RenderBR {BR} at (0,0) size 0x18
        RenderBR {BR} at (0,18) size 0x18
      RenderBlock {P} at (0,120) size 784x31
        RenderText {#text} at (0,13) size 155x18
          text run at (0,13) width 155: "<ruby> is defined in the "
        RenderRuby (inline) {RUBY} at (0,0) size 125x18
          RenderRubyRun (anonymous) at (155,0) size 117x31
            RenderRubyText {RT} at (0,0) size 117x13
              RenderText {#text} at (0,0) size 117x13
                text run at (0,0) width 117: "Hyper-text Markup Language"
            RenderRubyBase (anonymous) at (0,13) size 117x18
              RenderText {#text} at (35,0) size 22x18
                text run at (35,0) width 22: "HT"
              RenderInline {SPAN} at (0,0) size 24x18
                RenderText {#text} at (57,0) size 24x18
                  text run at (57,0) width 24: "ML"
          RenderRubyRun (anonymous) at (272,13) size 8x18
            RenderRubyBase (anonymous) at (0,0) size 8x18
              RenderText {#text} at (0,0) size 8x18
                text run at (0,0) width 8: "5"
        RenderText {#text} at (280,13) size 36x18
          text run at (280,13) width 36: " spec."
      RenderBlock {P} at (0,167) size 784x31
        RenderText {#text} at (0,13) size 155x18
          text run at (0,13) width 155: "<ruby> is defined in the "
        RenderRuby (inline) {RUBY} at (0,0) size 125x18
          RenderRubyRun (anonymous) at (155,0) size 117x31
            RenderRubyText {RT} at (0,0) size 117x13
              RenderText {#text} at (0,0) size 117x13
                text run at (0,0) width 117: "Hyper-text Markup Language"
            RenderRubyBase (anonymous) at (0,13) size 117x18
              RenderText {#text} at (35,0) size 22x18
                text run at (35,0) width 22: "HT"
              RenderInline {SPAN} at (0,0) size 24x18
                RenderText {#text} at (57,0) size 24x18
                  text run at (57,0) width 24: "ML"
          RenderRubyRun (anonymous) at (272,13) size 8x18
            RenderRubyBase (anonymous) at (0,0) size 8x18
              RenderText {#text} at (0,0) size 8x18
                text run at (0,0) width 8: "5"
        RenderText {#text} at (280,13) size 36x18
          text run at (280,13) width 36: " spec."
