layer at (0,0) size 800x600
  RenderView at (0,0) size 800x600
layer at (0,0) size 800x600
  RenderBlock {HTML} at (0,0) size 800x600
    RenderBody {BODY} at (8,8) size 784x584
      RenderText {#text} at (0,0) size 773x41
        text run at (0,0) width 773: "This is a initial test for simple ruby. There should be 2 ruby annotations on below line, one with a ruby text shorter than the"
        text run at (0,21) width 36: "base, "
        text run at (36,21) width 291: "and one with a ruby text longer than the base. "
      RenderBR {BR} at (327,38) size 0x0
      RenderBR {BR} at (0,42) size 0x20
      RenderText {#text} at (0,76) size 155x20
        text run at (0,76) width 155: "<ruby> is defined in the "
      RenderRuby (inline) {RUBY} at (0,0) size 184x20
        RenderRubyRun (anonymous) at (155,63) size 184x34
          RenderRubyText {RT} at (0,0) size 184x13
            RenderText {#text} at (75,0) size 33x13
              text run at (75,0) width 33: "HTML5"
          RenderRubyBase (anonymous) at (0,13) size 184x21
            RenderText {#text} at (0,0) size 184x20
              text run at (0,0) width 184: "Hypertext Markup Language"
      RenderText {#text} at (339,76) size 31x20
        text run at (339,76) width 31: " and "
      RenderRuby (inline) {RUBY} at (0,0) size 94x20
        RenderRubyRun (anonymous) at (370,63) size 94x34
          RenderRubyText {RT} at (0,0) size 94x13
            RenderText {#text} at (0,0) size 94x13
              text run at (0,0) width 94: "Cascading Style Sheets"
          RenderRubyBase (anonymous) at (0,13) size 94x21
            RenderText {#text} at (28,0) size 37x20
              text run at (28,0) width 37: "CSS3"
      RenderText {#text} at (464,76) size 42x20
        text run at (464,76) width 42: " specs."
      RenderText {#text} at (0,0) size 0x0
