layer at (0,0) size 800x600
  RenderView at (0,0) size 800x600
layer at (0,0) size 800x600
  RenderBlock {HTML} at (0,0) size 800x600
    RenderBody {BODY} at (8,8) size 784x576
      RenderBlock {P} at (0,0) size 784x21
        RenderText {#text} at (0,0) size 494x20
          text run at (0,0) width 494: "The following is a test for having non-text inline elements as base in a <ruby>."
      RenderBlock {P} at (0,37) size 784x34
        RenderText {#text} at (0,13) size 64x20
          text run at (0,13) width 64: "\x{6E96}\x{592A}\x{90CE}\x{306F}"
        RenderRuby (inline) {RUBY} at (0,0) size 109x20
          RenderRubyRun (anonymous) at (64,0) size 37x34
            RenderRubyText {RT} at (0,0) size 37x13
              RenderText {#text} at (0,0) size 37x13
                text run at (0,0) width 37: "\x{3068}\x{3046}\x{304D}\x{3087}\x{3046}"
            RenderRubyBase (anonymous) at (0,13) size 37x21
              RenderInline {SPAN} at (0,0) size 32x20
                RenderText {#text} at (2,0) size 32x20
                  text run at (2,0) width 32: "\x{6771}\x{4EAC}"
          RenderRubyRun (anonymous) at (101,0) size 72x34
            RenderRubyText {RT} at (0,0) size 72x13
              RenderText {#text} at (0,0) size 72x13
                text run at (0,0) width 72: "\x{3053}\x{3046}\x{304E}\x{3087}\x{3046}\x{3060}\x{3044}\x{304C}\x{304F}"
            RenderRubyBase (anonymous) at (0,13) size 72x21
              RenderInline {SPAN} at (0,0) size 32x20
                RenderText {#text} at (4,0) size 32x20
                  text run at (4,0) width 32: "\x{5DE5}\x{696D}"
              RenderInline {SPAN} at (0,0) size 32x20
                RenderText {#text} at (36,0) size 32x20
                  text run at (36,0) width 32: "\x{5927}\x{5B66}"
        RenderText {#text} at (173,13) size 125x20
          text run at (173,13) width 125: "\x{304B}\x{3089}\x{5352}\x{696D}\x{3057}\x{307E}\x{3057}\x{305F}\x{3002}"
        RenderText {#text} at (0,0) size 0x0
        RenderText {#text} at (0,0) size 0x0
