layer at (0,0) size 800x600
  RenderView at (0,0) size 800x600
layer at (0,0) size 800x600
  RenderBlock {HTML} at (0,0) size 800x600
    RenderBody {BODY} at (8,8) size 784x576
      RenderBlock (anonymous) at (0,0) size 784x42
        RenderText {#text} at (0,0) size 227x20
          text run at (0,0) width 227: "This is a test for multiple ruby runs. "
        RenderBR {BR} at (227,17) size 0x0
        RenderBR {BR} at (0,21) size 0x20
      RenderBlock {P} at (0,58) size 784x34
        RenderText {#text} at (0,13) size 155x20
          text run at (0,13) width 155: "<ruby> is defined in the "
        RenderRuby (inline) {RUBY} at (0,0) size 141x20
          RenderRubyRun (anonymous) at (155,0) size 24x34
            RenderRubyText {RT} at (0,0) size 24x13
              RenderText {#text} at (0,0) size 24x13
                text run at (0,0) width 24: "Hyper"
            RenderRubyBase (anonymous) at (0,13) size 24x21
              RenderText {#text} at (6,0) size 12x20
                text run at (6,0) width 12: "H"
          RenderRubyRun (anonymous) at (179,0) size 18x34
            RenderRubyText {RT} at (0,0) size 18x13
              RenderText {#text} at (0,0) size 18x13
                text run at (0,0) width 18: "Text"
            RenderRubyBase (anonymous) at (0,13) size 18x21
              RenderText {#text} at (4,0) size 10x20
                text run at (4,0) width 10: "T"
          RenderRubyRun (anonymous) at (197,0) size 31x34
            RenderRubyText {RT} at (0,0) size 31x13
              RenderText {#text} at (0,0) size 31x13
                text run at (0,0) width 31: "Markup"
            RenderRubyBase (anonymous) at (0,13) size 31x21
              RenderText {#text} at (8,0) size 14x20
                text run at (8,0) width 14: "M"
          RenderRubyRun (anonymous) at (228,0) size 38x34
            RenderRubyText {RT} at (0,0) size 38x13
              RenderText {#text} at (0,0) size 38x13
                text run at (0,0) width 38: "Language"
            RenderRubyBase (anonymous) at (0,13) size 38x21
              RenderText {#text} at (14,0) size 10x20
                text run at (14,0) width 10: "L"
          RenderRubyRun (anonymous) at (266,0) size 30x34
            RenderRubyText {RT} at (0,0) size 30x13
              RenderText {#text} at (0,0) size 30x13
                text run at (0,0) width 30: "Level 5"
            RenderRubyBase (anonymous) at (0,13) size 30x21
              RenderText {#text} at (11,0) size 8x20
                text run at (11,0) width 8: "5"
        RenderText {#text} at (296,13) size 42x20
          text run at (296,13) width 42: " specs."
