layer at (0,0) size 800x600
  RenderView at (0,0) size 800x600
layer at (0,0) size 800x600
  RenderBlock {HTML} at (0,0) size 800x600
    RenderBody {BODY} at (8,8) size 784x584
      RenderBlock (anonymous) at (0,0) size 784x84
        RenderText {#text} at (0,0) size 767x62
          text run at (0,0) width 752: "This is a test for multiple ruby runs and line breaks. There is a div with a blue border and 10px padding. This contains a"
          text run at (0,21) width 497: "single <ruby> markup in the text contained in the block, broken across 2 lines. "
          text run at (497,21) width 270: "Part of it should be on the first line, the rest"
          text run at (0,42) width 110: "on the other line. "
        RenderBR {BR} at (110,59) size 0x0
        RenderBR {BR} at (0,63) size 0x20
      RenderBlock {DIV} at (0,84) size 284x92 [border: (2px solid #0000FF)]
        RenderText {#text} at (12,25) size 155x20
          text run at (12,25) width 155: "<ruby> is defined in the "
        RenderRuby (inline) {RUBY} at (0,0) size 228x54
          RenderRubyRun (anonymous) at (167,12) size 24x34
            RenderRubyText {RT} at (0,0) size 24x13
              RenderText {#text} at (0,0) size 24x13
                text run at (0,0) width 24: "Hyper"
            RenderRubyBase (anonymous) at (0,13) size 24x21
              RenderText {#text} at (6,0) size 12x20
                text run at (6,0) width 12: "H"
          RenderRubyRun (anonymous) at (191,12) size 18x34
            RenderRubyText {RT} at (0,0) size 18x13
              RenderText {#text} at (0,0) size 18x13
                text run at (0,0) width 18: "Text"
            RenderRubyBase (anonymous) at (0,13) size 18x21
              RenderText {#text} at (4,0) size 10x20
                text run at (4,0) width 10: "T"
          RenderRubyRun (anonymous) at (209,12) size 31x34
            RenderRubyText {RT} at (0,0) size 31x13
              RenderText {#text} at (0,0) size 31x13
                text run at (0,0) width 31: "Markup"
            RenderRubyBase (anonymous) at (0,13) size 31x21
              RenderText {#text} at (8,0) size 14x20
                text run at (8,0) width 14: "M"
          RenderRubyRun (anonymous) at (12,46) size 38x34
            RenderRubyText {RT} at (0,0) size 38x13
              RenderText {#text} at (0,0) size 38x13
                text run at (0,0) width 38: "Language"
            RenderRubyBase (anonymous) at (0,13) size 38x21
              RenderText {#text} at (14,0) size 10x20
                text run at (14,0) width 10: "L"
          RenderRubyRun (anonymous) at (50,46) size 30x34
            RenderRubyText {RT} at (0,0) size 30x13
              RenderText {#text} at (0,0) size 30x13
                text run at (0,0) width 30: "Level 5"
            RenderRubyBase (anonymous) at (0,13) size 30x21
              RenderText {#text} at (11,0) size 8x20
                text run at (11,0) width 8: "5"
        RenderText {#text} at (80,59) size 42x20
          text run at (80,59) width 42: " specs."
