layer at (0,0) size 800x600
  RenderView at (0,0) size 800x600
layer at (0,0) size 800x407
  RenderBlock {html} at (0,0) size 800x407
    RenderBody {body} at (8,13) size 784x17
      RenderBlock {p} at (0,0) size 784x17
        RenderText {#text} at (0,0) size 386x17
          text run at (0,0) width 386: "This test case should produce a sine-wave stroked with 1px black."
    RenderBlock (anonymous) at (0,43) size 800x364
      RenderHTMLCanvas {canvas} at (0,0) size 480x360
