layer at (0,0) size 800x600
  RenderView at (0,0) size 800x600
layer at (0,0) size 800x464
  RenderBlock {HTML} at (0,0) size 800x464
    RenderBody {BODY} at (8,16) size 784x440
      RenderBlock {P} at (0,0) size 784x20
        RenderText {#text} at (0,0) size 262x20
          text run at (0,0) width 262: "There should be no red pixels below."
      RenderBlock (anonymous) at (0,36) size 784x404
        RenderHTMLCanvas {CANVAS} at (0,0) size 400x400 [bgcolor=#FFFFFF]
        RenderText {#text} at (0,0) size 0x0
        RenderText {#text} at (0,0) size 0x0
