layer at (0,0) size 15771x1503
  RenderView at (0,0) size 800x600
layer at (0,0) size 15771x1503
  RenderBlock {HTML} at (0,0) size 800x1503
    RenderBody {BODY} at (8,13) size 784x1477
      RenderBlock {P} at (0,0) size 784x68 [bgcolor=#FFFFFF]
        RenderText {#text} at (0,0) size 770x68
          text run at (0,0) width 751: "The following lines test various combinations of letter-spacing (especially negative values) and opacity. All of the lines should say"
          text run at (0,17) width 770: "\"Hello, world\" but the spacing and background shading will vary from test to test. The W3C specs are fairly silent on how user agents"
          text run at (0,34) width 750: "should handle unusual values of letter-spacing, especially negative ones, which are explicitly implementation-dependent. Different"
          text run at (0,51) width 553: "browsers will render these differently, but hopefully the WebKit ports will be consistent, at least."
      RenderBlock {P} at (0,81) size 784x17 [bgcolor=#FFFFFF]
        RenderText {#text} at (0,0) size 235x17
          text run at (0,0) width 235: "The first line should be normally spaced."
      RenderBlock {P} at (0,111) size 784x17 [bgcolor=#EEEEEE]
        RenderInline {SPAN} at (0,0) size 67x17
          RenderText {#text} at (130,0) size 67x17
            text run at (130,0) width 67: "Hello, world"
      RenderBlock {P} at (0,141) size 784x17 [bgcolor=#FFFFFF]
        RenderText {#text} at (0,0) size 605x17
          text run at (0,0) width 605: "The next line tests a slight positive letter spacing, and should be slightly spaced out (wider than normal)."
      RenderBlock {P} at (0,171) size 784x17 [bgcolor=#EEEEEE]
        RenderInline {SPAN} at (0,0) size 139x17
          RenderText {#text} at (130,0) size 139x17
            text run at (130,0) width 139: "Hello, world"
      RenderBlock {P} at (0,201) size 784x34 [bgcolor=#FFFFFF]
        RenderText {#text} at (0,0) size 775x34
          text run at (0,0) width 737: "The next line tests a large positive letter spacing, and should be *very* spaced out. You may only see an 'H' and a 'w', perhaps "
          text run at (737,0) width 38: "on two"
          text run at (0,17) width 281: "different lines, unless you scroll way to the right."
      RenderBlock {P} at (0,248) size 784x34 [bgcolor=#EEEEEE]
        RenderInline {SPAN} at (0,0) size 15763x34
          RenderText {#text} at (130,0) size 15763x34
            text run at (130,0) width 15633: "Hello,"
            text run at (0,17) width 13030: "world"
      RenderBlock {P} at (0,295) size 784x34 [bgcolor=#FFFFFF]
        RenderText {#text} at (0,0) size 740x34
          text run at (0,0) width 740: "The next line tests a very large positive letter spacing, and should also be *very* spaced out. You may only see an 'H' and a 'w',"
          text run at (0,17) width 373: "perhaps on two different lines, unless you scroll way to the right."
      RenderBlock {P} at (0,342) size 784x17 [bgcolor=#EEEEEE]
        RenderInline {SPAN} at (0,0) size 0x17
          RenderText {#text} at (130,0) size 0x17
            text run at (130,0) width 0: "Hello, world"
      RenderBlock {P} at (0,372) size 784x17 [bgcolor=#FFFFFF]
        RenderText {#text} at (0,0) size 493x17
          text run at (0,0) width 493: "The next line tests a small negative line spacing, and should be crammed backwards"
      RenderBlock {P} at (0,402) size 784x17 [bgcolor=#EEEEEE]
        RenderInline {SPAN} at (0,0) size 0x17
          RenderText {#text} at (130,0) size 0x17
            text run at (130,0) width 0: "Hello, world"
      RenderBlock {P} at (0,432) size 784x17 [bgcolor=#FFFFFF]
        RenderText {#text} at (0,0) size 471x17
          text run at (0,0) width 471: "The next line tests a large negative line spacing, and should be just display an 'H'"
      RenderBlock {P} at (0,462) size 784x17 [bgcolor=#EEEEEE]
        RenderInline {SPAN} at (0,0) size 0x17
          RenderText {#text} at (130,0) size 0x17
            text run at (130,0) width 0: "Hello, world"
      RenderBlock {P} at (0,492) size 784x17 [bgcolor=#FFFFFF]
        RenderText {#text} at (0,0) size 473x17
          text run at (0,0) width 473: "The next line tests a very large negative line spacing, and should just have an 'H'."
      RenderBlock {P} at (0,522) size 784x34 [bgcolor=#EEEEEE]
        RenderInline {SPAN} at (0,0) size 6595x34
          RenderText {#text} at (130,0) size 6595x34
            text run at (130,0) width 6465: "Hello,"
            text run at (0,17) width 5390: "world"
      RenderBlock {P} at (0,569) size 784x34 [bgcolor=#FFFFFF]
        RenderText {#text} at (0,0) size 770x34
          text run at (0,0) width 655: "The next few lines test the interaction with opacity. The first line should be normally spaced out, slightly opaque, "
          text run at (655,0) width 115: "and on a differently-"
          text run at (0,17) width 113: "colored background"
      RenderBlock {P} at (0,616) size 784x17 [bgcolor=#EEEEEE]
      RenderBlock {P} at (0,646) size 784x17 [bgcolor=#FFFFFF]
        RenderText {#text} at (0,0) size 661x17
          text run at (0,0) width 309: "The next line tests a small positive line spacing, and "
          text run at (309,0) width 352: "should be slightly spaced out, opaque, and on a background."
      RenderBlock {P} at (0,676) size 784x17 [bgcolor=#EEEEEE]
      RenderBlock {P} at (0,706) size 784x17 [bgcolor=#FFFFFF]
        RenderText {#text} at (0,0) size 585x17
          text run at (0,0) width 585: "The next line tests a large positive line spacing, and should be very widely spaced, on a background."
      RenderBlock {P} at (0,736) size 784x34 [bgcolor=#EEEEEE]
      RenderBlock {P} at (0,783) size 784x17 [bgcolor=#FFFFFF]
        RenderText {#text} at (0,0) size 696x17
          text run at (0,0) width 310: "The next line tests a very large positive line spacing, "
          text run at (310,0) width 386: "and should be very widely spaced but blank, and on a background."
      RenderBlock {P} at (0,813) size 784x17 [bgcolor=#EEEEEE]
      RenderBlock {P} at (0,843) size 784x17 [bgcolor=#FFFFFF]
        RenderText {#text} at (0,0) size 408x17
          text run at (0,0) width 408: "The next line tests a small negative line spacing, and should be blank."
      RenderBlock {P} at (0,873) size 784x17 [bgcolor=#EEEEEE]
      RenderBlock {P} at (0,903) size 784x17 [bgcolor=#FFFFFF]
        RenderText {#text} at (0,0) size 405x17
          text run at (0,0) width 405: "The next line tests a large negative line spacing, and should be blank."
      RenderBlock {P} at (0,933) size 784x17 [bgcolor=#EEEEEE]
      RenderBlock {P} at (0,963) size 784x17 [bgcolor=#FFFFFF]
        RenderText {#text} at (0,0) size 434x17
          text run at (0,0) width 434: "The next line tests a very large negative line spacing, and should be blank."
      RenderBlock {P} at (0,993) size 784x34 [bgcolor=#EEEEEE]
      RenderBlock {P} at (0,1040) size 784x17 [bgcolor=#FFFFFF]
        RenderText {#text} at (0,0) size 236x17
          text run at (0,0) width 236: "Now we do a few basic right-to-left tests:"
      RenderBlock {P} at (0,1070) size 784x17 [bgcolor=#FFFFFF]
        RenderText {#text} at (0,0) size 235x17
          text run at (0,0) width 235: "The first line should be normally spaced."
      RenderBlock {P} at (0,1100) size 784x17 [bgcolor=#EEEEEE]
        RenderInline {SPAN} at (0,0) size 67x17
          RenderText {#text} at (130,0) size 67x17
            text run at (130,0) width 67 RTL override: "Hello, world"
      RenderBlock {P} at (0,1130) size 784x17 [bgcolor=#FFFFFF]
        RenderText {#text} at (0,0) size 366x17
          text run at (0,0) width 366: "The next line should be slightly spaced out (wider than normal)."
      RenderBlock {P} at (0,1160) size 784x17 [bgcolor=#EEEEEE]
        RenderInline {SPAN} at (0,0) size 139x17
          RenderText {#text} at (130,0) size 139x17
            text run at (130,0) width 139 RTL override: "Hello, world"
      RenderBlock {P} at (0,1190) size 784x17 [bgcolor=#FFFFFF]
        RenderText {#text} at (0,0) size 434x17
          text run at (0,0) width 321: "The next line should be crammed backwards, just as if "
          text run at (321,0) width 113: "it wasn't right-to-left"
      RenderBlock {P} at (0,1220) size 784x17 [bgcolor=#EEEEEE]
        RenderInline {SPAN} at (0,0) size 0x17
          RenderText {#text} at (130,0) size 0x17
            text run at (130,0) width 0 RTL override: "Hello, world"
      RenderBlock {P} at (0,1250) size 784x17 [bgcolor=#FFFFFF]
        RenderText {#text} at (0,0) size 428x17
          text run at (0,0) width 310: "The next line tests a large negative line spacing, and "
          text run at (310,0) width 118: "should just print a 'd'"
      RenderBlock {P} at (0,1280) size 784x17 [bgcolor=#EEEEEE]
        RenderInline {SPAN} at (0,0) size 0x17
          RenderText {#text} at (130,0) size 0x17
            text run at (130,0) width 0 RTL override: "Hello, world"
      RenderBlock {P} at (0,1310) size 784x17 [bgcolor=#FFFFFF]
        RenderText {#text} at (0,0) size 739x17
          text run at (0,0) width 131: "Now, opacity as well - "
          text run at (131,0) width 365: "The next line should be printed right to left, slightly spaced out "
          text run at (496,0) width 243: "(wider than normal), and on a background."
      RenderBlock {P} at (0,1340) size 784x17 [bgcolor=#EEEEEE]
      RenderBlock {P} at (0,1370) size 784x17 [bgcolor=#FFFFFF]
        RenderText {#text} at (0,0) size 408x17
          text run at (0,0) width 408: "The next line tests a small negative line spacing, and should be blank."
      RenderBlock {P} at (0,1400) size 784x17 [bgcolor=#EEEEEE]
      RenderBlock {P} at (0,1430) size 784x17 [bgcolor=#FFFFFF]
        RenderText {#text} at (0,0) size 416x17
          text run at (0,0) width 416: "The next line tests a large negative line spacing, and it should be blank."
      RenderBlock {P} at (0,1460) size 784x17 [bgcolor=#EEEEEE]
layer at (8,629) size 67x17
  RenderInline {SPAN} at (0,0) size 67x17 [bgcolor=#CCCCFF]
    RenderText {#text} at (130,0) size 67x17
      text run at (130,0) width 67: "Hello, world"
layer at (8,689) size 139x17
  RenderInline {SPAN} at (0,0) size 139x17 [bgcolor=#CCCCFF]
    RenderText {#text} at (130,0) size 139x17
      text run at (130,0) width 139: "Hello, world"
layer at (8,749) size 15763x34
  RenderInline {SPAN} at (0,0) size 15763x34 [bgcolor=#CCCCFF]
    RenderText {#text} at (130,0) size 15763x34
      text run at (130,0) width 15633: "Hello,"
      text run at (0,17) width 13030: "world"
layer at (8,1006) size 6595x34
  RenderInline {SPAN} at (0,0) size 6595x34 [bgcolor=#CCCCFF]
    RenderText {#text} at (130,0) size 6595x34
      text run at (130,0) width 6465: "Hello,"
      text run at (0,17) width 5390: "world"
layer at (8,1353) size 139x17
  RenderInline {SPAN} at (0,0) size 139x17 [bgcolor=#CCCCFF]
    RenderText {#text} at (130,0) size 139x17
      text run at (130,0) width 139 RTL override: "Hello, world"
