layer at (0,0) size 800x600
  RenderView at (0,0) size 800x600
layer at (0,0) size 800x600
  RenderBlock {HTML} at (0,0) size 800x600
    RenderBody {BODY} at (8,8) size 784x584
      RenderBlock {P} at (0,0) size 784x22
        RenderText {#text} at (0,1) size 612x20
          text run at (0,1) width 432: "This tests caret movement through -webkit-user-select:none content. "
          text run at (432,1) width 180: "The caret should move over "
        RenderInline {B} at (0,0) size 24x22
          RenderText {#text} at (612,0) size 24x22
            text run at (612,0) width 24: "yyy"
        RenderText {#text} at (636,1) size 4x20
          text run at (636,1) width 4: "."
      RenderBlock {DIV} at (0,38) size 784x22
        RenderText {#text} at (0,1) size 8x20
          text run at (0,1) width 8: "x"
        RenderInline {SPAN} at (0,0) size 24x22
          RenderText {#text} at (8,0) size 24x22
            text run at (8,0) width 24: "yyy"
        RenderText {#text} at (32,1) size 8x20
          text run at (32,1) width 8: "x"
caret: position 0 of child 2 {#text} of child 2 {DIV} of child 1 {BODY} of child 0 {HTML} of document
