layer at (0,0) size 800x600
  RenderView at (0,0) size 800x600
layer at (0,0) size 800x600
  RenderBlock {HTML} at (0,0) size 800x600
    RenderBody {BODY} at (8,8) size 784x584
      RenderBlock {P} at (0,0) size 784x40
        RenderText {#text} at (0,0) size 766x40
          text run at (0,0) width 578: "This tests to make sure that right clicking on a paragraph break in editable content selects it. "
          text run at (578,0) width 188: "To run it manually, right click"
          text run at (0,20) width 342: "on the paragraph break after the first paragraph below."
      RenderBlock {DIV} at (0,56) size 784x40
        RenderBlock {DIV} at (0,0) size 784x20
          RenderInline {SPAN} at (0,0) size 254x20
            RenderText {#text} at (0,0) size 254x20
              text run at (0,0) width 254: "The paragraph break should be selected."
        RenderBlock (anonymous) at (0,20) size 784x20
          RenderBR {BR} at (0,0) size 0x20
caret: position 39 of child 0 {#text} of child 0 {SPAN} of child 1 {DIV} of child 2 {DIV} of child 1 {BODY} of child 0 {HTML} of document
