layer at (0,0) size 800x600
  RenderView at (0,0) size 800x600
layer at (0,0) size 800x600
  RenderBlock {HTML} at (0,0) size 800x600
    RenderBody {BODY} at (8,8) size 784x584
      RenderBlock {P} at (0,0) size 784x40
        RenderText {#text} at (0,0) size 779x40
          text run at (0,0) width 779: "This tests creating a selection based inside a nested editable region that extends out to editable content that is inside the same"
          text run at (0,20) width 135: "highest editable root. "
          text run at (135,20) width 256: "'One' through 'Three' should be selected."
      RenderBlock {DIV} at (0,56) size 784x60
        RenderBlock {DIV} at (0,0) size 784x20
          RenderText {#text} at (0,0) size 27x20
            text run at (0,0) width 27: "One"
        RenderBlock {DIV} at (0,20) size 784x20
          RenderInline {SPAN} at (0,0) size 30x20
            RenderText {#text} at (0,0) size 30x20
              text run at (0,0) width 30: "Two"
          RenderText {#text} at (30,0) size 4x20
            text run at (30,0) width 4: " "
          RenderInline {SPAN} at (0,0) size 37x20
            RenderText {#text} at (34,0) size 37x20
              text run at (34,0) width 37: "Three"
        RenderBlock {DIV} at (0,40) size 784x20
          RenderText {#text} at (0,0) size 30x20
            text run at (0,0) width 30: "Four"
selection start: position 0 of child 0 {#text} of child 1 {DIV} of child 2 {DIV} of child 1 {BODY} of child 0 {HTML} of document
selection end:   position 5 of child 0 {#text} of child 2 {SPAN} of child 3 {DIV} of child 2 {DIV} of child 1 {BODY} of child 0 {HTML} of document
