layer at (0,0) size 800x600
  RenderView at (0,0) size 800x600
layer at (0,0) size 800x600
  RenderBlock {HTML} at (0,0) size 800x600
    RenderBody {BODY} at (8,8) size 784x584
      RenderBlock {P} at (0,0) size 784x30
        RenderText {#text} at (0,0) size 12x30
          text run at (0,0) width 12: "x"
caret: position 1 of child 0 {#text} of child 0 {P} of child 1 {BODY} of child 0 {HTML} of document
