layer at (0,0) size 800x600
  RenderView at (0,0) size 800x600
layer at (0,0) size 800x600
  RenderBlock {HTML} at (0,0) size 800x600
    RenderBody {BODY} at (8,8) size 784x584
      RenderBlock {DIV} at (0,0) size 784x58 [border: (2px solid #FF0000)]
        RenderText {#text} at (14,14) size 38x30
          text run at (14,14) width 38: " foo"
caret: position 4 of child 0 {#text} of child 1 {DIV} of child 1 {BODY} of child 0 {HTML} of document
