layer at (0,0) size 800x600
  RenderView at (0,0) size 800x600
layer at (0,0) size 800x600
  RenderBlock {HTML} at (0,0) size 800x600
    RenderBody {BODY} at (8,8) size 784x584
      RenderBlock {DIV} at (0,0) size 784x94 [border: (2px solid #FF0000)]
        RenderInline {SPAN} at (0,0) size 108x63
          RenderInline {B} at (0,0) size 108x66
            RenderText {#text} at (14,14) size 108x33
              text run at (14,14) width 108: "xxxtestxxx"
            RenderBR {BR} at (122,38) size 0x0
            RenderText {#text} at (14,47) size 36x33
              text run at (14,47) width 36: "xxx"
caret: position 3 of child 2 {#text} of child 0 {B} of child 1 {SPAN} of child 1 {DIV} of child 1 {BODY} of child 0 {HTML} of document
