layer at (0,0) size 800x600
  RenderView at (0,0) size 800x600
layer at (0,0) size 800x600
  RenderBlock {HTML} at (0,0) size 800x600
    RenderBody {BODY} at (8,8) size 784x584
      RenderBlock {DIV} at (0,0) size 784x148 [border: (2px solid #FF0000)]
        RenderText {#text} at (14,14) size 738x120
          text run at (14,14) width 696: "xxxx x xx xxxx xxxxxx xxxxx xxxxxx xxx xx xxxx xxx xxx xx x xxxxx"
          text run at (710,14) width 6: " "
          text run at (14,44) width 732: "xxxxxxxxxxxx xxxxxxxx xxx xxxx xxxxx xx xxx xxxx xxxx xxxxx xxxxxx"
          text run at (746,44) width 6: " "
          text run at (14,74) width 714: "xxx xx xxxx xxx xxx xx xxxxxx xxxxx xxxxxx xxx xx xxxx xxx xxx xx x"
          text run at (728,74) width 6: " "
          text run at (14,104) width 360: "xxxxx xxxxxxxxxxxx xxxxxxxx xxx "
        RenderInline {SPAN} at (0,0) size 0x30
caret: position 233 of child 0 {#text} of child 1 {DIV} of child 1 {BODY} of child 0 {HTML} of document
