layer at (0,0) size 800x646
  RenderView at (0,0) size 800x600
layer at (0,0) size 800x646
  RenderBlock {HTML} at (0,0) size 800x646
    RenderBody {BODY} at (8,8) size 784x630 [bgcolor=#CCCCCC]
      RenderBlock {P} at (0,0) size 784x17
        RenderInline (generated) at (0,0) size 8x17 [color=#800000]
          RenderText {#text} at (0,0) size 8x17
            text run at (0,0) width 8: "T"
        RenderText {#text} at (8,0) size 318x17
          text run at (8,0) width 318: "he style declarations which apply to the text below are:"
      RenderBlock {PRE} at (0,30) size 784x68
        RenderText {#text} at (0,0) size 208x68
          text run at (0,0) width 163: "P:first-letter {color: maroon;}"
          text run at (163,0) width 0: " "
          text run at (0,17) width 190: ".two:first-letter {font-size: 200%;}"
          text run at (190,17) width 0: " "
          text run at (0,34) width 208: "P.three:first-letter {font-size: 350%;}"
          text run at (208,34) width 0: " "
          text run at (0,51) width 0: " "
      RenderBlock {HR} at (0,111) size 784x2 [border: (1px inset #000000)]
      RenderBlock {P} at (0,126) size 784x34
        RenderInline (generated) at (0,0) size 8x17 [color=#800000]
          RenderText {#text} at (0,0) size 8x17
            text run at (0,0) width 8: "T"
        RenderText {#text} at (8,0) size 772x34
          text run at (8,0) width 401: "he first letter of this paragraph, and only that one, should be maroon. "
          text run at (409,0) width 363: "If this precise combination does not occur, then the user agent"
          text run at (0,17) width 115: "has failed this test. "
          text run at (115,17) width 618: "Remember that in order to ensure a complete test, the paragraph must be displayed on more than one line."
      RenderBlock {P} at (0,173) size 784x67
        RenderInline (generated) at (0,0) size 16x33 [color=#800000]
          RenderText {#text} at (0,0) size 16x33
            text run at (0,0) width 16: "T"
        RenderText {#text} at (16,12) size 778x55
          text run at (16,12) width 568: "he first letter of this paragraph, and only that one, should be a larger font size, as well as maroon. "
          text run at (584,12) width 185: "If this precise combination does"
          text run at (0,33) width 293: "not occur, then the user agent has failed this test. "
          text run at (293,33) width 485: "Remember that in order to ensure a complete test, the paragraph must be displayed"
          text run at (0,50) width 129: "on more than one line."
      RenderBlock {P} at (0,253) size 784x92
        RenderInline (generated) at (0,0) size 59x58 [color=#800000]
          RenderText {#text} at (0,0) size 59x58
            text run at (0,0) width 59: "\"W"
        RenderText {#text} at (59,31) size 756x61
          text run at (59,31) width 294: "e should check for quotation support,\" it was said. "
          text run at (353,31) width 403: "The first two characters in this paragraph-- a double-quote mark and a"
          text run at (0,58) width 461: "capital 'W'-- should be 350% bigger than the rest of the paragraph, and maroon. "
          text run at (461,58) width 289: "Note that this is not required under CSS1, but it is"
          text run at (0,75) width 86: "recommended."
      RenderTable {TABLE} at (0,358) size 784x272 [border: (1px outset #808080)]
        RenderTableSection {TBODY} at (1,1) size 782x270
          RenderTableRow {TR} at (0,0) size 782x26
            RenderTableCell {TD} at (0,0) size 782x26 [bgcolor=#C0C0C0] [border: (1px inset #808080)] [r=0 c=0 rs=1 cs=2]
              RenderInline {STRONG} at (0,0) size 144x17
                RenderText {#text} at (4,4) size 144x17
                  text run at (4,4) width 144: "TABLE Testing Section"
          RenderTableRow {TR} at (0,26) size 782x244
            RenderTableCell {TD} at (0,135) size 12x25 [bgcolor=#C0C0C0] [border: (1px inset #808080)] [r=1 c=0 rs=1 cs=1]
              RenderText {#text} at (4,4) size 4x17
                text run at (4,4) width 4: " "
            RenderTableCell {TD} at (12,26) size 770x244 [border: (1px inset #808080)] [r=1 c=1 rs=1 cs=1]
              RenderBlock {P} at (4,4) size 762x51
                RenderInline (generated) at (0,0) size 8x17 [color=#800000]
                  RenderText {#text} at (0,0) size 8x17
                    text run at (0,0) width 8: "T"
                RenderText {#text} at (8,0) size 741x51
                  text run at (8,0) width 401: "he first letter of this paragraph, and only that one, should be maroon. "
                  text run at (409,0) width 327: "If this precise combination does not occur, then the user"
                  text run at (0,17) width 151: "agent has failed this test. "
                  text run at (151,17) width 590: "Remember that in order to ensure a complete test, the paragraph must be displayed on more than one"
                  text run at (0,34) width 24: "line."
              RenderBlock {P} at (4,68) size 762x67
                RenderInline (generated) at (0,0) size 16x33 [color=#800000]
                  RenderText {#text} at (0,0) size 16x33
                    text run at (0,0) width 16: "T"
                RenderText {#text} at (16,12) size 751x55
                  text run at (16,12) width 568: "he first letter of this paragraph, and only that one, should be a larger font size, as well as maroon. "
                  text run at (584,12) width 153: "If this precise combination"
                  text run at (0,33) width 325: "does not occur, then the user agent has failed this test. "
                  text run at (325,33) width 426: "Remember that in order to ensure a complete test, the paragraph must be"
                  text run at (0,50) width 188: "displayed on more than one line."
              RenderBlock {P} at (4,148) size 762x92
                RenderInline (generated) at (0,0) size 59x58 [color=#800000]
                  RenderText {#text} at (0,0) size 59x58
                    text run at (0,0) width 59: "\"W"
                RenderText {#text} at (59,31) size 756x61
                  text run at (59,31) width 294: "e should check for quotation support,\" it was said. "
                  text run at (353,31) width 403: "The first two characters in this paragraph-- a double-quote mark and a"
                  text run at (0,58) width 461: "capital 'W'-- should be 350% bigger than the rest of the paragraph, and maroon. "
                  text run at (461,58) width 289: "Note that this is not required under CSS1, but it is"
                  text run at (0,75) width 86: "recommended."
