layer at (0,0) size 800x600
  RenderView at (0,0) size 800x600
layer at (0,0) size 800x600
  RenderBlock {HTML} at (0,0) size 800x600
    RenderBody {BODY} at (8,8) size 784x584 [bgcolor=#CCCCCC]
      RenderBlock {P} at (0,0) size 784x18
        RenderText {#text} at (0,0) size 348x17
          text run at (0,0) width 348: "The style declarations which apply to the text below are:"
      RenderBlock {PRE} at (0,31) size 784x68
        RenderText {#text} at (0,0) size 170x68
          text run at (0,0) width 170: "P:first-line {font-weight: bold;}"
          text run at (170,0) width 0: " "
          text run at (0,17) width 167: "P.two:first-line {color: green;}"
          text run at (167,17) width 0: " "
          text run at (0,34) width 162: "P:first-line.three {color: red;}"
          text run at (162,34) width 0: " "
          text run at (0,51) width 0: " "
      RenderBlock {HR} at (0,112) size 784x2 [border: (1px inset #000000)]
      RenderBlock {P} at (0,127) size 784x35
        RenderText {#text} at (0,0) size 777x35
          text run at (0,0) width 319: "The first line of this sentence should be boldfaced. "
          text run at (319,0) width 458: "This test is included simply to establish a baseline for the following tests,"
          text run at (0,18) width 510: "since if this test fails, then the rest of the tests on this page are expected to fail as well."
      RenderBlock {P} at (0,175) size 784x35
        RenderText {#text} at (0,0) size 778x35
          text run at (0,0) width 522: "The first line of this sentence should be boldfaced and green, thanks to its selector. "
          text run at (522,0) width 256: "If this is not the case, then the user agent"
          text run at (0,18) width 461: "may have failed to properly parse the selector, or it may simply not support the "
        RenderInline {TT} at (0,0) size 50x17
          RenderText {#text} at (461,18) size 50x17
            text run at (461,18) width 50: ":first-line"
        RenderText {#text} at (511,18) size 100x17
          text run at (511,18) width 100: " pseudo-element."
      RenderBlock {P} at (0,223) size 784x52
        RenderText {#text} at (0,0) size 763x52
          text run at (0,0) width 319: "The first line of this sentence should be boldfaced. "
          text run at (319,0) width 444: "If it is red, then the user agent has violated the specification in allowing"
          text run at (0,18) width 350: "pseudo-elements at a point other than the end of a selector. "
          text run at (350,18) width 386: "If neither is the case, then the user agent has correctly ignored the"
          text run at (0,35) width 720: "incorrect selector, but has suppressed other styles which are valid, and therefore must be considered to have failed the test."
      RenderTable {TABLE} at (0,288) size 784x201 [border: (1px outset #808080)]
        RenderTableSection {TBODY} at (1,1) size 782x199
          RenderTableRow {TR} at (0,0) size 782x26
            RenderTableCell {TD} at (0,0) size 782x26 [bgcolor=#C0C0C0] [border: (1px inset #808080)] [r=0 c=0 rs=1 cs=2]
              RenderInline {STRONG} at (0,0) size 144x17
                RenderText {#text} at (4,4) size 144x17
                  text run at (4,4) width 144: "TABLE Testing Section"
          RenderTableRow {TR} at (0,26) size 782x173
            RenderTableCell {TD} at (0,100) size 12x25 [bgcolor=#C0C0C0] [border: (1px inset #808080)] [r=1 c=0 rs=1 cs=1]
              RenderText {#text} at (4,4) size 4x17
                text run at (4,4) width 4: " "
            RenderTableCell {TD} at (12,26) size 770x173 [border: (1px inset #808080)] [r=1 c=1 rs=1 cs=1]
              RenderBlock {P} at (4,4) size 762x35
                RenderText {#text} at (0,0) size 740x35
                  text run at (0,0) width 319: "The first line of this sentence should be boldfaced. "
                  text run at (319,0) width 421: "This test is included simply to establish a baseline for the following"
                  text run at (0,18) width 547: "tests, since if this test fails, then the rest of the tests on this page are expected to fail as well."
              RenderBlock {P} at (4,52) size 762x35
                RenderText {#text} at (0,0) size 740x35
                  text run at (0,0) width 522: "The first line of this sentence should be boldfaced and green, thanks to its selector. "
                  text run at (522,0) width 218: "If this is not the case, then the user"
                  text run at (0,18) width 497: "agent may have failed to properly parse the selector, or it may simply not support the "
                RenderInline {TT} at (0,0) size 50x17
                  RenderText {#text} at (497,18) size 50x17
                    text run at (497,18) width 50: ":first-line"
                RenderText {#text} at (547,18) size 100x17
                  text run at (547,18) width 100: " pseudo-element."
              RenderBlock {P} at (4,100) size 762x69
                RenderText {#text} at (0,0) size 758x69
                  text run at (0,0) width 319: "The first line of this sentence should be boldfaced. "
                  text run at (319,0) width 387: "If it is red, then the user agent has violated the specification in"
                  text run at (0,18) width 400: "allowing pseudo-elements at a point other than the end of a selector. "
                  text run at (400,18) width 318: "If neither is the case, then the user agent has correctly"
                  text run at (0,35) width 758: "ignored the incorrect selector, but has suppressed other styles which are valid, and therefore must be considered to have failed the"
                  text run at (0,52) width 26: "test."
