layer at (0,0) size 800x1657
  RenderView at (0,0) size 800x600
layer at (0,0) size 800x1657
  RenderBlock {HTML} at (0,0) size 800x1657
    RenderBody {BODY} at (8,8) size 784x1641 [bgcolor=#CCCCCC]
      RenderBlock {P} at (0,0) size 784x17
        RenderText {#text} at (0,0) size 326x17
          text run at (0,0) width 326: "The style declarations which apply to the text below are:"
      RenderBlock {PRE} at (0,30) size 784x255
        RenderText {#text} at (0,0) size 641x255
          text run at (0,0) width 481: ".one {background-image: url(../resources/oransqr.gif); background-repeat: repeat-y;}"
          text run at (481,0) width 0: " "
          text run at (0,17) width 480: ".two {background-image: url(../resources/oransqr.gif); background-repeat: repeat-x;}"
          text run at (480,17) width 0: " "
          text run at (0,34) width 496: ".three {background-image: url(../resources/oransqr.gif); background-repeat: no-repeat;}"
          text run at (496,34) width 0: " "
          text run at (0,51) width 641: ".four {background-image: url(../resources/bg.gif); background-position: 50% 50%; background-repeat: repeat-y;}"
          text run at (641,51) width 0: " "
          text run at (0,68) width 512: ".five {background-image: url(../resources/crosshair2.gif); background-position: 50% 50%;"
          text run at (512,68) width 0: " "
          text run at (0,85) width 161: "       background-color: red;}"
          text run at (161,85) width 0: " "
          text run at (0,102) width 510: ".six {background-image: url(../resources/crosshair2.gif); background-position: center top;"
          text run at (510,102) width 0: " "
          text run at (0,119) width 157: "      background-color: red;}"
          text run at (157,119) width 0: " "
          text run at (0,136) width 510: ".seven {background-image: url(../resources/crosshair2.gif); background-position: top left;"
          text run at (510,136) width 0: " "
          text run at (0,153) width 165: "        background-color: red;}"
          text run at (165,153) width 0: " "
          text run at (0,170) width 532: ".eight {background-image: url(../resources/crosshair2.gif); background-position: bottom right;"
          text run at (532,170) width 0: " "
          text run at (0,187) width 165: "        background-color: red;}"
          text run at (165,187) width 0: " "
          text run at (0,204) width 515: ".nine {background-image: url(../resources/crosshair2.gif); background-position: 50% 50%;"
          text run at (515,204) width 0: " "
          text run at (0,221) width 161: "       background-color: red;}"
          text run at (161,221) width 0: " "
          text run at (0,238) width 0: " "
      RenderBlock {HR} at (0,298) size 784x2 [border: (1px inset #000000)]
      RenderBlock {P} at (0,313) size 784x51
        RenderText {#text} at (0,0) size 726x17
          text run at (0,0) width 726: "This sentence should have an orange stripe repeated in the \"y\" direction, starting at the upper left corner (since the default for"
        RenderInline {CODE} at (0,0) size 116x17
          RenderText {#text} at (0,17) size 116x17
            text run at (0,17) width 116: "background-position"
        RenderText {#text} at (116,17) size 764x34
          text run at (116,17) width 296: " is '0% 0%' and that property is not declared here). "
          text run at (412,17) width 352: "This is extra text included for the sole purpose of making the"
          text run at (0,34) width 104: "paragraph longer. "
          text run at (104,34) width 198: "Thank you for your understanding."
      RenderBlock {P} at (0,377) size 784x51
        RenderText {#text} at (0,0) size 726x17
          text run at (0,0) width 726: "This sentence should have an orange stripe repeated in the \"x\" direction, starting at the upper left corner (since the default for"
        RenderInline {CODE} at (0,0) size 116x17
          RenderText {#text} at (0,17) size 116x17
            text run at (0,17) width 116: "background-position"
        RenderText {#text} at (116,17) size 764x34
          text run at (116,17) width 296: " is '0% 0%' and that property is not declared here). "
          text run at (412,17) width 352: "This is extra text included for the sole purpose of making the"
          text run at (0,34) width 104: "paragraph longer. "
          text run at (104,34) width 198: "Thank you for your understanding."
      RenderBlock {P} at (0,441) size 784x51
        RenderText {#text} at (0,0) size 652x17
          text run at (0,0) width 652: "This sentence should have a single orange square behind it, placed at the upper left corner (since the default for "
        RenderInline {CODE} at (0,0) size 116x17
          RenderText {#text} at (652,0) size 116x17
            text run at (652,0) width 116: "background-position"
        RenderText {#text} at (768,0) size 782x51
          text run at (768,0) width 14: " is"
          text run at (0,17) width 278: "'0% 0%' and that property is not declared here). "
          text run at (278,17) width 460: "This is extra text included for the sole purpose of making the paragraph longer. "
          text run at (738,17) width 36: "Thank"
          text run at (0,34) width 158: "you for your understanding."
      RenderBlock {P} at (0,505) size 784x68
        RenderText {#text} at (0,0) size 744x34
          text run at (0,0) width 744: "This sentence should have a green-hatch stripe running vertically down the center of the paragraph, with the origin image exactly"
          text run at (0,17) width 155: "centered in the paragraph. "
          text run at (155,17) width 96: "This is because "
        RenderInline {CODE} at (0,0) size 47x17
          RenderText {#text} at (251,17) size 47x17
            text run at (251,17) width 47: "repeat-y"
        RenderText {#text} at (298,17) size 105x17
          text run at (298,17) width 105: " specifies tiling in "
        RenderInline {EM} at (0,0) size 25x17
          RenderText {#text} at (403,17) size 25x17
            text run at (403,17) width 25: "both"
        RenderText {#text} at (428,17) size 763x34
          text run at (428,17) width 147: " directions on the y-axis. "
          text run at (575,17) width 188: "Note that this test is only valid if"
          text run at (0,34) width 141: "the user agent supports "
        RenderInline {CODE} at (0,0) size 116x17
          RenderText {#text} at (141,34) size 116x17
            text run at (141,34) width 116: "background-position"
        RenderText {#text} at (257,34) size 33x17
          text run at (257,34) width 33: " (see "
        RenderInline {A} at (0,0) size 55x17 [color=#0000FF]
          RenderText {#text} at (290,34) size 55x17
            text run at (290,34) width 55: "test 5.3.6"
        RenderText {#text} at (345,34) size 754x34
          text run at (345,34) width 12: "). "
          text run at (357,34) width 397: "I'll fill the paragraph with extra text to make the conformance (or lack"
          text run at (0,51) width 130: "thereof) more obvious."
      RenderBlock {P} at (0,586) size 784x68 [bgcolor=#FF0000]
        RenderText {#text} at (0,0) size 698x17
          text run at (0,0) width 602: "This paragraph should have a tiled background, with the origin image exactly centered in the paragraph. "
          text run at (602,0) width 96: "This is because "
        RenderInline {CODE} at (0,0) size 769x34
          RenderText {#text} at (698,0) size 769x34
            text run at (698,0) width 71: "background-"
            text run at (0,17) width 36: "repeat"
        RenderText {#text} at (36,17) size 105x17
          text run at (36,17) width 105: " specifies tiling in "
        RenderInline {EM} at (0,0) size 13x17
          RenderText {#text} at (141,17) size 13x17
            text run at (141,17) width 13: "all"
        RenderText {#text} at (154,17) size 762x34
          text run at (154,17) width 333: " directions, regardless of the position of the origin image. "
          text run at (487,17) width 275: "Note that this test is only valid if the user agent"
          text run at (0,34) width 54: "supports "
        RenderInline {CODE} at (0,0) size 116x17
          RenderText {#text} at (54,34) size 116x17
            text run at (54,34) width 116: "background-position"
        RenderText {#text} at (170,34) size 33x17
          text run at (170,34) width 33: " (see "
        RenderInline {A} at (0,0) size 55x17 [color=#0000FF]
          RenderText {#text} at (203,34) size 55x17
            text run at (203,34) width 55: "test 5.3.6"
        RenderText {#text} at (258,34) size 748x34
          text run at (258,34) width 12: "). "
          text run at (270,34) width 478: "I'll fill the paragraph with extra text to make the conformance (or lack thereof) more"
          text run at (0,51) width 53: "obvious. "
          text run at (53,51) width 555: "A background color is present, although if it is visible then the image has not bee correctly tiled."
      RenderBlock {P} at (0,667) size 784x51 [bgcolor=#FF0000]
        RenderText {#text} at (0,0) size 776x51
          text run at (0,0) width 766: "This sentence should have a fully tiled background which starts at its center top; that is, the background's origin should be the exact"
          text run at (0,17) width 201: "center of the top of the paragraph. "
          text run at (201,17) width 463: "I'll fill it with extra text to make the conformance (or lack thereof) more obvious. "
          text run at (664,17) width 112: "A background color"
          text run at (0,34) width 486: "is present, although if it is visible, then the image may not have been tiled correctly."
      RenderBlock {P} at (0,731) size 784x34 [bgcolor=#FF0000]
        RenderText {#text} at (0,0) size 778x34
          text run at (0,0) width 453: "This sentence should have a fully tiled background which starts at its top left. "
          text run at (453,0) width 325: "I'll fill it with extra text to make the conformance (or lack"
          text run at (0,17) width 134: "thereof) more obvious. "
          text run at (134,17) width 602: "A background color is present, although if it is visible, then the image may not have been tiled correctly."
      RenderBlock {P} at (0,778) size 784x68 [bgcolor=#FF0000]
        RenderText {#text} at (0,0) size 776x68
          text run at (0,0) width 764: "This sentence should have a fully tiled background which starts at its bottom right; in other words, a complete instance of the image"
          text run at (0,17) width 567: "should be anchored in the bottom right corner, with the tiled background extending out from there. "
          text run at (567,17) width 199: "I'll fill it with extra text to make the"
          text run at (0,34) width 260: "conformance (or lack thereof) more obvious. "
          text run at (260,34) width 516: "A background color is present, although if it is visible, then the image may not have been"
          text run at (0,51) width 82: "tiled correctly."
      RenderBlock {P} at (0,859) size 784x85 [bgcolor=#FF0000]
        RenderText {#text} at (0,0) size 784x85
          text run at (0,0) width 784: "This sentence should have a fully tiled background which starts at its center and is tiled in all directions; that is, the background's origin"
          text run at (0,17) width 260: "should be the exact center of the paragraph. "
          text run at (260,17) width 463: "I'll fill it with extra text to make the conformance (or lack thereof) more obvious. "
          text run at (723,17) width 52: "In fact, a"
          text run at (0,34) width 357: "lot of extra text will be necessary to make this at all obvious. "
          text run at (357,34) width 387: "This is true because I am not able to increase the text size without"
          text run at (0,51) width 604: "resorting to either headings or other CSS properties, neither of which I want to use in this circumstance. "
          text run at (604,51) width 170: "This ought to be enough text,"
          text run at (0,68) width 47: "though. "
          text run at (47,68) width 602: "A background color is present, although if it is visible, then the image may not have been tiled correctly."
      RenderTable {TABLE} at (0,957) size 784x684 [border: (1px outset #808080)]
        RenderTableSection {TBODY} at (1,1) size 782x682
          RenderTableRow {TR} at (0,0) size 782x26
            RenderTableCell {TD} at (0,0) size 782x26 [bgcolor=#C0C0C0] [border: (1px inset #808080)] [r=0 c=0 rs=1 cs=2]
              RenderInline {STRONG} at (0,0) size 144x17
                RenderText {#text} at (4,4) size 144x17
                  text run at (4,4) width 144: "TABLE Testing Section"
          RenderTableRow {TR} at (0,26) size 782x656
            RenderTableCell {TD} at (0,341) size 12x25 [bgcolor=#C0C0C0] [border: (1px inset #808080)] [r=1 c=0 rs=1 cs=1]
              RenderText {#text} at (4,4) size 4x17
                text run at (4,4) width 4: " "
            RenderTableCell {TD} at (12,26) size 770x656 [border: (1px inset #808080)] [r=1 c=1 rs=1 cs=1]
              RenderBlock {P} at (4,4) size 762x51
                RenderText {#text} at (0,0) size 726x17
                  text run at (0,0) width 726: "This sentence should have an orange stripe repeated in the \"y\" direction, starting at the upper left corner (since the default for"
                RenderInline {CODE} at (0,0) size 116x17
                  RenderText {#text} at (0,17) size 116x17
                    text run at (0,17) width 116: "background-position"
                RenderText {#text} at (116,17) size 742x34
                  text run at (116,17) width 296: " is '0% 0%' and that property is not declared here). "
                  text run at (412,17) width 330: "This is extra text included for the sole purpose of making"
                  text run at (0,34) width 126: "the paragraph longer. "
                  text run at (126,34) width 198: "Thank you for your understanding."
              RenderBlock {P} at (4,68) size 762x51
                RenderText {#text} at (0,0) size 726x17
                  text run at (0,0) width 726: "This sentence should have an orange stripe repeated in the \"x\" direction, starting at the upper left corner (since the default for"
                RenderInline {CODE} at (0,0) size 116x17
                  RenderText {#text} at (0,17) size 116x17
                    text run at (0,17) width 116: "background-position"
                RenderText {#text} at (116,17) size 742x34
                  text run at (116,17) width 296: " is '0% 0%' and that property is not declared here). "
                  text run at (412,17) width 330: "This is extra text included for the sole purpose of making"
                  text run at (0,34) width 126: "the paragraph longer. "
                  text run at (126,34) width 198: "Thank you for your understanding."
              RenderBlock {P} at (4,132) size 762x51
                RenderText {#text} at (0,0) size 652x17
                  text run at (0,0) width 652: "This sentence should have a single orange square behind it, placed at the upper left corner (since the default for "
                RenderInline {CODE} at (0,0) size 723x34
                  RenderText {#text} at (652,0) size 723x34
                    text run at (652,0) width 71: "background-"
                    text run at (0,17) width 45: "position"
                RenderText {#text} at (45,17) size 754x34
                  text run at (45,17) width 296: " is '0% 0%' and that property is not declared here). "
                  text run at (341,17) width 413: "This is extra text included for the sole purpose of making the paragraph"
                  text run at (0,34) width 43: "longer. "
                  text run at (43,34) width 198: "Thank you for your understanding."
              RenderBlock {P} at (4,196) size 762x68
                RenderText {#text} at (0,0) size 744x34
                  text run at (0,0) width 744: "This sentence should have a green-hatch stripe running vertically down the center of the paragraph, with the origin image exactly"
                  text run at (0,17) width 155: "centered in the paragraph. "
                  text run at (155,17) width 96: "This is because "
                RenderInline {CODE} at (0,0) size 47x17
                  RenderText {#text} at (251,17) size 47x17
                    text run at (251,17) width 47: "repeat-y"
                RenderText {#text} at (298,17) size 105x17
                  text run at (298,17) width 105: " specifies tiling in "
                RenderInline {EM} at (0,0) size 25x17
                  RenderText {#text} at (403,17) size 25x17
                    text run at (403,17) width 25: "both"
                RenderText {#text} at (428,17) size 752x34
                  text run at (428,17) width 147: " directions on the y-axis. "
                  text run at (575,17) width 177: "Note that this test is only valid"
                  text run at (0,34) width 152: "if the user agent supports "
                RenderInline {CODE} at (0,0) size 116x17
                  RenderText {#text} at (152,34) size 116x17
                    text run at (152,34) width 116: "background-position"
                RenderText {#text} at (268,34) size 33x17
                  text run at (268,34) width 33: " (see "
                RenderInline {A} at (0,0) size 55x17 [color=#0000FF]
                  RenderText {#text} at (301,34) size 55x17
                    text run at (301,34) width 55: "test 5.3.6"
                RenderText {#text} at (356,34) size 737x34
                  text run at (356,34) width 12: "). "
                  text run at (368,34) width 369: "I'll fill the paragraph with extra text to make the conformance (or"
                  text run at (0,51) width 158: "lack thereof) more obvious."
              RenderBlock {P} at (4,277) size 762x68 [bgcolor=#FF0000]
                RenderText {#text} at (0,0) size 694x17
                  text run at (0,0) width 602: "This paragraph should have a tiled background, with the origin image exactly centered in the paragraph. "
                  text run at (602,0) width 92: "This is because"
                RenderInline {CODE} at (0,0) size 107x17
                  RenderText {#text} at (0,17) size 107x17
                    text run at (0,17) width 107: "background-repeat"
                RenderText {#text} at (107,17) size 105x17
                  text run at (107,17) width 105: " specifies tiling in "
                RenderInline {EM} at (0,0) size 13x17
                  RenderText {#text} at (212,17) size 13x17
                    text run at (212,17) width 13: "all"
                RenderText {#text} at (225,17) size 746x34
                  text run at (225,17) width 333: " directions, regardless of the position of the origin image. "
                  text run at (558,17) width 188: "Note that this test is only valid if"
                  text run at (0,34) width 141: "the user agent supports "
                RenderInline {CODE} at (0,0) size 116x17
                  RenderText {#text} at (141,34) size 116x17
                    text run at (141,34) width 116: "background-position"
                RenderText {#text} at (257,34) size 33x17
                  text run at (257,34) width 33: " (see "
                RenderInline {A} at (0,0) size 55x17 [color=#0000FF]
                  RenderText {#text} at (290,34) size 55x17
                    text run at (290,34) width 55: "test 5.3.6"
                RenderText {#text} at (345,34) size 754x34
                  text run at (345,34) width 12: "). "
                  text run at (357,34) width 397: "I'll fill the paragraph with extra text to make the conformance (or lack"
                  text run at (0,51) width 134: "thereof) more obvious. "
                  text run at (134,51) width 555: "A background color is present, although if it is visible then the image has not bee correctly tiled."
              RenderBlock {P} at (4,358) size 762x51 [bgcolor=#FF0000]
                RenderText {#text} at (0,0) size 730x51
                  text run at (0,0) width 730: "This sentence should have a fully tiled background which starts at its center top; that is, the background's origin should be the"
                  text run at (0,17) width 237: "exact center of the top of the paragraph. "
                  text run at (237,17) width 463: "I'll fill it with extra text to make the conformance (or lack thereof) more obvious. "
                  text run at (700,17) width 9: "A"
                  text run at (0,34) width 589: "background color is present, although if it is visible, then the image may not have been tiled correctly."
              RenderBlock {P} at (4,422) size 762x51 [bgcolor=#FF0000]
                RenderText {#text} at (0,0) size 750x51
                  text run at (0,0) width 453: "This sentence should have a fully tiled background which starts at its top left. "
                  text run at (453,0) width 297: "I'll fill it with extra text to make the conformance (or"
                  text run at (0,17) width 162: "lack thereof) more obvious. "
                  text run at (162,17) width 544: "A background color is present, although if it is visible, then the image may not have been tiled"
                  text run at (0,34) width 54: "correctly."
              RenderBlock {P} at (4,486) size 762x68 [bgcolor=#FF0000]
                RenderText {#text} at (0,0) size 748x68
                  text run at (0,0) width 725: "This sentence should have a fully tiled background which starts at its bottom right; in other words, a complete instance of the"
                  text run at (0,17) width 606: "image should be anchored in the bottom right corner, with the tiled background extending out from there. "
                  text run at (606,17) width 141: "I'll fill it with extra text to"
                  text run at (0,34) width 318: "make the conformance (or lack thereof) more obvious. "
                  text run at (318,34) width 430: "A background color is present, although if it is visible, then the image may"
                  text run at (0,51) width 168: "not have been tiled correctly."
              RenderBlock {P} at (4,567) size 762x85 [bgcolor=#FF0000]
                RenderText {#text} at (0,0) size 755x85
                  text run at (0,0) width 749: "This sentence should have a fully tiled background which starts at its center and is tiled in all directions; that is, the background's"
                  text run at (0,17) width 295: "origin should be the exact center of the paragraph. "
                  text run at (295,17) width 459: "I'll fill it with extra text to make the conformance (or lack thereof) more obvious."
                  text run at (0,34) width 413: "In fact, a lot of extra text will be necessary to make this at all obvious. "
                  text run at (413,34) width 342: "This is true because I am not able to increase the text size"
                  text run at (0,51) width 649: "without resorting to either headings or other CSS properties, neither of which I want to use in this circumstance. "
                  text run at (649,51) width 94: "This ought to be"
                  text run at (0,68) width 123: "enough text, though. "
                  text run at (123,68) width 602: "A background color is present, although if it is visible, then the image may not have been tiled correctly."
