layer at (0,0) size 800x600
  RenderView at (0,0) size 800x600
layer at (0,0) size 800x600
  RenderBlock {HTML} at (0,0) size 800x600
    RenderBody {BODY} at (8,8) size 784x584
      RenderBlock {P} at (0,0) size 784x36
        RenderText {#text} at (0,0) size 749x36
          text run at (0,0) width 748: "This tests if the \"spellcheck\" attribute is implemented as written in its specification. If this test succeeds, you can see six"
          text run at (0,18) width 749: "forms filled with an invalid word 'zz '. Nevertheless, the 'zz ' only in the line 1.1, 1.2, and 2.2 are marked as misspelled."
      RenderBlock {DIV} at (0,52) size 784x69
        RenderInline {LABEL} at (0,0) size 24x18
          RenderText {#text} at (0,2) size 24x18
            text run at (0,2) width 24: "1.1."
        RenderTextControl {INPUT} at (26,2) size 125x19 [bgcolor=#FFFFFF] [border: (2px inset #000000)]
        RenderBR {BR} at (153,16) size 0x0
        RenderInline {LABEL} at (0,0) size 24x18
          RenderText {#text} at (0,25) size 24x18
            text run at (0,25) width 24: "1.2."
        RenderTextControl {INPUT} at (26,25) size 125x19 [bgcolor=#FFFFFF] [border: (2px inset #000000)]
        RenderBR {BR} at (153,39) size 0x0
        RenderInline {LABEL} at (0,0) size 24x18
          RenderText {#text} at (0,48) size 24x18
            text run at (0,48) width 24: "1.3."
        RenderTextControl {INPUT} at (26,48) size 125x19 [bgcolor=#FFFFFF] [border: (2px inset #000000)]
        RenderBR {BR} at (153,62) size 0x0
      RenderBlock {DIV} at (0,121) size 784x69
        RenderInline {LABEL} at (0,0) size 24x18
          RenderText {#text} at (0,2) size 24x18
            text run at (0,2) width 24: "2.1."
        RenderTextControl {INPUT} at (26,2) size 125x19 [bgcolor=#FFFFFF] [border: (2px inset #000000)]
        RenderBR {BR} at (153,16) size 0x0
        RenderInline {LABEL} at (0,0) size 24x18
          RenderText {#text} at (0,25) size 24x18
            text run at (0,25) width 24: "2.2."
        RenderTextControl {INPUT} at (26,25) size 125x19 [bgcolor=#FFFFFF] [border: (2px inset #000000)]
        RenderBR {BR} at (153,39) size 0x0
        RenderInline {LABEL} at (0,0) size 24x18
          RenderText {#text} at (0,48) size 24x18
            text run at (0,48) width 24: "2.3."
        RenderTextControl {INPUT} at (26,48) size 125x19 [bgcolor=#FFFFFF] [border: (2px inset #000000)]
        RenderBR {BR} at (153,62) size 0x0
layer at (37,65) size 119x13
  RenderBlock {DIV} at (3,3) size 119x13
    RenderText {#text} at (1,0) size 16x13
      text run at (1,0) width 16: "zz "
layer at (37,88) size 119x13
  RenderBlock {DIV} at (3,3) size 119x13
    RenderText {#text} at (1,0) size 16x13
      text run at (1,0) width 16: "zz "
layer at (37,111) size 119x13
  RenderBlock {DIV} at (3,3) size 119x13
    RenderText {#text} at (1,0) size 16x13
      text run at (1,0) width 16: "zz "
layer at (37,134) size 119x13
  RenderBlock {DIV} at (3,3) size 119x13
    RenderText {#text} at (1,0) size 16x13
      text run at (1,0) width 16: "zz "
layer at (37,157) size 119x13
  RenderBlock {DIV} at (3,3) size 119x13
    RenderText {#text} at (1,0) size 16x13
      text run at (1,0) width 16: "zz "
layer at (37,180) size 119x13
  RenderBlock {DIV} at (3,3) size 119x13
    RenderText {#text} at (1,0) size 16x13
      text run at (1,0) width 16: "zz "
caret: position 3 of child 0 {#text} of child 0 {DIV} of child 10 {INPUT} of child 5 {DIV} of child 1 {BODY} of child 0 {HTML} of document
