layer at (0,0) size 800x600
  RenderView at (0,0) size 800x600
layer at (0,0) size 800x600
  RenderBlock {HTML} at (0,0) size 800x600
    RenderBody {BODY} at (8,8) size 784x584
      RenderBlock (anonymous) at (0,0) size 784x23
        RenderInline {LABEL} at (0,0) size 173x18
          RenderText {#text} at (0,2) size 44x18
            text run at (0,2) width 44: "Label: "
          RenderTextControl {INPUT} at (46,2) size 125x19 [bgcolor=#FFFFFF] [border: (2px inset #000000)]
        RenderText {#text} at (0,0) size 0x0
      RenderBlock {DIV} at (0,23) size 784x18
        RenderText {#text} at (0,0) size 181x18
          text run at (0,0) width 181: "THIS TEST HAS PASSED"
layer at (57,13) size 119x13
  RenderBlock {DIV} at (3,3) size 119x13
caret: position 0 of child 0 {DIV} of child 1 {INPUT} of child 1 {LABEL} of child 1 {BODY} of child 0 {HTML} of document
