layer at (0,0) size 800x600
  RenderView at (0,0) size 800x600
layer at (0,0) size 800x600
  RenderBlock {HTML} at (0,0) size 800x600
    RenderBody {BODY} at (8,8) size 784x584
      RenderBlock {P} at (0,0) size 784x18
        RenderText {#text} at (0,0) size 666x18
          text run at (0,0) width 666: "This tests to make sure that a selection in one from isn't cleared when focusing a node in a different frame."
      RenderBlock (anonymous) at (0,34) size 784x177
        RenderPartObject {IFRAME} at (0,0) size 304x154 [border: (2px inset #000000)]
          layer at (0,0) size 300x150
            RenderView at (0,0) size 300x150
          layer at (0,0) size 300x150
            RenderBlock {HTML} at (0,0) size 300x150
              RenderBody {BODY} at (8,8) size 284x134 [bgcolor=#FFFFE0]
                RenderText {#text} at (0,0) size 270x36
                  text run at (0,0) width 266: "This test should be selected, but this frame"
                  text run at (266,0) width 4: " "
                  text run at (0,18) width 133: "shouldn't be focused."
                RenderText {#text} at (0,0) size 0x0
        RenderBR {BR} at (304,154) size 0x0
        RenderTextControl {INPUT} at (2,156) size 175x19 [bgcolor=#FFFFFF] [border: (2px inset #000000)]
        RenderText {#text} at (0,0) size 0x0
layer at (13,201) size 169x13 scrollWidth 183
  RenderBlock {DIV} at (3,3) size 169x13
    RenderText {#text} at (1,0) size 181x13
      text run at (1,0) width 181: "This text field should be focused."
selection start: position 0 of child 0 {#text} of child 0 {DIV} of child 5 {INPUT} of child 1 {BODY} of child 0 {HTML} of document
selection end:   position 34 of child 0 {#text} of child 0 {DIV} of child 5 {INPUT} of child 1 {BODY} of child 0 {HTML} of document
