layer at (0,0) size 800x600
  RenderView at (0,0) size 800x600
layer at (0,0) size 800x129
  RenderBlock {wml} at (0,0) size 800x129
    RenderBlock (anonymous) at (0,0) size 800x19
      RenderInline {template} at (0,0) size 84x18
        RenderText {#text} at (0,0) size 0x0
        RenderButton {do} at (0,1) size 84x18 [bgcolor=#C0C0C0] [border: (2px outset #C0C0C0) none (2px outset #C0C0C0)]
          RenderBlock (anonymous) at (8,2) size 68x13
            RenderText at (0,0) size 68x13
              text run at (0,0) width 68: "Template Do"
            RenderInline {prev} at (0,0) size 0x13
            RenderText {#text} at (0,0) size 0x0
        RenderText {#text} at (0,0) size 0x0
      RenderText {#text} at (0,0) size 0x0
    RenderBlock {card} at (8,35) size 784x86
      RenderBlock {p} at (0,0) size 784x18
        RenderText {#text} at (0,0) size 182x18
          text run at (0,0) width 182: "Test for do-shadow in WML"
      RenderBlock {p} at (0,34) size 784x18
        RenderText {#text} at (0,0) size 329x18
          text run at (0,0) width 329: "This is first card, which won't shadow deck-level do"
      RenderBlock (anonymous) at (0,68) size 784x0
        RenderInline {anchor} at (0,0) size 0x0 [color=#0000EE]
          RenderText {#text} at (0,0) size 0x0
      RenderBlock (anonymous) at (0,68) size 784x18
        RenderBlock {go} at (0,0) size 784x18 [color=#0000EE]
          RenderText {#text} at (0,0) size 79x18
            text run at (0,0) width 79: "Go to card 2"
      RenderBlock (anonymous) at (0,86) size 784x0
        RenderInline {anchor} at (0,0) size 0x0 [color=#0000EE]
        RenderText {#text} at (0,0) size 0x0
