layer at (0,0) size 800x600
  RenderView at (0,0) size 800x600
layer at (0,0) size 800x171
  RenderBlock {wml} at (0,0) size 800x171
    RenderBlock (anonymous) at (0,0) size 800x19
      RenderInline {template} at (0,0) size 83x18
        RenderText {#text} at (0,0) size 0x0
        RenderButton {do} at (0,1) size 83x18 [bgcolor=#C0C0C0] [border: (2px outset #C0C0C0) none (2px outset #C0C0C0)]
          RenderBlock (anonymous) at (8,2) size 67x13
            RenderBlock (anonymous) at (0,0) size 67x13
              RenderText at (0,0) size 67x13
                text run at (0,0) width 67: "Template do"
            RenderBlock {go} at (0,13) size 67x0
        RenderText {#text} at (0,0) size 0x0
      RenderText {#text} at (0,0) size 0x0
    RenderBlock {card} at (8,35) size 784x120
      RenderBlock {p} at (0,0) size 784x18
        RenderText {#text} at (0,0) size 254x18
          text run at (0,0) width 254: "Test for do element in template in WML"
      RenderBlock {p} at (0,34) size 784x18
        RenderText {#text} at (0,0) size 522x18
          text run at (0,0) width 522: "Whichever card you entered, you can see the template do button because it's global"
      RenderBlock {p} at (0,68) size 784x18
        RenderText {#text} at (0,0) size 124x18
          text run at (0,0) width 124: "This is the first card"
      RenderBlock {p} at (0,102) size 784x18
        RenderBlock (anonymous) at (0,0) size 784x0
          RenderInline {anchor} at (0,0) size 0x0 [color=#0000EE]
        RenderBlock (anonymous) at (0,0) size 784x0
          RenderBlock {go} at (0,0) size 784x0 [color=#0000EE]
        RenderBlock (anonymous) at (0,0) size 784x18
          RenderInline {anchor} at (0,0) size 75x18 [color=#0000EE]
            RenderText {#text} at (0,0) size 75x18
              text run at (0,0) width 75: "Go to card2"
