layer at (0,0) size 800x600
  RenderView at (0,0) size 800x600
layer at (0,0) size 800x193
  RenderBlock {html} at (0,0) size 800x193
    RenderBody {body} at (8,16) size 784x169
      RenderBlock {parsererror} at (16,0) size 752x134 [bgcolor=#FFDDDD] [border: (2px solid #CC7777)]
        RenderBlock {h3} at (18,20) size 716x22
          RenderText {#text} at (0,0) size 324x22
            text run at (0,0) width 324: "This page contains the following errors:"
        RenderBlock {div} at (18,60) size 716x14
          RenderText {#text} at (0,0) size 630x14
            text run at (0,0) width 630: "error on line 8 at column 55: At least two do elements share a name, which is not allowed."
        RenderBlock {h3} at (18,92) size 716x22
          RenderText {#text} at (0,0) size 429x22
            text run at (0,0) width 429: "Below is a rendering of the page up to the first error."
      RenderBlock (anonymous) at (0,150) size 784x0
        RenderInline {wml} at (0,0) size 0x0
          RenderText {#text} at (0,0) size 0x0
      RenderBlock (anonymous) at (0,150) size 784x19
        RenderBlock {card} at (8,0) size 768x19
          RenderButton {do} at (0,1) size 30x18 [bgcolor=#C0C0C0] [border: (2px outset #C0C0C0) none (2px outset #C0C0C0)]
            RenderBlock (anonymous) at (8,2) size 14x13
              RenderInline {refresh} at (0,0) size 0x0
              RenderText {#text} at (0,0) size 0x0
              RenderText at (0,0) size 14x13
                text run at (0,0) width 14: "do"
          RenderText {#text} at (0,0) size 0x0
      RenderBlock (anonymous) at (0,177) size 784x0
        RenderInline {wml} at (0,0) size 0x0
