layer at (0,0) size 800x600
  RenderView at (0,0) size 800x600
layer at (0,0) size 800x103
  RenderBlock {HTML} at (0,0) size 800x103
    RenderBody {BODY} at (8,16) size 784x79
      RenderBlock {P} at (0,0) size 784x21
        RenderText {#text} at (0,0) size 310x21
          text run at (0,0) width 310: "The following two lines should be the same:"
      RenderBlock {DIV} at (0,37) size 784x21
        RenderInline {SPAN} at (0,0) size 14x21
          RenderInline (generated) at (0,0) size 14x21
            RenderCounter at (0,0) size 9x21
              text run at (0,0) width 9: "1"
            RenderText at (9,0) size 5x21
              text run at (9,0) width 5: "-"
        RenderInline {SPAN} at (0,0) size 49x21
          RenderInline (generated) at (0,0) size 14x21
            RenderCounter at (14,0) size 9x21
              text run at (14,0) width 9: "2"
            RenderText at (23,0) size 5x21
              text run at (23,0) width 5: "-"
          RenderText {#text} at (28,0) size 35x21
            text run at (28,0) width 35: "new-"
        RenderInline {SPAN} at (0,0) size 14x21
          RenderInline (generated) at (0,0) size 14x21
            RenderCounter at (63,0) size 9x21
              text run at (63,0) width 9: "3"
            RenderText at (72,0) size 5x21
              text run at (72,0) width 5: "-"
        RenderInline {SPAN} at (0,0) size 14x21
          RenderInline (generated) at (0,0) size 14x21
            RenderCounter at (77,0) size 9x21
              text run at (77,0) width 9: "4"
            RenderText at (86,0) size 5x21
              text run at (86,0) width 5: "-"
      RenderBlock {DIV} at (0,58) size 784x21
        RenderText {#text} at (0,0) size 91x21
          text run at (0,0) width 91: "1-2-new-3-4-"
