layer at (0,0) size 784x2892
  RenderView at (0,0) size 784x600
layer at (0,0) size 784x2892
  RenderBlock {HTML} at (0,0) size 784x2892
    RenderBody {BODY} at (8,8) size 768x2876 [bgcolor=#CCCCCC]
      RenderBlock {P} at (0,0) size 768x20
        RenderText {#text} at (0,0) size 395x20
          text run at (0,0) width 395: "The style declarations which apply to the text below are:"
      RenderBlock {PRE} at (0,36) size 768x224
        RenderText {#text} at (0,0) size 284x224
          text run at (0,0) width 230: ".one {line-height: 0.5in; font-size: 12px;}"
          text run at (230,0) width 0: " "
          text run at (0,16) width 226: ".two {line-height: 2cm; font-size: 12px;}"
          text run at (226,16) width 0: " "
          text run at (0,32) width 246: ".three {line-height: 20mm; font-size: 12px;}"
          text run at (246,32) width 0: " "
          text run at (0,48) width 228: ".four {line-height: 24pt; font-size: 12px;}"
          text run at (228,48) width 0: " "
          text run at (0,64) width 223: ".five {line-height: 2pc; font-size: 12px;}"
          text run at (223,64) width 0: " "
          text run at (0,80) width 223: ".six {line-height: 2em; font-size: 12px;}"
          text run at (223,80) width 0: " "
          text run at (0,96) width 237: ".seven {line-height: 3ex; font-size: 12px;}"
          text run at (237,96) width 0: " "
          text run at (0,112) width 242: ".eight {line-height: 200%; font-size: 12px;}"
          text run at (242,112) width 0: " "
          text run at (0,128) width 212: ".nine {line-height: 2; font-size: 12px;}"
          text run at (212,128) width 0: " "
          text run at (0,144) width 227: ".ten {line-height: 50px; font-size: 12px;}"
          text run at (227,144) width 0: " "
          text run at (0,160) width 248: ".eleven {line-height: -1em; font-size: 12px;}"
          text run at (248,160) width 0: " "
          text run at (0,176) width 284: "TABLE .ten {line-height: normal; font-size: 12px;}"
          text run at (284,176) width 0: " "
          text run at (0,192) width 176: "DIV {background-color: silver;}"
          text run at (176,192) width 0: " "
          text run at (0,208) width 222: "SPAN.color {background-color: silver;}"
          text run at (222,208) width 0: " "
      RenderBlock {HR} at (0,273) size 768x2 [border: (1px inset #000000)]
      RenderBlock {P} at (0,287) size 768x48
        RenderText {#text} at (0,16) size 588x15
          text run at (0,16) width 588: "This sentence should have a line-height of half an inch, which should cause extra spacing between the lines."
      RenderBlock {P} at (0,347) size 768x75
        RenderText {#text} at (0,30) size 610x15
          text run at (0,30) width 610: "This sentence should have a line-height of two centimeters, which should cause extra spacing between the lines."
      RenderBlock {P} at (0,434) size 768x75
        RenderText {#text} at (0,30) size 622x15
          text run at (0,30) width 622: "This sentence should have a line-height of twenty millimeters, which should cause extra spacing between the lines."
      RenderBlock {P} at (0,521) size 768x32
        RenderText {#text} at (0,8) size 621x15
          text run at (0,8) width 621: "This sentence should have a line-height of twenty-four points, which should cause extra spacing between the lines."
      RenderBlock {P} at (0,565) size 768x32
        RenderText {#text} at (0,8) size 576x15
          text run at (0,8) width 576: "This sentence should have a line-height of two picas, which should cause extra spacing between the lines."
      RenderBlock {P} at (0,609) size 768x24
        RenderText {#text} at (0,4) size 564x15
          text run at (0,4) width 564: "This sentence should have a line-height of two em, which should cause extra spacing between the lines."
      RenderBlock {P} at (0,645) size 768x18
        RenderText {#text} at (0,1) size 569x15
          text run at (0,1) width 569: "This sentence should have a line-height of three ex, which should cause extra spacing between the lines."
      RenderBlock {P} at (0,675) size 768x24
        RenderText {#text} at (0,4) size 621x15
          text run at (0,4) width 621: "This sentence should have a line-height of twice the font size, which should cause extra spacing between the lines."
      RenderBlock {DIV} at (0,711) size 768x168 [bgcolor=#C0C0C0]
        RenderBlock (anonymous) at (0,0) size 768x24
          RenderText {#text} at (0,4) size 670x15
            text run at (0,4) width 670: "This first part of the DIV should have a line-height of twice the font size, which should cause extra spacing between the lines."
        RenderBlock {P} at (0,48) size 768x72
          RenderText {#text} at (0,-2) size 741x77
            text run at (0,-2) width 741: "This sentence should have a line-height of twice the DIV's font size, or"
            text run at (0,22) width 736: "28px; this should not cause extra spacing between the lines, since the"
            text run at (0,46) width 560: "line-height and font-size should have the same value."
        RenderBlock (anonymous) at (0,144) size 768x24
          RenderText {#text} at (0,4) size 691x15
            text run at (0,4) width 691: "This second part of the DIV should have a line-height of twice the font size, which should cause extra spacing between the lines."
      RenderBlock {P} at (0,891) size 768x24
        RenderText {#text} at (0,4) size 621x15
          text run at (0,4) width 621: "This sentence should have a line-height of twice the font size, which should cause extra spacing between the lines."
      RenderBlock {DIV} at (0,927) size 768x288 [bgcolor=#C0C0C0]
        RenderBlock (anonymous) at (0,0) size 768x24
          RenderText {#text} at (0,4) size 670x15
            text run at (0,4) width 670: "This first part of the DIV should have a line-height of twice the font size, which should cause extra spacing between the lines."
        RenderBlock {P} at (0,48) size 768x192
          RenderText {#text} at (0,9) size 763x173
            text run at (0,9) width 739: "This sentence should have a line-height of twice the font size, which is"
            text run at (0,57) width 738: "200% normal thanks to an inline style; this should cause extra spacing"
            text run at (0,105) width 763: "between the lines, as the font-size will be 28px and the line-height will be"
            text run at (0,153) width 58: "56px."
        RenderBlock (anonymous) at (0,264) size 768x24
          RenderText {#text} at (0,4) size 691x15
            text run at (0,4) width 691: "This second part of the DIV should have a line-height of twice the font size, which should cause extra spacing between the lines."
      RenderBlock {P} at (0,1227) size 768x100
        RenderText {#text} at (0,17) size 754x65
          text run at (0,17) width 681: "This paragraph should have a line-height of 50 pixels in the first section, which should cause extra spacing between the lines. "
          text run at (681,17) width 73: "In the second"
          text run at (0,67) width 309: "section (within the table) its line-height should be normal."
      RenderBlock {P} at (0,1339) size 768x15
        RenderText {#text} at (0,0) size 585x15
          text run at (0,0) width 585: "This sentence should have a normal line-height, because negative values are not permitted for this property."
      RenderBlock {P} at (0,1366) size 768x225
        RenderInline {SPAN} at (0,0) size 757x165 [bgcolor=#C0C0C0]
          RenderText {#text} at (0,30) size 757x165
            text run at (0,30) width 757: "This sentence should have a line-height of two centimeters, which should cause extra spacing between the lines. The text has a background"
            text run at (0,105) width 745: "color of silver, but no padding or border. The background color has been set on an inline element and should therefore only cover the text,"
            text run at (0,180) width 133: "not the interline spacing."
        RenderText {#text} at (0,0) size 0x0
      RenderTable {TABLE} at (0,1603) size 768x1273 [border: (1px outset #808080)]
        RenderTableSection {TBODY} at (1,1) size 766x1271
          RenderTableRow {TR} at (0,0) size 766x29
            RenderTableCell {TD} at (0,0) size 766x29 [bgcolor=#C0C0C0] [border: (1px inset #808080)] [r=0 c=0 rs=1 cs=2]
              RenderInline {STRONG} at (0,0) size 178x20
                RenderText {#text} at (4,4) size 178x20
                  text run at (4,4) width 178: "TABLE Testing Section"
          RenderTableRow {TR} at (0,29) size 766x1242
            RenderTableCell {TD} at (0,636) size 12x28 [bgcolor=#C0C0C0] [border: (1px inset #808080)] [r=1 c=0 rs=1 cs=1]
              RenderText {#text} at (4,4) size 4x20
                text run at (4,4) width 4: " "
            RenderTableCell {TD} at (12,29) size 754x1242 [border: (1px inset #808080)] [r=1 c=1 rs=1 cs=1]
              RenderBlock {P} at (4,4) size 746x48
                RenderText {#text} at (0,16) size 588x15
                  text run at (0,16) width 588: "This sentence should have a line-height of half an inch, which should cause extra spacing between the lines."
              RenderBlock {P} at (4,64) size 746x75
                RenderText {#text} at (0,30) size 610x15
                  text run at (0,30) width 610: "This sentence should have a line-height of two centimeters, which should cause extra spacing between the lines."
              RenderBlock {P} at (4,151) size 746x75
                RenderText {#text} at (0,30) size 622x15
                  text run at (0,30) width 622: "This sentence should have a line-height of twenty millimeters, which should cause extra spacing between the lines."
              RenderBlock {P} at (4,238) size 746x32
                RenderText {#text} at (0,8) size 621x15
                  text run at (0,8) width 621: "This sentence should have a line-height of twenty-four points, which should cause extra spacing between the lines."
              RenderBlock {P} at (4,282) size 746x32
                RenderText {#text} at (0,8) size 576x15
                  text run at (0,8) width 576: "This sentence should have a line-height of two picas, which should cause extra spacing between the lines."
              RenderBlock {P} at (4,326) size 746x24
                RenderText {#text} at (0,4) size 564x15
                  text run at (0,4) width 564: "This sentence should have a line-height of two em, which should cause extra spacing between the lines."
              RenderBlock {P} at (4,362) size 746x18
                RenderText {#text} at (0,1) size 569x15
                  text run at (0,1) width 569: "This sentence should have a line-height of three ex, which should cause extra spacing between the lines."
              RenderBlock {P} at (4,392) size 746x24
                RenderText {#text} at (0,4) size 621x15
                  text run at (0,4) width 621: "This sentence should have a line-height of twice the font size, which should cause extra spacing between the lines."
              RenderBlock {DIV} at (4,428) size 746x168 [bgcolor=#C0C0C0]
                RenderBlock (anonymous) at (0,0) size 746x24
                  RenderText {#text} at (0,4) size 670x15
                    text run at (0,4) width 670: "This first part of the DIV should have a line-height of twice the font size, which should cause extra spacing between the lines."
                RenderBlock {P} at (0,48) size 746x72
                  RenderText {#text} at (0,-2) size 741x77
                    text run at (0,-2) width 741: "This sentence should have a line-height of twice the DIV's font size, or"
                    text run at (0,22) width 736: "28px; this should not cause extra spacing between the lines, since the"
                    text run at (0,46) width 560: "line-height and font-size should have the same value."
                RenderBlock (anonymous) at (0,144) size 746x24
                  RenderText {#text} at (0,4) size 691x15
                    text run at (0,4) width 691: "This second part of the DIV should have a line-height of twice the font size, which should cause extra spacing between the lines."
              RenderBlock {P} at (4,608) size 746x24
                RenderText {#text} at (0,4) size 621x15
                  text run at (0,4) width 621: "This sentence should have a line-height of twice the font size, which should cause extra spacing between the lines."
              RenderBlock {DIV} at (4,644) size 746x288 [bgcolor=#C0C0C0]
                RenderBlock (anonymous) at (0,0) size 746x24
                  RenderText {#text} at (0,4) size 670x15
                    text run at (0,4) width 670: "This first part of the DIV should have a line-height of twice the font size, which should cause extra spacing between the lines."
                RenderBlock {P} at (0,48) size 746x192
                  RenderText {#text} at (0,9) size 739x173
                    text run at (0,9) width 739: "This sentence should have a line-height of twice the font size, which is"
                    text run at (0,57) width 738: "200% normal thanks to an inline style; this should cause extra spacing"
                    text run at (0,105) width 730: "between the lines, as the font-size will be 28px and the line-height will"
                    text run at (0,153) width 91: "be 56px."
                RenderBlock (anonymous) at (0,264) size 746x24
                  RenderText {#text} at (0,4) size 691x15
                    text run at (0,4) width 691: "This second part of the DIV should have a line-height of twice the font size, which should cause extra spacing between the lines."
              RenderBlock {P} at (4,944) size 746x30
                RenderText {#text} at (0,0) size 711x30
                  text run at (0,0) width 681: "This paragraph should have a line-height of 50 pixels in the first section, which should cause extra spacing between the lines. "
                  text run at (681,0) width 30: "In the"
                  text run at (0,15) width 352: "second section (within the table) its line-height should be normal."
              RenderBlock {P} at (4,986) size 746x15
                RenderText {#text} at (0,0) size 585x15
                  text run at (0,0) width 585: "This sentence should have a normal line-height, because negative values are not permitted for this property."
              RenderBlock {P} at (4,1013) size 746x225
                RenderInline {SPAN} at (0,0) size 735x165 [bgcolor=#C0C0C0]
                  RenderText {#text} at (0,30) size 735x165
                    text run at (0,30) width 689: "This sentence should have a line-height of two centimeters, which should cause extra spacing between the lines. The text has a"
                    text run at (0,105) width 735: "background color of silver, but no padding or border. The background color has been set on an inline element and should therefore only"
                    text run at (0,180) width 211: "cover the text, not the interline spacing."
                RenderText {#text} at (0,0) size 0x0
