layer at (0,0) size 800x600
  RenderView at (0,0) size 800x600
layer at (0,0) size 800x600
  RenderBlock {HTML} at (0,0) size 800x600
    RenderBody {BODY} at (8,8) size 784x576
      RenderBlock {P} at (0,0) size 784x18
        RenderText {#text} at (0,0) size 494x18
          text run at (0,0) width 494: "The following is a test for having non-text inline elements as base in a <ruby>."
      RenderBlock {P} at (0,34) size 784x34
        RenderText {#text} at (0,16) size 64x18
          text run at (0,16) width 64: "\x{6E96}\x{592A}\x{90CE}\x{306F}"
        RenderRuby (inline) {RUBY} at (0,0) size 140x18
          RenderRubyRun (anonymous) at (64,0) size 50x34
            RenderRubyText {RT} at (0,0) size 50x13
              RenderText {#text} at (0,0) size 50x13
                text run at (0,0) width 50: "\x{3068}\x{3046}\x{304D}\x{3087}\x{3046}"
            RenderRubyBase (anonymous) at (0,13) size 50x21
              RenderInline {SPAN} at (0,0) size 32x18
                RenderText {#text} at (9,3) size 32x18
                  text run at (9,3) width 32: "\x{6771}\x{4EAC}"
          RenderRubyRun (anonymous) at (114,0) size 90x34
            RenderRubyText {RT} at (0,0) size 90x13
              RenderText {#text} at (0,0) size 90x13
                text run at (0,0) width 90: "\x{3053}\x{3046}\x{304E}\x{3087}\x{3046}\x{3060}\x{3044}\x{304C}\x{304F}"
            RenderRubyBase (anonymous) at (0,13) size 90x21
              RenderInline {SPAN} at (0,0) size 32x18
                RenderText {#text} at (13,3) size 32x18
                  text run at (13,3) width 32: "\x{5DE5}\x{696D}"
              RenderInline {SPAN} at (0,0) size 32x18
                RenderText {#text} at (45,3) size 32x18
                  text run at (45,3) width 32: "\x{5927}\x{5B66}"
        RenderText {#text} at (204,16) size 144x18
          text run at (204,16) width 144: "\x{304B}\x{3089}\x{5352}\x{696D}\x{3057}\x{307E}\x{3057}\x{305F}\x{3002}"
        RenderText {#text} at (0,0) size 0x0
        RenderText {#text} at (0,0) size 0x0
