layer at (0,0) size 800x600
  RenderView at (0,0) size 800x600
layer at (0,0) size 800x600
  RenderBlock {HTML} at (0,0) size 800x600
    RenderBody {BODY} at (8,8) size 784x584
      RenderText {#text} at (0,0) size 227x18
        text run at (0,0) width 227: "This is a test for multiple ruby runs. "
      RenderBR {BR} at (227,14) size 0x0
      RenderBR {BR} at (0,18) size 0x18
      RenderText {#text} at (0,52) size 224x18
        text run at (0,52) width 224: "\x{FF23}\x{FF33}\x{FF33}\x{FF13}\x{FF0F}\x{FF28}\x{FF34}\x{FF2D}\x{FF2C}\x{FF15}\x{306E}\x{30EB}\x{30D3}\x{306F}"
      RenderRuby (inline) {RUBY} at (0,0) size 52x18
        RenderRubyRun (anonymous) at (224,36) size 16x34
          RenderRubyText {RT} at (0,0) size 16x13
            RenderText {#text} at (3,0) size 10x13
              text run at (3,0) width 10: "\x{306B}"
          RenderRubyBase (anonymous) at (0,13) size 16x21
            RenderText {#text} at (0,3) size 16x18
              text run at (0,3) width 16: "\x{65E5}"
        RenderRubyRun (anonymous) at (240,36) size 20x34
          RenderRubyText {RT} at (0,0) size 20x13
            RenderText {#text} at (0,0) size 20x13
              text run at (0,0) width 20: "\x{307B}\x{3093}"
          RenderRubyBase (anonymous) at (0,13) size 20x21
            RenderText {#text} at (2,3) size 16x18
              text run at (2,3) width 16: "\x{672C}"
        RenderRubyRun (anonymous) at (260,36) size 16x34
          RenderRubyText {RT} at (0,0) size 16x13
            RenderText {#text} at (3,0) size 10x13
              text run at (3,0) width 10: "\x{3054}"
          RenderRubyBase (anonymous) at (0,13) size 16x21
            RenderText {#text} at (0,3) size 16x18
              text run at (0,3) width 16: "\x{8A9E}"
      RenderText {#text} at (276,52) size 176x18
        text run at (276,52) width 176: "\x{306B}\x{3088}\x{304F}\x{4F7F}\x{308F}\x{308C}\x{3066}\x{3044}\x{307E}\x{3059}\x{3002}"
      RenderText {#text} at (0,0) size 0x0
