layer at (0,0) size 800x600
  RenderView at (0,0) size 800x600
layer at (0,0) size 800x34
  RenderBlock {HTML} at (0,0) size 800x34
    RenderBody {BODY} at (8,8) size 784x18 [bgcolor=#FF0000]
      RenderText {#text} at (0,0) size 511x18
        text run at (0,0) width 316: "This text should be green on a white background. "
        text run at (316,0) width 195: "There should be no red visible."
