layer at (0,0) size 800x600
  RenderView at (0,0) size 800x600
layer at (0,0) size 800x302
  RenderBlock {html} at (0,0) size 800x302
    RenderBody {body} at (8,10) size 784x282
      RenderBlock {p} at (0,0) size 784x18 [color=#000080]
        RenderText {#text} at (0,0) size 455x18
          text run at (0,0) width 455: "The word \"TEST \" should appear twice below, the same size each time."
      RenderBlock (anonymous) at (0,28) size 784x124
        RenderSVGRoot {svg} at (8,38) size 400x120
          RenderPath {rect} at (8,38) size 400x120 [transform={m=((10.00,0.00)(0.00,10.00)) t=(0.00,0.00)}] [fill={[type=SOLID] [color=#EEEEEE]}] [data="M0.00,0.00 L60.00,0.00 L60.00,12.00 L0.00,12.00 Z"]
          RenderForeignObject {foreignObject} at (0,0) size 60x10
            RenderBlock {div} at (0,0) size 60x13 [color=#000080]
              RenderText {#text} at (0,0) size 24x13
                text run at (0,0) width 24: "TEST"
        RenderText {#text} at (0,0) size 0x0
      RenderBlock {div} at (0,162) size 400x120 [color=#000080] [bgcolor=#EEEEEE]
        RenderText {#text} at (0,0) size 239x115
          text run at (0,0) width 239: "TEST"
