layer at (0,0) size 800x600
  RenderView at (0,0) size 800x600
layer at (0,0) size 800x600
  RenderBlock {HTML} at (0,0) size 800x600
    RenderFrameSet {FRAMESET} at (0,0) size 800x600
      RenderFrame {FRAME} at (0,0) size 195x145
        layer at (0,0) size 408x480
          RenderView at (0,0) size 179x129
        layer at (0,0) size 408x480
          RenderBlock {HTML} at (0,0) size 179x480
            RenderBody {BODY} at (8,8) size 163x464
              RenderBlock {P} at (0,0) size 163x51
                RenderText {#text} at (0,0) size 150x51
                  text run at (0,0) width 149: "This page is large enough"
                  text run at (0,17) width 150: "to need to be scrolled in a"
                  text run at (0,34) width 90: "200x200 frame."
              RenderBlock {DIV} at (0,64) size 400x400 [bgcolor=#0000FF]
      RenderFrame {FRAME} at (201,0) size 195x145
        layer at (0,0) size 408x480
          RenderView at (0,0) size 179x129
        layer at (0,0) size 408x480
          RenderBlock {HTML} at (0,0) size 179x480
            RenderBody {BODY} at (8,8) size 163x464
              RenderBlock {P} at (0,0) size 163x51
                RenderText {#text} at (0,0) size 150x51
                  text run at (0,0) width 149: "This page is large enough"
                  text run at (0,17) width 150: "to need to be scrolled in a"
                  text run at (0,34) width 90: "200x200 frame."
              RenderBlock {DIV} at (0,64) size 400x400 [bgcolor=#0000FF]
      RenderFrame {FRAME} at (402,0) size 195x145
        layer at (0,0) size 408x480
          RenderView at (0,0) size 179x129
        layer at (0,0) size 408x480
          RenderBlock {HTML} at (0,0) size 179x480
            RenderBody {BODY} at (8,8) size 163x464
              RenderBlock {P} at (0,0) size 163x51
                RenderText {#text} at (0,0) size 150x51
                  text run at (0,0) width 149: "This page is large enough"
                  text run at (0,17) width 150: "to need to be scrolled in a"
                  text run at (0,34) width 90: "200x200 frame."
              RenderBlock {DIV} at (0,64) size 400x400 [bgcolor=#0000FF]
      RenderFrame {FRAME} at (603,0) size 197x145
        layer at (0,0) size 408x480
          RenderView at (0,0) size 181x129
        layer at (0,0) size 408x480
          RenderBlock {HTML} at (0,0) size 181x480
            RenderBody {BODY} at (8,8) size 165x464
              RenderBlock {P} at (0,0) size 165x51
                RenderText {#text} at (0,0) size 164x51
                  text run at (0,0) width 164: "This page is large enough to"
                  text run at (0,17) width 135: "need to be scrolled in a"
                  text run at (0,34) width 90: "200x200 frame."
              RenderBlock {DIV} at (0,64) size 400x400 [bgcolor=#0000FF]
      RenderFrame {FRAME} at (0,151) size 195x145
        layer at (0,0) size 408x480
          RenderView at (0,0) size 179x129
        layer at (0,0) size 408x480
          RenderBlock {HTML} at (0,0) size 179x480
            RenderBody {BODY} at (8,8) size 163x464
              RenderBlock {P} at (0,0) size 163x51
                RenderText {#text} at (0,0) size 150x51
                  text run at (0,0) width 149: "This page is large enough"
                  text run at (0,17) width 150: "to need to be scrolled in a"
                  text run at (0,34) width 90: "200x200 frame."
              RenderBlock {DIV} at (0,64) size 400x400 [bgcolor=#0000FF]
      RenderFrame {FRAME} at (201,151) size 195x145
        layer at (0,0) size 408x480
          RenderView at (0,0) size 195x145
        layer at (0,0) size 408x480
          RenderBlock {HTML} at (0,0) size 195x480
            RenderBody {BODY} at (8,8) size 179x464
              RenderBlock {P} at (0,0) size 179x51
                RenderText {#text} at (0,0) size 164x51
                  text run at (0,0) width 164: "This page is large enough to"
                  text run at (0,17) width 135: "need to be scrolled in a"
                  text run at (0,34) width 90: "200x200 frame."
              RenderBlock {DIV} at (0,64) size 400x400 [bgcolor=#0000FF]
      RenderFrame {FRAME} at (402,151) size 195x145
        layer at (0,0) size 408x480
          RenderView at (0,0) size 179x129
        layer at (0,0) size 408x480
          RenderBlock {HTML} at (0,0) size 179x480
            RenderBody {BODY} at (8,8) size 163x464
              RenderBlock {P} at (0,0) size 163x51
                RenderText {#text} at (0,0) size 150x51
                  text run at (0,0) width 149: "This page is large enough"
                  text run at (0,17) width 150: "to need to be scrolled in a"
                  text run at (0,34) width 90: "200x200 frame."
              RenderBlock {DIV} at (0,64) size 400x400 [bgcolor=#0000FF]
      RenderFrame {FRAME} at (603,151) size 197x145
        layer at (0,0) size 408x480
          RenderView at (0,0) size 181x129
        layer at (0,0) size 408x480
          RenderBlock {HTML} at (0,0) size 181x480
            RenderBody {BODY} at (8,8) size 165x464
              RenderBlock {P} at (0,0) size 165x51
                RenderText {#text} at (0,0) size 164x51
                  text run at (0,0) width 164: "This page is large enough to"
                  text run at (0,17) width 135: "need to be scrolled in a"
                  text run at (0,34) width 90: "200x200 frame."
              RenderBlock {DIV} at (0,64) size 400x400 [bgcolor=#0000FF]
