layer at (0,0) size 800x600
  RenderView at (0,0) size 800x600
layer at (0,0) size 800x600
  RenderBlock {HTML} at (0,0) size 800x600
    RenderFrameSet {FRAMESET} at (0,0) size 800x600
      RenderFrame {FRAME} at (0,0) size 397x600
        layer at (0,0) size 397x600
          RenderView at (0,0) size 397x600
        layer at (0,0) size 397x600
          RenderBlock {HTML} at (0,0) size 397x600
            RenderBody {BODY} at (8,8) size 381x579
              RenderBlock {P} at (0,0) size 381x34
                RenderText {#text} at (0,0) size 366x34
                  text run at (0,0) width 366: "This tests that navigating to two pages in a subframe, and then"
                  text run at (0,17) width 235: "going back does not cause an assertion."
              RenderBlock {P} at (0,47) size 381x17
                RenderText {#text} at (0,0) size 151x17
                  text run at (0,0) width 151: "SUCCESS - Didn't assert!"
      RenderFrame {FRAME} at (403,0) size 397x600
        layer at (0,0) size 397x600
          RenderView at (0,0) size 397x600
        layer at (0,0) size 397x600
          RenderBlock {HTML} at (0,0) size 397x600
            RenderBody {BODY} at (8,8) size 381x584
