layer at (0,0) size 800x600
  RenderView at (0,0) size 800x600
layer at (0,0) size 800x481
  RenderBlock {HTML} at (0,0) size 800x481
    RenderBody {BODY} at (8,13) size 784x455
      RenderBlock {P} at (0,0) size 784x17
        RenderText {#text} at (0,0) size 452x17
          text run at (0,0) width 452: "The following two columns should be pixel perfect identical with no red visible."
      RenderTable {TABLE} at (0,30) size 78x395 [border: (3px solid #000000)]
        RenderTableSection {TBODY} at (3,3) size 72x389
          RenderTableRow {TR} at (0,0) size 72x389
            RenderTableCell {TD} at (0,0) size 36x389 [bgcolor=#FFA500] [r=0 c=0 rs=1 cs=1]
              RenderBlock (anonymous) at (0,0) size 36x0
                RenderInline {SPAN} at (0,0) size 0x0
              RenderBlock (anonymous) at (0,50) size 36x289
                RenderBlock {DIV} at (0,0) size 36x289 [bgcolor=#0000FF]
                  RenderBlock (anonymous) at (0,0) size 36x0
                    RenderInline {SPAN} at (0,0) size 0x0
                  RenderBlock (anonymous) at (0,0) size 36x63
                    RenderBlock {DIV} at (0,0) size 36x63 [bgcolor=#FF0000]
                      RenderBlock (anonymous) at (0,0) size 36x0
                        RenderInline {SPAN} at (0,0) size 0x0
                      RenderBlock (anonymous) at (0,0) size 36x63
                        RenderBlock {DIV} at (0,0) size 36x63 [bgcolor=#FF0000]
                          RenderBlock (anonymous) at (0,0) size 36x0
                            RenderInline {SPAN} at (0,0) size 0x0
                          RenderBlock (anonymous) at (0,0) size 36x63
                            RenderBlock {DIV} at (0,0) size 36x63 [bgcolor=#FFFF00]
                              RenderText {#text} at (0,0) size 33x63
                                text run at (0,0) width 33: "A"
                          RenderBlock (anonymous) at (0,113) size 36x0
                            RenderInline {SPAN} at (0,0) size 0x0
                      RenderBlock (anonymous) at (0,113) size 36x0
                        RenderInline {SPAN} at (0,0) size 0x0
                          RenderInline {SPAN} at (0,0) size 0x0
                      RenderBlock (anonymous) at (0,113) size 36x0
                        RenderBlock {DIV} at (0,0) size 36x0 [bgcolor=#FF0000]
                      RenderBlock (anonymous) at (0,113) size 36x0
                        RenderInline {SPAN} at (0,0) size 0x0
                          RenderInline {SPAN} at (0,0) size 0x0
                  RenderBlock (anonymous) at (0,113) size 36x0
                    RenderInline {SPAN} at (0,0) size 0x0
                    RenderText {#text} at (0,0) size 0x0
                    RenderInline {SPAN} at (0,0) size 0x0
                  RenderBlock (anonymous) at (0,113) size 36x0
                    RenderBlock {DIV} at (0,0) size 36x0 [bgcolor=#FF0000]
                  RenderBlock (anonymous) at (0,113) size 36x0
                    RenderInline {SPAN} at (0,0) size 0x0
                    RenderText {#text} at (0,0) size 0x0
                    RenderInline {SPAN} at (0,0) size 0x0
                  RenderBlock (anonymous) at (0,113) size 36x0
                    RenderBlock {DIV} at (0,0) size 36x0 [bgcolor=#FF0000]
                      RenderBlock (anonymous) at (0,0) size 36x0
                        RenderInline {SPAN} at (0,0) size 0x0
                      RenderBlock (anonymous) at (0,0) size 36x0
                        RenderBlock {DIV} at (0,0) size 36x0 [bgcolor=#FF0000]
                      RenderBlock (anonymous) at (0,0) size 36x0
                        RenderInline {SPAN} at (0,0) size 0x0
                  RenderBlock (anonymous) at (0,113) size 36x0
                    RenderInline {SPAN} at (0,0) size 0x0
                    RenderText {#text} at (0,0) size 0x0
                    RenderInline {SPAN} at (0,0) size 0x0
                  RenderBlock (anonymous) at (0,113) size 36x63
                    RenderBlock {DIV} at (0,0) size 36x63 [bgcolor=#FF0000]
                      RenderBlock (anonymous) at (0,0) size 36x0
                        RenderInline {SPAN} at (0,0) size 0x0
                      RenderBlock (anonymous) at (0,0) size 36x63
                        RenderBlock {DIV} at (0,0) size 36x63 [bgcolor=#00FF00]
                          RenderBlock (anonymous) at (0,0) size 36x0
                            RenderInline {SPAN} at (0,0) size 0x0
                          RenderBlock (anonymous) at (0,0) size 36x0
                            RenderBlock {DIV} at (0,0) size 36x0 [bgcolor=#FF0000]
                          RenderBlock (anonymous) at (0,0) size 36x63
                            RenderInline {SPAN} at (0,0) size 0x0
                            RenderText {#text} at (0,0) size 33x63
                              text run at (0,0) width 33: "B"
                      RenderBlock (anonymous) at (0,113) size 36x0
                        RenderInline {SPAN} at (0,0) size 0x0
                  RenderBlock (anonymous) at (0,226) size 36x0
                    RenderInline {SPAN} at (0,0) size 0x0
                    RenderText {#text} at (0,0) size 0x0
                    RenderInline {SPAN} at (0,0) size 0x0
                  RenderBlock (anonymous) at (0,226) size 36x63
                    RenderBlock {DIV} at (0,0) size 36x63 [bgcolor=#00FFFF]
                      RenderText {#text} at (0,0) size 36x63
                        text run at (0,0) width 36: "C"
                  RenderBlock (anonymous) at (0,339) size 36x0
                    RenderInline {SPAN} at (0,0) size 0x0
                    RenderText {#text} at (0,0) size 0x0
              RenderBlock (anonymous) at (0,389) size 36x0
                RenderInline {SPAN} at (0,0) size 0x0
                RenderText {#text} at (0,0) size 0x0
            RenderTableCell {TD} at (36,0) size 36x389 [bgcolor=#FFA500] [r=0 c=1 rs=1 cs=1]
              RenderBlock {DIV} at (0,50) size 36x289 [bgcolor=#0000FF]
                RenderBlock {DIV} at (0,0) size 36x63 [bgcolor=#FFFF00]
                  RenderText {#text} at (0,0) size 33x63
                    text run at (0,0) width 33: "A"
                RenderBlock {DIV} at (0,113) size 36x63 [bgcolor=#00FF00]
                  RenderText {#text} at (0,0) size 33x63
                    text run at (0,0) width 33: "B"
                RenderBlock {DIV} at (0,226) size 36x63 [bgcolor=#00FFFF]
                  RenderText {#text} at (0,0) size 36x63
                    text run at (0,0) width 36: "C"
      RenderBlock {P} at (0,438) size 784x17
        RenderText {#text} at (0,0) size 245x17
          text run at (0,0) width 245: "This test is meaningless if you don't pass "
        RenderInline {A} at (0,0) size 47x17 [color=#0000EE]
          RenderText {#text} at (245,0) size 47x17
            text run at (245,0) width 47: "test 006"
        RenderText {#text} at (292,0) size 4x17
          text run at (292,0) width 4: "."
