layer at (0,0) size 800x600
  RenderView at (0,0) size 800x600
layer at (0,0) size 800x187
  RenderBlock {HTML} at (0,0) size 800x187
    RenderBody {BODY} at (8,13) size 784x166
      RenderBlock {P} at (0,0) size 784x17
        RenderText {#text} at (0,0) size 266x17
          text run at (0,0) width 266: "The following two squares should be identical."
      RenderTable {TABLE} at (0,30) size 259x136
        RenderTableSection {TBODY} at (0,0) size 259x136
          RenderTableRow {TR} at (0,13) size 259x110
            RenderTableCell {TD} at (13,13) size 110x110 [bgcolor=#FF0000] [border: (3px solid #000000)] [r=0 c=0 rs=1 cs=1]
              RenderBlock {DIV} at (3,3) size 104x104 [bgcolor=#00FF00]
                RenderBlock (anonymous) at (0,0) size 104x0
                  RenderBlock (floating) {DIV} at (0,0) size 52x52 [bgcolor=#00FFFF]
                  RenderInline {SPAN} at (0,0) size 0x0
                RenderBlock (anonymous) at (0,0) size 104x39
                  RenderBlock {DIV} at (0,52) size 104x0 [bgcolor=#FF0000]
                RenderBlock (anonymous) at (0,52) size 104x0
                  RenderInline {SPAN} at (0,0) size 0x0
                  RenderText {#text} at (0,0) size 0x0
                  RenderInline {SPAN} at (0,0) size 0x0
                RenderBlock (anonymous) at (0,52) size 104x52
                  RenderBlock {DIV} at (0,0) size 104x52 [border: (26px solid #FFFF00)]
                RenderBlock (anonymous) at (0,104) size 104x0
                  RenderInline {SPAN} at (0,0) size 0x0
                  RenderText {#text} at (0,0) size 0x0
            RenderTableCell {TD} at (136,13) size 110x110 [bgcolor=#FF0000] [border: (3px solid #000000)] [r=0 c=1 rs=1 cs=1]
              RenderTable {TABLE} at (3,3) size 104x104
                RenderTableSection {TBODY} at (0,0) size 104x104
                  RenderTableRow {TR} at (0,0) size 104x52
                    RenderTableCell {TD} at (0,26) size 52x0 [bgcolor=#00FFFF] [r=0 c=0 rs=1 cs=1]
                    RenderTableCell {TD} at (52,26) size 52x0 [bgcolor=#00FF00] [r=0 c=1 rs=1 cs=1]
                  RenderTableRow {TR} at (0,52) size 104x52
                    RenderTableCell {TD} at (0,78) size 104x0 [bgcolor=#FFFF00] [r=1 c=0 rs=1 cs=2]
