layer at (0,0) size 800x600
  RenderView at (0,0) size 800x600
layer at (0,0) size 800x600
  RenderBlock {HTML} at (0,0) size 800x600
    RenderBody {BODY} at (8,8) size 784x584
      RenderTable {TABLE} at (0,0) size 644x50 [border: (1px outset #808080)]
        RenderTableCol {COLGROUP} at (0,0) size 0x0
          RenderTableCol {COL} at (0,0) size 0x0
          RenderTableCol {COL} at (0,0) size 0x0
          RenderTableCol {COL} at (0,0) size 0x0
        RenderTableSection {TBODY} at (1,1) size 642x48
          RenderTableRow {TR} at (0,2) size 642x21
            RenderTableCell {TD} at (2,2) size 500x21 [border: (1px inset #808080)] [r=0 c=0 rs=1 cs=1]
              RenderText {#text} at (2,2) size 63x17
                text run at (2,2) width 63: "col 1 row 1"
            RenderTableCell {TD} at (504,2) size 67x21 [border: (1px inset #808080)] [r=0 c=1 rs=1 cs=1]
              RenderText {#text} at (2,2) size 63x17
                text run at (2,2) width 63: "col 2 row 1"
            RenderTableCell {TD} at (573,2) size 67x21 [border: (1px inset #808080)] [r=0 c=2 rs=1 cs=1]
              RenderText {#text} at (2,2) size 63x17
                text run at (2,2) width 63: "col 3 row 1"
          RenderTableRow {TR} at (0,25) size 642x21
            RenderTableCell {TD} at (2,25) size 500x21 [border: (1px inset #808080)] [r=1 c=0 rs=1 cs=1]
              RenderText {#text} at (2,2) size 63x17
                text run at (2,2) width 63: "col 1 row 2"
            RenderTableCell {TD} at (504,25) size 67x21 [border: (1px inset #808080)] [r=1 c=1 rs=1 cs=1]
              RenderText {#text} at (2,2) size 63x17
                text run at (2,2) width 63: "col 2 row 2"
            RenderTableCell {TD} at (573,25) size 67x21 [border: (1px inset #808080)] [r=1 c=2 rs=1 cs=1]
              RenderText {#text} at (2,2) size 63x17
                text run at (2,2) width 63: "col 3 row 3"
      RenderBlock (anonymous) at (0,50) size 784x32
        RenderButton {BUTTON} at (2,2) size 393x28 [bgcolor=#C0C0C0]
          RenderBlock (anonymous) at (6,6) size 381x17
            RenderText {#text} at (0,0) size 381x17
              text run at (0,0) width 381: "Click me to test manually. The first column should grow to 500px."
        RenderText {#text} at (0,0) size 0x0
        RenderText {#text} at (0,0) size 0x0
        RenderText {#text} at (0,0) size 0x0
        RenderText {#text} at (0,0) size 0x0
