layer at (0,0) size 800x3820
  RenderView at (0,0) size 800x600
layer at (0,0) size 800x3820
  RenderBlock {HTML} at (0,0) size 800x3820
    RenderBody {BODY} at (8,8) size 784x3804 [bgcolor=#CCCCCC]
      RenderBlock {P} at (0,0) size 784x17
        RenderText {#text} at (0,0) size 326x17
          text run at (0,0) width 326: "The style declarations which apply to the text below are:"
      RenderBlock {PRE} at (0,30) size 784x918
        RenderText {#text} at (0,0) size 399x918
          text run at (0,0) width 212: "P.one {color: green; rotation: 70deg;}"
          text run at (212,0) width 0: " "
          text run at (0,17) width 125: "P.oneb {color: green;}"
          text run at (125,17) width 0: " "
          text run at (0,34) width 163: "P.oneb {color: invalidValue;}"
          text run at (163,34) width 0: " "
          text run at (0,51) width 191: "P.two {background-color: inherit;}"
          text run at (191,51) width 0: " "
          text run at (0,68) width 150: "H1 + P.three {color: blue;}"
          text run at (150,68) width 0: " "
          text run at (0,85) width 137: "P.four + H1 {color: red;}"
          text run at (137,85) width 0: " "
          text run at (0,102) width 185: "P.five {background-color: \"red\";}"
          text run at (185,102) width 0: " "
          text run at (0,119) width 288: "P.sixa {border-width: medium; border-style: solid;}"
          text run at (288,119) width 0: " "
          text run at (0,136) width 274: "P.sixb {border-width: funny; border-style: solid;}"
          text run at (274,136) width 0: " "
          text run at (0,153) width 270: "P.sixc {border-width: 50zu; border-style: solid;}"
          text run at (270,153) width 0: " "
          text run at (0,170) width 256: "P.sixd {border-width: px; border-style: solid;}"
          text run at (256,170) width 0: " "
          text run at (0,187) width 75: "@three-dee {"
          text run at (75,187) width 0: " "
          text run at (0,204) width 137: " @background-lighting {"
          text run at (137,204) width 0: " "
          text run at (0,221) width 101: "  azimuth: 30deg;"
          text run at (101,221) width 0: " "
          text run at (0,238) width 114: "  elevation: 190deg;"
          text run at (114,238) width 0: " "
          text run at (0,255) width 12: "  }"
          text run at (12,255) width 0: " "
          text run at (0,272) width 126: " P.seven { color: red }"
          text run at (126,272) width 0: " "
          text run at (0,289) width 8: " }"
          text run at (8,289) width 0: " "
          text run at (0,306) width 156: "P.eight {COLOR: GREEN;}"
          text run at (156,306) width 0: " "
          text run at (0,323) width 139: "OL:wait {color: maroon;}"
          text run at (139,323) width 0: " "
          text run at (0,340) width 183: "P.ten:first-child {color: maroon;}"
          text run at (183,340) width 0: " "
          text run at (0,357) width 137: "UL:lang(fr) {color: gray;}"
          text run at (137,357) width 0: " "
          text run at (0,374) width 200: "BLOCKQUOTE[href] {color: navy;}"
          text run at (200,374) width 0: " "
          text run at (0,391) width 219: "ACRONYM[href=\"foo\"] {color: purple;}"
          text run at (219,391) width 0: " "
          text run at (0,408) width 224: "ADDRESS[href~=\"foo\"] {color: purple;}"
          text run at (224,408) width 0: " "
          text run at (0,425) width 177: "SPAN[lang|=\"fr\"] {color: #c37;}"
          text run at (177,425) width 0: " "
          text run at (0,442) width 75: "@media tty {"
          text run at (75,442) width 0: " "
          text run at (0,459) width 90: " H1 {color: red;}"
          text run at (90,459) width 0: " "
          text run at (0,476) width 129: " P.sixteen {color: red;}"
          text run at (129,476) width 0: " "
          text run at (0,493) width 8: " }"
          text run at (8,493) width 0: " "
          text run at (0,510) width 75: "@three-dee {"
          text run at (75,510) width 0: " "
          text run at (0,527) width 147: " P.seventeen {color: red }"
          text run at (147,527) width 0: " "
          text run at (0,544) width 8: " }"
          text run at (8,544) width 0: " "
          text run at (0,561) width 399: "P.eighteena {text-decoration: underline overline line-through diagonal;"
          text run at (399,561) width 0: " "
          text run at (0,578) width 274: "            font: bold highlighted 100% sans-serif;}"
          text run at (274,578) width 0: " "
          text run at (0,595) width 399: "P.eighteenb {text-decoration: underline overline line-through diagonal;"
          text run at (399,595) width 0: " "
          text run at (0,612) width 242: "            font: bold highlighted 100% serif;}"
          text run at (242,612) width 0: " "
          text run at (0,629) width 303: "EM, P.nineteena ! EM, STRONG {font-size: 200%; }"
          text run at (303,629) width 0: " "
          text run at (0,646) width 0: " "
          text run at (0,663) width 92: "// UL.nineteenb,"
          text run at (92,663) width 0: " "
          text run at (0,680) width 139: "P.nineteenb {color: red;}"
          text run at (139,680) width 0: " "
          text run at (0,697) width 0: " "
          text run at (0,714) width 243: "P.twentya {rotation-code: \"}\"; color: blue;} "
          text run at (243,714) width 0: " "
          text run at (0,731) width 265: "P.twentyb {rotation-code: \"\\\"}\\\"\"; color: green;}"
          text run at (265,731) width 0: " "
          text run at (0,748) width 269: "P.twentyonea {rotation-code: '}'; color: purple;} "
          text run at (269,748) width 0: " "
          text run at (0,765) width 274: "P.twentyoneb {rotation-code: '\\'}\\''; color: green;}"
          text run at (274,765) width 0: " "
          text run at (0,782) width 79: "P.twentytwo {"
          text run at (79,782) width 0: " "
          text run at (0,799) width 256: " type-display: @threedee {rotation-code: '}';};"
          text run at (256,799) width 0: " "
          text run at (0,816) width 76: " color: green;"
          text run at (76,816) width 0: " "
          text run at (0,833) width 8: " }"
          text run at (8,833) width 0: " "
          text run at (0,850) width 193: "P.twentythree {text-indent: 0.5in;}"
          text run at (193,850) width 0: " "
          text run at (0,867) width 83: " color: maroon"
          text run at (83,867) width 0: " "
          text run at (0,884) width 143: "P.twentyfour {color: red;}"
          text run at (143,884) width 0: " "
          text run at (0,901) width 0: " "
      RenderBlock {HR} at (0,961) size 784x2 [border: (1px inset #000000)]
      RenderBlock {P} at (0,976) size 784x17 [color=#008000]
        RenderText {#text} at (0,0) size 446x17
          text run at (0,0) width 446: "This paragraph should be green, because only the rotation should be ignored."
      RenderBlock {P} at (0,1006) size 784x17 [color=#008000]
        RenderText {#text} at (0,0) size 572x17
          text run at (0,0) width 572: "This paragraph should be green, since error-checking should be done before calculating specificity."
      RenderBlock {P} at (0,1036) size 784x34
        RenderText {#text} at (0,0) size 512x17
          text run at (0,0) width 512: "This paragraph should have a solid gray background (or a white grid), because in CSS1, "
        RenderInline {CODE} at (0,0) size 35x17
          RenderText {#text} at (512,0) size 35x17
            text run at (512,0) width 35: "inherit"
        RenderText {#text} at (547,0) size 768x34
          text run at (547,0) width 221: " is an invalid keyword, and in CSS2, it"
          text run at (0,17) width 380: "will cause the gray background (not the white grid) to be inherited."
      RenderBlock {P} at (0,1083) size 784x17
        RenderText {#text} at (0,0) size 592x17
          text run at (0,0) width 592: "This paragraph should be black, since in CSS1, the selector is invalid, and in CSS2, it does not apply."
      RenderBlock {P} at (0,1113) size 784x17
        RenderText {#text} at (0,0) size 592x17
          text run at (0,0) width 592: "This paragraph should be black, since in CSS1, the selector is invalid, and in CSS2, it does not apply."
      RenderBlock {P} at (0,1143) size 784x17
        RenderText {#text} at (0,0) size 482x17
          text run at (0,0) width 482: "This paragraph should have a white background, since keywords cannot be quoted."
      RenderBlock {P} at (0,1173) size 784x40 [border: (3px solid #000000)]
        RenderText {#text} at (3,3) size 750x34
          text run at (3,3) width 593: "This paragraph should have a medium-width border around it (the same as the next three paragraphs). "
          text run at (596,3) width 157: "This should cause the user"
          text run at (3,20) width 245: "agent to use the default value of 'medium'."
      RenderBlock {P} at (0,1226) size 784x40 [border: (3px solid #000000)]
        RenderText {#text} at (3,3) size 755x34
          text run at (3,3) width 755: "This paragraph should have a medium-width border around it (the same as the previous and the next two paragraphs), because the"
          text run at (3,20) width 133: "border-width is invalid. "
          text run at (136,20) width 406: "This should cause the user agent to use the default value of 'medium'."
      RenderBlock {P} at (0,1279) size 784x57 [border: (3px solid #000000)]
        RenderText {#text} at (3,3) size 757x51
          text run at (3,3) width 755: "This paragraph should have a medium-width border around it (the same as the next and the previous two paragraphs), because the"
          text run at (3,20) width 459: "border-width units are invalid, and therefore the border-width should be ignored. "
          text run at (462,20) width 298: "This should cause the user agent to use the default"
          text run at (3,37) width 104: "value of 'medium'."
      RenderBlock {P} at (0,1349) size 784x57 [border: (3px solid #000000)]
        RenderText {#text} at (3,3) size 771x51
          text run at (3,3) width 762: "This paragraph should have a medium-width border around it (the same as the previous three paragraphs), because the border-width"
          text run at (3,20) width 423: "does not have any value to go with its pixel unit, and is therefore invalid. "
          text run at (426,20) width 348: "This should cause the user agent to use the default value of"
          text run at (3,37) width 54: "'medium'."
      RenderBlock {P} at (0,1419) size 784x17
        RenderText {#text} at (0,0) size 610x17
          text run at (0,0) width 610: "This paragraph should be black, because the style declaration that applies to it is within an invalid at-rule."
      RenderBlock {P} at (0,1449) size 784x34 [color=#008000]
        RenderText {#text} at (0,0) size 771x34
          text run at (0,0) width 190: "This paragraph should be green. "
          text run at (190,0) width 581: "CSS is case-insensitive, unless required to be case sensitive due to interaction with other standards"
          text run at (0,17) width 158: "(e.g., font names or URLs.)"
      RenderBlock {OL} at (0,1496) size 784x17
        RenderListItem {LI} at (40,0) size 744x17
          RenderListMarker at (-19,0) size 15x17: "1"
          RenderText {#text} at (0,0) size 582x17
            text run at (0,0) width 582: "This ordered list item should be black, because the declaration has an invalid pseudo-class selector."
      RenderBlock {P} at (0,1526) size 784x34
        RenderText {#text} at (0,0) size 768x34
          text run at (0,0) width 768: "This paragraph should be black, because, in CSS1, :first-child is an invalid pseudo-class, and in CSS2, this paragraph is not the first"
          text run at (0,17) width 31: "child."
      RenderBlock {UL} at (0,1573) size 784x34
        RenderListItem {LI} at (40,0) size 744x34
          RenderListMarker at (-16,0) size 6x17: bullet
          RenderText {#text} at (0,0) size 704x34
            text run at (0,0) width 704: "This unordered list item should be black, because, according to CSS1, the selector is invalid, and according to CSS2, the"
            text run at (0,17) width 149: "selector should not apply."
      RenderBlock {BLOCKQUOTE} at (40,1620) size 704x34
        RenderText {#text} at (0,0) size 660x34
          text run at (0,0) width 660: "This blockquote should be black, because, according to CSS1, the selector is invalid, and according to CSS2, the"
          text run at (0,17) width 149: "selector should not apply."
      RenderBlock {P} at (0,1667) size 784x34
        RenderInline {ACRONYM} at (0,0) size 761x34
          RenderText {#text} at (0,0) size 761x34
            text run at (0,0) width 761: "This acronym should be black, because, according to CSS1, the selector is invalid, and according to CSS2, the selector should not"
            text run at (0,17) width 35: "apply."
      RenderBlock {ADDRESS} at (0,1714) size 784x34
        RenderText {#text} at (0,0) size 757x34
          text run at (0,0) width 757: "This address should be black, because, according to CSS1, the selector is invalid, and according to CSS2, the selector should not"
          text run at (0,17) width 35: "apply."
      RenderBlock {P} at (0,1761) size 784x17
        RenderInline {SPAN} at (0,0) size 778x17
          RenderText {#text} at (0,0) size 778x17
            text run at (0,0) width 778: "This span should be black, because, according to CSS1, the selector is invalid, and according to CSS2, the selector should not apply."
      RenderBlock {P} at (0,1791) size 784x34
        RenderText {#text} at (0,0) size 780x34
          text run at (0,0) width 614: "This paragraph should be black, because the style declaration that applies to it is within an invalid at-rule. "
          text run at (614,0) width 166: "However, it is valid in CSS2,"
          text run at (0,17) width 459: "so if this is being viewed on a tty browser that supports CSS2, it should be red."
      RenderBlock {P} at (0,1838) size 784x17
        RenderText {#text} at (0,0) size 610x17
          text run at (0,0) width 610: "This paragraph should be black, because the style declaration that applies to it is within an invalid at-rule."
      RenderBlock {P} at (0,1868) size 784x68
        RenderText {#text} at (0,0) size 682x17
          text run at (0,0) width 682: "The text of this paragraph should be normal (that is, it should not be underlined, overlined, stricken, or bold), because "
        RenderInline {CODE} at (0,0) size 48x17
          RenderText {#text} at (682,0) size 48x17
            text run at (682,0) width 48: "diagonal"
        RenderText {#text} at (730,0) size 777x34
          text run at (730,0) width 47: " is not a"
          text run at (0,17) width 155: "valid keyword, making the "
        RenderInline {CODE} at (0,0) size 86x17
          RenderText {#text} at (155,17) size 86x17
            text run at (155,17) width 86: "text-decoration"
        RenderText {#text} at (241,17) size 117x17
          text run at (241,17) width 49: " invalid. "
          text run at (290,17) width 68: "In addition, "
        RenderInline {CODE} at (0,0) size 62x17
          RenderText {#text} at (358,17) size 62x17
            text run at (358,17) width 62: "highlighted"
        RenderText {#text} at (420,17) size 145x17
          text run at (420,17) width 145: " is not a valid part of the "
        RenderInline {CODE} at (0,0) size 22x17
          RenderText {#text} at (565,17) size 22x17
            text run at (565,17) width 22: "font"
        RenderText {#text} at (587,17) size 744x34
          text run at (587,17) width 157: " property, making it invalid."
          text run at (0,34) width 516: "Therefore, this paragraph's font should be the UA default, and match the next paragraph. "
          text run at (516,34) width 182: "If this is not the case, then the "
        RenderInline {CODE} at (0,0) size 22x17
          RenderText {#text} at (698,34) size 22x17
            text run at (698,34) width 22: "font"
        RenderText {#text} at (0,51) size 223x17
          text run at (0,51) width 223: "declaration is being improperly parsed."
      RenderBlock {P} at (0,1949) size 784x68
        RenderText {#text} at (0,0) size 682x17
          text run at (0,0) width 682: "The text of this paragraph should be normal (that is, it should not be underlined, overlined, stricken, or bold), because "
        RenderInline {CODE} at (0,0) size 48x17
          RenderText {#text} at (682,0) size 48x17
            text run at (682,0) width 48: "diagonal"
        RenderText {#text} at (730,0) size 777x34
          text run at (730,0) width 47: " is not a"
          text run at (0,17) width 155: "valid keyword, making the "
        RenderInline {CODE} at (0,0) size 86x17
          RenderText {#text} at (155,17) size 86x17
            text run at (155,17) width 86: "text-decoration"
        RenderText {#text} at (241,17) size 117x17
          text run at (241,17) width 49: " invalid. "
          text run at (290,17) width 68: "In addition, "
        RenderInline {CODE} at (0,0) size 62x17
          RenderText {#text} at (358,17) size 62x17
            text run at (358,17) width 62: "highlighted"
        RenderText {#text} at (420,17) size 145x17
          text run at (420,17) width 145: " is not a valid part of the "
        RenderInline {CODE} at (0,0) size 22x17
          RenderText {#text} at (565,17) size 22x17
            text run at (565,17) width 22: "font"
        RenderText {#text} at (587,17) size 744x34
          text run at (587,17) width 157: " property, making it invalid."
          text run at (0,34) width 540: "Therefore, this paragraph's font should be the UA default, and match the previous paragraph. "
          text run at (540,34) width 182: "If this is not the case, then the "
        RenderInline {CODE} at (0,0) size 22x17
          RenderText {#text} at (722,34) size 22x17
            text run at (722,34) width 22: "font"
        RenderText {#text} at (0,51) size 223x17
          text run at (0,51) width 223: "declaration is being improperly parsed."
      RenderBlock {P} at (0,2030) size 784x52
        RenderText {#text} at (0,0) size 494x17
          text run at (0,0) width 468: "The text of this paragraph should be normal size because the selector is invalid. "
          text run at (468,0) width 26: "The "
        RenderInline {EM} at (0,0) size 96x17
          RenderText {#text} at (494,0) size 96x17
            text run at (494,0) width 96: "emphasized text"
        RenderText {#text} at (590,0) size 51x17
          text run at (590,0) width 51: " and the "
        RenderInline {STRONG} at (0,0) size 66x17
          RenderText {#text} at (641,0) size 66x17
            text run at (641,0) width 66: "strong text"
        RenderText {#text} at (707,0) size 781x52
          text run at (707,0) width 48: " within it"
          text run at (0,18) width 781: "should also be normal size, since the entire ruleset should be skipped (since in some future version of CSS, there could be an operator"
          text run at (0,35) width 361: "within the selector that has higher precedence than a comma)."
      RenderBlock {P} at (0,2095) size 784x35
        RenderText {#text} at (0,0) size 431x17
          text run at (0,0) width 431: "This paragraph should be black, because the line before the declaration is "
        RenderInline {STRONG} at (0,0) size 20x17
          RenderText {#text} at (431,0) size 20x17
            text run at (431,0) width 20: "not"
        RenderText {#text} at (451,0) size 778x35
          text run at (451,0) width 327: " a comment and therefore the selector for P.nineteenb is"
          text run at (0,18) width 41: "invalid."
      RenderBlock {P} at (0,2143) size 784x17 [color=#0000FF]
        RenderText {#text} at (0,0) size 433x17
          text run at (0,0) width 433: "This paragraph should be blue, because only the first declaration is invalid."
      RenderBlock {P} at (0,2173) size 784x17 [color=#008000]
        RenderText {#text} at (0,0) size 441x17
          text run at (0,0) width 441: "This paragraph should be green, because only the first declaration is invalid."
      RenderBlock {P} at (0,2203) size 784x17 [color=#800080]
        RenderText {#text} at (0,0) size 444x17
          text run at (0,0) width 444: "This paragraph should be purple, because only the first declaration is invalid."
      RenderBlock {P} at (0,2233) size 784x17 [color=#008000]
        RenderText {#text} at (0,0) size 441x17
          text run at (0,0) width 441: "This paragraph should be green, because only the first declaration is invalid."
      RenderBlock {P} at (0,2263) size 784x17 [color=#008000]
        RenderText {#text} at (0,0) size 441x17
          text run at (0,0) width 441: "This paragraph should be green, because only the first declaration is invalid."
      RenderBlock {P} at (0,2293) size 784x17
        RenderText {#text} at (48,0) size 551x17
          text run at (48,0) width 444: "This paragraph should be indented half an inch, but it should not be maroon. "
          text run at (492,0) width 107: "It should be black."
      RenderBlock {P} at (0,2323) size 784x34
        RenderText {#text} at (0,0) size 766x34
          text run at (0,0) width 766: "This paragraph should be black, because the color declaration after the previous ruleset should be considered part of the selector for"
          text run at (0,17) width 506: "this ruleset, and this ruleset therefore has an invalid selector and should not be applied."
      RenderTable {TABLE} at (0,2370) size 784x1434 [border: (1px outset #808080)]
        RenderTableSection {TBODY} at (1,1) size 782x1432
          RenderTableRow {TR} at (0,0) size 782x26
            RenderTableCell {TD} at (0,0) size 782x26 [bgcolor=#C0C0C0] [border: (1px inset #808080)] [r=0 c=0 rs=1 cs=2]
              RenderInline {STRONG} at (0,0) size 144x17
                RenderText {#text} at (4,4) size 144x17
                  text run at (4,4) width 144: "TABLE Testing Section"
          RenderTableRow {TR} at (0,26) size 782x1406
            RenderTableCell {TD} at (0,716) size 12x25 [bgcolor=#C0C0C0] [border: (1px inset #808080)] [r=1 c=0 rs=1 cs=1]
              RenderText {#text} at (4,4) size 4x17
                text run at (4,4) width 4: " "
            RenderTableCell {TD} at (12,26) size 770x1406 [border: (1px inset #808080)] [r=1 c=1 rs=1 cs=1]
              RenderBlock {P} at (4,4) size 762x17 [color=#008000]
                RenderText {#text} at (0,0) size 446x17
                  text run at (0,0) width 446: "This paragraph should be green, because only the rotation should be ignored."
              RenderBlock {P} at (4,34) size 762x17 [color=#008000]
                RenderText {#text} at (0,0) size 572x17
                  text run at (0,0) width 572: "This paragraph should be green, since error-checking should be done before calculating specificity."
              RenderBlock {P} at (4,64) size 762x34
                RenderText {#text} at (0,0) size 512x17
                  text run at (0,0) width 512: "This paragraph should have a solid gray background (or a white grid), because in CSS1, "
                RenderInline {CODE} at (0,0) size 35x17
                  RenderText {#text} at (512,0) size 35x17
                    text run at (512,0) width 35: "inherit"
                RenderText {#text} at (547,0) size 757x34
                  text run at (547,0) width 210: " is an invalid keyword, and in CSS2,"
                  text run at (0,17) width 391: "it will cause the gray background (not the white grid) to be inherited."
              RenderBlock {P} at (4,111) size 762x17
                RenderText {#text} at (0,0) size 592x17
                  text run at (0,0) width 592: "This paragraph should be black, since in CSS1, the selector is invalid, and in CSS2, it does not apply."
              RenderBlock {P} at (4,141) size 762x17
                RenderText {#text} at (0,0) size 592x17
                  text run at (0,0) width 592: "This paragraph should be black, since in CSS1, the selector is invalid, and in CSS2, it does not apply."
              RenderBlock {P} at (4,171) size 762x17
                RenderText {#text} at (0,0) size 482x17
                  text run at (0,0) width 482: "This paragraph should have a white background, since keywords cannot be quoted."
              RenderBlock {P} at (4,201) size 762x40 [border: (3px solid #000000)]
                RenderText {#text} at (3,3) size 750x34
                  text run at (3,3) width 593: "This paragraph should have a medium-width border around it (the same as the next three paragraphs). "
                  text run at (596,3) width 157: "This should cause the user"
                  text run at (3,20) width 245: "agent to use the default value of 'medium'."
              RenderBlock {P} at (4,254) size 762x40 [border: (3px solid #000000)]
                RenderText {#text} at (3,3) size 755x34
                  text run at (3,3) width 755: "This paragraph should have a medium-width border around it (the same as the previous and the next two paragraphs), because the"
                  text run at (3,20) width 133: "border-width is invalid. "
                  text run at (136,20) width 406: "This should cause the user agent to use the default value of 'medium'."
              RenderBlock {P} at (4,307) size 762x57 [border: (3px solid #000000)]
                RenderText {#text} at (3,3) size 755x51
                  text run at (3,3) width 755: "This paragraph should have a medium-width border around it (the same as the next and the previous two paragraphs), because the"
                  text run at (3,20) width 459: "border-width units are invalid, and therefore the border-width should be ignored. "
                  text run at (462,20) width 255: "This should cause the user agent to use the"
                  text run at (3,37) width 147: "default value of 'medium'."
              RenderBlock {P} at (4,377) size 762x57 [border: (3px solid #000000)]
                RenderText {#text} at (3,3) size 755x51
                  text run at (3,3) width 732: "This paragraph should have a medium-width border around it (the same as the previous three paragraphs), because the border-"
                  text run at (3,20) width 457: "width does not have any value to go with its pixel unit, and is therefore invalid. "
                  text run at (460,20) width 298: "This should cause the user agent to use the default"
                  text run at (3,37) width 104: "value of 'medium'."
              RenderBlock {P} at (4,447) size 762x17
                RenderText {#text} at (0,0) size 610x17
                  text run at (0,0) width 610: "This paragraph should be black, because the style declaration that applies to it is within an invalid at-rule."
              RenderBlock {P} at (4,477) size 762x34 [color=#008000]
                RenderText {#text} at (0,0) size 710x34
                  text run at (0,0) width 190: "This paragraph should be green. "
                  text run at (190,0) width 520: "CSS is case-insensitive, unless required to be case sensitive due to interaction with other"
                  text run at (0,17) width 219: "standards (e.g., font names or URLs.)"
              RenderBlock {OL} at (4,524) size 762x17
                RenderListItem {LI} at (40,0) size 722x17
                  RenderListMarker at (-19,0) size 15x17: "1"
                  RenderText {#text} at (0,0) size 582x17
                    text run at (0,0) width 582: "This ordered list item should be black, because the declaration has an invalid pseudo-class selector."
              RenderBlock {P} at (4,554) size 762x34
                RenderText {#text} at (0,0) size 742x34
                  text run at (0,0) width 742: "This paragraph should be black, because, in CSS1, :first-child is an invalid pseudo-class, and in CSS2, this paragraph is not the"
                  text run at (0,17) width 57: "first child."
              RenderBlock {UL} at (4,601) size 762x34
                RenderListItem {LI} at (40,0) size 722x34
                  RenderListMarker at (-16,0) size 6x17: bullet
                  RenderText {#text} at (0,0) size 704x34
                    text run at (0,0) width 704: "This unordered list item should be black, because, according to CSS1, the selector is invalid, and according to CSS2, the"
                    text run at (0,17) width 149: "selector should not apply."
              RenderBlock {BLOCKQUOTE} at (44,648) size 682x34
                RenderText {#text} at (0,0) size 660x34
                  text run at (0,0) width 660: "This blockquote should be black, because, according to CSS1, the selector is invalid, and according to CSS2, the"
                  text run at (0,17) width 149: "selector should not apply."
              RenderBlock {P} at (4,695) size 762x34
                RenderInline {ACRONYM} at (0,0) size 761x34
                  RenderText {#text} at (0,0) size 761x34
                    text run at (0,0) width 761: "This acronym should be black, because, according to CSS1, the selector is invalid, and according to CSS2, the selector should not"
                    text run at (0,17) width 35: "apply."
              RenderBlock {ADDRESS} at (4,742) size 762x34
                RenderText {#text} at (0,0) size 757x34
                  text run at (0,0) width 757: "This address should be black, because, according to CSS1, the selector is invalid, and according to CSS2, the selector should not"
                  text run at (0,17) width 35: "apply."
              RenderBlock {P} at (4,789) size 762x34
                RenderInline {SPAN} at (0,0) size 739x34
                  RenderText {#text} at (0,0) size 739x34
                    text run at (0,0) width 739: "This span should be black, because, according to CSS1, the selector is invalid, and according to CSS2, the selector should not"
                    text run at (0,17) width 35: "apply."
              RenderBlock {P} at (4,836) size 762x34
                RenderText {#text} at (0,0) size 738x34
                  text run at (0,0) width 614: "This paragraph should be black, because the style declaration that applies to it is within an invalid at-rule. "
                  text run at (614,0) width 124: "However, it is valid in"
                  text run at (0,17) width 501: "CSS2, so if this is being viewed on a tty browser that supports CSS2, it should be red."
              RenderBlock {P} at (4,883) size 762x17
                RenderText {#text} at (0,0) size 610x17
                  text run at (0,0) width 610: "This paragraph should be black, because the style declaration that applies to it is within an invalid at-rule."
              RenderBlock {P} at (4,913) size 762x68
                RenderText {#text} at (0,0) size 682x17
                  text run at (0,0) width 682: "The text of this paragraph should be normal (that is, it should not be underlined, overlined, stricken, or bold), because "
                RenderInline {CODE} at (0,0) size 48x17
                  RenderText {#text} at (682,0) size 48x17
                    text run at (682,0) width 48: "diagonal"
                RenderText {#text} at (730,0) size 744x34
                  text run at (730,0) width 14: " is"
                  text run at (0,17) width 188: "not a valid keyword, making the "
                RenderInline {CODE} at (0,0) size 86x17
                  RenderText {#text} at (188,17) size 86x17
                    text run at (188,17) width 86: "text-decoration"
                RenderText {#text} at (274,17) size 117x17
                  text run at (274,17) width 49: " invalid. "
                  text run at (323,17) width 68: "In addition, "
                RenderInline {CODE} at (0,0) size 62x17
                  RenderText {#text} at (391,17) size 62x17
                    text run at (391,17) width 62: "highlighted"
                RenderText {#text} at (453,17) size 145x17
                  text run at (453,17) width 145: " is not a valid part of the "
                RenderInline {CODE} at (0,0) size 22x17
                  RenderText {#text} at (598,17) size 22x17
                    text run at (598,17) width 22: "font"
                RenderText {#text} at (620,17) size 739x34
                  text run at (620,17) width 112: " property, making it"
                  text run at (0,34) width 45: "invalid. "
                  text run at (45,34) width 516: "Therefore, this paragraph's font should be the UA default, and match the next paragraph. "
                  text run at (561,34) width 178: "If this is not the case, then the"
                RenderInline {CODE} at (0,0) size 22x17
                  RenderText {#text} at (0,51) size 22x17
                    text run at (0,51) width 22: "font"
                RenderText {#text} at (22,51) size 227x17
                  text run at (22,51) width 227: " declaration is being improperly parsed."
              RenderBlock {P} at (4,994) size 762x68
                RenderText {#text} at (0,0) size 682x17
                  text run at (0,0) width 682: "The text of this paragraph should be normal (that is, it should not be underlined, overlined, stricken, or bold), because "
                RenderInline {CODE} at (0,0) size 48x17
                  RenderText {#text} at (682,0) size 48x17
                    text run at (682,0) width 48: "diagonal"
                RenderText {#text} at (730,0) size 744x34
                  text run at (730,0) width 14: " is"
                  text run at (0,17) width 188: "not a valid keyword, making the "
                RenderInline {CODE} at (0,0) size 86x17
                  RenderText {#text} at (188,17) size 86x17
                    text run at (188,17) width 86: "text-decoration"
                RenderText {#text} at (274,17) size 117x17
                  text run at (274,17) width 49: " invalid. "
                  text run at (323,17) width 68: "In addition, "
                RenderInline {CODE} at (0,0) size 62x17
                  RenderText {#text} at (391,17) size 62x17
                    text run at (391,17) width 62: "highlighted"
                RenderText {#text} at (453,17) size 145x17
                  text run at (453,17) width 145: " is not a valid part of the "
                RenderInline {CODE} at (0,0) size 22x17
                  RenderText {#text} at (598,17) size 22x17
                    text run at (598,17) width 22: "font"
                RenderText {#text} at (620,17) size 741x51
                  text run at (620,17) width 112: " property, making it"
                  text run at (0,34) width 45: "invalid. "
                  text run at (45,34) width 540: "Therefore, this paragraph's font should be the UA default, and match the previous paragraph. "
                  text run at (585,34) width 156: "If this is not the case, then"
                  text run at (0,51) width 22: "the "
                RenderInline {CODE} at (0,0) size 22x17
                  RenderText {#text} at (22,51) size 22x17
                    text run at (22,51) width 22: "font"
                RenderText {#text} at (44,51) size 227x17
                  text run at (44,51) width 227: " declaration is being improperly parsed."
              RenderBlock {P} at (4,1075) size 762x52
                RenderText {#text} at (0,0) size 494x17
                  text run at (0,0) width 468: "The text of this paragraph should be normal size because the selector is invalid. "
                  text run at (468,0) width 26: "The "
                RenderInline {EM} at (0,0) size 96x17
                  RenderText {#text} at (494,0) size 96x17
                    text run at (494,0) width 96: "emphasized text"
                RenderText {#text} at (590,0) size 51x17
                  text run at (590,0) width 51: " and the "
                RenderInline {STRONG} at (0,0) size 66x17
                  RenderText {#text} at (641,0) size 66x17
                    text run at (641,0) width 66: "strong text"
                RenderText {#text} at (707,0) size 755x52
                  text run at (707,0) width 48: " within it"
                  text run at (0,18) width 730: "should also be normal size, since the entire ruleset should be skipped (since in some future version of CSS, there could be an"
                  text run at (0,35) width 412: "operator within the selector that has higher precedence than a comma)."
              RenderBlock {P} at (4,1140) size 762x35
                RenderText {#text} at (0,0) size 431x17
                  text run at (0,0) width 431: "This paragraph should be black, because the line before the declaration is "
                RenderInline {STRONG} at (0,0) size 20x17
                  RenderText {#text} at (431,0) size 20x17
                    text run at (431,0) width 20: "not"
                RenderText {#text} at (451,0) size 691x35
                  text run at (451,0) width 240: " a comment and therefore the selector for"
                  text run at (0,18) width 128: "P.nineteenb is invalid."
              RenderBlock {P} at (4,1188) size 762x17 [color=#0000FF]
                RenderText {#text} at (0,0) size 433x17
                  text run at (0,0) width 433: "This paragraph should be blue, because only the first declaration is invalid."
              RenderBlock {P} at (4,1218) size 762x17 [color=#008000]
                RenderText {#text} at (0,0) size 441x17
                  text run at (0,0) width 441: "This paragraph should be green, because only the first declaration is invalid."
              RenderBlock {P} at (4,1248) size 762x17 [color=#800080]
                RenderText {#text} at (0,0) size 444x17
                  text run at (0,0) width 444: "This paragraph should be purple, because only the first declaration is invalid."
              RenderBlock {P} at (4,1278) size 762x17 [color=#008000]
                RenderText {#text} at (0,0) size 441x17
                  text run at (0,0) width 441: "This paragraph should be green, because only the first declaration is invalid."
              RenderBlock {P} at (4,1308) size 762x17 [color=#008000]
                RenderText {#text} at (0,0) size 441x17
                  text run at (0,0) width 441: "This paragraph should be green, because only the first declaration is invalid."
              RenderBlock {P} at (4,1338) size 762x17
                RenderText {#text} at (48,0) size 551x17
                  text run at (48,0) width 444: "This paragraph should be indented half an inch, but it should not be maroon. "
                  text run at (492,0) width 107: "It should be black."
              RenderBlock {P} at (4,1368) size 762x34
                RenderText {#text} at (0,0) size 747x34
                  text run at (0,0) width 747: "This paragraph should be black, because the color declaration after the previous ruleset should be considered part of the selector"
                  text run at (0,17) width 525: "for this ruleset, and this ruleset therefore has an invalid selector and should not be applied."
