layer at (0,0) size 800x600
  RenderView at (0,0) size 800x600
layer at (0,0) size 800x600
  RenderBlock {HTML} at (0,0) size 800x600
    RenderBody {BODY} at (8,8) size 784x584
      RenderBlock {P} at (0,0) size 784x18
        RenderText {#text} at (0,0) size 413x18
          text run at (0,0) width 413: "Movie with no audio track. The volume button should not render."
      RenderBlock (anonymous) at (0,34) size 784x480
        RenderText {#text} at (0,0) size 0x0
        RenderText {#text} at (0,0) size 0x0
        RenderText {#text} at (0,0) size 0x0
layer at (8,42) size 640x480
  RenderVideo {VIDEO} at (0,0) size 640x480
layer at (8,42) size 640x480
  RenderBlock (relative positioned) {DIV} at (0,0) size 640x480
layer at (8,497) size 640x25
  RenderFlexibleBox (positioned) {DIV} at (0,455) size 640x25
    RenderButton {INPUT} at (6,3) size 18x18
    RenderButton {INPUT} at (32,4) size 16x16
    RenderFlexibleBox {DIV} at (49,5) size 561x15
      RenderSlider {INPUT} at (45,2) size 471x13
        RenderBlock {DIV} at (0,2) size 10x8
    RenderButton {INPUT} at (617,4) size 16x16
layer at (57,504) size 45x11
  RenderFlexibleBox {DIV} at (0,2) size 45x11 [color=#FFFFFF]
    RenderBlock (anonymous) at (9,0) size 26x11
      RenderText {#text} at (0,0) size 26x11
        text run at (0,0) width 26: "00:00"
layer at (573,504) size 45x11
  RenderFlexibleBox {DIV} at (516,2) size 45x11 [color=#FFFFFF]
    RenderBlock (anonymous) at (6,0) size 32x11
      RenderText {#text} at (0,0) size 32x11
        text run at (0,0) width 32: "-00:09"
