layer at (0,0) size 785x762
  RenderView at (0,0) size 785x600
layer at (0,0) size 785x600
  RenderBlock {HTML} at (0,0) size 785x600
    RenderBody {BODY} at (8,8) size 769x584
      RenderBlock {P} at (0,0) size 769x18
        RenderText {#text} at (0,0) size 153x18
          text run at (0,0) width 153: "Test controls placement."
      RenderBlock {DIV} at (0,34) size 769x240
        RenderText {#text} at (0,0) size 0x0
      RenderBlock {DIV} at (0,274) size 769x240
        RenderText {#text} at (0,0) size 0x0
      RenderBlock {DIV} at (0,514) size 769x0
layer at (8,42) size 320x240
  RenderVideo {VIDEO} at (0,0) size 320x240
layer at (8,282) size 320x240
  RenderVideo {VIDEO} at (0,0) size 320x240
layer at (8,42) size 320x240
  RenderBlock (relative positioned) {DIV} at (0,0) size 320x240
layer at (8,266) size 320x16
  RenderFlexibleBox (positioned) {DIV} at (0,224) size 320x16
    RenderButton {INPUT} at (0,0) size 16x16
    RenderButton {INPUT} at (16,0) size 16x16
    RenderFlexibleBox {DIV} at (32,0) size 256x16
      RenderSlider {INPUT} at (0,0) size 256x16
        RenderBlock {DIV} at (2,1) size 13x14
    RenderButton {INPUT} at (288,0) size 16x16
    RenderButton {INPUT} at (304,0) size 16x16
layer at (8,282) size 320x240
  RenderBlock (relative positioned) {DIV} at (0,0) size 320x240
layer at (8,506) size 320x16
  RenderFlexibleBox (positioned) {DIV} at (0,224) size 320x16
    RenderButton {INPUT} at (0,0) size 16x16
    RenderButton {INPUT} at (16,0) size 16x16
    RenderFlexibleBox {DIV} at (32,0) size 256x16
      RenderSlider {INPUT} at (0,0) size 256x16
        RenderBlock {DIV} at (2,1) size 13x14
    RenderButton {INPUT} at (288,0) size 16x16
    RenderButton {INPUT} at (304,0) size 16x16
layer at (8,522) size 320x240
  RenderVideo {VIDEO} at (8,522) size 320x240
layer at (8,522) size 320x240
  RenderBlock (relative positioned) {DIV} at (0,0) size 320x240
layer at (8,746) size 320x16
  RenderFlexibleBox (positioned) {DIV} at (0,224) size 320x16
    RenderButton {INPUT} at (0,0) size 16x16
    RenderButton {INPUT} at (16,0) size 16x16
    RenderFlexibleBox {DIV} at (32,0) size 256x16
      RenderSlider {INPUT} at (0,0) size 256x16
        RenderBlock {DIV} at (2,1) size 13x14
    RenderButton {INPUT} at (288,0) size 16x16
    RenderButton {INPUT} at (304,0) size 16x16
