layer at (0,0) size 800x600
  RenderView at (0,0) size 800x600
layer at (0,0) size 800x350
  RenderBlock {HTML} at (0,0) size 800x350
    RenderBody {BODY} at (8,16) size 784x326
      RenderBlock {P} at (0,0) size 784x36
        RenderText {#text} at (0,0) size 53x18
          text run at (0,0) width 53: "Test for "
        RenderInline {A} at (0,0) size 305x18 [color=#0000EE]
          RenderText {#text} at (53,0) size 305x18
            text run at (53,0) width 305: "https://bugs.webkit.org/show_bug.cgi?id=34966"
        RenderText {#text} at (358,0) size 8x18
          text run at (358,0) width 8: ". "
        RenderBR {BR} at (366,0) size 0x18
        RenderText {#text} at (0,18) size 238x18
          text run at (0,18) width 238: "You should see the video play below."
      RenderBlock (anonymous) at (0,52) size 784x274
        RenderText {#text} at (0,0) size 0x0
        RenderText {#text} at (0,0) size 0x0
        RenderText {#text} at (0,0) size 0x0
layer at (8,68) size 480x270
  RenderVideo {VIDEO} at (0,0) size 480x270
