layer at (0,0) size 800x600
  RenderView at (0,0) size 800x600
layer at (0,0) size 800x493
  RenderBlock {HTML} at (0,0) size 800x453
    RenderBody {BODY} at (8,13) size 784x427
      RenderBlock {P} at (0,0) size 784x17
        RenderText {#text} at (0,0) size 49x17
          text run at (0,0) width 49: "Test for "
        RenderInline {I} at (0,0) size 648x17
          RenderInline {A} at (0,0) size 261x17 [color=#0000EE]
            RenderText {#text} at (49,0) size 261x17
              text run at (49,0) width 261: "http://bugs.webkit.org/show_bug.cgi?id=5399"
          RenderText {#text} at (310,0) size 387x17
            text run at (310,0) width 4: " "
            text run at (314,0) width 383: "no-repeat on negatively positioned background images are ignored"
        RenderText {#text} at (697,0) size 4x17
          text run at (697,0) width 4: "."
      RenderBlock {P} at (0,30) size 784x17
        RenderText {#text} at (0,0) size 414x17
          text run at (0,0) width 414: "Element with background image starting at (-13, -13) with no-repeat set:"
      RenderBlock (floating) {DIV} at (6,66) size 34x34 [border: (1px dotted #008000)]
      RenderBlock (floating) {DIV} at (52,66) size 29x29 [border: (1px dotted #008000)]
      RenderBlock (floating) {DIV} at (93,66) size 24x24 [border: (1px dotted #008000)]
      RenderBlock {P} at (0,106) size 784x17
        RenderText {#text} at (0,0) size 407x17
          text run at (0,0) width 407: "Element with background image starting at (-13, -13) with repeat-y set:"
      RenderBlock (floating) {DIV} at (6,142) size 34x34 [border: (1px dotted #008000)]
      RenderBlock (floating) {DIV} at (52,142) size 29x29 [border: (1px dotted #008000)]
      RenderBlock (floating) {DIV} at (93,142) size 24x24 [border: (1px dotted #008000)]
      RenderBlock {P} at (0,182) size 784x17
        RenderText {#text} at (0,0) size 407x17
          text run at (0,0) width 407: "Element with background image starting at (-13, -13) with repeat-x set:"
      RenderBlock (floating) {DIV} at (6,218) size 34x34 [border: (1px dotted #008000)]
      RenderBlock (floating) {DIV} at (52,218) size 29x29 [border: (1px dotted #008000)]
      RenderBlock (floating) {DIV} at (93,218) size 24x24 [border: (1px dotted #008000)]
      RenderBlock {P} at (0,258) size 784x17
        RenderText {#text} at (0,0) size 406x17
          text run at (0,0) width 406: "Element with background image starting at (13, 13) with no-repeat set:"
      RenderBlock (floating) {DIV} at (6,294) size 34x34 [border: (1px dotted #008000)]
      RenderBlock (floating) {DIV} at (52,294) size 29x29 [border: (1px dotted #008000)]
      RenderBlock (floating) {DIV} at (93,294) size 24x24 [border: (1px dotted #008000)]
      RenderBlock {P} at (0,334) size 784x17
        RenderText {#text} at (0,0) size 399x17
          text run at (0,0) width 399: "Element with background image starting at (13, 13) with repeat-y set:"
      RenderBlock (floating) {DIV} at (6,370) size 34x34 [border: (1px dotted #008000)]
      RenderBlock (floating) {DIV} at (52,370) size 29x29 [border: (1px dotted #008000)]
      RenderBlock (floating) {DIV} at (93,370) size 24x24 [border: (1px dotted #008000)]
      RenderBlock {P} at (0,410) size 784x17
        RenderText {#text} at (0,0) size 399x17
          text run at (0,0) width 399: "Element with background image starting at (13, 13) with repeat-x set:"
      RenderBlock (floating) {DIV} at (6,446) size 34x34 [border: (1px dotted #008000)]
      RenderBlock (floating) {DIV} at (52,446) size 29x29 [border: (1px dotted #008000)]
      RenderBlock (floating) {DIV} at (93,446) size 24x24 [border: (1px dotted #008000)]
