layer at (0,0) size 800x600
  RenderView at (0,0) size 800x600
layer at (0,0) size 800x600
  RenderBlock {HTML} at (0,0) size 800x600
    RenderBody {BODY} at (8,8) size 784x584
      RenderBlock {DIR} at (0,0) size 784x104
        RenderBlock (anonymous) at (40,0) size 744x19
          RenderText {#text} at (0,0) size 27x19
            text run at (0,0) width 27: "One"
        RenderBlock {DIR} at (40,33) size 744x71
          RenderBlock (anonymous) at (40,0) size 704x19
            RenderText {#text} at (0,0) size 27x19
              text run at (0,0) width 27: "Two"
          RenderBlock {DIR} at (40,33) size 704x38
            RenderBlock (anonymous) at (40,0) size 664x19
              RenderText {#text} at (0,0) size 38x19
                text run at (0,0) width 38: "Three"
            RenderBlock {CENTER} at (40,19) size 664x19
              RenderText {#text} at (317,0) size 30x19
                text run at (317,0) width 30: "Four"
      RenderBlock {PRE} at (0,118) size 784x343
        RenderText {#text} at (0,0) size 49x19
          text run at (0,0) width 49: "Pre text"
          text run at (49,0) width 0: " "
        RenderEmbeddedObject {OBJECT} at (0,19) size 300x300 [bgcolor=#008000]
        RenderText {#text} at (300,305) size 300x38
          text run at (300,305) width 0: " "
          text run at (0,324) width 79: "Also pre text"
          text run at (79,324) width 0: " "
      RenderBlock (anonymous) at (0,475) size 784x19
        RenderInline {NOBR} at (0,0) size 135x19 [bgcolor=#CCCCCC]
          RenderText {#text} at (0,0) size 135x19
            text run at (0,0) width 135: "This text won't break."
      RenderBlock (anonymous) at (0,508) size 784x19
        RenderBlock {PRE} at (0,0) size 784x19
          RenderText {#text} at (0,0) size 160x19
            text run at (0,0) width 160: "This will be preformatted."
      RenderBlock (anonymous) at (0,541) size 784x19
        RenderInline {NOBR} at (0,0) size 230x19 [bgcolor=#CCCCCC]
          RenderText {#text} at (0,0) size 230x19
            text run at (0,0) width 230: "Now we're back to nonbreaking text."
        RenderText {#text} at (0,0) size 0x0
