layer at (0,0) size 800x600
  RenderView at (0,0) size 800x600
layer at (0,0) size 800x600
  RenderBlock {HTML} at (0,0) size 800x600
    RenderBody {BODY} at (8,8) size 784x584
      RenderBlock {P} at (0,0) size 784x40
        RenderText {#text} at (0,0) size 775x40
          text run at (0,0) width 775: "This tests that fixed background images are ignored on a page with no fixed positioned elements. If the square"
          text run at (0,20) width 283: "(below) is green, then the test PASSED."
      RenderBlock {P} at (0,56) size 784x20
        RenderText {#text} at (0,0) size 776x20
          text run at (0,0) width 776: "Note, we expect this test to fail on all ports that have not compiled with FAST_MOBILE_SCROLLING enabled."
      RenderBlock {DIV} at (0,124) size 64x64 [bgcolor=#FF0000]
        RenderText {#text} at (0,0) size 4x20
          text run at (0,0) width 4: " "
