layer at (0,0) size 800x600
  RenderView at (0,0) size 800x600
layer at (0,0) size 800x292
  RenderBlock {html} at (0,0) size 800x292
    RenderBody {body} at (8,10) size 784x272
      RenderBlock {p} at (0,0) size 784x18 [color=#000080]
        RenderText {#text} at (0,0) size 455x18
          text run at (0,0) width 455: "The word \"TEST \" should appear twice below, the same size each time."
      RenderBlock (anonymous) at (0,28) size 784x124
        RenderSVGRoot {svg} at (8,38) size 400x120
          RenderPath {rect} at (18,48) size 390x110 [transform={m=((10.00,0.00)(0.00,10.00)) t=(0.00,0.00)}] [fill={[type=SOLID] [color=#D3D3D3]}] [data="M1.00,1.00 L61.00,1.00 L61.00,13.00 L1.00,13.00 Z"]
          RenderForeignObject {foreignObject} at (1,1) size 60x10
            RenderBlock {div} at (0,0) size 60x13 [color=#000080]
              RenderText {#text} at (0,0) size 24x13
                text run at (0,0) width 24: "TEST"
        RenderText {#text} at (0,0) size 0x0
layer at (18,182) size 390x115
  RenderBlock (relative positioned) {div} at (0,162) size 390x110 [color=#000080] [bgcolor=#D3D3D3]
    RenderBlock {div} at (0,0) size 390x115
      RenderText {#text} at (0,0) size 239x115
        text run at (0,0) width 239: "TEST"
selection start: position 0 of child 0 {#text} of child 1 {p} of child 3 {body} of child 0 {html} of document
selection end:   position 4 of child 0 {#text} of child 1 {div} of child 5 {div} of child 3 {body} of child 0 {html} of document
