layer at (0,0) size 812x600
  RenderView at (0,0) size 800x600
layer at (0,0) size 812x133
  RenderBlock {HTML} at (0,0) size 800x133
    RenderBody {BODY} at (8,8) size 784x117
      RenderBlock {DIV} at (0,0) size 800x48
        RenderBlock (floating) {DIV} at (0,0) size 554x21 [border: (2px solid #FF0000)]
          RenderText {#text} at (2,2) size 457x17
            text run at (2,2) width 457: "(Parent DIV have no border set) There should be a green table below this block"
        RenderTable {TABLE} at (0,21) size 800x27 [border: (2px solid #008000)]
          RenderTableSection {TBODY} at (2,2) size 796x23
            RenderTableRow {TR} at (0,2) size 796x19
              RenderTableCell {TD} at (2,2) size 792x19 [r=0 c=0 rs=1 cs=1]
                RenderText {#text} at (1,1) size 22x17
                  text run at (1,1) width 22: "test"
      RenderBlock (anonymous) at (0,48) size 784x17
        RenderBR {BR} at (0,0) size 0x17
      RenderBlock {DIV} at (0,65) size 804x52 [border: (2px solid #0000FF)]
        RenderBlock (floating) {DIV} at (2,2) size 554x21 [border: (2px solid #FF0000)]
          RenderText {#text} at (2,2) size 492x17
            text run at (2,2) width 223: "(Parent DIV have 2px blue border set) "
            text run at (225,2) width 269: "There should be a green table below this block"
        RenderTable {TABLE} at (2,23) size 800x27 [border: (2px solid #008000)]
          RenderTableSection {TBODY} at (2,2) size 796x23
            RenderTableRow {TR} at (0,2) size 796x19
              RenderTableCell {TD} at (2,2) size 792x19 [r=0 c=0 rs=1 cs=1]
                RenderText {#text} at (1,1) size 22x17
                  text run at (1,1) width 22: "test"
