layer at (0,0) size 800x600
  RenderView at (0,0) size 800x600
layer at (0,0) size 800x104
  RenderBlock {html} at (0,0) size 800x104
    RenderBody {body} at (8,16) size 784x72
      RenderBlock {p} at (0,0) size 784x72
        RenderText {#text} at (0,25) size 49x18
          text run at (0,25) width 49: "simple: "
        RenderBlock {math} at (49,0) size 78x72
          RenderTable {mtable} at (0,0) size 78x72
            RenderTableSection (anonymous) at (0,0) size 78x72
              RenderTableRow {mtr} at (0,0) size 78x24
                RenderTableCell {mtd} at (0,0) size 26x24 [r=0 c=0 rs=1 cs=1]
                  RenderBlock {msub} at (3,0) size 20x24
                    RenderInline {mi} at (0,0) size 8x16
                      RenderText {#text} at (0,4) size 8x16
                        text run at (0,4) width 8: "a"
                    RenderInline {mn} at (0,0) size 12x12
                      RenderText {#text} at (8,11) size 12x12
                        text run at (8,11) width 12: "11"
                RenderTableCell {mtd} at (26,0) size 26x24 [r=0 c=1 rs=1 cs=1]
                  RenderBlock {msub} at (3,0) size 20x24
                    RenderInline {mi} at (0,0) size 8x16
                      RenderText {#text} at (0,4) size 8x16
                        text run at (0,4) width 8: "a"
                    RenderInline {mn} at (0,0) size 12x12
                      RenderText {#text} at (8,11) size 12x12
                        text run at (8,11) width 12: "12"
                RenderTableCell {mtd} at (52,0) size 26x24 [r=0 c=2 rs=1 cs=1]
                  RenderBlock {msub} at (3,0) size 20x24
                    RenderInline {mi} at (0,0) size 8x16
                      RenderText {#text} at (0,4) size 8x16
                        text run at (0,4) width 8: "a"
                    RenderInline {mn} at (0,0) size 12x12
                      RenderText {#text} at (8,11) size 12x12
                        text run at (8,11) width 12: "13"
              RenderTableRow {mtr} at (0,24) size 78x24
                RenderTableCell {mtd} at (0,24) size 26x24 [r=1 c=0 rs=1 cs=1]
                  RenderBlock {msub} at (3,0) size 20x24
                    RenderInline {mi} at (0,0) size 8x16
                      RenderText {#text} at (0,4) size 8x16
                        text run at (0,4) width 8: "b"
                    RenderInline {mn} at (0,0) size 12x12
                      RenderText {#text} at (8,11) size 12x12
                        text run at (8,11) width 12: "21"
                RenderTableCell {mtd} at (26,24) size 26x24 [r=1 c=1 rs=1 cs=1]
                  RenderBlock {msub} at (3,0) size 20x24
                    RenderInline {mi} at (0,0) size 8x16
                      RenderText {#text} at (0,4) size 8x16
                        text run at (0,4) width 8: "b"
                    RenderInline {mn} at (0,0) size 12x12
                      RenderText {#text} at (8,11) size 12x12
                        text run at (8,11) width 12: "22"
                RenderTableCell {mtd} at (52,24) size 26x24 [r=1 c=2 rs=1 cs=1]
                  RenderBlock {msub} at (3,0) size 20x24
                    RenderInline {mi} at (0,0) size 8x16
                      RenderText {#text} at (0,4) size 8x16
                        text run at (0,4) width 8: "b"
                    RenderInline {mn} at (0,0) size 12x12
                      RenderText {#text} at (8,11) size 12x12
                        text run at (8,11) width 12: "23"
              RenderTableRow {mtr} at (0,48) size 78x24
                RenderTableCell {mtd} at (0,48) size 26x24 [r=2 c=0 rs=1 cs=1]
                  RenderBlock {msub} at (3,0) size 19x24
                    RenderInline {mi} at (0,0) size 7x16
                      RenderText {#text} at (0,4) size 7x16
                        text run at (0,4) width 7: "c"
                    RenderInline {mn} at (0,0) size 12x12
                      RenderText {#text} at (7,11) size 12x12
                        text run at (7,11) width 12: "31"
                RenderTableCell {mtd} at (26,48) size 26x24 [r=2 c=1 rs=1 cs=1]
                  RenderBlock {msub} at (3,0) size 19x24
                    RenderInline {mi} at (0,0) size 7x16
                      RenderText {#text} at (0,4) size 7x16
                        text run at (0,4) width 7: "c"
                    RenderInline {mn} at (0,0) size 12x12
                      RenderText {#text} at (7,11) size 12x12
                        text run at (7,11) width 12: "32"
                RenderTableCell {mtd} at (52,48) size 26x24 [r=2 c=2 rs=1 cs=1]
                  RenderBlock {msub} at (3,0) size 19x24
                    RenderInline {mi} at (0,0) size 7x16
                      RenderText {#text} at (0,4) size 7x16
                        text run at (0,4) width 7: "c"
                    RenderInline {mn} at (0,0) size 12x12
                      RenderText {#text} at (7,11) size 12x12
                        text run at (7,11) width 12: "33"
        RenderText {#text} at (0,0) size 0x0
