layer at (0,0) size 800x600
  RenderView at (0,0) size 800x600
layer at (0,0) size 800x600
  RenderBlock {HTML} at (0,0) size 800x600
    RenderBody {BODY} at (12,12) size 776x543
      RenderBlock {P} at (0,0) size 776x28
        RenderText {#text} at (0,0) size 280x28
          text run at (0,0) width 280: "Zoomed video with controls."
layer at (57,85) size 240x180
  RenderVideo {VIDEO} at (45,73) size 240x180
layer at (57,85) size 240x180
  RenderBlock (relative positioned) {DIV} at (0,0) size 240x180
layer at (57,241) size 240x24
  RenderFlexibleBox (positioned) {DIV} at (0,156) size 240x24
    RenderButton {INPUT} at (0,0) size 24x24
    RenderFlexibleBox {DIV} at (24,0) size 144x24
      RenderSlider {INPUT} at (0,0) size 144x24
        RenderBlock {DIV} at (3,1) size 19x21
    RenderButton {INPUT} at (168,0) size 24x24
    RenderButton {INPUT} at (192,0) size 24x24
    RenderButton {INPUT} at (216,0) size 24x24
layer at (57,310) size 240x180
  RenderVideo {VIDEO} at (45,298) size 240x180
layer at (57,310) size 240x180
  RenderBlock (relative positioned) {DIV} at (0,0) size 240x180
layer at (57,466) size 240x24
  RenderFlexibleBox (positioned) {DIV} at (0,156) size 240x24
    RenderButton {INPUT} at (0,0) size 24x24
    RenderFlexibleBox {DIV} at (24,0) size 144x24
      RenderSlider {INPUT} at (0,0) size 144x24
        RenderBlock {DIV} at (3,1) size 19x21
    RenderButton {INPUT} at (168,0) size 24x24
    RenderButton {INPUT} at (192,0) size 24x24
    RenderButton {INPUT} at (216,0) size 24x24
