layer at (0,0) size 800x600
  RenderView at (0,0) size 800x600
layer at (0,0) size 800x600
  RenderBlock {HTML} at (0,0) size 800x600
    RenderBody {BODY} at (8,8) size 784x584 [bgcolor=#CCCCCC]
      RenderBlock {P} at (0,0) size 784x17
        RenderText {#text} at (0,0) size 326x17
          text run at (0,0) width 326: "The style declarations which apply to the text below are:"
      RenderBlock {PRE} at (0,30) size 784x51
        RenderText {#text} at (0,0) size 293x51
          text run at (0,0) width 293: ".one {list-style-image: url(../resources/oransqr.gif);}"
          text run at (293,0) width 0: " "
          text run at (0,17) width 164: ".two {list-style-image: none;}"
          text run at (164,17) width 0: " "
          text run at (0,34) width 0: " "
      RenderBlock {HR} at (0,94) size 784x2 [border: (1px inset #000000)]
      RenderBlock {UL} at (0,109) size 784x57
        RenderListItem {LI} at (40,0) size 744x19
          RenderListMarker at (-22,0) size 15x15
          RenderText {#text} at (0,2) size 58x17
            text run at (0,2) width 58: "This list..."
        RenderListItem {LI} at (40,19) size 744x19
          RenderListMarker at (-22,0) size 15x15
          RenderText {#text} at (0,2) size 106x17
            text run at (0,2) width 106: "...should feature..."
        RenderListItem {LI} at (40,38) size 744x19
          RenderListMarker at (-22,0) size 15x15
          RenderText {#text} at (0,2) size 138x17
            text run at (0,2) width 138: "...images for each item."
      RenderBlock {UL} at (0,179) size 784x51
        RenderListItem {LI} at (40,0) size 744x17
          RenderListMarker at (-16,0) size 6x17: bullet
          RenderText {#text} at (0,0) size 58x17
            text run at (0,0) width 58: "This list..."
        RenderListItem {LI} at (40,17) size 744x17
          RenderListMarker at (-16,0) size 6x17: bullet
          RenderText {#text} at (0,0) size 106x17
            text run at (0,0) width 106: "...should feature..."
        RenderListItem {LI} at (40,34) size 744x17
          RenderListMarker at (-16,0) size 6x17: bullet
          RenderText {#text} at (0,0) size 218x17
            text run at (0,0) width 218: "...standard list markers for each item."
      RenderTable {TABLE} at (0,243) size 280x170 [border: (1px outset #808080)]
        RenderTableSection {TBODY} at (1,1) size 278x168
          RenderTableRow {TR} at (0,0) size 278x26
            RenderTableCell {TD} at (0,0) size 278x26 [bgcolor=#C0C0C0] [border: (1px inset #808080)] [r=0 c=0 rs=1 cs=2]
              RenderInline {STRONG} at (0,0) size 144x17
                RenderText {#text} at (4,4) size 144x17
                  text run at (4,4) width 144: "TABLE Testing Section"
          RenderTableRow {TR} at (0,26) size 278x142
            RenderTableCell {TD} at (0,84) size 12x25 [bgcolor=#C0C0C0] [border: (1px inset #808080)] [r=1 c=0 rs=1 cs=1]
              RenderText {#text} at (4,4) size 4x17
                text run at (4,4) width 4: " "
            RenderTableCell {TD} at (12,26) size 266x142 [border: (1px inset #808080)] [r=1 c=1 rs=1 cs=1]
              RenderBlock {UL} at (4,4) size 258x57
                RenderListItem {LI} at (40,0) size 218x19
                  RenderListMarker at (-22,0) size 15x15
                  RenderText {#text} at (0,2) size 58x17
                    text run at (0,2) width 58: "This list..."
                RenderListItem {LI} at (40,19) size 218x19
                  RenderListMarker at (-22,0) size 15x15
                  RenderText {#text} at (0,2) size 106x17
                    text run at (0,2) width 106: "...should feature..."
                RenderListItem {LI} at (40,38) size 218x19
                  RenderListMarker at (-22,0) size 15x15
                  RenderText {#text} at (0,2) size 138x17
                    text run at (0,2) width 138: "...images for each item."
              RenderBlock {UL} at (4,74) size 258x51
                RenderListItem {LI} at (40,0) size 218x17
                  RenderListMarker at (-16,0) size 6x17: bullet
                  RenderText {#text} at (0,0) size 58x17
                    text run at (0,0) width 58: "This list..."
                RenderListItem {LI} at (40,17) size 218x17
                  RenderListMarker at (-16,0) size 6x17: bullet
                  RenderText {#text} at (0,0) size 106x17
                    text run at (0,0) width 106: "...should feature..."
                RenderListItem {LI} at (40,34) size 218x17
                  RenderListMarker at (-16,0) size 6x17: bullet
                  RenderText {#text} at (0,0) size 218x17
                    text run at (0,0) width 218: "...standard list markers for each item."
