layer at (0,0) size 800x1432
  RenderView at (0,0) size 800x600
layer at (0,0) size 800x1432
  RenderBlock {HTML} at (0,0) size 800x1432
    RenderBody {BODY} at (8,8) size 784x1416 [bgcolor=#CCCCCC]
      RenderBlock {P} at (0,0) size 784x17
        RenderText {#text} at (0,0) size 326x17
          text run at (0,0) width 326: "The style declarations which apply to the text below are:"
      RenderBlock {PRE} at (0,30) size 784x170
        RenderText {#text} at (0,0) size 208x170
          text run at (0,0) width 151: ".one {list-style-type: disc;}"
          text run at (151,0) width 0: " "
          text run at (0,17) width 157: ".two {list-style-type: circle;}"
          text run at (157,17) width 0: " "
          text run at (0,34) width 174: ".three {list-style-type: square;}"
          text run at (174,34) width 0: " "
          text run at (0,51) width 198: ".four {list-style-type: lower-roman;}"
          text run at (198,51) width 0: " "
          text run at (0,68) width 199: ".five {list-style-type: upper-roman;}"
          text run at (199,68) width 0: " "
          text run at (0,85) width 188: ".six {list-style-type: lower-alpha;}"
          text run at (188,85) width 0: " "
          text run at (0,102) width 208: ".seven {list-style-type: upper-alpha;}"
          text run at (208,102) width 0: " "
          text run at (0,119) width 179: ".eight {list-style-type: decimal;}"
          text run at (179,119) width 0: " "
          text run at (0,136) width 158: ".nine {list-style-type: none;}"
          text run at (158,136) width 0: " "
          text run at (0,153) width 0: " "
      RenderBlock {HR} at (0,213) size 784x2 [border: (1px inset #000000)]
      RenderBlock {UL} at (0,228) size 784x51
        RenderListItem {LI} at (40,0) size 744x17
          RenderListMarker at (-16,0) size 6x17: bullet
          RenderText {#text} at (0,0) size 58x17
            text run at (0,0) width 58: "This list..."
        RenderListItem {LI} at (40,17) size 744x17
          RenderListMarker at (-16,0) size 6x17: bullet
          RenderText {#text} at (0,0) size 106x17
            text run at (0,0) width 106: "...should feature..."
        RenderListItem {LI} at (40,34) size 744x17
          RenderListMarker at (-16,0) size 6x17: bullet
          RenderText {#text} at (0,0) size 127x17
            text run at (0,0) width 127: "...discs for each item."
      RenderBlock {UL} at (0,292) size 784x51
        RenderListItem {LI} at (40,0) size 744x17
          RenderListMarker at (-16,0) size 6x17: white bullet
          RenderText {#text} at (0,0) size 58x17
            text run at (0,0) width 58: "This list..."
        RenderListItem {LI} at (40,17) size 744x17
          RenderListMarker at (-16,0) size 6x17: white bullet
          RenderText {#text} at (0,0) size 106x17
            text run at (0,0) width 106: "...should feature..."
        RenderListItem {LI} at (40,34) size 744x17
          RenderListMarker at (-16,0) size 6x17: white bullet
          RenderText {#text} at (0,0) size 134x17
            text run at (0,0) width 134: "...circles for each item."
      RenderBlock {UL} at (0,356) size 784x51
        RenderListItem {LI} at (40,0) size 744x17
          RenderListMarker at (-16,0) size 6x17: black square
          RenderText {#text} at (0,0) size 58x17
            text run at (0,0) width 58: "This list..."
        RenderListItem {LI} at (40,17) size 744x17
          RenderListMarker at (-16,0) size 6x17: black square
          RenderText {#text} at (0,0) size 106x17
            text run at (0,0) width 106: "...should feature..."
        RenderListItem {LI} at (40,34) size 744x17
          RenderListMarker at (-16,0) size 6x17: black square
          RenderText {#text} at (0,0) size 142x17
            text run at (0,0) width 142: "...squares for each item."
      RenderBlock {OL} at (0,420) size 784x51
        RenderListItem {LI} at (40,0) size 744x17
          RenderListMarker at (-15,0) size 11x17: "i"
          RenderText {#text} at (0,0) size 58x17
            text run at (0,0) width 58: "This list..."
        RenderListItem {LI} at (40,17) size 744x17
          RenderListMarker at (-18,0) size 14x17: "ii"
          RenderText {#text} at (0,0) size 106x17
            text run at (0,0) width 106: "...should feature..."
        RenderListItem {LI} at (40,34) size 744x17
          RenderListMarker at (-21,0) size 17x17: "iii"
          RenderText {#text} at (0,0) size 256x17
            text run at (0,0) width 256: "...lowercase Roman numerals for each item."
      RenderBlock {OL} at (0,484) size 784x51
        RenderListItem {LI} at (40,0) size 744x17
          RenderListMarker at (-16,0) size 12x17: "I"
          RenderText {#text} at (0,0) size 58x17
            text run at (0,0) width 58: "This list..."
        RenderListItem {LI} at (40,17) size 744x17
          RenderListMarker at (-20,0) size 16x17: "II"
          RenderText {#text} at (0,0) size 106x17
            text run at (0,0) width 106: "...should feature..."
        RenderListItem {LI} at (40,34) size 744x17
          RenderListMarker at (-24,0) size 20x17: "III"
          RenderText {#text} at (0,0) size 258x17
            text run at (0,0) width 258: "...uppercase Roman numerals for each item."
      RenderBlock {OL} at (0,548) size 784x51
        RenderListItem {LI} at (40,0) size 744x17
          RenderListMarker at (-19,0) size 15x17: "a"
          RenderText {#text} at (0,0) size 58x17
            text run at (0,0) width 58: "This list..."
        RenderListItem {LI} at (40,17) size 744x17
          RenderListMarker at (-19,0) size 15x17: "b"
          RenderText {#text} at (0,0) size 106x17
            text run at (0,0) width 106: "...should feature..."
        RenderListItem {LI} at (40,34) size 744x17
          RenderListMarker at (-19,0) size 15x17: "c"
          RenderText {#text} at (0,0) size 194x17
            text run at (0,0) width 194: "...lowercase letters for each item."
      RenderBlock {OL} at (0,612) size 784x51
        RenderListItem {LI} at (40,0) size 744x17
          RenderListMarker at (-21,0) size 17x17: "A"
          RenderText {#text} at (0,0) size 58x17
            text run at (0,0) width 58: "This list..."
        RenderListItem {LI} at (40,17) size 744x17
          RenderListMarker at (-21,0) size 17x17: "B"
          RenderText {#text} at (0,0) size 106x17
            text run at (0,0) width 106: "...should feature..."
        RenderListItem {LI} at (40,34) size 744x17
          RenderListMarker at (-21,0) size 17x17: "C"
          RenderText {#text} at (0,0) size 196x17
            text run at (0,0) width 196: "...uppercase letters for each item."
      RenderBlock {OL} at (0,676) size 784x51
        RenderListItem {LI} at (40,0) size 744x17
          RenderListMarker at (-21,0) size 17x17: "A"
          RenderText {#text} at (0,0) size 144x17
            text run at (0,0) width 144: "This list should feature..."
        RenderListItem {LI} at (40,17) size 744x17
          RenderListMarker at (-21,0) size 17x17: "B"
          RenderText {#text} at (0,0) size 140x17
            text run at (0,0) width 140: "...letters for each item..."
        RenderListItem {LI} at (40,34) size 744x17
          RenderListMarker at (-19,0) size 15x17: "3"
          RenderText {#text} at (0,0) size 105x17
            text run at (0,0) width 105: "...except this one."
      RenderBlock {UL} at (0,740) size 784x51
        RenderListItem {LI} at (40,0) size 744x17
          RenderText {#text} at (0,0) size 58x17
            text run at (0,0) width 58: "This list..."
        RenderListItem {LI} at (40,17) size 744x17
          RenderText {#text} at (0,0) size 106x17
            text run at (0,0) width 106: "...should feature..."
        RenderListItem {LI} at (40,34) size 744x17
          RenderText {#text} at (0,0) size 138x17
            text run at (0,0) width 138: "...nothing for each item."
      RenderTable {TABLE} at (0,804) size 320x612 [border: (1px outset #808080)]
        RenderTableSection {TBODY} at (1,1) size 318x610
          RenderTableRow {TR} at (0,0) size 318x26
            RenderTableCell {TD} at (0,0) size 318x26 [bgcolor=#C0C0C0] [border: (1px inset #808080)] [r=0 c=0 rs=1 cs=2]
              RenderInline {STRONG} at (0,0) size 144x17
                RenderText {#text} at (4,4) size 144x17
                  text run at (4,4) width 144: "TABLE Testing Section"
          RenderTableRow {TR} at (0,26) size 318x584
            RenderTableCell {TD} at (0,305) size 12x25 [bgcolor=#C0C0C0] [border: (1px inset #808080)] [r=1 c=0 rs=1 cs=1]
              RenderText {#text} at (4,4) size 4x17
                text run at (4,4) width 4: " "
            RenderTableCell {TD} at (12,26) size 306x584 [border: (1px inset #808080)] [r=1 c=1 rs=1 cs=1]
              RenderBlock {UL} at (4,4) size 298x51
                RenderListItem {LI} at (40,0) size 258x17
                  RenderListMarker at (-16,0) size 6x17: bullet
                  RenderText {#text} at (0,0) size 58x17
                    text run at (0,0) width 58: "This list..."
                RenderListItem {LI} at (40,17) size 258x17
                  RenderListMarker at (-16,0) size 6x17: bullet
                  RenderText {#text} at (0,0) size 106x17
                    text run at (0,0) width 106: "...should feature..."
                RenderListItem {LI} at (40,34) size 258x17
                  RenderListMarker at (-16,0) size 6x17: bullet
                  RenderText {#text} at (0,0) size 127x17
                    text run at (0,0) width 127: "...discs for each item."
              RenderBlock {UL} at (4,68) size 298x51
                RenderListItem {LI} at (40,0) size 258x17
                  RenderListMarker at (-16,0) size 6x17: white bullet
                  RenderText {#text} at (0,0) size 58x17
                    text run at (0,0) width 58: "This list..."
                RenderListItem {LI} at (40,17) size 258x17
                  RenderListMarker at (-16,0) size 6x17: white bullet
                  RenderText {#text} at (0,0) size 106x17
                    text run at (0,0) width 106: "...should feature..."
                RenderListItem {LI} at (40,34) size 258x17
                  RenderListMarker at (-16,0) size 6x17: white bullet
                  RenderText {#text} at (0,0) size 134x17
                    text run at (0,0) width 134: "...circles for each item."
              RenderBlock {UL} at (4,132) size 298x51
                RenderListItem {LI} at (40,0) size 258x17
                  RenderListMarker at (-16,0) size 6x17: black square
                  RenderText {#text} at (0,0) size 58x17
                    text run at (0,0) width 58: "This list..."
                RenderListItem {LI} at (40,17) size 258x17
                  RenderListMarker at (-16,0) size 6x17: black square
                  RenderText {#text} at (0,0) size 106x17
                    text run at (0,0) width 106: "...should feature..."
                RenderListItem {LI} at (40,34) size 258x17
                  RenderListMarker at (-16,0) size 6x17: black square
                  RenderText {#text} at (0,0) size 142x17
                    text run at (0,0) width 142: "...squares for each item."
              RenderBlock {OL} at (4,196) size 298x51
                RenderListItem {LI} at (40,0) size 258x17
                  RenderListMarker at (-15,0) size 11x17: "i"
                  RenderText {#text} at (0,0) size 58x17
                    text run at (0,0) width 58: "This list..."
                RenderListItem {LI} at (40,17) size 258x17
                  RenderListMarker at (-18,0) size 14x17: "ii"
                  RenderText {#text} at (0,0) size 106x17
                    text run at (0,0) width 106: "...should feature..."
                RenderListItem {LI} at (40,34) size 258x17
                  RenderListMarker at (-21,0) size 17x17: "iii"
                  RenderText {#text} at (0,0) size 256x17
                    text run at (0,0) width 256: "...lowercase Roman numerals for each item."
              RenderBlock {OL} at (4,260) size 298x51
                RenderListItem {LI} at (40,0) size 258x17
                  RenderListMarker at (-16,0) size 12x17: "I"
                  RenderText {#text} at (0,0) size 58x17
                    text run at (0,0) width 58: "This list..."
                RenderListItem {LI} at (40,17) size 258x17
                  RenderListMarker at (-20,0) size 16x17: "II"
                  RenderText {#text} at (0,0) size 106x17
                    text run at (0,0) width 106: "...should feature..."
                RenderListItem {LI} at (40,34) size 258x17
                  RenderListMarker at (-24,0) size 20x17: "III"
                  RenderText {#text} at (0,0) size 258x17
                    text run at (0,0) width 258: "...uppercase Roman numerals for each item."
              RenderBlock {OL} at (4,324) size 298x51
                RenderListItem {LI} at (40,0) size 258x17
                  RenderListMarker at (-19,0) size 15x17: "a"
                  RenderText {#text} at (0,0) size 58x17
                    text run at (0,0) width 58: "This list..."
                RenderListItem {LI} at (40,17) size 258x17
                  RenderListMarker at (-19,0) size 15x17: "b"
                  RenderText {#text} at (0,0) size 106x17
                    text run at (0,0) width 106: "...should feature..."
                RenderListItem {LI} at (40,34) size 258x17
                  RenderListMarker at (-19,0) size 15x17: "c"
                  RenderText {#text} at (0,0) size 194x17
                    text run at (0,0) width 194: "...lowercase letters for each item."
              RenderBlock {OL} at (4,388) size 298x51
                RenderListItem {LI} at (40,0) size 258x17
                  RenderListMarker at (-21,0) size 17x17: "A"
                  RenderText {#text} at (0,0) size 58x17
                    text run at (0,0) width 58: "This list..."
                RenderListItem {LI} at (40,17) size 258x17
                  RenderListMarker at (-21,0) size 17x17: "B"
                  RenderText {#text} at (0,0) size 106x17
                    text run at (0,0) width 106: "...should feature..."
                RenderListItem {LI} at (40,34) size 258x17
                  RenderListMarker at (-21,0) size 17x17: "C"
                  RenderText {#text} at (0,0) size 196x17
                    text run at (0,0) width 196: "...uppercase letters for each item."
              RenderBlock {OL} at (4,452) size 298x51
                RenderListItem {LI} at (40,0) size 258x17
                  RenderListMarker at (-21,0) size 17x17: "A"
                  RenderText {#text} at (0,0) size 144x17
                    text run at (0,0) width 144: "This list should feature..."
                RenderListItem {LI} at (40,17) size 258x17
                  RenderListMarker at (-21,0) size 17x17: "B"
                  RenderText {#text} at (0,0) size 140x17
                    text run at (0,0) width 140: "...letters for each item..."
                RenderListItem {LI} at (40,34) size 258x17
                  RenderListMarker at (-19,0) size 15x17: "3"
                  RenderText {#text} at (0,0) size 105x17
                    text run at (0,0) width 105: "...except this one."
              RenderBlock {UL} at (4,516) size 298x51
                RenderListItem {LI} at (40,0) size 258x17
                  RenderText {#text} at (0,0) size 58x17
                    text run at (0,0) width 58: "This list..."
                RenderListItem {LI} at (40,17) size 258x17
                  RenderText {#text} at (0,0) size 106x17
                    text run at (0,0) width 106: "...should feature..."
                RenderListItem {LI} at (40,34) size 258x17
                  RenderText {#text} at (0,0) size 138x17
                    text run at (0,0) width 138: "...nothing for each item."
