layer at (0,0) size 800x600
  RenderView at (0,0) size 800x600
layer at (0,0) size 800x96
  RenderBlock {HTML} at (0,0) size 800x96
    RenderBody {BODY} at (8,16) size 784x72
      RenderBlock {P} at (0,0) size 784x18
        RenderText {#text} at (0,0) size 233x18
          text run at (0,0) width 233: "The following two lines should look "
        RenderInline {EM} at (0,0) size 91x18
          RenderText {#text} at (233,0) size 91x18
            text run at (233,0) width 91: "approximately"
        RenderText {#text} at (324,0) size 63x18
          text run at (324,0) width 63: " the same:"
      RenderBlock {DIV} at (0,34) size 784x19
        RenderInline {SPAN} at (0,0) size 9x18
          RenderInline (generated) at (0,0) size 9x18
            RenderCounter at (0,1) size 9x18
              text run at (0,1) width 9: "\x{25A0}"
        RenderText {#text} at (9,1) size 4x18
          text run at (9,1) width 4: " "
        RenderInline {SPAN} at (0,0) size 9x18
          RenderInline (generated) at (0,0) size 9x18
            RenderCounter at (13,1) size 9x18
              text run at (13,1) width 9: "\x{25A0}"
        RenderText {#text} at (22,1) size 4x18
          text run at (22,1) width 4: " "
        RenderInline {SPAN} at (0,0) size 9x18
          RenderInline (generated) at (0,0) size 9x18
            RenderCounter at (26,1) size 9x18
              text run at (26,1) width 9: "\x{25A0}"
        RenderText {#text} at (35,1) size 4x18
          text run at (35,1) width 4: " "
        RenderInline {SPAN} at (0,0) size 9x18
          RenderInline (generated) at (0,0) size 9x18
            RenderCounter at (39,1) size 9x18
              text run at (39,1) width 9: "\x{25A0}"
        RenderText {#text} at (48,1) size 4x18
          text run at (48,1) width 4: " "
        RenderInline {SPAN} at (0,0) size 9x18
          RenderInline (generated) at (0,0) size 9x18
            RenderCounter at (52,1) size 9x18
              text run at (52,1) width 9: "\x{25A0}"
        RenderText {#text} at (61,1) size 4x18
          text run at (61,1) width 4: " "
        RenderInline {SPAN} at (0,0) size 9x18
          RenderInline (generated) at (0,0) size 9x18
            RenderCounter at (65,1) size 9x18
              text run at (65,1) width 9: "\x{25A0}"
        RenderText {#text} at (74,1) size 4x18
          text run at (74,1) width 4: " "
        RenderInline {SPAN} at (0,0) size 9x18
          RenderInline (generated) at (0,0) size 9x18
            RenderCounter at (78,1) size 9x18
              text run at (78,1) width 9: "\x{25A0}"
        RenderText {#text} at (87,1) size 4x18
          text run at (87,1) width 4: " "
        RenderInline {SPAN} at (0,0) size 9x18
          RenderInline (generated) at (0,0) size 9x18
            RenderCounter at (91,1) size 9x18
              text run at (91,1) width 9: "\x{25A0}"
        RenderText {#text} at (100,1) size 4x18
          text run at (100,1) width 4: " "
        RenderInline {SPAN} at (0,0) size 9x18
          RenderInline (generated) at (0,0) size 9x18
            RenderCounter at (104,1) size 9x18
              text run at (104,1) width 9: "\x{25A0}"
        RenderText {#text} at (113,1) size 4x18
          text run at (113,1) width 4: " "
        RenderInline {SPAN} at (0,0) size 9x18
          RenderInline (generated) at (0,0) size 9x18
            RenderCounter at (117,1) size 9x18
              text run at (117,1) width 9: "\x{25A0}"
        RenderText {#text} at (126,1) size 4x18
          text run at (126,1) width 4: " "
        RenderInline {SPAN} at (0,0) size 9x18
          RenderInline (generated) at (0,0) size 9x18
            RenderCounter at (130,1) size 9x18
              text run at (130,1) width 9: "\x{25A0}"
        RenderText {#text} at (139,1) size 4x18
          text run at (139,1) width 4: " "
        RenderInline {SPAN} at (0,0) size 9x18
          RenderInline (generated) at (0,0) size 9x18
            RenderCounter at (143,1) size 9x18
              text run at (143,1) width 9: "\x{25A0}"
        RenderText {#text} at (0,0) size 0x0
      RenderBlock {DIV} at (0,53) size 784x19
        RenderText {#text} at (0,1) size 164x18
          text run at (0,1) width 14: "\x{25FE} "
          text run at (14,1) width 14: "\x{25FE} "
          text run at (28,1) width 14: "\x{25FE} "
          text run at (42,1) width 14: "\x{25FE} "
          text run at (56,1) width 14: "\x{25FE} "
          text run at (70,1) width 14: "\x{25FE} "
          text run at (84,1) width 14: "\x{25FE} "
          text run at (98,1) width 14: "\x{25FE} "
          text run at (112,1) width 14: "\x{25FE} "
          text run at (126,1) width 14: "\x{25FE} "
          text run at (140,1) width 14: "\x{25FE} "
          text run at (154,1) width 10: "\x{25FE}"
