layer at (0,0) size 800x600
  RenderView at (0,0) size 800x600
layer at (0,0) size 800x402
  RenderBlock {HTML} at (0,0) size 800x402
    RenderBody {BODY} at (8,16) size 784x370
      RenderBlock {P} at (0,0) size 784x18
        RenderText {#text} at (0,0) size 608x18
          text run at (0,0) width 608: "The following two blocks should look identical (to the pixel), and they should both say \"PASS\":"
      RenderBlock {P} at (0,34) size 784x160
        RenderEmbeddedObject {OBJECT} at (0,0) size 306x156 [border: (3px inset #000080)]
          layer at (0,0) size 300x150
            RenderView at (0,0) size 300x150
          layer at (0,0) size 300x150
            RenderSVGRoot {svg} at (0,45) size 300x105
              RenderSVGText {text} at (0,0) size 4x2 contains 1 chunk(s)
                RenderSVGInlineText {#text} at (0,-1) size 4x2
                  chunk 1 text run 1 at (0.00,0.80) startOffset 0 endOffset 4 width 4.00: "PASS"
      RenderBlock {P} at (0,210) size 784x160
        RenderEmbeddedObject {OBJECT} at (0,0) size 306x156 [border: (3px inset #000080)]
          layer at (0,0) size 300x150
            RenderView at (0,0) size 300x150
          layer at (0,0) size 300x150
            RenderSVGRoot {svg} at (0,45) size 18x9
              RenderSVGText {text} at (0,800) size 2390x1150 contains 1 chunk(s)
                RenderSVGInlineText {#text} at (0,-900) size 2390x1150
                  chunk 1 text run 1 at (0.00,800.00) startOffset 0 endOffset 4 width 2390.00: "PASS"
