layer at (0,0) size 800x663
  RenderView at (0,0) size 800x600
layer at (0,0) size 800x663
  RenderBlock {HTML} at (0,0) size 800x640
    RenderBody {BODY} at (8,8) size 784x619
      RenderBlock (anonymous) at (0,0) size 784x150
        RenderInline {SPAN} at (0,0) size 237x127 [border: (5px solid #000000)]
          RenderText {#text} at (5,16) size 51x17
            text run at (5,16) width 51: "This text"
          RenderBR {BR} at (56,29) size 0x0
          RenderText {#text} at (0,66) size 70x17
            text run at (0,66) width 70: "should have"
          RenderBR {BR} at (70,79) size 0x0
          RenderText {#text} at (0,116) size 232x17
            text run at (0,116) width 232: "a multi-line shadow with a border-radius."
        RenderText {#text} at (0,0) size 0x0
      RenderBlock {DIV} at (0,150) size 120x120 [border: (10px solid #000000)]
        RenderText {#text} at (10,10) size 95x34
          text run at (10,10) width 30: "50% "
          text run at (40,10) width 65: "transparent"
          text run at (10,27) width 79: "black shadow"
      RenderTable {TABLE} at (0,270) size 172x255
        RenderTableSection {TBODY} at (0,0) size 172x255
          RenderTableRow {TR} at (0,10) size 172x39
            RenderTableCell {TD} at (10,10) size 44x39 [border: (1px solid #000000)] [r=0 c=0 rs=1 cs=1]
              RenderText {#text} at (11,11) size 22x17
                text run at (11,11) width 22: "Cell"
            RenderTableCell {TD} at (64,10) size 44x39 [border: (1px solid #000000)] [r=0 c=1 rs=1 cs=1]
              RenderText {#text} at (11,11) size 22x17
                text run at (11,11) width 22: "Cell"
            RenderTableCell {TD} at (118,10) size 44x39 [border: (1px solid #000000)] [r=0 c=2 rs=1 cs=1]
              RenderText {#text} at (11,11) size 22x17
                text run at (11,11) width 22: "Cell"
          RenderTableRow {TR} at (0,59) size 172x39
            RenderTableCell {TD} at (10,59) size 44x39 [border: (1px solid #000000)] [r=1 c=0 rs=1 cs=1]
              RenderText {#text} at (11,11) size 22x17
                text run at (11,11) width 22: "Cell"
            RenderTableCell {TD} at (64,59) size 44x39 [border: (1px solid #000000)] [r=1 c=1 rs=1 cs=1]
              RenderText {#text} at (11,11) size 22x17
                text run at (11,11) width 22: "Cell"
            RenderTableCell {TD} at (118,59) size 44x39 [border: (1px solid #000000)] [r=1 c=2 rs=1 cs=1]
              RenderText {#text} at (11,11) size 22x17
                text run at (11,11) width 22: "Cell"
          RenderTableRow {TR} at (0,108) size 172x39
            RenderTableCell {TD} at (10,108) size 44x39 [border: (1px solid #000000)] [r=2 c=0 rs=1 cs=1]
              RenderText {#text} at (11,11) size 22x17
                text run at (11,11) width 22: "Cell"
            RenderTableCell {TD} at (64,108) size 44x39 [border: (1px solid #000000)] [r=2 c=1 rs=1 cs=1]
              RenderText {#text} at (11,11) size 22x17
                text run at (11,11) width 22: "Cell"
            RenderTableCell {TD} at (118,108) size 44x39 [border: (1px solid #000000)] [r=2 c=2 rs=1 cs=1]
              RenderText {#text} at (11,11) size 22x17
                text run at (11,11) width 22: "Cell"
          RenderTableRow {TR} at (0,157) size 172x39
            RenderTableCell {TD} at (10,157) size 44x39 [border: (1px solid #000000)] [r=3 c=0 rs=1 cs=1]
              RenderText {#text} at (11,11) size 22x17
                text run at (11,11) width 22: "Cell"
            RenderTableCell {TD} at (64,157) size 44x39 [border: (1px solid #000000)] [r=3 c=1 rs=1 cs=1]
              RenderText {#text} at (11,11) size 22x17
                text run at (11,11) width 22: "Cell"
            RenderTableCell {TD} at (118,157) size 44x39 [border: (1px solid #000000)] [r=3 c=2 rs=1 cs=1]
              RenderText {#text} at (11,11) size 22x17
                text run at (11,11) width 22: "Cell"
          RenderTableRow {TR} at (0,206) size 172x39
            RenderTableCell {TD} at (10,206) size 44x39 [border: (1px solid #000000)] [r=4 c=0 rs=1 cs=1]
              RenderText {#text} at (11,11) size 22x17
                text run at (11,11) width 22: "Cell"
            RenderTableCell {TD} at (64,206) size 44x39 [border: (1px solid #000000)] [r=4 c=1 rs=1 cs=1]
              RenderText {#text} at (11,11) size 22x17
                text run at (11,11) width 22: "Cell"
            RenderTableCell {TD} at (118,206) size 44x39 [border: (1px solid #000000)] [r=4 c=2 rs=1 cs=1]
              RenderText {#text} at (11,11) size 22x17
                text run at (11,11) width 22: "Cell"
      RenderBlock {P} at (0,538) size 784x34
        RenderText {#text} at (0,0) size 324x17
          text run at (0,0) width 324: "The first line of this div should have a box-shadow on it."
        RenderBR {BR} at (324,13) size 0x0
        RenderText {#text} at (0,17) size 163x17
          text run at (0,17) width 163: "This second line should not."
      RenderBlock {P} at (0,585) size 784x34
        RenderBlock (floating) at (0,0) size 39x70 [bgcolor=#EEEEEE] [border: (1px solid #000000)]
          RenderText {#text} at (5,5) size 29x60
            text run at (5,5) width 29: "T"
        RenderText {#text} at (43,0) size 452x17
          text run at (43,0) width 452: "he first letter of this paragraph should have a border and a nice shadow effect."
        RenderBR {BR} at (495,13) size 0x0
        RenderText {#text} at (43,17) size 147x17
          text run at (43,17) width 147: "It should look pretty cool."
